data/archiveII/tmRNA_Shew.onei._AX048560_1-355.bpseq
data/archiveII/tmRNA_Esch.coli._D90888_1-363.bpseq
data/archiveII/16s_D.melanogaster_domain2.bpseq
data/archiveII/RNaseP_CPA54.bpseq
data/archiveII/RNaseP_WC1.bpseq
data/archiveII/RNaseP_B.calamita.bpseq
data/archiveII/RNaseP_SM-A04.bpseq
data/archiveII/tmRNA_Ther.ther._TRW-300852_1-349.bpseq
data/archiveII/grp1_a.I1.e.C.merochlorophea.UNK.SSU.1389.bpseq
data/archiveII/grp1_a.I1.e.C.merochlorophea.UNK.SSU.1046.bpseq
data/archiveII/RNaseP_CPB147.bpseq
data/archiveII/RNaseP_L.muta-2.bpseq
data/archiveII/tmRNA_Heli.pylo._AE001503_1-383.bpseq
data/archiveII/tmRNA_Sali.rube._CP000159_1-369.bpseq
data/archiveII/RNaseP_LGA10.bpseq
data/archiveII/tmRNA_Alka.meta._TRW-293826_1-355.bpseq
data/archiveII/RNaseP_M.barkeri.bpseq
data/archiveII/RNaseP_M.phosphovorus-JCM9379.bpseq
data/archiveII/grp1_a.I1.e.G.spirotaenia.C1.SSU.1506.bpseq
data/archiveII/tmRNA_Clos.perf._TRW-195102_1-361.bpseq
data/archiveII/RNaseP_P.acanthamoebae.bpseq
data/archiveII/tmRNA_Esch.coli._CP000247_1-363.bpseq
data/archiveII/16s_G.intestinalis_domain2.bpseq
data/archiveII/RNaseP_Prochlorococcus-NATL2.bpseq
data/archiveII/tmRNA_Bord.pert._TRW-257313_1-387.bpseq
data/archiveII/RNaseP_SM-A03.bpseq
data/archiveII/tmRNA_Bord.bron._TRW-257310_1-387.bpseq
data/archiveII/tmRNA_Pseu.atla._CP000388_1-357.bpseq
data/archiveII/grp1_a.I1.e.D.salina.C1.SSU.943.bpseq
data/archiveII/tmRNA_Laws.intr._AM180252_1-376.bpseq
data/archiveII/16s_H.volcanii_domain1.bpseq
data/archiveII/tmRNA_Camp.jeju._AX048472_1-359.bpseq
data/archiveII/RNaseP_E.faecalis-2.bpseq
data/archiveII/grp1_a.I1.c.S.bicolor.C3.tLEU.bpseq
data/archiveII/RNaseP_SMB-A5.bpseq
data/archiveII/tmRNA_Myco.arth._TRW-243272_1-394.bpseq
data/archiveII/RNaseP_PS2.bpseq
data/archiveII/RNaseP_SM-A1831.bpseq
data/archiveII/RNaseP_SM-A3048.bpseq
data/archiveII/grp1_a.I1.e.S.paniceum.UNK.SSU.287.bpseq
data/archiveII/RNaseP_CPB141.bpseq
data/archiveII/grp1_a.I1.e.A.adeninivorans.C1.LSU.2449.bpseq
data/archiveII/tmRNA_Borr.gari._CP000013_1-363.bpseq
data/archiveII/tmRNA_Neis.meni._TRW-122586_1-363.bpseq
data/archiveII/tmRNA_envi.sequ._TRW-363179_1-348.bpseq
data/archiveII/RNaseP_A.fastidiosum.bpseq
data/archiveII/tmRNA_Brev.line._TRW-321955_1-377.bpseq
data/archiveII/tmRNA_Yers.berc._TRW-349968_1-381.bpseq
data/archiveII/grp1_a.I1.b.Synechococcus.sp2.C3.tLEU.bpseq
data/archiveII/RNaseP_B.hermsii.bpseq
data/archiveII/tmRNA_Chla.pneu._TRW-83558_1-426.bpseq
data/archiveII/RNaseP_M.sedula.bpseq
data/archiveII/RNaseP_PS22.bpseq
data/archiveII/tmRNA_Aqui.aeol._TRW-63363_1-347.bpseq
data/archiveII/RNaseP_CPA61.bpseq
data/archiveII/tmRNA_Shew.spec._TRW-323850_1-356.bpseq
data/archiveII/RNaseP_R.rubrum.bpseq
data/archiveII/tmRNA_Cyan.cald._AF022186_1-254.bpseq
data/archiveII/RNaseP_EM14b-11.bpseq
data/archiveII/RNaseP_T.volcanum.bpseq
data/archiveII/tmRNA_Soda.glos._AP008232_1-384.bpseq
data/archiveII/RNaseP_G.sulfurreducens.bpseq
data/archiveII/grp1_a.I1.m.S.luteus.B4.LSU.2500.bpseq
data/archiveII/RNaseP_SM-A07.bpseq
data/archiveII/tmRNA_Shew.spec._CP000446_1-355.bpseq
data/archiveII/tmRNA_Myco.myco._BX842642_1-411.bpseq
data/archiveII/tmRNA_Dein.geot._CP000359_1-348.bpseq
data/archiveII/grp1_a.I1.e.G.planctonica.C1.SSU.943.bpseq
data/archiveII/tmRNA_Burk.spec._CP000151_1-370.bpseq
data/archiveII/tmRNA_envi.sequ._TRW-2-2_1-356.bpseq
data/archiveII/RNaseP_SM-A4065.bpseq
data/archiveII/RNaseP_D.desulfuricans.bpseq
data/archiveII/tmRNA_Esch.coli._CP000468_1-363.bpseq
data/archiveII/tmRNA_Stre.suis._TRW-218494_1-354.bpseq
data/archiveII/tmRNA_Nost.spec._BA000019_1-390.bpseq
data/archiveII/RNaseP_L.japonicus-IFO15385.bpseq
data/archiveII/tmRNA_Lact.gass._TRW-1596_1-366.bpseq
data/archiveII/16s_C.reinhardtii.chloro_domain1.bpseq
data/archiveII/RNaseP_P.cultripes.bpseq
data/archiveII/16s_T.maritima.bpseq
data/archiveII/tmRNA_Xyle.fast._AE003849_1-355.bpseq
data/archiveII/tmRNA_Vibr.fisc._CP000020_1-367.bpseq
data/archiveII/tmRNA_Myco.bovi._TRW-1765_1-368.bpseq
data/archiveII/tmRNA_Clos.perf._CP000246_1-361.bpseq
data/archiveII/RNaseP_S.glauca-K202.bpseq
data/archiveII/tmRNA_Phot.prof._CR378665_1-368.bpseq
data/archiveII/tmRNA_Baci.G._TRW-12333_1-312.bpseq
data/archiveII/16s_H.sapiens.mito_domain2.bpseq
data/archiveII/tmRNA_Onio.yell._AP006628_1-423.bpseq
data/archiveII/16s_C.elegans.bpseq
data/archiveII/RNaseP_E.thermomarinus.bpseq
data/archiveII/tmRNA_Aero.hydr._AY442269_1-360.bpseq
data/archiveII/tmRNA_List.seel._AF440350_1-321.bpseq
data/archiveII/tmRNA_Camp.jeju._AL139078_1-356.bpseq
data/archiveII/tmRNA_Thio.crun._CP000109_1-358.bpseq
data/archiveII/grp1_a.I1.e.P.carinii.Pc1.C1.LSU.1921.bpseq
data/archiveII/tmRNA_Neph.oliv._AF137379-1_1-327.bpseq
data/archiveII/grp1_a.I1.e.S.paniceum.UNK.SSU.1052.bpseq
data/archiveII/RNaseP_CPB69.bpseq
data/archiveII/RNaseP_CPB144.bpseq
data/archiveII/RNaseP_SMB-B1.bpseq
data/archiveII/tmRNA_Stre.aver._BA000030_1-389.bpseq
data/archiveII/tmRNA_Mann.haem._TRW-272629_1-367.bpseq
data/archiveII/grp1_a.I1.m.S.luteus.B2.LSU.1974.bpseq
data/archiveII/grp1_a.I1.e.A.capsulatus.G186B.C1.SSU.bpseq
data/archiveII/RNaseP_Prochlorococcus-TATL2-2.bpseq
data/archiveII/RNaseP_B.bufo.bpseq
data/archiveII/tmRNA_Guil.thet._TRW-55529_1-330.bpseq
data/archiveII/tmRNA_Burk.fung._TRW-266265_1-370.bpseq
data/archiveII/RNaseP_S.viridis-K197.bpseq
data/archiveII/RNaseP_H.pylori-48K.bpseq
data/archiveII/tmRNA_Vibr.chol._AE004170_1-367.bpseq
data/archiveII/RNaseP_S.caesia-K200.bpseq
data/archiveII/RNaseP_L.japonicus-IFO12422.bpseq
data/archiveII/grp1_b.I1.e.A.griffini.1.C1.SSU.516.bpseq
data/archiveII/tmRNA_Moor.ther._CP000232_1-358.bpseq
data/archiveII/telomerase_AF221918.97-547.bpseq
data/archiveII/16s_B.subtilis.bpseq
data/archiveII/tmRNA_Stre.gord._TRW-29390_1-349.bpseq
data/archiveII/tmRNA_Salm.ente._AE014613_1-363.bpseq
data/archiveII/tmRNA_Vibr.para._BA000031_1-368.bpseq
data/archiveII/RNaseP_L.ferrooxidans-MK.bpseq
data/archiveII/tmRNA_Ther.fusc._CP000088_1-372.bpseq
data/archiveII/tmRNA_Heli.must._DQ250625_1-366.bpseq
data/archiveII/tmRNA_Chla.trac._TRW-813-2_1-420.bpseq
data/archiveII/grp1_a.I1.m.S.pombe.B1.OX1.bpseq
data/archiveII/tmRNA_Esch.coli._BA000007_1-363.bpseq
data/archiveII/RNaseP_P.marinus.bpseq
data/archiveII/RNaseP_B.brevis.bpseq
data/archiveII/tmRNA_Woli.succ._BX571661_1-369.bpseq
data/archiveII/tmRNA_Myco.aviu._AE016958_1-368.bpseq
data/archiveII/tmRNA_Neis.meni._TRW-122587_1-363.bpseq
data/archiveII/RNaseP_CPB86.bpseq
data/archiveII/RNaseP_M.thermoautotrophicumDH-g.bpseq
data/archiveII/tmRNA_Salm.ente._TRW-59204_1-363.bpseq
data/archiveII/16s_C.reinhardtii.chloro.bpseq
data/archiveII/RNaseP_LGA6.bpseq
data/archiveII/tmRNA_Haem.ducr._AE017143_1-367.bpseq
data/archiveII/RNaseP_S.caesia-K76T.bpseq
data/archiveII/tmRNA_Pseu.fluo._TRW-216595_1-397.bpseq
data/archiveII/grp1_a.I1.e.C.merochlorophea.UNK.SSU.1516.bpseq
data/archiveII/tmRNA_List.mono._AL591983_1-370.bpseq
data/archiveII/RNaseP_D.radiodurans-g.bpseq
data/archiveII/tmRNA_Rubr.xyla._TRW-266117_1-360.bpseq
data/archiveII/telomerase_AF221929.92-517.bpseq
data/archiveII/tmRNA_Cald.sacc._TRW-351627_1-368.bpseq
data/archiveII/grp1_a.I1.e.L.dispersa.UNK.SSU.1046.bpseq
data/archiveII/RNaseP_T.thioparus.bpseq
data/archiveII/RNaseP_S.pastorianus.bpseq
data/archiveII/RNaseP_H.trapanicum.bpseq
data/archiveII/16s_P.staleyi.bpseq
data/archiveII/telomerase_AF221920.99-541.bpseq
data/archiveII/RNaseP_S.dairensis.bpseq
data/archiveII/tmRNA_Myco.micr._TRW-1806-1_1-368.bpseq
data/archiveII/RNaseP_SM2.bpseq
data/archiveII/RNaseP_ESH183A.bpseq
data/archiveII/16s_A.fulgidus_domain1.bpseq
data/archiveII/RNaseP_P.douglassii.bpseq
data/archiveII/tmRNA_Aqui.aeol._AE000749_1-344.bpseq
data/archiveII/RNaseP_ERE.bpseq
data/archiveII/RNaseP_ESH20b-1.bpseq
data/archiveII/tmRNA_Pelo.carb._CP000142_1-358.bpseq
data/archiveII/tmRNA_uncu.bact._TRW-80840-1_1-378.bpseq
data/archiveII/tmRNA_Shig.dyse._CP000034_1-363.bpseq
data/archiveII/RNaseP_SM-A6090.bpseq
data/archiveII/grp1_a.I1.e.L.dispersa.UNK.SSU.287.bpseq
data/archiveII/tmRNA_List.mono._TRW-169963_1-370.bpseq
data/archiveII/RNaseP_CPA49.bpseq
data/archiveII/RNaseP_CPA59.bpseq
data/archiveII/tmRNA_Bord.para._TRW-257311_1-387.bpseq
data/archiveII/RNaseP_SL1-1.bpseq
data/archiveII/RNaseP_P.strasburgensis.bpseq
data/archiveII/RNaseP_SM-A3355.bpseq
data/archiveII/tmRNA_envi.sequ._TRW-32045-3_1-350.bpseq
data/archiveII/16s_P.staleyi_domain1.bpseq
data/archiveII/tmRNA_Croc.wats._TRW-165597_1-386.bpseq
data/archiveII/tmRNA_uncu.bact._TRW-80840-3_1-379.bpseq
data/archiveII/RNaseP_T.littoralis.bpseq
data/archiveII/tmRNA_uncu.bact._TRW-32033-1_1-354.bpseq
data/archiveII/RNaseP_SM-A1012.bpseq
data/archiveII/tmRNA_Myco.aviu._TRW-243243_1-368.bpseq
data/archiveII/tmRNA_Baci.halo._BA000004_1-361.bpseq
data/archiveII/RNaseP_A.tumefaciens.bpseq
data/archiveII/tmRNA_Stre.agal._TRW-1311_1-350.bpseq
data/archiveII/telomerase_AY058901.1-397.bpseq
data/archiveII/tmRNA_Stap.aure._BA000017_1-362.bpseq
data/archiveII/tmRNA_Rals.eutr._CP000090_1-360.bpseq
data/archiveII/RNaseP_TP1.bpseq
data/archiveII/tmRNA_Fran.tula._AJ749949_1-421.bpseq
data/archiveII/RNaseP_P.hollandica.bpseq
data/archiveII/RNaseP_A.ambivalens.bpseq
data/archiveII/tmRNA_Buch.aphi._AE016826_1-367.bpseq
data/archiveII/tmRNA_Xant.axon._AE011783_1-397.bpseq
data/archiveII/RNaseP_SM-A1417.bpseq
data/archiveII/grp1_b.I1.e.H.rubra.1.C1.SSU.1506.bpseq
data/archiveII/tmRNA_Syne.spec._AB003477_1-394.bpseq
data/archiveII/tmRNA_Clos.teta._AE015927_1-355.bpseq
data/archiveII/tmRNA_Bord.aviu._AM167904_1-406.bpseq
data/archiveII/tmRNA_Heli.hepa._AE017125_1-369.bpseq
data/archiveII/RNaseP_S.shibatae.bpseq
data/archiveII/RNaseP_E.eschsholtzii.bpseq
data/archiveII/RNaseP_A.obstetricans.bpseq
data/archiveII/tmRNA_Lact.brev._CP000416_1-372.bpseq
data/archiveII/16s_H.sapiens_domain2.bpseq
data/archiveII/RNaseP_SM-A3153.bpseq
data/archiveII/tmRNA_Azoa.spec._TRW-62928_1-378.bpseq
data/archiveII/tmRNA_Stre.sobr._TRW-246202_1-349.bpseq
data/archiveII/RNaseP_M.luteus.bpseq
data/archiveII/tmRNA_Myco.tube._TRW-164513_1-368.bpseq
data/archiveII/tmRNA_Pseu.syri._AE016853_1-388.bpseq
data/archiveII/RNaseP_B.burgdorferi-g.bpseq
data/archiveII/tmRNA_Syne.elon._TRW-32046_1-394.bpseq
data/archiveII/RNaseP_B.subtilis-g.bpseq
data/archiveII/tmRNA_Clav.mich._TRW-31964_1-376.bpseq
data/archiveII/grp1_a.I1.e.C.merochlorophea.UNK.SSU.1210.bpseq
data/archiveII/tmRNA_envi.sequ._TRW-259291_1-355.bpseq
data/archiveII/RNaseP_L.muta-1.bpseq
data/archiveII/RNaseP_M.formicicum.bpseq
data/archiveII/RNaseP_Synechocystis-PCC6308.bpseq
data/archiveII/RNaseP_S.caesia-K163.bpseq
data/archiveII/RNaseP_Pseudoanabaena-PCC6903.bpseq
data/archiveII/RNaseP_S.acidocaldarius.bpseq
data/archiveII/RNaseP_SMB-B2.bpseq
data/archiveII/RNaseP_C.tepidum.bpseq
data/archiveII/grp1_a.I1.m.S.luteus.A1.LSU.2504.bpseq
data/archiveII/tmRNA_Myxo.xant._TRW-34_1-366.bpseq
data/archiveII/tmRNA_Camp.coli._AL111168_1-359.bpseq
data/archiveII/tmRNA_Clos.acet._AE007587_1-356.bpseq
data/archiveII/16s_Z.mays_domain2.bpseq
data/archiveII/tmRNA_Baci.subt._Z99121_1-360.bpseq
data/archiveII/tmRNA_Burk.xeno._CP000270_1-370.bpseq
data/archiveII/RNaseP_P131.bpseq
data/archiveII/tmRNA_envi.sequ._TRW-259292_1-355.bpseq
data/archiveII/tmRNA_Trem.prin._AF481102_1-264.bpseq
data/archiveII/tmRNA_Chla.cavi._AE015925_1-425.bpseq
data/archiveII/tmRNA_Geob.sulf._AE017180_1-356.bpseq
data/archiveII/telomerase_AF221932.102-549.bpseq
data/archiveII/16s_S.cerevisiae.bpseq
data/archiveII/telomerase_AF221911.104-513.bpseq
data/archiveII/RNaseP_ERH.bpseq
data/archiveII/tmRNA_Fuso.nucl._TRW-393480_1-344.bpseq
data/archiveII/RNaseP_P.azotoformans.bpseq
data/archiveII/grp1_a.I1.c.S.maritima.C3.tLEU.bpseq
data/archiveII/grp1_b.I1.e.T.thermophila.C1.LSU.1925.bpseq
data/archiveII/grp1_a.I1.b.coliphage.T4.A2.NRDB.bpseq
data/archiveII/RNaseP_P.abyssi.bpseq
data/archiveII/tmRNA_Myco.afri._TRW-33894_1-368.bpseq
data/archiveII/RNaseP_Saccharomonospora-K180.bpseq
data/archiveII/tmRNA_Rumi.albu._TRW-246199_1-354.bpseq
data/archiveII/16s_B.burgdorferi_domain1.bpseq
data/archiveII/tmRNA_Lact.lact._AF176556_1-359.bpseq
data/archiveII/tmRNA_Heli.pylo._TRW-85962_1-386.bpseq
data/archiveII/RNaseP_EM14b-9.bpseq
data/archiveII/RNaseP_LGW113.bpseq
data/archiveII/RNaseP_N.albus.bpseq
data/archiveII/telomerase_AF221914.112-589.bpseq
data/archiveII/RNaseP_A.fulgidus.bpseq
data/archiveII/telomerase_AF221936.98-540.bpseq
data/archiveII/tmRNA_Bloc.penn._CP000016_1-392.bpseq
data/archiveII/RNaseP_P.shigelloides.bpseq
data/archiveII/RNaseP_ESH21b-4.bpseq
data/archiveII/RNaseP_CPB139.bpseq
data/archiveII/RNaseP_C.trachomatis.bpseq
data/archiveII/tmRNA_Haem.infl._U32808_1-366.bpseq
data/archiveII/tmRNA_Fuso.nucl._TRW-209882_1-344.bpseq
data/archiveII/RNaseP_H.volcanii.bpseq
data/archiveII/tmRNA_Stap.epid._TRW-1282-1_1-361.bpseq
data/archiveII/RNaseP_T.pallidum.bpseq
data/archiveII/RNaseP_T.celerAL1-2.bpseq
data/archiveII/16s_T.gondii_domain1.bpseq
data/archiveII/tmRNA_Meth.flag._CP000284_1-361.bpseq
data/archiveII/tmRNA_Xyle.fast._AE009442_1-355.bpseq
data/archiveII/RNaseP_S.liquefaciens.bpseq
data/archiveII/tmRNA_Pola.spec._CP000316_1-387.bpseq
data/archiveII/telomerase_AF221921.98-548.bpseq
data/archiveII/tmRNA_Magn.spec._CP000471_1-366.bpseq
data/archiveII/grp1_a.I1.e.S.paniceum.UNK.SSU.1210.bpseq
data/archiveII/tmRNA_Esch.coli._CP000243_1-363.bpseq
data/archiveII/tmRNA_Lact.gass._CP000413_1-366.bpseq
data/archiveII/tmRNA_Stre.ther._CP000419_1-350.bpseq
data/archiveII/RNaseP_CPB75.bpseq
data/archiveII/tmRNA_envi.sequ._TRW-351057-3_1-355.bpseq
data/archiveII/tmRNA_Shew.putr._TRW-319224_1-356.bpseq
data/archiveII/tmRNA_Sten.malt._TRW-40324_1-354.bpseq
data/archiveII/tmRNA_Bdel.bact._BX842656_1-346.bpseq
data/archiveII/RNaseP_H.pylori-J99.bpseq
data/archiveII/tmRNA_Thal.pseu._TRW-296543_1-344.bpseq
data/archiveII/tmRNA_Lact.lact._AE006373_1-359.bpseq
data/archiveII/tmRNA_Vibr.chol._U39068_1-367.bpseq
data/archiveII/RNaseP_M.tuberculosis-g.bpseq
data/archiveII/tmRNA_Prop.acne._AE017283_1-371.bpseq
data/archiveII/grp1_a.I1.e.B.ciliata.JCM6865.C1.SSU.1506.bpseq
data/archiveII/RNaseP_S.lividans.bpseq
data/archiveII/RNaseP_SM-A4775.bpseq
data/archiveII/tmRNA_Lact.delb._TRW-321956_1-362.bpseq
data/archiveII/grp1_a.I1.e.S.paniceum.UNK.SSU.1506.bpseq
data/archiveII/RNaseP_C.pecorum-IPA.bpseq
data/archiveII/RNaseP_Prochlorococcus-PAC1B.bpseq
data/archiveII/RNaseP_CPB73.bpseq
data/archiveII/RNaseP_SM-A6296.bpseq
data/archiveII/RNaseP_S.kluyveri.bpseq
data/archiveII/tmRNA_Bact.thet._AE015928_1-397.bpseq
data/archiveII/grp1_a.I1.c.N.tabacum.C3.tLEU.bpseq
data/archiveII/tmRNA_Noca.farc._AP006618_1-368.bpseq
data/archiveII/grp1_b.I1.e.C.saccharophila.C1.SSU.156.bpseq
data/archiveII/tmRNA_Fran.tula._CP000437_1-421.bpseq
data/archiveII/RNaseP_ESH7-16.bpseq
data/archiveII/RNaseP_U.urealyticum.bpseq
data/archiveII/grp1_a.I1.e.D.parva.C1.SSU.943.bpseq
data/archiveII/RNaseP_N.meningtidis-MC58.bpseq
data/archiveII/tmRNA_Haem.somn._CP000436_1-367.bpseq
data/archiveII/telomerase_AF221915.120-667.bpseq
data/archiveII/RNaseP_B.pertussis.bpseq
data/archiveII/telomerase_AY312571.605-1069.bpseq
data/archiveII/tmRNA_Copr.prot._TRW-351627_1-353.bpseq
data/archiveII/tmRNA_Fuso.nucl._AE010567_1-341.bpseq
data/archiveII/RNaseP_N.fulvus-KCTC9580.bpseq
data/archiveII/tmRNA_Bifi.long._TRW-205913_1-397.bpseq
data/archiveII/telomerase_AF221937.99-545.bpseq
data/archiveII/grp1_a.I1.e.C.ellipsoidea.IAMC-87.C1.SSU.1506.bpseq
data/archiveII/grp1_a.I1.e.T.pigmentosa.C1.LSU.1925.bpseq
data/archiveII/tmRNA_Bact.mari._TRW-97084_1-385.bpseq
data/archiveII/tmRNA_Psyc.cryo._CP000323_1-359.bpseq
data/archiveII/RNaseP_N.olivacea-chloroplast.bpseq
data/archiveII/16s_T.maritima_domain1.bpseq
data/archiveII/RNaseP_Prochlorococcus-TATL2.bpseq
data/archiveII/telomerase_AF221913.109-520.bpseq
data/archiveII/tmRNA_Guil.thet._AF041468_1-327.bpseq
data/archiveII/tmRNA_Stre.miti._TRW-246201_1-348.bpseq
data/archiveII/tmRNA_Stre.ther._CP000024_1-350.bpseq
data/archiveII/tmRNA_Dein.radi._TRW-243230_1-349.bpseq
data/archiveII/RNaseP_CPB80.bpseq
data/archiveII/RNaseP_E.eschscholtzii-2.bpseq
data/archiveII/tmRNA_Lact.plan._AL935259_1-372.bpseq
data/archiveII/RNaseP_LGB32.bpseq
data/archiveII/RNaseP_SM-A2033.bpseq
data/archiveII/tmRNA_Leuc.mese._TRW-1245_1-358.bpseq
data/archiveII/23s_E.coli_domain2.bpseq
data/archiveII/tmRNA_Stap.aure._BX571857_1-362.bpseq
data/archiveII/RNaseP_S.carlsbergensis.bpseq
data/archiveII/RNaseP_LGW23.bpseq
data/archiveII/RNaseP_A.eutrophus.bpseq
data/archiveII/RNaseP_S.cerevisiae.bpseq
data/archiveII/RNaseP_Nocardiodes-NSP41.bpseq
data/archiveII/tmRNA_Stre.equi._TRW-1336_1-349.bpseq
data/archiveII/RNaseP_B.anthracis.bpseq
data/archiveII/tmRNA_Phot.asym._TRW-291112_1-364.bpseq
data/archiveII/tmRNA_Shig.flex._CP000266_1-363.bpseq
data/archiveII/23s_S.aureus_domain5.bpseq
data/archiveII/RNaseP_N.meningitidis-Z2491.bpseq
data/archiveII/RNaseP_Calothrix-PCC7601.bpseq
data/archiveII/16s_H.sapiens.mito_domain1.bpseq
data/archiveII/RNaseP_E.coli.bpseq
data/archiveII/16s_C.reinhardtii.mito.bpseq
data/archiveII/tmRNA_envi.sequ._TRW-32045-2_1-345.bpseq
data/archiveII/tmRNA_Xyle.fast._TRW-155920_1-355.bpseq
data/archiveII/tmRNA_Mari.aqua._TRW-351348_1-366.bpseq
data/archiveII/tmRNA_List.wels._AF440351_1-321.bpseq
data/archiveII/tmRNA_uncu.bact._TRW-32045-4_1-369.bpseq
data/archiveII/telomerase_AF147806.247-692.bpseq
data/archiveII/RNaseP_K.pneumoniae.bpseq
data/archiveII/RNaseP_SM-A5584.bpseq
data/archiveII/RNaseP_S.marcescens.bpseq
data/archiveII/16s_C.psittaci.bpseq
data/archiveII/16s_A.fulgidus.bpseq
data/archiveII/RNaseP_P.innocua.bpseq
data/archiveII/tmRNA_Haem.infl._CP000057_1-366.bpseq
data/archiveII/tmRNA_Trep.dent._AE017226_1-351.bpseq
data/archiveII/RNaseP_SMB-B3.bpseq
data/archiveII/tmRNA_Leif.xyli._AE016822_1-394.bpseq
data/archiveII/tmRNA_Pseu.ento._CT573326_1-392.bpseq
data/archiveII/tmRNA_Verr.spin._TRW-240016_1-356.bpseq
data/archiveII/RNaseP_SM-A2946.bpseq
data/archiveII/grp1_a.I1.e.L.dispersa.UNK.SSU.1210.bpseq
data/archiveII/tmRNA_Prop.acne._TRW-1747-1_1-371.bpseq
data/archiveII/tmRNA_Pseu.aeru._AE004091_1-353.bpseq
data/archiveII/RNaseP_N.gregoryi.bpseq
data/archiveII/RNaseP_T.commune.bpseq
data/archiveII/tmRNA_Cyan.para._U30821_1-291.bpseq
data/archiveII/RNaseP_A.nidulans.bpseq
data/archiveII/tmRNA_Shew.spec._CP000444_1-355.bpseq
data/archiveII/RNaseP_S.globosus.bpseq
data/archiveII/RNaseP_P.alcalifaciens.bpseq
data/archiveII/telomerase_AF221916.94-481.bpseq
data/archiveII/RNaseP_A.ferrooxidans-g.bpseq
data/archiveII/RNaseP_SM-A3862.bpseq
data/archiveII/RNaseP_E.coli-JM109.bpseq
data/archiveII/tmRNA_Cory.glut._BX927150_1-377.bpseq
data/archiveII/RNaseP_C.vinosum.bpseq
data/archiveII/tmRNA_Prev.inte._TRW-246198_1-400.bpseq
data/archiveII/tmRNA_Sulf.azor._TRW-204536_1-351.bpseq
data/archiveII/RNaseP_S.pyogenes.bpseq
data/archiveII/tmRNA_Syne.spec._D90916_1-396.bpseq
data/archiveII/telomerase_AF221908.136-584.bpseq
data/archiveII/telomerase_AF221927.113-556.bpseq
data/archiveII/telomerase_AF221928.95-476.bpseq
data/archiveII/tmRNA_Stap.aure._AC074317_1-359.bpseq
data/archiveII/grp1_a.I1.e.C.saccatum.C1.SSU.1512.bpseq
data/archiveII/RNaseP_S.glauca-K194.bpseq
data/archiveII/tmRNA_Shew.frig._CP000447_1-356.bpseq
data/archiveII/RNaseP_CPA62.bpseq
data/archiveII/tmRNA_Past.mult._AE006115_1-367.bpseq
data/archiveII/tmRNA_Baci.lich._CP000002_1-356.bpseq
data/archiveII/tmRNA_Myco.smeg._CP000480_1-369.bpseq
data/archiveII/tmRNA_Stre.equi._TRW-40041_1-349.bpseq
data/archiveII/grp1_a.I1.e.A.capsulatus.G184B.C1.SSU.bpseq
data/archiveII/16s_S.cerevisiae_domain1.bpseq
data/archiveII/16s_G.intestinalis.bpseq
data/archiveII/tmRNA_Myco.capr._D13067_1-411.bpseq
data/archiveII/tmRNA_Myco.pulm._AL445565_1-387.bpseq
data/archiveII/RNaseP_PS24.bpseq
data/archiveII/tmRNA_Rubr.xyla._CP000386_1-360.bpseq
data/archiveII/RNaseP_B.burgdorferi.bpseq
data/archiveII/RNaseP_M.maripaludus.bpseq
data/archiveII/grp1_a.I1.e.C.saxonicum.C1.SSU.1506.bpseq
data/archiveII/grp1_a.I1.c.P.thunbergii.C3.tLEU.bpseq
data/archiveII/RNaseP_LGB5.bpseq
data/archiveII/tmRNA_List.inno._TRW-1642-1_1-370.bpseq
data/archiveII/RNaseP_S.castellii.bpseq
data/archiveII/tmRNA_Lept.spec._TRW-261386_1-359.bpseq
data/archiveII/tmRNA_Chro.sale._CP000285_1-380.bpseq
data/archiveII/RNaseP_SM-A05.bpseq
data/archiveII/RNaseP_R.prowazekii.bpseq
data/archiveII/tmRNA_Desu.vulg._AE017285_1-352.bpseq
data/archiveII/grp1_a.I1.m.S.luteus.C2.LSU.1949.bpseq
data/archiveII/grp1_a.I1.e.B.ciliata.JCM6865.C1.SSU.943.bpseq
data/archiveII/RNaseP_M.jannaschii.bpseq
data/archiveII/tmRNA_Haem.infl._TRW-262727_1-366.bpseq
data/archiveII/RNaseP_P.putida.bpseq
data/archiveII/tmRNA_Myco.tube._TRW-1773_1-368.bpseq
data/archiveII/tmRNA_Ther.mari._TRW-243274-1_1-356.bpseq
data/archiveII/tmRNA_Burk.ceno._TRW-216591_1-370.bpseq
data/archiveII/tmRNA_Myco.geni._U39713_1-385.bpseq
data/archiveII/RNaseP_A.salinestris-184.bpseq
data/archiveII/grp1_a.I1.b.S.negevensis.B4.LSU.1931.bpseq
data/archiveII/RNaseP_T.maritima.bpseq
data/archiveII/tmRNA_Salm.ente._TRW-295319_1-363.bpseq
data/archiveII/RNaseP_PS26.bpseq
data/archiveII/tmRNA_Baci.cere._AE017194_1-355.bpseq
data/archiveII/grp1_a.I1.e.B.yamatoana.JCM2896.C1.SSU.1506.bpseq
data/archiveII/RNaseP_PS8.bpseq
data/archiveII/RNaseP_LGB21.bpseq
data/archiveII/RNaseP_C.psittaci-R54.bpseq
data/archiveII/RNaseP_S.negevensis.bpseq
data/archiveII/tmRNA_Mann.succ._AE016827_1-367.bpseq
data/archiveII/tmRNA_Stre.pyog._AE010048_1-348.bpseq
data/archiveII/tmRNA_Ther.rose._TRW-309801_1-353.bpseq
data/archiveII/RNaseP_Fischerella-UTEX1829.bpseq
data/archiveII/RNaseP_P.maris.bpseq
data/archiveII/telomerase_AF221917.99-542.bpseq
data/archiveII/tmRNA_Ther.teng._AE013063_1-351.bpseq
data/archiveII/tmRNA_Buch.aphi._BD061520_1-369.bpseq
data/archiveII/tmRNA_Stre.pneu._AE008453_1-348.bpseq
data/archiveII/tmRNA_Ther.yell._TRW-289376_1-350.bpseq
data/archiveII/RNaseP_H.pylori-RU1.bpseq
data/archiveII/RNaseP_vHge3-5.bpseq
data/archiveII/grp1_a.I1.e.B.yamatoana.JCM2896.C1.SSU.943.bpseq
data/archiveII/23s_B.subtilis_domain2.bpseq
data/archiveII/RNaseP_PS6.bpseq
data/archiveII/tmRNA_Buch.aphi._AE013218_1-376.bpseq
data/archiveII/RNaseP_R.americana-mito.bpseq
data/archiveII/tmRNA_Baci.clau._AP006627_1-355.bpseq
data/archiveII/telomerase_AF221930.94-546.bpseq
data/archiveII/RNaseP_ESH167E.bpseq
data/archiveII/grp1_a.I1.b.Dermocarpa.sp.ATCC29371.C3.tMET.bpseq
data/archiveII/tmRNA_Chla.trac._AE001276_1-417.bpseq
data/archiveII/RNaseP_SLC.bpseq
data/archiveII/RNaseP_C.pneumoniae-AR39.bpseq
data/archiveII/tmRNA_Legi.pneu._CR628337_1-406.bpseq
data/archiveII/tmRNA_Stre.aure._AY616521_1-382.bpseq
data/archiveII/tmRNA_Stre.pneu._TRW-216600_1-348.bpseq
data/archiveII/16s_P.occultum.bpseq
data/archiveII/tmRNA_Yers.ente._TRW-34054_1-381.bpseq
data/archiveII/RNaseP_Nostoc-PCC7413.bpseq
data/archiveII/RNaseP_CPB74.bpseq
data/archiveII/tmRNA_Clos.ther._TRW-203119_1-387.bpseq
data/archiveII/tmRNA_Prev.rumi._TRW-264731_1-401.bpseq
data/archiveII/tmRNA_Heli.pylo._AE000511_1-386.bpseq
data/archiveII/telomerase_AF221940.103-499.bpseq
data/archiveII/RNaseP_SM-A02.bpseq
data/archiveII/tmRNA_Pseu.halo._CR954246_1-357.bpseq
data/archiveII/RNaseP_SM-A5179.bpseq
data/archiveII/tmRNA_Myco.capr._S67602_1-408.bpseq
data/archiveII/tmRNA_Porp.ging._TRW-242619_1-407.bpseq
data/archiveII/16s_E.coli_domain2.bpseq
data/archiveII/RNaseP_M.avium.bpseq
data/archiveII/tmRNA_Trop.whip._BX251411_1-369.bpseq
data/archiveII/telomerase_AF221909.98-496.bpseq
data/archiveII/tmRNA_Fran.spec._TRW-298653_1-375.bpseq
data/archiveII/RNaseP_P.vulgaris.bpseq
data/archiveII/RNaseP_N.simplex.bpseq
data/archiveII/tmRNA_Xyle.fast._AE004078_1-355.bpseq
data/archiveII/tmRNA_Xyle.fast._TRW-155919_1-355.bpseq
data/archiveII/tmRNA_envi.sequ._TRW-204433_1-356.bpseq
data/archiveII/tmRNA_Salm.ente._AE017220_1-363.bpseq
data/archiveII/RNaseP_LGB27.bpseq
data/archiveII/tmRNA_Myco.hyop._TRW-262719_1-433.bpseq
data/archiveII/tmRNA_Ther.elon._BA000039_1-386.bpseq
data/archiveII/RNaseP_S.octosporus.bpseq
data/archiveII/16s_H.volcanii_domain2.bpseq
data/archiveII/tmRNA_uncu.bact._TRW-135621-1_1-397.bpseq
data/archiveII/RNaseP_P.stutzeri.bpseq
data/archiveII/tmRNA_Chlo.tepi._TRW-194439_1-404.bpseq
data/archiveII/RNaseP_LGW46.bpseq
data/archiveII/RNaseP_Prochlorococcus-PAC1A.bpseq
data/archiveII/tmRNA_Yers.moll._TRW-349967_1-381.bpseq
data/archiveII/tmRNA_Haem.infl._TRW-262728_1-366.bpseq
data/archiveII/tmRNA_Spir.kunk._TRW-273035_1-424.bpseq
data/archiveII/RNaseP_Anabaena-ATCC29413.bpseq
data/archiveII/RNaseP_C.trachomatis-D.bpseq
data/archiveII/tmRNA_Burk.thai._CP000086_1-370.bpseq
data/archiveII/tmRNA_Clos.perf._CP000312_1-361.bpseq
data/archiveII/grp1_a.I1.e.P.carinii.C1.SSU.1506.bpseq
data/archiveII/tmRNA_Ocea.ihey._BA000028_1-364.bpseq
data/archiveII/16s_C.reinhardtii.chloro_domain2.bpseq
data/archiveII/RNaseP_ESH183D.bpseq
data/archiveII/RNaseP_EF.bpseq
data/archiveII/tmRNA_List.inno._TRW-1642-2_1-370.bpseq
data/archiveII/RNaseP_SM-A1315.bpseq
data/archiveII/tmRNA_Meso.viri._AF166114_1-359.bpseq
data/archiveII/tmRNA_Myco.lepr._AL583919_1-366.bpseq
data/archiveII/RNaseP_Nocardiodes-ATCC39419.bpseq
data/archiveII/RNaseP_I.calvum.bpseq
data/archiveII/grp1_b.I1.e.P.leucosticta.C1.SSU.516.bpseq
data/archiveII/RNaseP_C.diphtheriae.bpseq
data/archiveII/RNaseP_B.thetaiotaomicron.bpseq
data/archiveII/RNaseP_Prochlorococcus-TAK9803-2.bpseq
data/archiveII/tmRNA_uncu.bact._TRW-80840-2_1-379.bpseq
data/archiveII/RNaseP_M.hyopneumoniae.bpseq
data/archiveII/tmRNA_Acti.naes._TRW-240017_1-371.bpseq
data/archiveII/RNaseP_Onchorhynchus-2.bpseq
data/archiveII/16s_A.pyrophilus.bpseq
data/archiveII/RNaseP_Y.pestis.bpseq
data/archiveII/tmRNA_uncu.mari._TRW-363180_1-347.bpseq
data/archiveII/grp1_a.I1.e.C.mirabilis.C1.SSU.1506.bpseq
data/archiveII/tmRNA_Salm.ente._TRW-149539_1-363.bpseq
data/archiveII/RNaseP_Halobacterium-NRC1.bpseq
data/archiveII/grp1_a.I1.b.Phormidium.sp.N182.C3.tLEU.bpseq
data/archiveII/RNaseP_C.crescentus.bpseq
data/archiveII/RNaseP_P.purpurea-chloroplast.bpseq
data/archiveII/tmRNA_Desu.desu._CP000112_1-360.bpseq
data/archiveII/grp1_a.I1.e.P.clavariiformis.C1.SSU.943.bpseq
data/archiveII/16s_T.maritima_domain2.bpseq
data/archiveII/tmRNA_Erwi.caro._BX950851_1-363.bpseq
data/archiveII/tmRNA_Pseu.aeru._CP000438_1-353.bpseq
data/archiveII/RNaseP_LGB41.bpseq
data/archiveII/tmRNA_Myco.lepr._TRW-272631_1-369.bpseq
data/archiveII/RNaseP_S.putrefaciens.bpseq
data/archiveII/RNaseP_B.megaterium.bpseq
data/archiveII/tmRNA_Chlo.aura._AY040836_1-361.bpseq
data/archiveII/grp1_a.I1.e.Z.circumcarinata.C1.SSU.1506.bpseq
data/archiveII/tmRNA_Acid.ferr._TRW-920_1-341.bpseq
data/archiveII/RNaseP_C.pneumoniae-CWL029.bpseq
data/archiveII/grp1_a.I1.e.M.scalaris.C1.SSU.1506.bpseq
data/archiveII/RNaseP_T.thermophilus.bpseq
data/archiveII/tmRNA_Prop.acne._TRW-1747-3_1-353.bpseq
data/archiveII/tmRNA_Xant.oryz._AE013598_1-397.bpseq
data/archiveII/tmRNA_Pseu.syri._CP000058_1-388.bpseq
data/archiveII/RNaseP_ESH46a-1.bpseq
data/archiveII/RNaseP_Anabaena-PCC7120.bpseq
data/archiveII/grp1_a.I1.e.Staurastrum.sp.M753.C1.SSU.1506.bpseq
data/archiveII/grp1_a.I1.e.L.dispersa.UNK.SSU.516.bpseq
data/archiveII/RNaseP_Onchorhynchus-1.bpseq
data/archiveII/RNaseP_P.aeruginosa.bpseq
data/archiveII/grp1_b.I1.e.A.griffini.2.C1.SSU.516.bpseq
data/archiveII/RNaseP_T.neapolitana.bpseq
data/archiveII/tmRNA_Myco.hyop._TRW-295358_1-424.bpseq
data/archiveII/RNaseP_SM-A1519.bpseq
data/archiveII/RNaseP_M.bovis.bpseq
data/archiveII/tmRNA_Lact.sake._AF400065_1-370.bpseq
data/archiveII/RNaseP_S.solfataricus-P2.bpseq
data/archiveII/tmRNA_Phot.lumi._BX571870_1-364.bpseq
data/archiveII/tmRNA_Citr.rode._TRW-67825_1-365.bpseq
data/archiveII/RNaseP_L.borgpetersenii.bpseq
data/archiveII/tmRNA_Erwi.amyl._TRW-552_1-381.bpseq
data/archiveII/RNaseP_vHge2.bpseq
data/archiveII/grp1_a.I1.e.C.grayi.UNK.SSU.1516.bpseq
data/archiveII/tmRNA_Burk.viet._TRW-269482_1-370.bpseq
data/archiveII/RNaseP_N.gonnorhoeae.bpseq
data/archiveII/tmRNA_Stre.pyog._AE006568_1-345.bpseq
data/archiveII/RNaseP_P.furiosus.bpseq
data/archiveII/tmRNA_Yers.inte._TRW-349965_1-381.bpseq
data/archiveII/RNaseP_Synechocystis-PCC6803.bpseq
data/archiveII/RNaseP_ESH30-3.bpseq
data/archiveII/tmRNA_Thal.pseu._EF067921_1-344.bpseq
data/archiveII/RNaseP_SM-A1932.bpseq
data/archiveII/tmRNA_Cyan.para._TRW-2762_1-294.bpseq
data/archiveII/RNaseP_SM-A5888.bpseq
data/archiveII/RNaseP_ESH7-9.bpseq
data/archiveII/tmRNA_Gemm.obsc._TRW-214688_1-412.bpseq
data/archiveII/grp1_a.I1.e.A.stipitatus.C1.SSU.1046.bpseq
data/archiveII/23s_S.aureus_domain3.bpseq
data/archiveII/tmRNA_Neis.lact._TRW-486_1-362.bpseq
data/archiveII/RNaseP_Prochlorococcus-NATL1.bpseq
data/archiveII/16s_Z.mays_domain1.bpseq
data/archiveII/RNaseP_A.brierleyi.bpseq
data/archiveII/tmRNA_Thal.weis._AF049491_1-348.bpseq
data/archiveII/tmRNA_Chla.muri._AE002296_1-418.bpseq
data/archiveII/tmRNA_Esch.coli._U36840_1-363.bpseq
data/archiveII/tmRNA_Fran.spec._CP000249_1-374.bpseq
data/archiveII/tmRNA_Burk.mall._CP000010_1-370.bpseq
data/archiveII/RNaseP_Prochlorococcus-PCC9511.bpseq
data/archiveII/23s_E.coli_domain3.bpseq
data/archiveII/RNaseP_E.asper.bpseq
data/archiveII/RNaseP_L.weilii.bpseq
data/archiveII/23s_E.coli_domain1.bpseq
data/archiveII/tmRNA_Chla.pneu._AE002224_1-423.bpseq
data/archiveII/grp1_b.I1.e.M.anisopliae.2.C1.LSU.1921.bpseq
data/archiveII/tmRNA_Neph.oliv._AF137379-2_1-327.bpseq
data/archiveII/tmRNA_Myco.geni._TRW-243273_1-388.bpseq
data/archiveII/tmRNA_Kine.radi._TRW-266940_1-366.bpseq
data/archiveII/RNaseP_C.aurantiacus.bpseq
data/archiveII/RNaseP_M.leprae.bpseq
data/archiveII/tmRNA_Rals.meta._CP000352_1-360.bpseq
data/archiveII/tmRNA_Heli.pylo._TRW-85963_1-386.bpseq
data/archiveII/16s_C.psittaci_domain1.bpseq
data/archiveII/RNaseP_C.trachomatis-2.bpseq
data/archiveII/RNaseP_R.capsulatus.bpseq
data/archiveII/23s_B.subtilis_domain1.bpseq
data/archiveII/RNaseP_SM-A3254.bpseq
data/archiveII/tmRNA_Anab.vari._CP000117_1-390.bpseq
data/archiveII/tmRNA_Yers.pest._AL590842_1-364.bpseq
data/archiveII/RNaseP_DU1.bpseq
data/archiveII/tmRNA_Baci.cere._TRW-288681_1-355.bpseq
data/archiveII/tmRNA_Meso.flor._AE017263_1-408.bpseq
data/archiveII/tmRNA_Clos.perf._AP003190_1-358.bpseq
data/archiveII/tmRNA_Fran.tula._AM233362_1-421.bpseq
data/archiveII/RNaseP_SM-A4876.bpseq
data/archiveII/RNaseP_M.genitalium.bpseq
data/archiveII/RNaseP_S.solfataricus.bpseq
data/archiveII/tmRNA_Colw.psyc._CP000083_1-350.bpseq
data/archiveII/RNaseP_PS27.bpseq
data/archiveII/telomerase_U85256.1-451.bpseq
data/archiveII/16s_H.volcanii.bpseq
data/archiveII/telomerase_AF221925.98-540.bpseq
data/archiveII/RNaseP_P.troglodytes.bpseq
data/archiveII/tmRNA_Stap.aure._BA000033_1-362.bpseq
data/archiveII/RNaseP_M.phosphovorus-JCM9380.bpseq
data/archiveII/telomerase_AF221924.105-538.bpseq
data/archiveII/RNaseP_C.difficile.bpseq
data/archiveII/RNaseP_H.pylori-26695.bpseq
data/archiveII/tmRNA_Shew.amaz._CP000507_1-356.bpseq
data/archiveII/16s_T.gondii_domain2.bpseq
data/archiveII/16s_S.cerevisiae_domain2.bpseq
data/archiveII/RNaseP_H.influenza.bpseq
data/archiveII/tmRNA_Chla.muri._TRW-83560_1-421.bpseq
data/archiveII/16s_C.elegans_domain2.bpseq
data/archiveII/RNaseP_A.chroococcum.bpseq
data/archiveII/tmRNA_Carb.hydr._CP000141_1-359.bpseq
data/archiveII/RNaseP_S.pombe.bpseq
data/archiveII/tmRNA_Syne.spec._TRW-1131_1-399.bpseq
data/archiveII/tmRNA_Clos.diff._TRW-367459_1-350.bpseq
data/archiveII/RNaseP_Mxa1.bpseq
data/archiveII/tmRNA_List.ivan._AF440342_1-321.bpseq
data/archiveII/tmRNA_Ente.saka._TRW-28141_1-364.bpseq
data/archiveII/RNaseP_UK5.bpseq
data/archiveII/RNaseP_LGA1.bpseq
data/archiveII/RNaseP_R.palustris.bpseq
data/archiveII/16s_F.ananassa_domain2.bpseq
data/archiveII/23s_S.aureus_domain2.bpseq
data/archiveII/RNaseP_VSDW.bpseq
data/archiveII/tmRNA_Erwi.chry._TRW-198628_1-381.bpseq
data/archiveII/tmRNA_Nost.punc._TRW-63737_1-390.bpseq
data/archiveII/grp1_a.I1.m.M.grisea.B2.ND1.bpseq
data/archiveII/grp1_a.I1.c.A.cherimola.C3.tLEU.bpseq
data/archiveII/grp1_a.I1.e.S.sclerotiorum_1837.C1.LSU.798.bpseq
data/archiveII/telomerase_AF221919.107-614.bpseq
data/archiveII/RNaseP_S.typhimurium.bpseq
data/archiveII/tmRNA_Meth.caps._AE017282_1-356.bpseq
data/archiveII/tmRNA_Porp.purp._TRW-2787_1-323.bpseq
data/archiveII/RNaseP_ESH167F.bpseq
data/archiveII/RNaseP_M.tuberculosis.bpseq
data/archiveII/RNaseP_Rr368.bpseq
data/archiveII/RNaseP_LGA2.bpseq
data/archiveII/tmRNA_envi.sequ._TRW-300695-2_1-345.bpseq
data/archiveII/tmRNA_Ente.faec._BD193796_1-367.bpseq
data/archiveII/RNaseP_C.pneumoniae.bpseq
data/archiveII/RNaseP_C.psittaci.bpseq
data/archiveII/RNaseP_N.pyridinolyticus.bpseq
data/archiveII/RNaseP_H.aurantiacus.bpseq
data/archiveII/tmRNA_Stap.aure._BX571856_1-362.bpseq
data/archiveII/tmRNA_Tric.eryt._CP000393_1-398.bpseq
data/archiveII/RNaseP_M.thermoautotrophicum-DH.bpseq
data/archiveII/grp1_a.I1.m.S.luteus.A1.LSU.2449.bpseq
data/archiveII/tmRNA_Salm.ente._CP000026_1-363.bpseq
data/archiveII/RNaseP_P.pygmaeus.bpseq
data/archiveII/grp1_a.I1.e.P.yezoensis.C1.SSU.516.bpseq
data/archiveII/tmRNA_Ther.neap._TRW-309803_1-357.bpseq
data/archiveII/tmRNA_Salm.ente._TRW-321314_1-363.bpseq
data/archiveII/RNaseP_T.roseum.bpseq
data/archiveII/RNaseP_H.morrhuae.bpseq
data/archiveII/tmRNA_Vibr.spec._TRW-345075_1-368.bpseq
data/archiveII/grp1_a.I1.e.C.grayi.UNK.SSU.1046.bpseq
data/archiveII/RNaseP_SM-A1113.bpseq
data/archiveII/RNaseP_M.capricolum.bpseq
data/archiveII/RNaseP_F.yabuuchiae.bpseq
data/archiveII/RNaseP_CPA58.bpseq
data/archiveII/RNaseP_SM-A06.bpseq
data/archiveII/RNaseP_SM-A5382.bpseq
data/archiveII/telomerase_AF221906.96-545.bpseq
data/archiveII/RNaseP_LGB23.bpseq
data/archiveII/tmRNA_Camp.fetu._AY211269_1-361.bpseq
data/archiveII/tmRNA_Grac.tenu._AY673996_1-396.bpseq
data/archiveII/tmRNA_Lact.acid._CP000033_1-369.bpseq
data/archiveII/tmRNA_Yers.pest._AE017042_1-364.bpseq
data/archiveII/tmRNA_Baci.cere._TRW-226900_1-355.bpseq
data/archiveII/tmRNA_Camp.lari._TRW-306263_1-359.bpseq
data/archiveII/tmRNA_Rhod.balt._BX294141_1-380.bpseq
data/archiveII/tmRNA_Arth.spec._CP000454_1-369.bpseq
data/archiveII/grp1_a.I1.e.D.parva.C1.SSU.1512.bpseq
data/archiveII/tmRNA_Baci.subt._TRW-1423_1-363.bpseq
data/archiveII/RNaseP_ESH7-4.bpseq
data/archiveII/tmRNA_Acti.succ._TRW-339671_1-367.bpseq
data/archiveII/tmRNA_Clos.acet._AE001437_1-359.bpseq
data/archiveII/RNaseP_LGW17.bpseq
data/archiveII/tmRNA_Pseu.fluo._CP000076_1-394.bpseq
data/archiveII/16s_Z.mays.bpseq
data/archiveII/RNaseP_M.thermolithotrophicus.bpseq
data/archiveII/RNaseP_SM-A2135.bpseq
data/archiveII/RNaseP_P.marinus-2.bpseq
data/archiveII/tmRNA_Myco.pneu._AE000035_1-384.bpseq
data/archiveII/RNaseP_T.luteus.bpseq
data/archiveII/tmRNA_Desu.psyc._CR522870_1-366.bpseq
data/archiveII/RNaseP_F.antarctica.bpseq
data/archiveII/RNaseP_A.vinlandii-CA.bpseq
data/archiveII/tmRNA_Salm.typh._AY316313_1-363.bpseq
data/archiveII/tmRNA_Esch.coli._U00096_1-363.bpseq
data/archiveII/RNaseP_Rr327.bpseq
data/archiveII/tmRNA_Clos.diff._AM180355_1-350.bpseq
data/archiveII/tmRNA_Borr.burg._AE001118_1-359.bpseq
data/archiveII/tmRNA_Cory.diph._BX248356_1-385.bpseq
data/archiveII/tmRNA_Leuc.mese._AF375574_1-307.bpseq
data/archiveII/tmRNA_Stap.epid._AF375586_1-311.bpseq
data/archiveII/tmRNA_Stap.epid._TRW-1282-2_1-362.bpseq
data/archiveII/RNaseP_N.luteus.bpseq
data/archiveII/RNaseP_Onchorhynchus-sp-1.bpseq
data/archiveII/tmRNA_Stre.agal._AE014233_1-350.bpseq
data/archiveII/telomerase_AF221931.99-541.bpseq
data/archiveII/tmRNA_Para.symb._BX908798_1-405.bpseq
data/archiveII/tmRNA_Stap.aure._BA000018_1-362.bpseq
data/archiveII/tmRNA_Xant.camp._AM039952_1-397.bpseq
data/archiveII/RNaseP_P.furiosus-2.bpseq
data/archiveII/16s_P.staleyi_domain2.bpseq
data/archiveII/16s_T.gondii.bpseq
data/archiveII/tmRNA_Baci.thur._AE017355_1-355.bpseq
data/archiveII/grp1_a.I1.e.Staurastrum.sp.M752.C1.SSU.1506.bpseq
data/archiveII/RNaseP_PS1.bpseq
data/archiveII/16s_B.subtilis_domain1.bpseq
data/archiveII/tmRNA_Neis.meni._AL162755_1-360.bpseq
data/archiveII/tmRNA_Tann.fors._TRW-203275_1-400.bpseq
data/archiveII/RNaseP_N.flavus.bpseq
data/archiveII/grp1_a.I1.e.L.dispersa.UNK.SSU.1516.bpseq
data/archiveII/RNaseP_P126.bpseq
data/archiveII/RNaseP_E.eschscholtzii-1.bpseq
data/archiveII/RNaseP_P.gingivalis.bpseq
data/archiveII/RNaseP_T.maritima-g.bpseq
data/archiveII/RNaseP_C.tepidum-g.bpseq
data/archiveII/RNaseP_PS4.bpseq
data/archiveII/tmRNA_Dich.nodo._TRW-35819_1-352.bpseq
data/archiveII/grp1_a.I1.e.P.pachydermus.C1.SSU.943.bpseq
data/archiveII/RNaseP_S.caesia-K182.bpseq
data/archiveII/RNaseP_C.sporogenes.bpseq
data/archiveII/tmRNA_Chro.viol._AE016825_1-365.bpseq
data/archiveII/tmRNA_Shig.dyse._TRW-358708_1-363.bpseq
data/archiveII/RNaseP_SL2D.bpseq
data/archiveII/tmRNA_Desu.acet._TRW-281689_1-353.bpseq
data/archiveII/23s_B.subtilis_domain5.bpseq
data/archiveII/RNaseP_C.psittaci-2.bpseq
data/archiveII/tmRNA_List.gray._AF440336_1-321.bpseq
data/archiveII/RNaseP_M.xanthus.bpseq
data/archiveII/RNaseP_T.acidophilum.bpseq
data/archiveII/tmRNA_Yers.fred._TRW-349966_1-363.bpseq
data/archiveII/grp1_a.I1.e.C.parasitica.E.SSU.1199.bpseq
data/archiveII/RNaseP_M.thermoautotrphicumMarb.bpseq
data/archiveII/tmRNA_Myco.gall._AE015450_1-408.bpseq
data/archiveII/tmRNA_Synt.acid._CP000252_1-356.bpseq
data/archiveII/RNaseP_ESH26-4.bpseq
data/archiveII/tmRNA_Lact.delb._AF440335_1-316.bpseq
data/archiveII/RNaseP_SM-A1214.bpseq
data/archiveII/tmRNA_Myco.mari._TRW-1781-1_1-368.bpseq
data/archiveII/RNaseP_BH145.bpseq
data/archiveII/tmRNA_Rals.sola._AL646052_1-360.bpseq
data/archiveII/grp1_a.I1.c.G.prostrata.C3.tLEU.bpseq
data/archiveII/tmRNA_envi.sequ._TRW-2-1_1-365.bpseq
data/archiveII/RNaseP_CPB7776.bpseq
data/archiveII/RNaseP_Wolbachia-sp.bpseq
data/archiveII/RNaseP_C.acetobutylicum.bpseq
data/archiveII/RNaseP_Synechococcus-MINOS1.bpseq
data/archiveII/telomerase_AF221935.112-602.bpseq
data/archiveII/23s_S.aureus_domain1.bpseq
data/archiveII/16s_B.burgdorferi.bpseq
data/archiveII/tmRNA_Deha.ethe._CP000027_1-352.bpseq
data/archiveII/grp1_a.I1.e.S.paniceum.UNK.SSU.114.bpseq
data/archiveII/grp1_a.I1.e.S.granulatum.C1.SSU.1506.bpseq
data/archiveII/RNaseP_S.equi-g.bpseq
data/archiveII/grp1_a.I1.e.T.cosmopolitanis.C1.LSU.1925.bpseq
data/archiveII/tmRNA_Esch.coli._AE005491_1-363.bpseq
data/archiveII/RNaseP_UK2.bpseq
data/archiveII/RNaseP_ESH17b-7.bpseq
data/archiveII/tmRNA_Bifi.long._TRW-206672_1-397.bpseq
data/archiveII/RNaseP_A.macrocytogenes123.bpseq
data/archiveII/tmRNA_Yers.pseu._AR948532_1-364.bpseq
data/archiveII/grp1_a.I1.e.A.capsulatus.FLs1.C1.SSU.bpseq
data/archiveII/RNaseP_E.agglomerulans.bpseq
data/archiveII/grp1_a.I1.e.P.macrosporus.C1.SSU.1506.bpseq
data/archiveII/RNaseP_S.polymorpha.bpseq
data/archiveII/16s_H.sapiens.mito.bpseq
data/archiveII/RNaseP_V.cholera.bpseq
data/archiveII/tmRNA_Shig.flex._AE005674_1-363.bpseq
data/archiveII/RNaseP_S.bikiniensis.bpseq
data/archiveII/RNaseP_S.glauca-L169T.bpseq
data/archiveII/16s_C.psittaci_domain2.bpseq
data/archiveII/RNaseP_Nostoc-PCC7107.bpseq
data/archiveII/grp1_a.I1.e.P.inouyei.C1.SSU.943.bpseq
data/archiveII/grp1_a.I1.e.P.macrosporus.C1.SSU.943.bpseq
data/archiveII/RNaseP_S.azurea-K161T.bpseq
data/archiveII/tmRNA_Camp.jeju._CP000025_1-359.bpseq
data/archiveII/tmRNA_Lact.sake._TRW-314315_1-370.bpseq
data/archiveII/tmRNA_Chlo.chlo._CP000108_1-401.bpseq
data/archiveII/16s_H.sapiens_domain1.bpseq
data/archiveII/RNaseP_PF101.bpseq
data/archiveII/tmRNA_Pseu.syri._CP000075_1-392.bpseq
data/archiveII/RNaseP_Dermocarpa-PCC7437.bpseq
data/archiveII/RNaseP_S.gordonii.bpseq
data/archiveII/tmRNA_Paen.larv._TRW-1464_1-367.bpseq
data/archiveII/tmRNA_Ente.faec._TRW-1352_1-367.bpseq
data/archiveII/grp1_b.I1.e.M.anisopliae.3.C1.LSU.1921.bpseq
data/archiveII/tmRNA_Bloc.flor._BX248583_1-393.bpseq
data/archiveII/grp1_a.I1.e.P.carinii.Pc2.C1.LSU.1921.bpseq
data/archiveII/tmRNA_Shew.deni._CP000302_1-355.bpseq
data/archiveII/RNaseP_S.glauca-K195.bpseq
data/archiveII/tmRNA_Fibr.succ._TRW-59374_1-361.bpseq
data/archiveII/grp1_a.I1.c.S.alterniflora.C3.tLEU.bpseq
data/archiveII/RNaseP_Synechococcus-PCC7942.bpseq
data/archiveII/tmRNA_Soli.usit._CP000473_1-352.bpseq
data/archiveII/tmRNA_Salm.bong._TRW-218493_1-363.bpseq
data/archiveII/RNaseP_SM-A2743.bpseq
data/archiveII/tmRNA_Aero.hydr._CP000462_1-360.bpseq
data/archiveII/tmRNA_Sacc.degr._CP000282_1-389.bpseq
data/archiveII/tmRNA_uncu.bact._TRW-383630-1_1-364.bpseq
data/archiveII/RNaseP_U.stansburiana.bpseq
data/archiveII/RNaseP_Synechococcus-PCC7001.bpseq
data/archiveII/RNaseP_SM-A1726.bpseq
data/archiveII/telomerase_AF221933.121-679.bpseq
data/archiveII/tmRNA_uncu.bact._TRW-72274-2_1-359.bpseq
data/archiveII/RNaseP_ESH20b-4.bpseq
data/archiveII/tmRNA_Geob.kaus._BA000043_1-352.bpseq
data/archiveII/tmRNA_Heli.pylo._AE000590_1-383.bpseq
data/archiveII/grp1_a.I1.e.T.hyperangularis.C1.LSU.1925.bpseq
data/archiveII/tmRNA_Ther.ther._Y15063_1-349.bpseq
data/archiveII/tmRNA_Nitr.ocea._CP000127_1-361.bpseq
data/archiveII/tmRNA_Ther.comm._TRW-289377_1-355.bpseq
data/archiveII/tmRNA_Carn.malt._AF275938_1-366.bpseq
data/archiveII/tmRNA_Neis.meni._TRW-272831_1-363.bpseq
data/archiveII/tmRNA_Prot.mira._TRW-584_1-367.bpseq
data/archiveII/RNaseP_S.epidermidis.bpseq
data/archiveII/RNaseP_SM-A2539.bpseq
data/archiveII/tmRNA_Pedi.pent._CP000422_1-369.bpseq
data/archiveII/tmRNA_Burk.pseu._TRW-28450_1-370.bpseq
data/archiveII/RNaseP_C.testosteroni.bpseq
data/archiveII/RNaseP_LGA8.bpseq
data/archiveII/RNaseP_SM-A01.bpseq
data/archiveII/tmRNA_Aste.yell._TRW-322098_1-426.bpseq
data/archiveII/tmRNA_Camp.upsa._TRW-306264_1-359.bpseq
data/archiveII/RNaseP_S.viridis-K191.bpseq
data/archiveII/tmRNA_Esch.coli._D12501_1-363.bpseq
data/archiveII/telomerase_AF221923.106-554.bpseq
data/archiveII/tmRNA_Clos.botu._TRW-36826_1-355.bpseq
data/archiveII/RNaseP_S.aureus-2.bpseq
data/archiveII/RNaseP_G.gorilla.bpseq
data/archiveII/RNaseP_SMB-A3.bpseq
data/archiveII/grp1_a.I1.e.M.caldariorum.C1.SSU.1506.bpseq
data/archiveII/tmRNA_Haem.infl._L42023_1-366.bpseq
data/archiveII/RNaseP_B.halodurans.bpseq
data/archiveII/RNaseP_U.stanburiana.bpseq
data/archiveII/tmRNA_Borr.burg._TRW-224326_1-362.bpseq
data/archiveII/RNaseP_SM-A2642.bpseq
data/archiveII/RNaseP_N.plantarum.bpseq
data/archiveII/tmRNA_Lept.spec._TRW-261385_1-359.bpseq
data/archiveII/tmRNA_Shig.sonn._CP000038_1-363.bpseq
data/archiveII/tmRNA_Chla.trac._TRW-813-1_1-420.bpseq
data/archiveII/RNaseP_N.jensenii.bpseq
data/archiveII/RNaseP_T.celerAL1.bpseq
data/archiveII/grp1_a.I1.m.S.luteus.B4.LSU.1923.bpseq
data/archiveII/RNaseP_SM-A1621.bpseq
data/archiveII/RNaseP_Nostoc-PCC6705.bpseq
data/archiveII/RNaseP_SM-A3761.bpseq
data/archiveII/tmRNA_Rubr.gela._TRW-279263_1-372.bpseq
data/archiveII/tmRNA_Serr.marc._TRW-273526_1-364.bpseq
data/archiveII/tmRNA_Shew.balt._TRW-325240_1-356.bpseq
data/archiveII/telomerase_AF221926.103-507.bpseq
data/archiveII/RNaseP_S.mutans.bpseq
data/archiveII/grp1_a.I1.e.T.malaccensis.C1.LSU.1925.bpseq
data/archiveII/tmRNA_Idio.loih._AE017340_1-359.bpseq
data/archiveII/RNaseP_A.paspali.bpseq
data/archiveII/16s_P.occultum_domain2.bpseq
data/archiveII/tmRNA_Camp.coli._TRW-306254_1-359.bpseq
data/archiveII/tmRNA_Salm.ente._AL627276_1-363.bpseq
data/archiveII/tmRNA_Cory.effi._BA000035_1-376.bpseq
data/archiveII/RNaseP_Synechococcus-PCC6717.bpseq
data/archiveII/RNaseP_LGW116.bpseq
data/archiveII/RNaseP_purpleX.bpseq
data/archiveII/tmRNA_Myco.pene._BA000026_1-405.bpseq
data/archiveII/tmRNA_Dict.ther._TRW-14_1-350.bpseq
data/archiveII/RNaseP_CPA56.bpseq
data/archiveII/tmRNA_Shig.boyd._CP000036_1-363.bpseq
data/archiveII/grp1_a.I1.e.P.carinii.Pc3.C1.LSU.1921.bpseq
data/archiveII/tmRNA_Fran.tula._AM286280_1-421.bpseq
data/archiveII/tmRNA_Acid.caps._TRW-240015_1-352.bpseq
data/archiveII/16s_B.burgdorferi_domain2.bpseq
data/archiveII/tmRNA_Yers.pest._CP000308_1-364.bpseq
data/archiveII/RNaseP_T.album.bpseq
data/archiveII/RNaseP_L.ferrooxidans-CF.bpseq
data/archiveII/grp1_a.I1.e.E.dermatitidis.C1.SSU.943.bpseq
data/archiveII/RNaseP_SM-A2237.bpseq
data/archiveII/tmRNA_Lact.case._CP000423_1-364.bpseq
data/archiveII/RNaseP_Buchnera-APS.bpseq
data/archiveII/RNaseP_N.fulvus-JCM3335.bpseq
data/archiveII/RNaseP_Synechococcus-PCC7003.bpseq
data/archiveII/RNaseP_N.europaea.bpseq
data/archiveII/tmRNA_List.mono._TRW-1639-1_1-370.bpseq
data/archiveII/RNaseP_H.cutirubrum.bpseq
data/archiveII/tmRNA_Shig.flex._AE014073_1-363.bpseq
data/archiveII/tmRNA_Rals.sola._AL646061_1-357.bpseq
data/archiveII/RNaseP_M.flocculare.bpseq
data/archiveII/RNaseP_H.sapiens.bpseq
data/archiveII/tmRNA_Azot.vine._TRW-354_1-352.bpseq
data/archiveII/tmRNA_Leuc.mese._CP000414_1-358.bpseq
data/archiveII/RNaseP_C.limicola.bpseq
data/archiveII/RNaseP_WB3.bpseq
data/archiveII/RNaseP_S.viridis-K185.bpseq
data/archiveII/tmRNA_Esch.coli._AP009048_1-363.bpseq
data/archiveII/RNaseP_D.radiodurans.bpseq
data/archiveII/RNaseP_F.mortiferum.bpseq
data/archiveII/16s_E.coli.bpseq
data/archiveII/RNaseP_CPB70.bpseq
data/archiveII/RNaseP_T.aquaticus.bpseq
data/archiveII/grp1_a.I1.c.S.x.townsendii.C3.tLEU.bpseq
data/archiveII/tmRNA_Shew.spec._CP000469_1-355.bpseq
data/archiveII/tmRNA_Yers.pest._CP000305_1-364.bpseq
data/archiveII/tmRNA_Stre.coll._AY485228_1-386.bpseq
data/archiveII/grp1_a.I1.e.C.ellipsoidea.211-1a.C1.SSU.1506.bpseq
data/archiveII/grp1_a.I1.b.S.hofmanii.C3.tMET.bpseq
data/archiveII/tmRNA_Psyc.arct._CP000082_1-359.bpseq
data/archiveII/RNaseP_Onchorhynchus-sp-2.bpseq
data/archiveII/23s_B.subtilis_domain3.bpseq
data/archiveII/tmRNA_Geob.stea._TRW-1422_1-352.bpseq
data/archiveII/tmRNA_Neis.meni._AE002452_1-360.bpseq
data/archiveII/RNaseP_CPB149.bpseq
data/archiveII/RNaseP_A.ferrooxidans.bpseq
data/archiveII/23s_E.coli_domain5.bpseq
data/archiveII/RNaseP_M.vannielli.bpseq
data/archiveII/RNaseP_Oscillatoria-PCC7515.bpseq
data/archiveII/16s_E.coli_domain1.bpseq
data/archiveII/RNaseP_P.staleyi.bpseq
data/archiveII/grp1_a.I1.e.L.dispersa.UNK.SSU.789.bpseq
data/archiveII/RNaseP_P.fluorescens.bpseq
data/archiveII/RNaseP_T.tumescens.bpseq
data/archiveII/RNaseP_SM1.bpseq
data/archiveII/RNaseP_P.aerogenes.bpseq
data/archiveII/grp1_a.I1.e.P.sarcinoidea.C1.SSU.943.bpseq
data/archiveII/RNaseP_E1B.bpseq
data/archiveII/RNaseP_D.vulgaris.bpseq
data/archiveII/tmRNA_Urea.parv._AE002154_1-413.bpseq
data/archiveII/RNaseP_S.typhi.bpseq
data/archiveII/tmRNA_Spir.citr._AM285321_1-424.bpseq
data/archiveII/16s_P.occultum_domain1.bpseq
data/archiveII/tmRNA_Salm.typh._AY319520_1-363.bpseq
data/archiveII/tmRNA_uncu.bact._TRW-45456_1-408.bpseq
data/archiveII/RNaseP_V.spinosum.bpseq
data/archiveII/telomerase_AF221934.121-565.bpseq
data/archiveII/16s_A.fulgidus_domain2.bpseq
data/archiveII/tmRNA_Pseu.puti._AE015451_1-399.bpseq
data/archiveII/grp1_a.I1.e.U.maydis.C1.SSU.943.bpseq
data/archiveII/RNaseP_D.jeanneae.bpseq
data/archiveII/RNaseP_S.viridis-K73T.bpseq
data/archiveII/tmRNA_Stre.pyog._TRW-1314-2_1-350.bpseq
data/archiveII/16s_A.pyrophilus_domain1.bpseq
data/archiveII/tmRNA_Vibr.vuln._AE016795_1-367.bpseq
data/archiveII/RNaseP_E.coli-g.bpseq
data/archiveII/tmRNA_Baci.anth._AE016879_1-355.bpseq
data/archiveII/tmRNA_Kleb.pneu._TRW-272620_1-363.bpseq
data/archiveII/tmRNA_Dein.radi._AE001939_1-346.bpseq
data/archiveII/tmRNA_Lept.inte._AE016823_1-350.bpseq
data/archiveII/tmRNA_Odon.sine._Z67753_1-368.bpseq
data/archiveII/tmRNA_Cyto.hutc._CP000383_1-404.bpseq
data/archiveII/RNaseP_CPB72.bpseq
data/archiveII/16s_B.subtilis_domain2.bpseq
data/archiveII/tmRNA_Bact.frag._TRW-817_1-398.bpseq
data/archiveII/RNaseP_M.fermentans.bpseq
data/archiveII/tmRNA_Aste.yell._CP000061_1-426.bpseq
data/archiveII/RNaseP_S.cyanea-K168T.bpseq
data/archiveII/RNaseP_S.caesia-SB01.bpseq
data/archiveII/tmRNA_Stre.muta._TRW-210007_1-349.bpseq
data/archiveII/tmRNA_Fuso.nucl._AE009951_1-344.bpseq
data/archiveII/RNaseP_M.pneumoniae.bpseq
data/archiveII/RNaseP_B.stearothermophilus.bpseq
data/archiveII/RNaseP_CPA63.bpseq
data/archiveII/grp1_a.I1.m.S.luteus.C2.LSU.1685.bpseq
data/archiveII/tmRNA_Chla.trac._TRW-272561_1-420.bpseq
data/archiveII/tmRNA_Acti.pleu._TRW-228399_1-366.bpseq
data/archiveII/tmRNA_Prop.acne._TRW-1747-2_1-353.bpseq
data/archiveII/RNaseP_C.muridarum-g.bpseq
data/archiveII/RNaseP_A.pernix.bpseq
data/archiveII/tmRNA_Emil.huxl._AY741371_1-291.bpseq
data/archiveII/tmRNA_Xant.camp._AE012247_1-397.bpseq
data/archiveII/grp1_a.I1.e.A.capsulatus.CBS213.53.C1.SSU.943.bpseq
data/archiveII/tmRNA_Burk.ceno._CP000378_1-370.bpseq
data/archiveII/telomerase_AF221910.112-554.bpseq
data/archiveII/tmRNA_Haem.infl._AY599475_1-366.bpseq
data/archiveII/RNaseP_A.erythreum.bpseq
data/archiveII/tmRNA_Coxi.burn._AE016828_1-360.bpseq
data/archiveII/telomerase_AC121792.109554-109950.bpseq
data/archiveII/tmRNA_Stre.pneu._TRW-1313_1-348.bpseq
data/archiveII/tmRNA_envi.sequ._TRW-32045-1_1-355.bpseq
data/archiveII/tmRNA_Acti.acti._TRW-272556_1-366.bpseq
data/archiveII/16s_F.ananassa_domain1.bpseq
data/archiveII/tmRNA_Stre.uber._TRW-218495_1-350.bpseq
data/archiveII/RNaseP_PS33.bpseq
data/archiveII/tmRNA_Stap.aure._TRW-1280_1-362.bpseq
data/archiveII/grp1_a.I1.c.S.anglica.C3.tLEU.bpseq
data/archiveII/tmRNA_Syne.spec._TRW-32049_1-396.bpseq
data/archiveII/RNaseP_SM-A4977.bpseq
data/archiveII/tmRNA_envi.sequ._TRW-356-1_1-289.bpseq
data/archiveII/RNaseP_SM-A4674.bpseq
data/archiveII/tmRNA_Acti.pleu._TRW-44294_1-366.bpseq
data/archiveII/RNaseP_S.caesia-SB22.bpseq
data/archiveII/RNaseP_PS31.bpseq
data/archiveII/tmRNA_Stre.suis._TRW-286604_1-348.bpseq
data/archiveII/tmRNA_Exig.sibi._TRW-262543_1-359.bpseq
data/archiveII/tmRNA_Lact.john._TRW-257314_1-367.bpseq
data/archiveII/grp1_a.I1.e.C.botrytis.C1.SSU.1506.bpseq
data/archiveII/grp1_a.I1.e.L.dispersa.UNK.SSU.114.bpseq
data/archiveII/16s_D.melanogaster_domain1.bpseq
data/archiveII/RNaseP_X.fastidiosa.bpseq
data/archiveII/grp1_a.I1.e.P.inouyei.C1.SSU.1506.bpseq
data/archiveII/tmRNA_Pseu.fluo._CP000094_1-390.bpseq
data/archiveII/tmRNA_Pant.stew._TRW-66269_1-363.bpseq
data/archiveII/tmRNA_Myco.mobi._TRW-267748_1-376.bpseq
data/archiveII/RNaseP_P.horikoshi.bpseq
data/archiveII/tmRNA_Stap.epid._TRW-176280_1-361.bpseq
data/archiveII/RNaseP_A.truei.bpseq
data/archiveII/tmRNA_Chla.abor._CR848038_1-425.bpseq
data/archiveII/tmRNA_Trep.pall._TRW-243276_1-354.bpseq
data/archiveII/RNaseP_LGW18.bpseq
data/archiveII/tmRNA_Bact.frag._CR626927_1-398.bpseq
data/archiveII/RNaseP_SM-A0911.bpseq
data/archiveII/RNaseP_M.thermoautotrophicumDH-2.bpseq
data/archiveII/RNaseP_ESH210B.bpseq
data/archiveII/telomerase_AF221912.98-564.bpseq
data/archiveII/tmRNA_Neis.gono._TRW-242231_1-363.bpseq
data/archiveII/RNaseP_C.jejuni.bpseq
data/archiveII/RNaseP_S.pneumoniae.bpseq
data/archiveII/tmRNA_Odon.sine._TRW-2839_1-371.bpseq
data/archiveII/16s_G.intestinalis_domain1.bpseq
data/archiveII/RNaseP_SMB-B4.bpseq
data/archiveII/RNaseP_B.subtilis.bpseq
data/archiveII/RNaseP_WA1.bpseq
data/archiveII/tmRNA_Stre.pyog._TRW-1314-1_1-348.bpseq
data/archiveII/tmRNA_Geob.meta._CP000148_1-356.bpseq
data/archiveII/telomerase_AF221939.99-544.bpseq
data/archiveII/tmRNA_Yers.pest._AE009952_1-364.bpseq
data/archiveII/tmRNA_Esch.coli._TRW-331111_1-363.bpseq
data/archiveII/tmRNA_Emil.huxl._TRW-280463_1-291.bpseq
data/archiveII/grp1_s.I1.e.T.thermophila.C1.LSU.1925.schem.bpseq
