data/FinalTest/test11397.bpseq
data/FinalTest/test6686.bpseq
data/FinalTest/test14146.bpseq
data/FinalTest/test15290.bpseq
data/FinalTest/test17188.bpseq
data/FinalTest/test19353.bpseq
data/FinalTest/test15408.bpseq
data/FinalTest/test19921.bpseq
data/FinalTest/test18023.bpseq
data/FinalTest/test6256.bpseq
data/FinalTest/test18912.bpseq
data/FinalTest/test3545.bpseq
data/FinalTest/test16682.bpseq
data/FinalTest/test10674.bpseq
data/FinalTest/test6222.bpseq
data/FinalTest/test8408.bpseq
data/FinalTest/test17971.bpseq
data/FinalTest/test16553.bpseq
data/FinalTest/test18794.bpseq
data/FinalTest/test5531.bpseq
data/FinalTest/test11533.bpseq
data/FinalTest/test16907.bpseq
data/FinalTest/test9004.bpseq
data/FinalTest/test14453.bpseq
data/FinalTest/test15037.bpseq
data/FinalTest/test6032.bpseq
data/FinalTest/test18285.bpseq
data/FinalTest/test11825.bpseq
data/FinalTest/test6219.bpseq
data/FinalTest/test9215.bpseq
data/FinalTest/test18630.bpseq
data/FinalTest/test2325.bpseq
data/FinalTest/test14531.bpseq
data/FinalTest/test22103.bpseq
data/FinalTest/test11210.bpseq
data/FinalTest/test7479.bpseq
data/FinalTest/test8407.bpseq
data/FinalTest/test7450.bpseq
data/FinalTest/test12984.bpseq
data/FinalTest/test16910.bpseq
data/FinalTest/test1222.bpseq
data/FinalTest/test16914.bpseq
data/FinalTest/test16895.bpseq
data/FinalTest/test18921.bpseq
data/FinalTest/test10429.bpseq
data/FinalTest/test13718.bpseq
data/FinalTest/test18633.bpseq
data/FinalTest/test10117.bpseq
data/FinalTest/test6220.bpseq
data/FinalTest/test5555.bpseq
data/FinalTest/test6233.bpseq
data/FinalTest/test18310.bpseq
data/FinalTest/test7162.bpseq
data/FinalTest/test6033.bpseq
data/FinalTest/test15406.bpseq
data/FinalTest/test18379.bpseq
data/FinalTest/test6243.bpseq
data/FinalTest/test11923.bpseq
data/FinalTest/test6036.bpseq
