data/TestSetA/0.bpseq
data/TestSetA/1.bpseq
data/TestSetA/10.bpseq
data/TestSetA/100.bpseq
data/TestSetA/101.bpseq
data/TestSetA/102.bpseq
data/TestSetA/103.bpseq
data/TestSetA/104.bpseq
data/TestSetA/105.bpseq
data/TestSetA/106.bpseq
data/TestSetA/107.bpseq
data/TestSetA/108.bpseq
data/TestSetA/109.bpseq
data/TestSetA/11.bpseq
data/TestSetA/110.bpseq
data/TestSetA/111.bpseq
data/TestSetA/112.bpseq
data/TestSetA/113.bpseq
data/TestSetA/114.bpseq
data/TestSetA/115.bpseq
data/TestSetA/116.bpseq
data/TestSetA/117.bpseq
data/TestSetA/118.bpseq
data/TestSetA/119.bpseq
data/TestSetA/12.bpseq
data/TestSetA/120.bpseq
data/TestSetA/121.bpseq
data/TestSetA/122.bpseq
data/TestSetA/123.bpseq
data/TestSetA/124.bpseq
data/TestSetA/125.bpseq
data/TestSetA/126.bpseq
data/TestSetA/127.bpseq
data/TestSetA/128.bpseq
data/TestSetA/129.bpseq
data/TestSetA/13.bpseq
data/TestSetA/130.bpseq
data/TestSetA/131.bpseq
data/TestSetA/132.bpseq
data/TestSetA/133.bpseq
data/TestSetA/134.bpseq
data/TestSetA/135.bpseq
data/TestSetA/136.bpseq
data/TestSetA/137.bpseq
data/TestSetA/138.bpseq
data/TestSetA/139.bpseq
data/TestSetA/14.bpseq
data/TestSetA/140.bpseq
data/TestSetA/141.bpseq
data/TestSetA/142.bpseq
data/TestSetA/143.bpseq
data/TestSetA/144.bpseq
data/TestSetA/145.bpseq
data/TestSetA/146.bpseq
data/TestSetA/147.bpseq
data/TestSetA/148.bpseq
data/TestSetA/149.bpseq
data/TestSetA/15.bpseq
data/TestSetA/150.bpseq
data/TestSetA/151.bpseq
data/TestSetA/152.bpseq
data/TestSetA/153.bpseq
data/TestSetA/154.bpseq
data/TestSetA/155.bpseq
data/TestSetA/156.bpseq
data/TestSetA/157.bpseq
data/TestSetA/158.bpseq
data/TestSetA/159.bpseq
data/TestSetA/16.bpseq
data/TestSetA/160.bpseq
data/TestSetA/161.bpseq
data/TestSetA/162.bpseq
data/TestSetA/163.bpseq
data/TestSetA/164.bpseq
data/TestSetA/165.bpseq
data/TestSetA/166.bpseq
data/TestSetA/167.bpseq
data/TestSetA/168.bpseq
data/TestSetA/169.bpseq
data/TestSetA/17.bpseq
data/TestSetA/170.bpseq
data/TestSetA/171.bpseq
data/TestSetA/172.bpseq
data/TestSetA/173.bpseq
data/TestSetA/174.bpseq
data/TestSetA/175.bpseq
data/TestSetA/176.bpseq
data/TestSetA/177.bpseq
data/TestSetA/178.bpseq
data/TestSetA/179.bpseq
data/TestSetA/18.bpseq
data/TestSetA/180.bpseq
data/TestSetA/181.bpseq
data/TestSetA/182.bpseq
data/TestSetA/183.bpseq
data/TestSetA/184.bpseq
data/TestSetA/185.bpseq
data/TestSetA/186.bpseq
data/TestSetA/187.bpseq
data/TestSetA/188.bpseq
data/TestSetA/189.bpseq
data/TestSetA/19.bpseq
data/TestSetA/190.bpseq
data/TestSetA/191.bpseq
data/TestSetA/192.bpseq
data/TestSetA/193.bpseq
data/TestSetA/194.bpseq
data/TestSetA/195.bpseq
data/TestSetA/196.bpseq
data/TestSetA/197.bpseq
data/TestSetA/198.bpseq
data/TestSetA/199.bpseq
data/TestSetA/2.bpseq
data/TestSetA/20.bpseq
data/TestSetA/200.bpseq
data/TestSetA/201.bpseq
data/TestSetA/202.bpseq
data/TestSetA/203.bpseq
data/TestSetA/204.bpseq
data/TestSetA/205.bpseq
data/TestSetA/206.bpseq
data/TestSetA/207.bpseq
data/TestSetA/208.bpseq
data/TestSetA/209.bpseq
data/TestSetA/21.bpseq
data/TestSetA/210.bpseq
data/TestSetA/211.bpseq
data/TestSetA/212.bpseq
data/TestSetA/213.bpseq
data/TestSetA/214.bpseq
data/TestSetA/215.bpseq
data/TestSetA/216.bpseq
data/TestSetA/217.bpseq
data/TestSetA/218.bpseq
data/TestSetA/219.bpseq
data/TestSetA/22.bpseq
data/TestSetA/220.bpseq
data/TestSetA/221.bpseq
data/TestSetA/222.bpseq
data/TestSetA/223.bpseq
data/TestSetA/224.bpseq
data/TestSetA/225.bpseq
data/TestSetA/226.bpseq
data/TestSetA/227.bpseq
data/TestSetA/228.bpseq
data/TestSetA/229.bpseq
data/TestSetA/23.bpseq
data/TestSetA/230.bpseq
data/TestSetA/231.bpseq
data/TestSetA/232.bpseq
data/TestSetA/233.bpseq
data/TestSetA/234.bpseq
data/TestSetA/235.bpseq
data/TestSetA/236.bpseq
data/TestSetA/237.bpseq
data/TestSetA/238.bpseq
data/TestSetA/239.bpseq
data/TestSetA/24.bpseq
data/TestSetA/240.bpseq
data/TestSetA/241.bpseq
data/TestSetA/242.bpseq
data/TestSetA/243.bpseq
data/TestSetA/244.bpseq
data/TestSetA/245.bpseq
data/TestSetA/246.bpseq
data/TestSetA/247.bpseq
data/TestSetA/248.bpseq
data/TestSetA/249.bpseq
data/TestSetA/25.bpseq
data/TestSetA/250.bpseq
data/TestSetA/251.bpseq
data/TestSetA/252.bpseq
data/TestSetA/253.bpseq
data/TestSetA/254.bpseq
data/TestSetA/255.bpseq
data/TestSetA/256.bpseq
data/TestSetA/257.bpseq
data/TestSetA/258.bpseq
data/TestSetA/259.bpseq
data/TestSetA/26.bpseq
data/TestSetA/260.bpseq
data/TestSetA/261.bpseq
data/TestSetA/262.bpseq
data/TestSetA/263.bpseq
data/TestSetA/264.bpseq
data/TestSetA/265.bpseq
data/TestSetA/266.bpseq
data/TestSetA/267.bpseq
data/TestSetA/268.bpseq
data/TestSetA/269.bpseq
data/TestSetA/27.bpseq
data/TestSetA/270.bpseq
data/TestSetA/271.bpseq
data/TestSetA/272.bpseq
data/TestSetA/273.bpseq
data/TestSetA/274.bpseq
data/TestSetA/275.bpseq
data/TestSetA/276.bpseq
data/TestSetA/277.bpseq
data/TestSetA/278.bpseq
data/TestSetA/279.bpseq
data/TestSetA/28.bpseq
data/TestSetA/280.bpseq
data/TestSetA/281.bpseq
data/TestSetA/282.bpseq
data/TestSetA/283.bpseq
data/TestSetA/284.bpseq
data/TestSetA/285.bpseq
data/TestSetA/286.bpseq
data/TestSetA/287.bpseq
data/TestSetA/288.bpseq
data/TestSetA/289.bpseq
data/TestSetA/29.bpseq
data/TestSetA/290.bpseq
data/TestSetA/291.bpseq
data/TestSetA/292.bpseq
data/TestSetA/293.bpseq
data/TestSetA/294.bpseq
data/TestSetA/295.bpseq
data/TestSetA/296.bpseq
data/TestSetA/297.bpseq
data/TestSetA/298.bpseq
data/TestSetA/299.bpseq
data/TestSetA/3.bpseq
data/TestSetA/30.bpseq
data/TestSetA/300.bpseq
data/TestSetA/301.bpseq
data/TestSetA/302.bpseq
data/TestSetA/303.bpseq
data/TestSetA/304.bpseq
data/TestSetA/305.bpseq
data/TestSetA/306.bpseq
data/TestSetA/307.bpseq
data/TestSetA/308.bpseq
data/TestSetA/309.bpseq
data/TestSetA/31.bpseq
data/TestSetA/310.bpseq
data/TestSetA/311.bpseq
data/TestSetA/312.bpseq
data/TestSetA/313.bpseq
data/TestSetA/314.bpseq
data/TestSetA/315.bpseq
data/TestSetA/316.bpseq
data/TestSetA/317.bpseq
data/TestSetA/318.bpseq
data/TestSetA/319.bpseq
data/TestSetA/32.bpseq
data/TestSetA/320.bpseq
data/TestSetA/321.bpseq
data/TestSetA/322.bpseq
data/TestSetA/323.bpseq
data/TestSetA/324.bpseq
data/TestSetA/325.bpseq
data/TestSetA/326.bpseq
data/TestSetA/327.bpseq
data/TestSetA/328.bpseq
data/TestSetA/329.bpseq
data/TestSetA/33.bpseq
data/TestSetA/330.bpseq
data/TestSetA/331.bpseq
data/TestSetA/332.bpseq
data/TestSetA/333.bpseq
data/TestSetA/334.bpseq
data/TestSetA/335.bpseq
data/TestSetA/336.bpseq
data/TestSetA/337.bpseq
data/TestSetA/338.bpseq
data/TestSetA/339.bpseq
data/TestSetA/34.bpseq
data/TestSetA/340.bpseq
data/TestSetA/341.bpseq
data/TestSetA/342.bpseq
data/TestSetA/343.bpseq
data/TestSetA/344.bpseq
data/TestSetA/345.bpseq
data/TestSetA/346.bpseq
data/TestSetA/347.bpseq
data/TestSetA/348.bpseq
data/TestSetA/349.bpseq
data/TestSetA/35.bpseq
data/TestSetA/350.bpseq
data/TestSetA/351.bpseq
data/TestSetA/352.bpseq
data/TestSetA/353.bpseq
data/TestSetA/354.bpseq
data/TestSetA/355.bpseq
data/TestSetA/356.bpseq
data/TestSetA/357.bpseq
data/TestSetA/358.bpseq
data/TestSetA/359.bpseq
data/TestSetA/36.bpseq
data/TestSetA/360.bpseq
data/TestSetA/361.bpseq
data/TestSetA/362.bpseq
data/TestSetA/363.bpseq
data/TestSetA/364.bpseq
data/TestSetA/365.bpseq
data/TestSetA/366.bpseq
data/TestSetA/367.bpseq
data/TestSetA/368.bpseq
data/TestSetA/369.bpseq
data/TestSetA/37.bpseq
data/TestSetA/370.bpseq
data/TestSetA/371.bpseq
data/TestSetA/372.bpseq
data/TestSetA/373.bpseq
data/TestSetA/374.bpseq
data/TestSetA/375.bpseq
data/TestSetA/376.bpseq
data/TestSetA/377.bpseq
data/TestSetA/378.bpseq
data/TestSetA/379.bpseq
data/TestSetA/38.bpseq
data/TestSetA/380.bpseq
data/TestSetA/381.bpseq
data/TestSetA/382.bpseq
data/TestSetA/383.bpseq
data/TestSetA/384.bpseq
data/TestSetA/385.bpseq
data/TestSetA/386.bpseq
data/TestSetA/387.bpseq
data/TestSetA/388.bpseq
data/TestSetA/389.bpseq
data/TestSetA/39.bpseq
data/TestSetA/390.bpseq
data/TestSetA/391.bpseq
data/TestSetA/392.bpseq
data/TestSetA/393.bpseq
data/TestSetA/394.bpseq
data/TestSetA/395.bpseq
data/TestSetA/396.bpseq
data/TestSetA/397.bpseq
data/TestSetA/398.bpseq
data/TestSetA/399.bpseq
data/TestSetA/4.bpseq
data/TestSetA/40.bpseq
data/TestSetA/400.bpseq
data/TestSetA/401.bpseq
data/TestSetA/402.bpseq
data/TestSetA/403.bpseq
data/TestSetA/404.bpseq
data/TestSetA/405.bpseq
data/TestSetA/406.bpseq
data/TestSetA/407.bpseq
data/TestSetA/408.bpseq
data/TestSetA/409.bpseq
data/TestSetA/41.bpseq
data/TestSetA/410.bpseq
data/TestSetA/411.bpseq
data/TestSetA/412.bpseq
data/TestSetA/413.bpseq
data/TestSetA/414.bpseq
data/TestSetA/415.bpseq
data/TestSetA/416.bpseq
data/TestSetA/417.bpseq
data/TestSetA/418.bpseq
data/TestSetA/419.bpseq
data/TestSetA/42.bpseq
data/TestSetA/420.bpseq
data/TestSetA/421.bpseq
data/TestSetA/422.bpseq
data/TestSetA/423.bpseq
data/TestSetA/424.bpseq
data/TestSetA/425.bpseq
data/TestSetA/426.bpseq
data/TestSetA/427.bpseq
data/TestSetA/428.bpseq
data/TestSetA/429.bpseq
data/TestSetA/43.bpseq
data/TestSetA/430.bpseq
data/TestSetA/431.bpseq
data/TestSetA/432.bpseq
data/TestSetA/433.bpseq
data/TestSetA/434.bpseq
data/TestSetA/435.bpseq
data/TestSetA/436.bpseq
data/TestSetA/437.bpseq
data/TestSetA/438.bpseq
data/TestSetA/439.bpseq
data/TestSetA/44.bpseq
data/TestSetA/440.bpseq
data/TestSetA/441.bpseq
data/TestSetA/442.bpseq
data/TestSetA/443.bpseq
data/TestSetA/444.bpseq
data/TestSetA/445.bpseq
data/TestSetA/446.bpseq
data/TestSetA/447.bpseq
data/TestSetA/448.bpseq
data/TestSetA/449.bpseq
data/TestSetA/45.bpseq
data/TestSetA/450.bpseq
data/TestSetA/451.bpseq
data/TestSetA/452.bpseq
data/TestSetA/453.bpseq
data/TestSetA/454.bpseq
data/TestSetA/455.bpseq
data/TestSetA/456.bpseq
data/TestSetA/457.bpseq
data/TestSetA/458.bpseq
data/TestSetA/459.bpseq
data/TestSetA/46.bpseq
data/TestSetA/460.bpseq
data/TestSetA/461.bpseq
data/TestSetA/462.bpseq
data/TestSetA/463.bpseq
data/TestSetA/464.bpseq
data/TestSetA/465.bpseq
data/TestSetA/466.bpseq
data/TestSetA/467.bpseq
data/TestSetA/468.bpseq
data/TestSetA/469.bpseq
data/TestSetA/47.bpseq
data/TestSetA/470.bpseq
data/TestSetA/471.bpseq
data/TestSetA/472.bpseq
data/TestSetA/473.bpseq
data/TestSetA/474.bpseq
data/TestSetA/475.bpseq
data/TestSetA/476.bpseq
data/TestSetA/477.bpseq
data/TestSetA/478.bpseq
data/TestSetA/479.bpseq
data/TestSetA/48.bpseq
data/TestSetA/480.bpseq
data/TestSetA/481.bpseq
data/TestSetA/482.bpseq
data/TestSetA/483.bpseq
data/TestSetA/484.bpseq
data/TestSetA/485.bpseq
data/TestSetA/486.bpseq
data/TestSetA/487.bpseq
data/TestSetA/488.bpseq
data/TestSetA/489.bpseq
data/TestSetA/49.bpseq
data/TestSetA/490.bpseq
data/TestSetA/491.bpseq
data/TestSetA/492.bpseq
data/TestSetA/493.bpseq
data/TestSetA/494.bpseq
data/TestSetA/495.bpseq
data/TestSetA/496.bpseq
data/TestSetA/497.bpseq
data/TestSetA/498.bpseq
data/TestSetA/499.bpseq
data/TestSetA/5.bpseq
data/TestSetA/50.bpseq
data/TestSetA/500.bpseq
data/TestSetA/501.bpseq
data/TestSetA/502.bpseq
data/TestSetA/503.bpseq
data/TestSetA/504.bpseq
data/TestSetA/505.bpseq
data/TestSetA/506.bpseq
data/TestSetA/507.bpseq
data/TestSetA/508.bpseq
data/TestSetA/509.bpseq
data/TestSetA/51.bpseq
data/TestSetA/510.bpseq
data/TestSetA/511.bpseq
data/TestSetA/512.bpseq
data/TestSetA/513.bpseq
data/TestSetA/514.bpseq
data/TestSetA/515.bpseq
data/TestSetA/516.bpseq
data/TestSetA/517.bpseq
data/TestSetA/518.bpseq
data/TestSetA/519.bpseq
data/TestSetA/52.bpseq
data/TestSetA/520.bpseq
data/TestSetA/521.bpseq
data/TestSetA/522.bpseq
data/TestSetA/523.bpseq
data/TestSetA/524.bpseq
data/TestSetA/525.bpseq
data/TestSetA/526.bpseq
data/TestSetA/527.bpseq
data/TestSetA/528.bpseq
data/TestSetA/529.bpseq
data/TestSetA/53.bpseq
data/TestSetA/530.bpseq
data/TestSetA/531.bpseq
data/TestSetA/532.bpseq
data/TestSetA/533.bpseq
data/TestSetA/534.bpseq
data/TestSetA/535.bpseq
data/TestSetA/536.bpseq
data/TestSetA/537.bpseq
data/TestSetA/538.bpseq
data/TestSetA/539.bpseq
data/TestSetA/54.bpseq
data/TestSetA/540.bpseq
data/TestSetA/541.bpseq
data/TestSetA/542.bpseq
data/TestSetA/543.bpseq
data/TestSetA/544.bpseq
data/TestSetA/545.bpseq
data/TestSetA/546.bpseq
data/TestSetA/547.bpseq
data/TestSetA/548.bpseq
data/TestSetA/549.bpseq
data/TestSetA/55.bpseq
data/TestSetA/550.bpseq
data/TestSetA/551.bpseq
data/TestSetA/552.bpseq
data/TestSetA/553.bpseq
data/TestSetA/554.bpseq
data/TestSetA/555.bpseq
data/TestSetA/556.bpseq
data/TestSetA/557.bpseq
data/TestSetA/558.bpseq
data/TestSetA/559.bpseq
data/TestSetA/56.bpseq
data/TestSetA/560.bpseq
data/TestSetA/561.bpseq
data/TestSetA/562.bpseq
data/TestSetA/563.bpseq
data/TestSetA/564.bpseq
data/TestSetA/565.bpseq
data/TestSetA/566.bpseq
data/TestSetA/567.bpseq
data/TestSetA/568.bpseq
data/TestSetA/569.bpseq
data/TestSetA/57.bpseq
data/TestSetA/570.bpseq
data/TestSetA/571.bpseq
data/TestSetA/572.bpseq
data/TestSetA/573.bpseq
data/TestSetA/574.bpseq
data/TestSetA/575.bpseq
data/TestSetA/576.bpseq
data/TestSetA/577.bpseq
data/TestSetA/578.bpseq
data/TestSetA/579.bpseq
data/TestSetA/58.bpseq
data/TestSetA/580.bpseq
data/TestSetA/581.bpseq
data/TestSetA/582.bpseq
data/TestSetA/583.bpseq
data/TestSetA/584.bpseq
data/TestSetA/585.bpseq
data/TestSetA/586.bpseq
data/TestSetA/587.bpseq
data/TestSetA/588.bpseq
data/TestSetA/589.bpseq
data/TestSetA/59.bpseq
data/TestSetA/590.bpseq
data/TestSetA/591.bpseq
data/TestSetA/6.bpseq
data/TestSetA/60.bpseq
data/TestSetA/61.bpseq
data/TestSetA/62.bpseq
data/TestSetA/63.bpseq
data/TestSetA/64.bpseq
data/TestSetA/65.bpseq
data/TestSetA/66.bpseq
data/TestSetA/67.bpseq
data/TestSetA/68.bpseq
data/TestSetA/69.bpseq
data/TestSetA/7.bpseq
data/TestSetA/70.bpseq
data/TestSetA/71.bpseq
data/TestSetA/72.bpseq
data/TestSetA/73.bpseq
data/TestSetA/74.bpseq
data/TestSetA/75.bpseq
data/TestSetA/76.bpseq
data/TestSetA/77.bpseq
data/TestSetA/78.bpseq
data/TestSetA/79.bpseq
data/TestSetA/8.bpseq
data/TestSetA/80.bpseq
data/TestSetA/81.bpseq
data/TestSetA/82.bpseq
data/TestSetA/83.bpseq
data/TestSetA/84.bpseq
data/TestSetA/85.bpseq
data/TestSetA/86.bpseq
data/TestSetA/87.bpseq
data/TestSetA/88.bpseq
data/TestSetA/89.bpseq
data/TestSetA/9.bpseq
data/TestSetA/90.bpseq
data/TestSetA/91.bpseq
data/TestSetA/92.bpseq
data/TestSetA/93.bpseq
data/TestSetA/94.bpseq
data/TestSetA/95.bpseq
data/TestSetA/96.bpseq
data/TestSetA/97.bpseq
data/TestSetA/98.bpseq
data/TestSetA/99.bpseq
