data/TestSetB/0.bpseq
data/TestSetB/1.bpseq
data/TestSetB/10.bpseq
data/TestSetB/100.bpseq
data/TestSetB/101.bpseq
data/TestSetB/102.bpseq
data/TestSetB/103.bpseq
data/TestSetB/104.bpseq
data/TestSetB/105.bpseq
data/TestSetB/106.bpseq
data/TestSetB/107.bpseq
data/TestSetB/108.bpseq
data/TestSetB/109.bpseq
data/TestSetB/11.bpseq
data/TestSetB/110.bpseq
data/TestSetB/111.bpseq
data/TestSetB/112.bpseq
data/TestSetB/113.bpseq
data/TestSetB/114.bpseq
data/TestSetB/115.bpseq
data/TestSetB/116.bpseq
data/TestSetB/117.bpseq
data/TestSetB/118.bpseq
data/TestSetB/119.bpseq
data/TestSetB/12.bpseq
data/TestSetB/120.bpseq
data/TestSetB/121.bpseq
data/TestSetB/122.bpseq
data/TestSetB/123.bpseq
data/TestSetB/124.bpseq
data/TestSetB/125.bpseq
data/TestSetB/126.bpseq
data/TestSetB/127.bpseq
data/TestSetB/128.bpseq
data/TestSetB/129.bpseq
data/TestSetB/13.bpseq
data/TestSetB/130.bpseq
data/TestSetB/131.bpseq
data/TestSetB/132.bpseq
data/TestSetB/133.bpseq
data/TestSetB/134.bpseq
data/TestSetB/135.bpseq
data/TestSetB/136.bpseq
data/TestSetB/137.bpseq
data/TestSetB/138.bpseq
data/TestSetB/139.bpseq
data/TestSetB/14.bpseq
data/TestSetB/140.bpseq
data/TestSetB/141.bpseq
data/TestSetB/142.bpseq
data/TestSetB/143.bpseq
data/TestSetB/144.bpseq
data/TestSetB/145.bpseq
data/TestSetB/146.bpseq
data/TestSetB/147.bpseq
data/TestSetB/148.bpseq
data/TestSetB/149.bpseq
data/TestSetB/15.bpseq
data/TestSetB/150.bpseq
data/TestSetB/151.bpseq
data/TestSetB/152.bpseq
data/TestSetB/153.bpseq
data/TestSetB/154.bpseq
data/TestSetB/155.bpseq
data/TestSetB/156.bpseq
data/TestSetB/157.bpseq
data/TestSetB/158.bpseq
data/TestSetB/159.bpseq
data/TestSetB/16.bpseq
data/TestSetB/160.bpseq
data/TestSetB/161.bpseq
data/TestSetB/162.bpseq
data/TestSetB/163.bpseq
data/TestSetB/164.bpseq
data/TestSetB/165.bpseq
data/TestSetB/166.bpseq
data/TestSetB/167.bpseq
data/TestSetB/168.bpseq
data/TestSetB/169.bpseq
data/TestSetB/17.bpseq
data/TestSetB/170.bpseq
data/TestSetB/171.bpseq
data/TestSetB/172.bpseq
data/TestSetB/173.bpseq
data/TestSetB/174.bpseq
data/TestSetB/175.bpseq
data/TestSetB/176.bpseq
data/TestSetB/177.bpseq
data/TestSetB/178.bpseq
data/TestSetB/179.bpseq
data/TestSetB/18.bpseq
data/TestSetB/180.bpseq
data/TestSetB/181.bpseq
data/TestSetB/182.bpseq
data/TestSetB/183.bpseq
data/TestSetB/184.bpseq
data/TestSetB/185.bpseq
data/TestSetB/186.bpseq
data/TestSetB/187.bpseq
data/TestSetB/188.bpseq
data/TestSetB/189.bpseq
data/TestSetB/19.bpseq
data/TestSetB/190.bpseq
data/TestSetB/191.bpseq
data/TestSetB/192.bpseq
data/TestSetB/193.bpseq
data/TestSetB/194.bpseq
data/TestSetB/195.bpseq
data/TestSetB/196.bpseq
data/TestSetB/197.bpseq
data/TestSetB/198.bpseq
data/TestSetB/199.bpseq
data/TestSetB/2.bpseq
data/TestSetB/20.bpseq
data/TestSetB/200.bpseq
data/TestSetB/201.bpseq
data/TestSetB/202.bpseq
data/TestSetB/203.bpseq
data/TestSetB/204.bpseq
data/TestSetB/205.bpseq
data/TestSetB/206.bpseq
data/TestSetB/207.bpseq
data/TestSetB/208.bpseq
data/TestSetB/209.bpseq
data/TestSetB/21.bpseq
data/TestSetB/210.bpseq
data/TestSetB/211.bpseq
data/TestSetB/212.bpseq
data/TestSetB/213.bpseq
data/TestSetB/214.bpseq
data/TestSetB/215.bpseq
data/TestSetB/216.bpseq
data/TestSetB/217.bpseq
data/TestSetB/218.bpseq
data/TestSetB/219.bpseq
data/TestSetB/22.bpseq
data/TestSetB/220.bpseq
data/TestSetB/221.bpseq
data/TestSetB/222.bpseq
data/TestSetB/223.bpseq
data/TestSetB/224.bpseq
data/TestSetB/225.bpseq
data/TestSetB/226.bpseq
data/TestSetB/227.bpseq
data/TestSetB/228.bpseq
data/TestSetB/229.bpseq
data/TestSetB/23.bpseq
data/TestSetB/230.bpseq
data/TestSetB/231.bpseq
data/TestSetB/232.bpseq
data/TestSetB/233.bpseq
data/TestSetB/234.bpseq
data/TestSetB/235.bpseq
data/TestSetB/236.bpseq
data/TestSetB/237.bpseq
data/TestSetB/238.bpseq
data/TestSetB/239.bpseq
data/TestSetB/24.bpseq
data/TestSetB/240.bpseq
data/TestSetB/241.bpseq
data/TestSetB/242.bpseq
data/TestSetB/243.bpseq
data/TestSetB/244.bpseq
data/TestSetB/245.bpseq
data/TestSetB/246.bpseq
data/TestSetB/247.bpseq
data/TestSetB/248.bpseq
data/TestSetB/249.bpseq
data/TestSetB/25.bpseq
data/TestSetB/250.bpseq
data/TestSetB/251.bpseq
data/TestSetB/252.bpseq
data/TestSetB/253.bpseq
data/TestSetB/254.bpseq
data/TestSetB/255.bpseq
data/TestSetB/256.bpseq
data/TestSetB/257.bpseq
data/TestSetB/258.bpseq
data/TestSetB/259.bpseq
data/TestSetB/26.bpseq
data/TestSetB/260.bpseq
data/TestSetB/261.bpseq
data/TestSetB/262.bpseq
data/TestSetB/263.bpseq
data/TestSetB/264.bpseq
data/TestSetB/265.bpseq
data/TestSetB/266.bpseq
data/TestSetB/267.bpseq
data/TestSetB/268.bpseq
data/TestSetB/269.bpseq
data/TestSetB/27.bpseq
data/TestSetB/270.bpseq
data/TestSetB/271.bpseq
data/TestSetB/272.bpseq
data/TestSetB/273.bpseq
data/TestSetB/274.bpseq
data/TestSetB/275.bpseq
data/TestSetB/276.bpseq
data/TestSetB/277.bpseq
data/TestSetB/278.bpseq
data/TestSetB/279.bpseq
data/TestSetB/28.bpseq
data/TestSetB/280.bpseq
data/TestSetB/281.bpseq
data/TestSetB/282.bpseq
data/TestSetB/283.bpseq
data/TestSetB/284.bpseq
data/TestSetB/285.bpseq
data/TestSetB/286.bpseq
data/TestSetB/287.bpseq
data/TestSetB/288.bpseq
data/TestSetB/289.bpseq
data/TestSetB/29.bpseq
data/TestSetB/290.bpseq
data/TestSetB/291.bpseq
data/TestSetB/292.bpseq
data/TestSetB/293.bpseq
data/TestSetB/294.bpseq
data/TestSetB/295.bpseq
data/TestSetB/296.bpseq
data/TestSetB/297.bpseq
data/TestSetB/298.bpseq
data/TestSetB/299.bpseq
data/TestSetB/3.bpseq
data/TestSetB/30.bpseq
data/TestSetB/300.bpseq
data/TestSetB/301.bpseq
data/TestSetB/302.bpseq
data/TestSetB/303.bpseq
data/TestSetB/304.bpseq
data/TestSetB/305.bpseq
data/TestSetB/306.bpseq
data/TestSetB/307.bpseq
data/TestSetB/308.bpseq
data/TestSetB/309.bpseq
data/TestSetB/31.bpseq
data/TestSetB/310.bpseq
data/TestSetB/311.bpseq
data/TestSetB/312.bpseq
data/TestSetB/313.bpseq
data/TestSetB/314.bpseq
data/TestSetB/315.bpseq
data/TestSetB/316.bpseq
data/TestSetB/317.bpseq
data/TestSetB/318.bpseq
data/TestSetB/319.bpseq
data/TestSetB/32.bpseq
data/TestSetB/320.bpseq
data/TestSetB/321.bpseq
data/TestSetB/322.bpseq
data/TestSetB/323.bpseq
data/TestSetB/324.bpseq
data/TestSetB/325.bpseq
data/TestSetB/326.bpseq
data/TestSetB/327.bpseq
data/TestSetB/328.bpseq
data/TestSetB/329.bpseq
data/TestSetB/33.bpseq
data/TestSetB/330.bpseq
data/TestSetB/331.bpseq
data/TestSetB/332.bpseq
data/TestSetB/333.bpseq
data/TestSetB/334.bpseq
data/TestSetB/335.bpseq
data/TestSetB/336.bpseq
data/TestSetB/337.bpseq
data/TestSetB/338.bpseq
data/TestSetB/339.bpseq
data/TestSetB/34.bpseq
data/TestSetB/340.bpseq
data/TestSetB/341.bpseq
data/TestSetB/342.bpseq
data/TestSetB/343.bpseq
data/TestSetB/344.bpseq
data/TestSetB/345.bpseq
data/TestSetB/346.bpseq
data/TestSetB/347.bpseq
data/TestSetB/348.bpseq
data/TestSetB/349.bpseq
data/TestSetB/35.bpseq
data/TestSetB/350.bpseq
data/TestSetB/351.bpseq
data/TestSetB/352.bpseq
data/TestSetB/353.bpseq
data/TestSetB/354.bpseq
data/TestSetB/355.bpseq
data/TestSetB/356.bpseq
data/TestSetB/357.bpseq
data/TestSetB/358.bpseq
data/TestSetB/359.bpseq
data/TestSetB/36.bpseq
data/TestSetB/360.bpseq
data/TestSetB/361.bpseq
data/TestSetB/362.bpseq
data/TestSetB/363.bpseq
data/TestSetB/364.bpseq
data/TestSetB/365.bpseq
data/TestSetB/366.bpseq
data/TestSetB/367.bpseq
data/TestSetB/368.bpseq
data/TestSetB/369.bpseq
data/TestSetB/37.bpseq
data/TestSetB/370.bpseq
data/TestSetB/371.bpseq
data/TestSetB/372.bpseq
data/TestSetB/373.bpseq
data/TestSetB/374.bpseq
data/TestSetB/375.bpseq
data/TestSetB/376.bpseq
data/TestSetB/377.bpseq
data/TestSetB/378.bpseq
data/TestSetB/379.bpseq
data/TestSetB/38.bpseq
data/TestSetB/380.bpseq
data/TestSetB/381.bpseq
data/TestSetB/382.bpseq
data/TestSetB/383.bpseq
data/TestSetB/384.bpseq
data/TestSetB/385.bpseq
data/TestSetB/386.bpseq
data/TestSetB/387.bpseq
data/TestSetB/388.bpseq
data/TestSetB/389.bpseq
data/TestSetB/39.bpseq
data/TestSetB/390.bpseq
data/TestSetB/391.bpseq
data/TestSetB/392.bpseq
data/TestSetB/393.bpseq
data/TestSetB/394.bpseq
data/TestSetB/395.bpseq
data/TestSetB/396.bpseq
data/TestSetB/397.bpseq
data/TestSetB/398.bpseq
data/TestSetB/399.bpseq
data/TestSetB/4.bpseq
data/TestSetB/40.bpseq
data/TestSetB/400.bpseq
data/TestSetB/401.bpseq
data/TestSetB/402.bpseq
data/TestSetB/403.bpseq
data/TestSetB/404.bpseq
data/TestSetB/405.bpseq
data/TestSetB/406.bpseq
data/TestSetB/407.bpseq
data/TestSetB/408.bpseq
data/TestSetB/409.bpseq
data/TestSetB/41.bpseq
data/TestSetB/410.bpseq
data/TestSetB/411.bpseq
data/TestSetB/412.bpseq
data/TestSetB/413.bpseq
data/TestSetB/414.bpseq
data/TestSetB/415.bpseq
data/TestSetB/416.bpseq
data/TestSetB/417.bpseq
data/TestSetB/418.bpseq
data/TestSetB/419.bpseq
data/TestSetB/42.bpseq
data/TestSetB/420.bpseq
data/TestSetB/421.bpseq
data/TestSetB/422.bpseq
data/TestSetB/423.bpseq
data/TestSetB/424.bpseq
data/TestSetB/425.bpseq
data/TestSetB/426.bpseq
data/TestSetB/427.bpseq
data/TestSetB/428.bpseq
data/TestSetB/429.bpseq
data/TestSetB/43.bpseq
data/TestSetB/44.bpseq
data/TestSetB/45.bpseq
data/TestSetB/46.bpseq
data/TestSetB/47.bpseq
data/TestSetB/48.bpseq
data/TestSetB/49.bpseq
data/TestSetB/5.bpseq
data/TestSetB/50.bpseq
data/TestSetB/51.bpseq
data/TestSetB/52.bpseq
data/TestSetB/53.bpseq
data/TestSetB/54.bpseq
data/TestSetB/55.bpseq
data/TestSetB/56.bpseq
data/TestSetB/57.bpseq
data/TestSetB/58.bpseq
data/TestSetB/59.bpseq
data/TestSetB/6.bpseq
data/TestSetB/60.bpseq
data/TestSetB/61.bpseq
data/TestSetB/62.bpseq
data/TestSetB/63.bpseq
data/TestSetB/64.bpseq
data/TestSetB/65.bpseq
data/TestSetB/66.bpseq
data/TestSetB/67.bpseq
data/TestSetB/68.bpseq
data/TestSetB/69.bpseq
data/TestSetB/7.bpseq
data/TestSetB/70.bpseq
data/TestSetB/71.bpseq
data/TestSetB/72.bpseq
data/TestSetB/73.bpseq
data/TestSetB/74.bpseq
data/TestSetB/75.bpseq
data/TestSetB/76.bpseq
data/TestSetB/77.bpseq
data/TestSetB/78.bpseq
data/TestSetB/79.bpseq
data/TestSetB/8.bpseq
data/TestSetB/80.bpseq
data/TestSetB/81.bpseq
data/TestSetB/82.bpseq
data/TestSetB/83.bpseq
data/TestSetB/84.bpseq
data/TestSetB/85.bpseq
data/TestSetB/86.bpseq
data/TestSetB/87.bpseq
data/TestSetB/88.bpseq
data/TestSetB/89.bpseq
data/TestSetB/9.bpseq
data/TestSetB/90.bpseq
data/TestSetB/91.bpseq
data/TestSetB/92.bpseq
data/TestSetB/93.bpseq
data/TestSetB/94.bpseq
data/TestSetB/95.bpseq
data/TestSetB/96.bpseq
data/TestSetB/97.bpseq
data/TestSetB/98.bpseq
data/TestSetB/99.bpseq
