data/TrainSetB/0.bpseq
data/TrainSetB/1.bpseq
data/TrainSetB/10.bpseq
data/TrainSetB/100.bpseq
data/TrainSetB/1000.bpseq
data/TrainSetB/1001.bpseq
data/TrainSetB/1002.bpseq
data/TrainSetB/1003.bpseq
data/TrainSetB/1004.bpseq
data/TrainSetB/1005.bpseq
data/TrainSetB/1006.bpseq
data/TrainSetB/1007.bpseq
data/TrainSetB/1008.bpseq
data/TrainSetB/1009.bpseq
data/TrainSetB/101.bpseq
data/TrainSetB/1010.bpseq
data/TrainSetB/1011.bpseq
data/TrainSetB/1012.bpseq
data/TrainSetB/1013.bpseq
data/TrainSetB/1014.bpseq
data/TrainSetB/1015.bpseq
data/TrainSetB/1016.bpseq
data/TrainSetB/1017.bpseq
data/TrainSetB/1018.bpseq
data/TrainSetB/1019.bpseq
data/TrainSetB/102.bpseq
data/TrainSetB/1020.bpseq
data/TrainSetB/1021.bpseq
data/TrainSetB/1022.bpseq
data/TrainSetB/1023.bpseq
data/TrainSetB/1024.bpseq
data/TrainSetB/1025.bpseq
data/TrainSetB/1026.bpseq
data/TrainSetB/1027.bpseq
data/TrainSetB/1028.bpseq
data/TrainSetB/1029.bpseq
data/TrainSetB/103.bpseq
data/TrainSetB/1030.bpseq
data/TrainSetB/1031.bpseq
data/TrainSetB/1032.bpseq
data/TrainSetB/1033.bpseq
data/TrainSetB/1034.bpseq
data/TrainSetB/1035.bpseq
data/TrainSetB/1036.bpseq
data/TrainSetB/1037.bpseq
data/TrainSetB/1038.bpseq
data/TrainSetB/1039.bpseq
data/TrainSetB/104.bpseq
data/TrainSetB/1040.bpseq
data/TrainSetB/1041.bpseq
data/TrainSetB/1042.bpseq
data/TrainSetB/1043.bpseq
data/TrainSetB/1044.bpseq
data/TrainSetB/1045.bpseq
data/TrainSetB/1046.bpseq
data/TrainSetB/1047.bpseq
data/TrainSetB/1048.bpseq
data/TrainSetB/1049.bpseq
data/TrainSetB/105.bpseq
data/TrainSetB/1050.bpseq
data/TrainSetB/1051.bpseq
data/TrainSetB/1052.bpseq
data/TrainSetB/1053.bpseq
data/TrainSetB/1054.bpseq
data/TrainSetB/1055.bpseq
data/TrainSetB/1056.bpseq
data/TrainSetB/1057.bpseq
data/TrainSetB/1058.bpseq
data/TrainSetB/1059.bpseq
data/TrainSetB/106.bpseq
data/TrainSetB/1060.bpseq
data/TrainSetB/1061.bpseq
data/TrainSetB/1062.bpseq
data/TrainSetB/1063.bpseq
data/TrainSetB/1064.bpseq
data/TrainSetB/1065.bpseq
data/TrainSetB/1066.bpseq
data/TrainSetB/1067.bpseq
data/TrainSetB/1068.bpseq
data/TrainSetB/1069.bpseq
data/TrainSetB/107.bpseq
data/TrainSetB/1070.bpseq
data/TrainSetB/1071.bpseq
data/TrainSetB/1072.bpseq
data/TrainSetB/1073.bpseq
data/TrainSetB/1074.bpseq
data/TrainSetB/1075.bpseq
data/TrainSetB/1076.bpseq
data/TrainSetB/1077.bpseq
data/TrainSetB/1078.bpseq
data/TrainSetB/1079.bpseq
data/TrainSetB/108.bpseq
data/TrainSetB/1080.bpseq
data/TrainSetB/1081.bpseq
data/TrainSetB/1082.bpseq
data/TrainSetB/1083.bpseq
data/TrainSetB/1084.bpseq
data/TrainSetB/1085.bpseq
data/TrainSetB/1086.bpseq
data/TrainSetB/1087.bpseq
data/TrainSetB/1088.bpseq
data/TrainSetB/1089.bpseq
data/TrainSetB/109.bpseq
data/TrainSetB/1090.bpseq
data/TrainSetB/1091.bpseq
data/TrainSetB/1092.bpseq
data/TrainSetB/1093.bpseq
data/TrainSetB/11.bpseq
data/TrainSetB/110.bpseq
data/TrainSetB/111.bpseq
data/TrainSetB/112.bpseq
data/TrainSetB/113.bpseq
data/TrainSetB/114.bpseq
data/TrainSetB/115.bpseq
data/TrainSetB/116.bpseq
data/TrainSetB/117.bpseq
data/TrainSetB/118.bpseq
data/TrainSetB/119.bpseq
data/TrainSetB/12.bpseq
data/TrainSetB/120.bpseq
data/TrainSetB/121.bpseq
data/TrainSetB/122.bpseq
data/TrainSetB/123.bpseq
data/TrainSetB/124.bpseq
data/TrainSetB/125.bpseq
data/TrainSetB/126.bpseq
data/TrainSetB/127.bpseq
data/TrainSetB/128.bpseq
data/TrainSetB/129.bpseq
data/TrainSetB/13.bpseq
data/TrainSetB/130.bpseq
data/TrainSetB/131.bpseq
data/TrainSetB/132.bpseq
data/TrainSetB/133.bpseq
data/TrainSetB/134.bpseq
data/TrainSetB/135.bpseq
data/TrainSetB/136.bpseq
data/TrainSetB/137.bpseq
data/TrainSetB/138.bpseq
data/TrainSetB/139.bpseq
data/TrainSetB/14.bpseq
data/TrainSetB/140.bpseq
data/TrainSetB/141.bpseq
data/TrainSetB/142.bpseq
data/TrainSetB/143.bpseq
data/TrainSetB/144.bpseq
data/TrainSetB/145.bpseq
data/TrainSetB/146.bpseq
data/TrainSetB/147.bpseq
data/TrainSetB/148.bpseq
data/TrainSetB/149.bpseq
data/TrainSetB/15.bpseq
data/TrainSetB/150.bpseq
data/TrainSetB/151.bpseq
data/TrainSetB/152.bpseq
data/TrainSetB/153.bpseq
data/TrainSetB/154.bpseq
data/TrainSetB/155.bpseq
data/TrainSetB/156.bpseq
data/TrainSetB/157.bpseq
data/TrainSetB/158.bpseq
data/TrainSetB/159.bpseq
data/TrainSetB/16.bpseq
data/TrainSetB/160.bpseq
data/TrainSetB/161.bpseq
data/TrainSetB/162.bpseq
data/TrainSetB/163.bpseq
data/TrainSetB/164.bpseq
data/TrainSetB/165.bpseq
data/TrainSetB/166.bpseq
data/TrainSetB/167.bpseq
data/TrainSetB/168.bpseq
data/TrainSetB/169.bpseq
data/TrainSetB/17.bpseq
data/TrainSetB/170.bpseq
data/TrainSetB/171.bpseq
data/TrainSetB/172.bpseq
data/TrainSetB/173.bpseq
data/TrainSetB/174.bpseq
data/TrainSetB/175.bpseq
data/TrainSetB/176.bpseq
data/TrainSetB/177.bpseq
data/TrainSetB/178.bpseq
data/TrainSetB/179.bpseq
data/TrainSetB/18.bpseq
data/TrainSetB/180.bpseq
data/TrainSetB/181.bpseq
data/TrainSetB/182.bpseq
data/TrainSetB/183.bpseq
data/TrainSetB/184.bpseq
data/TrainSetB/185.bpseq
data/TrainSetB/186.bpseq
data/TrainSetB/187.bpseq
data/TrainSetB/188.bpseq
data/TrainSetB/189.bpseq
data/TrainSetB/19.bpseq
data/TrainSetB/190.bpseq
data/TrainSetB/191.bpseq
data/TrainSetB/192.bpseq
data/TrainSetB/193.bpseq
data/TrainSetB/194.bpseq
data/TrainSetB/195.bpseq
data/TrainSetB/196.bpseq
data/TrainSetB/197.bpseq
data/TrainSetB/198.bpseq
data/TrainSetB/199.bpseq
data/TrainSetB/2.bpseq
data/TrainSetB/20.bpseq
data/TrainSetB/200.bpseq
data/TrainSetB/201.bpseq
data/TrainSetB/202.bpseq
data/TrainSetB/203.bpseq
data/TrainSetB/204.bpseq
data/TrainSetB/205.bpseq
data/TrainSetB/206.bpseq
data/TrainSetB/207.bpseq
data/TrainSetB/208.bpseq
data/TrainSetB/209.bpseq
data/TrainSetB/21.bpseq
data/TrainSetB/210.bpseq
data/TrainSetB/211.bpseq
data/TrainSetB/212.bpseq
data/TrainSetB/213.bpseq
data/TrainSetB/214.bpseq
data/TrainSetB/215.bpseq
data/TrainSetB/216.bpseq
data/TrainSetB/217.bpseq
data/TrainSetB/218.bpseq
data/TrainSetB/219.bpseq
data/TrainSetB/22.bpseq
data/TrainSetB/220.bpseq
data/TrainSetB/221.bpseq
data/TrainSetB/222.bpseq
data/TrainSetB/223.bpseq
data/TrainSetB/224.bpseq
data/TrainSetB/225.bpseq
data/TrainSetB/226.bpseq
data/TrainSetB/227.bpseq
data/TrainSetB/228.bpseq
data/TrainSetB/229.bpseq
data/TrainSetB/23.bpseq
data/TrainSetB/230.bpseq
data/TrainSetB/231.bpseq
data/TrainSetB/232.bpseq
data/TrainSetB/233.bpseq
data/TrainSetB/234.bpseq
data/TrainSetB/235.bpseq
data/TrainSetB/236.bpseq
data/TrainSetB/237.bpseq
data/TrainSetB/238.bpseq
data/TrainSetB/239.bpseq
data/TrainSetB/24.bpseq
data/TrainSetB/240.bpseq
data/TrainSetB/241.bpseq
data/TrainSetB/242.bpseq
data/TrainSetB/243.bpseq
data/TrainSetB/244.bpseq
data/TrainSetB/245.bpseq
data/TrainSetB/246.bpseq
data/TrainSetB/247.bpseq
data/TrainSetB/248.bpseq
data/TrainSetB/249.bpseq
data/TrainSetB/25.bpseq
data/TrainSetB/250.bpseq
data/TrainSetB/251.bpseq
data/TrainSetB/252.bpseq
data/TrainSetB/253.bpseq
data/TrainSetB/254.bpseq
data/TrainSetB/255.bpseq
data/TrainSetB/256.bpseq
data/TrainSetB/257.bpseq
data/TrainSetB/258.bpseq
data/TrainSetB/259.bpseq
data/TrainSetB/26.bpseq
data/TrainSetB/260.bpseq
data/TrainSetB/261.bpseq
data/TrainSetB/262.bpseq
data/TrainSetB/263.bpseq
data/TrainSetB/264.bpseq
data/TrainSetB/265.bpseq
data/TrainSetB/266.bpseq
data/TrainSetB/267.bpseq
data/TrainSetB/268.bpseq
data/TrainSetB/269.bpseq
data/TrainSetB/27.bpseq
data/TrainSetB/270.bpseq
data/TrainSetB/271.bpseq
data/TrainSetB/272.bpseq
data/TrainSetB/273.bpseq
data/TrainSetB/274.bpseq
data/TrainSetB/275.bpseq
data/TrainSetB/276.bpseq
data/TrainSetB/277.bpseq
data/TrainSetB/278.bpseq
data/TrainSetB/279.bpseq
data/TrainSetB/28.bpseq
data/TrainSetB/280.bpseq
data/TrainSetB/281.bpseq
data/TrainSetB/282.bpseq
data/TrainSetB/283.bpseq
data/TrainSetB/284.bpseq
data/TrainSetB/285.bpseq
data/TrainSetB/286.bpseq
data/TrainSetB/287.bpseq
data/TrainSetB/288.bpseq
data/TrainSetB/289.bpseq
data/TrainSetB/29.bpseq
data/TrainSetB/290.bpseq
data/TrainSetB/291.bpseq
data/TrainSetB/292.bpseq
data/TrainSetB/293.bpseq
data/TrainSetB/294.bpseq
data/TrainSetB/295.bpseq
data/TrainSetB/296.bpseq
data/TrainSetB/297.bpseq
data/TrainSetB/298.bpseq
data/TrainSetB/299.bpseq
data/TrainSetB/3.bpseq
data/TrainSetB/30.bpseq
data/TrainSetB/300.bpseq
data/TrainSetB/301.bpseq
data/TrainSetB/302.bpseq
data/TrainSetB/303.bpseq
data/TrainSetB/304.bpseq
data/TrainSetB/305.bpseq
data/TrainSetB/306.bpseq
data/TrainSetB/307.bpseq
data/TrainSetB/308.bpseq
data/TrainSetB/309.bpseq
data/TrainSetB/31.bpseq
data/TrainSetB/310.bpseq
data/TrainSetB/311.bpseq
data/TrainSetB/312.bpseq
data/TrainSetB/313.bpseq
data/TrainSetB/314.bpseq
data/TrainSetB/315.bpseq
data/TrainSetB/316.bpseq
data/TrainSetB/317.bpseq
data/TrainSetB/318.bpseq
data/TrainSetB/319.bpseq
data/TrainSetB/32.bpseq
data/TrainSetB/320.bpseq
data/TrainSetB/321.bpseq
data/TrainSetB/322.bpseq
data/TrainSetB/323.bpseq
data/TrainSetB/324.bpseq
data/TrainSetB/325.bpseq
data/TrainSetB/326.bpseq
data/TrainSetB/327.bpseq
data/TrainSetB/328.bpseq
data/TrainSetB/329.bpseq
data/TrainSetB/33.bpseq
data/TrainSetB/330.bpseq
data/TrainSetB/331.bpseq
data/TrainSetB/332.bpseq
data/TrainSetB/333.bpseq
data/TrainSetB/334.bpseq
data/TrainSetB/335.bpseq
data/TrainSetB/336.bpseq
data/TrainSetB/337.bpseq
data/TrainSetB/338.bpseq
data/TrainSetB/339.bpseq
data/TrainSetB/34.bpseq
data/TrainSetB/340.bpseq
data/TrainSetB/341.bpseq
data/TrainSetB/342.bpseq
data/TrainSetB/343.bpseq
data/TrainSetB/344.bpseq
data/TrainSetB/345.bpseq
data/TrainSetB/346.bpseq
data/TrainSetB/347.bpseq
data/TrainSetB/348.bpseq
data/TrainSetB/349.bpseq
data/TrainSetB/35.bpseq
data/TrainSetB/350.bpseq
data/TrainSetB/351.bpseq
data/TrainSetB/352.bpseq
data/TrainSetB/353.bpseq
data/TrainSetB/354.bpseq
data/TrainSetB/355.bpseq
data/TrainSetB/356.bpseq
data/TrainSetB/357.bpseq
data/TrainSetB/358.bpseq
data/TrainSetB/359.bpseq
data/TrainSetB/36.bpseq
data/TrainSetB/360.bpseq
data/TrainSetB/361.bpseq
data/TrainSetB/362.bpseq
data/TrainSetB/363.bpseq
data/TrainSetB/364.bpseq
data/TrainSetB/365.bpseq
data/TrainSetB/366.bpseq
data/TrainSetB/367.bpseq
data/TrainSetB/368.bpseq
data/TrainSetB/369.bpseq
data/TrainSetB/37.bpseq
data/TrainSetB/370.bpseq
data/TrainSetB/371.bpseq
data/TrainSetB/372.bpseq
data/TrainSetB/373.bpseq
data/TrainSetB/374.bpseq
data/TrainSetB/375.bpseq
data/TrainSetB/376.bpseq
data/TrainSetB/377.bpseq
data/TrainSetB/378.bpseq
data/TrainSetB/379.bpseq
data/TrainSetB/38.bpseq
data/TrainSetB/380.bpseq
data/TrainSetB/381.bpseq
data/TrainSetB/382.bpseq
data/TrainSetB/383.bpseq
data/TrainSetB/384.bpseq
data/TrainSetB/385.bpseq
data/TrainSetB/386.bpseq
data/TrainSetB/387.bpseq
data/TrainSetB/388.bpseq
data/TrainSetB/389.bpseq
data/TrainSetB/39.bpseq
data/TrainSetB/390.bpseq
data/TrainSetB/391.bpseq
data/TrainSetB/392.bpseq
data/TrainSetB/393.bpseq
data/TrainSetB/394.bpseq
data/TrainSetB/395.bpseq
data/TrainSetB/396.bpseq
data/TrainSetB/397.bpseq
data/TrainSetB/398.bpseq
data/TrainSetB/399.bpseq
data/TrainSetB/4.bpseq
data/TrainSetB/40.bpseq
data/TrainSetB/400.bpseq
data/TrainSetB/401.bpseq
data/TrainSetB/402.bpseq
data/TrainSetB/403.bpseq
data/TrainSetB/404.bpseq
data/TrainSetB/405.bpseq
data/TrainSetB/406.bpseq
data/TrainSetB/407.bpseq
data/TrainSetB/408.bpseq
data/TrainSetB/409.bpseq
data/TrainSetB/41.bpseq
data/TrainSetB/410.bpseq
data/TrainSetB/411.bpseq
data/TrainSetB/412.bpseq
data/TrainSetB/413.bpseq
data/TrainSetB/414.bpseq
data/TrainSetB/415.bpseq
data/TrainSetB/416.bpseq
data/TrainSetB/417.bpseq
data/TrainSetB/418.bpseq
data/TrainSetB/419.bpseq
data/TrainSetB/42.bpseq
data/TrainSetB/420.bpseq
data/TrainSetB/421.bpseq
data/TrainSetB/422.bpseq
data/TrainSetB/423.bpseq
data/TrainSetB/424.bpseq
data/TrainSetB/425.bpseq
data/TrainSetB/426.bpseq
data/TrainSetB/427.bpseq
data/TrainSetB/428.bpseq
data/TrainSetB/429.bpseq
data/TrainSetB/43.bpseq
data/TrainSetB/430.bpseq
data/TrainSetB/431.bpseq
data/TrainSetB/432.bpseq
data/TrainSetB/433.bpseq
data/TrainSetB/434.bpseq
data/TrainSetB/435.bpseq
data/TrainSetB/436.bpseq
data/TrainSetB/437.bpseq
data/TrainSetB/438.bpseq
data/TrainSetB/439.bpseq
data/TrainSetB/44.bpseq
data/TrainSetB/440.bpseq
data/TrainSetB/441.bpseq
data/TrainSetB/442.bpseq
data/TrainSetB/443.bpseq
data/TrainSetB/444.bpseq
data/TrainSetB/445.bpseq
data/TrainSetB/446.bpseq
data/TrainSetB/447.bpseq
data/TrainSetB/448.bpseq
data/TrainSetB/449.bpseq
data/TrainSetB/45.bpseq
data/TrainSetB/450.bpseq
data/TrainSetB/451.bpseq
data/TrainSetB/452.bpseq
data/TrainSetB/453.bpseq
data/TrainSetB/454.bpseq
data/TrainSetB/455.bpseq
data/TrainSetB/456.bpseq
data/TrainSetB/457.bpseq
data/TrainSetB/458.bpseq
data/TrainSetB/459.bpseq
data/TrainSetB/46.bpseq
data/TrainSetB/460.bpseq
data/TrainSetB/461.bpseq
data/TrainSetB/462.bpseq
data/TrainSetB/463.bpseq
data/TrainSetB/464.bpseq
data/TrainSetB/465.bpseq
data/TrainSetB/466.bpseq
data/TrainSetB/467.bpseq
data/TrainSetB/468.bpseq
data/TrainSetB/469.bpseq
data/TrainSetB/47.bpseq
data/TrainSetB/470.bpseq
data/TrainSetB/471.bpseq
data/TrainSetB/472.bpseq
data/TrainSetB/473.bpseq
data/TrainSetB/474.bpseq
data/TrainSetB/475.bpseq
data/TrainSetB/476.bpseq
data/TrainSetB/477.bpseq
data/TrainSetB/478.bpseq
data/TrainSetB/479.bpseq
data/TrainSetB/48.bpseq
data/TrainSetB/480.bpseq
data/TrainSetB/481.bpseq
data/TrainSetB/482.bpseq
data/TrainSetB/483.bpseq
data/TrainSetB/484.bpseq
data/TrainSetB/485.bpseq
data/TrainSetB/486.bpseq
data/TrainSetB/487.bpseq
data/TrainSetB/488.bpseq
data/TrainSetB/489.bpseq
data/TrainSetB/49.bpseq
data/TrainSetB/490.bpseq
data/TrainSetB/491.bpseq
data/TrainSetB/492.bpseq
data/TrainSetB/493.bpseq
data/TrainSetB/494.bpseq
data/TrainSetB/495.bpseq
data/TrainSetB/496.bpseq
data/TrainSetB/497.bpseq
data/TrainSetB/498.bpseq
data/TrainSetB/499.bpseq
data/TrainSetB/5.bpseq
data/TrainSetB/50.bpseq
data/TrainSetB/500.bpseq
data/TrainSetB/501.bpseq
data/TrainSetB/502.bpseq
data/TrainSetB/503.bpseq
data/TrainSetB/504.bpseq
data/TrainSetB/505.bpseq
data/TrainSetB/506.bpseq
data/TrainSetB/507.bpseq
data/TrainSetB/508.bpseq
data/TrainSetB/509.bpseq
data/TrainSetB/51.bpseq
data/TrainSetB/510.bpseq
data/TrainSetB/511.bpseq
data/TrainSetB/512.bpseq
data/TrainSetB/513.bpseq
data/TrainSetB/514.bpseq
data/TrainSetB/515.bpseq
data/TrainSetB/516.bpseq
data/TrainSetB/517.bpseq
data/TrainSetB/518.bpseq
data/TrainSetB/519.bpseq
data/TrainSetB/52.bpseq
data/TrainSetB/520.bpseq
data/TrainSetB/521.bpseq
data/TrainSetB/522.bpseq
data/TrainSetB/523.bpseq
data/TrainSetB/524.bpseq
data/TrainSetB/525.bpseq
data/TrainSetB/526.bpseq
data/TrainSetB/527.bpseq
data/TrainSetB/528.bpseq
data/TrainSetB/529.bpseq
data/TrainSetB/53.bpseq
data/TrainSetB/530.bpseq
data/TrainSetB/531.bpseq
data/TrainSetB/532.bpseq
data/TrainSetB/533.bpseq
data/TrainSetB/534.bpseq
data/TrainSetB/535.bpseq
data/TrainSetB/536.bpseq
data/TrainSetB/537.bpseq
data/TrainSetB/538.bpseq
data/TrainSetB/539.bpseq
data/TrainSetB/54.bpseq
data/TrainSetB/540.bpseq
data/TrainSetB/541.bpseq
data/TrainSetB/542.bpseq
data/TrainSetB/543.bpseq
data/TrainSetB/544.bpseq
data/TrainSetB/545.bpseq
data/TrainSetB/546.bpseq
data/TrainSetB/547.bpseq
data/TrainSetB/548.bpseq
data/TrainSetB/549.bpseq
data/TrainSetB/55.bpseq
data/TrainSetB/550.bpseq
data/TrainSetB/551.bpseq
data/TrainSetB/552.bpseq
data/TrainSetB/553.bpseq
data/TrainSetB/554.bpseq
data/TrainSetB/555.bpseq
data/TrainSetB/556.bpseq
data/TrainSetB/557.bpseq
data/TrainSetB/558.bpseq
data/TrainSetB/559.bpseq
data/TrainSetB/56.bpseq
data/TrainSetB/560.bpseq
data/TrainSetB/561.bpseq
data/TrainSetB/562.bpseq
data/TrainSetB/563.bpseq
data/TrainSetB/564.bpseq
data/TrainSetB/565.bpseq
data/TrainSetB/566.bpseq
data/TrainSetB/567.bpseq
data/TrainSetB/568.bpseq
data/TrainSetB/569.bpseq
data/TrainSetB/57.bpseq
data/TrainSetB/570.bpseq
data/TrainSetB/571.bpseq
data/TrainSetB/572.bpseq
data/TrainSetB/573.bpseq
data/TrainSetB/574.bpseq
data/TrainSetB/575.bpseq
data/TrainSetB/576.bpseq
data/TrainSetB/577.bpseq
data/TrainSetB/578.bpseq
data/TrainSetB/579.bpseq
data/TrainSetB/58.bpseq
data/TrainSetB/580.bpseq
data/TrainSetB/581.bpseq
data/TrainSetB/582.bpseq
data/TrainSetB/583.bpseq
data/TrainSetB/584.bpseq
data/TrainSetB/585.bpseq
data/TrainSetB/586.bpseq
data/TrainSetB/587.bpseq
data/TrainSetB/588.bpseq
data/TrainSetB/589.bpseq
data/TrainSetB/59.bpseq
data/TrainSetB/590.bpseq
data/TrainSetB/591.bpseq
data/TrainSetB/592.bpseq
data/TrainSetB/593.bpseq
data/TrainSetB/594.bpseq
data/TrainSetB/595.bpseq
data/TrainSetB/596.bpseq
data/TrainSetB/597.bpseq
data/TrainSetB/598.bpseq
data/TrainSetB/599.bpseq
data/TrainSetB/6.bpseq
data/TrainSetB/60.bpseq
data/TrainSetB/600.bpseq
data/TrainSetB/601.bpseq
data/TrainSetB/602.bpseq
data/TrainSetB/603.bpseq
data/TrainSetB/604.bpseq
data/TrainSetB/605.bpseq
data/TrainSetB/606.bpseq
data/TrainSetB/607.bpseq
data/TrainSetB/608.bpseq
data/TrainSetB/609.bpseq
data/TrainSetB/61.bpseq
data/TrainSetB/610.bpseq
data/TrainSetB/611.bpseq
data/TrainSetB/612.bpseq
data/TrainSetB/613.bpseq
data/TrainSetB/614.bpseq
data/TrainSetB/615.bpseq
data/TrainSetB/616.bpseq
data/TrainSetB/617.bpseq
data/TrainSetB/618.bpseq
data/TrainSetB/619.bpseq
data/TrainSetB/62.bpseq
data/TrainSetB/620.bpseq
data/TrainSetB/621.bpseq
data/TrainSetB/622.bpseq
data/TrainSetB/623.bpseq
data/TrainSetB/624.bpseq
data/TrainSetB/625.bpseq
data/TrainSetB/626.bpseq
data/TrainSetB/627.bpseq
data/TrainSetB/628.bpseq
data/TrainSetB/629.bpseq
data/TrainSetB/63.bpseq
data/TrainSetB/630.bpseq
data/TrainSetB/631.bpseq
data/TrainSetB/632.bpseq
data/TrainSetB/633.bpseq
data/TrainSetB/634.bpseq
data/TrainSetB/635.bpseq
data/TrainSetB/636.bpseq
data/TrainSetB/637.bpseq
data/TrainSetB/638.bpseq
data/TrainSetB/639.bpseq
data/TrainSetB/64.bpseq
data/TrainSetB/640.bpseq
data/TrainSetB/641.bpseq
data/TrainSetB/642.bpseq
data/TrainSetB/643.bpseq
data/TrainSetB/644.bpseq
data/TrainSetB/645.bpseq
data/TrainSetB/646.bpseq
data/TrainSetB/647.bpseq
data/TrainSetB/648.bpseq
data/TrainSetB/649.bpseq
data/TrainSetB/65.bpseq
data/TrainSetB/650.bpseq
data/TrainSetB/651.bpseq
data/TrainSetB/652.bpseq
data/TrainSetB/653.bpseq
data/TrainSetB/654.bpseq
data/TrainSetB/655.bpseq
data/TrainSetB/656.bpseq
data/TrainSetB/657.bpseq
data/TrainSetB/658.bpseq
data/TrainSetB/659.bpseq
data/TrainSetB/66.bpseq
data/TrainSetB/660.bpseq
data/TrainSetB/661.bpseq
data/TrainSetB/662.bpseq
data/TrainSetB/663.bpseq
data/TrainSetB/664.bpseq
data/TrainSetB/665.bpseq
data/TrainSetB/666.bpseq
data/TrainSetB/667.bpseq
data/TrainSetB/668.bpseq
data/TrainSetB/669.bpseq
data/TrainSetB/67.bpseq
data/TrainSetB/670.bpseq
data/TrainSetB/671.bpseq
data/TrainSetB/672.bpseq
data/TrainSetB/673.bpseq
data/TrainSetB/674.bpseq
data/TrainSetB/675.bpseq
data/TrainSetB/676.bpseq
data/TrainSetB/677.bpseq
data/TrainSetB/678.bpseq
data/TrainSetB/679.bpseq
data/TrainSetB/68.bpseq
data/TrainSetB/680.bpseq
data/TrainSetB/681.bpseq
data/TrainSetB/682.bpseq
data/TrainSetB/683.bpseq
data/TrainSetB/684.bpseq
data/TrainSetB/685.bpseq
data/TrainSetB/686.bpseq
data/TrainSetB/687.bpseq
data/TrainSetB/688.bpseq
data/TrainSetB/689.bpseq
data/TrainSetB/69.bpseq
data/TrainSetB/690.bpseq
data/TrainSetB/691.bpseq
data/TrainSetB/692.bpseq
data/TrainSetB/693.bpseq
data/TrainSetB/694.bpseq
data/TrainSetB/695.bpseq
data/TrainSetB/696.bpseq
data/TrainSetB/697.bpseq
data/TrainSetB/698.bpseq
data/TrainSetB/699.bpseq
data/TrainSetB/7.bpseq
data/TrainSetB/70.bpseq
data/TrainSetB/700.bpseq
data/TrainSetB/701.bpseq
data/TrainSetB/702.bpseq
data/TrainSetB/703.bpseq
data/TrainSetB/704.bpseq
data/TrainSetB/705.bpseq
data/TrainSetB/706.bpseq
data/TrainSetB/707.bpseq
data/TrainSetB/708.bpseq
data/TrainSetB/709.bpseq
data/TrainSetB/71.bpseq
data/TrainSetB/710.bpseq
data/TrainSetB/711.bpseq
data/TrainSetB/712.bpseq
data/TrainSetB/713.bpseq
data/TrainSetB/714.bpseq
data/TrainSetB/715.bpseq
data/TrainSetB/716.bpseq
data/TrainSetB/717.bpseq
data/TrainSetB/718.bpseq
data/TrainSetB/719.bpseq
data/TrainSetB/72.bpseq
data/TrainSetB/720.bpseq
data/TrainSetB/721.bpseq
data/TrainSetB/722.bpseq
data/TrainSetB/723.bpseq
data/TrainSetB/724.bpseq
data/TrainSetB/725.bpseq
data/TrainSetB/726.bpseq
data/TrainSetB/727.bpseq
data/TrainSetB/728.bpseq
data/TrainSetB/729.bpseq
data/TrainSetB/73.bpseq
data/TrainSetB/730.bpseq
data/TrainSetB/731.bpseq
data/TrainSetB/732.bpseq
data/TrainSetB/733.bpseq
data/TrainSetB/734.bpseq
data/TrainSetB/735.bpseq
data/TrainSetB/736.bpseq
data/TrainSetB/737.bpseq
data/TrainSetB/738.bpseq
data/TrainSetB/739.bpseq
data/TrainSetB/74.bpseq
data/TrainSetB/740.bpseq
data/TrainSetB/741.bpseq
data/TrainSetB/742.bpseq
data/TrainSetB/743.bpseq
data/TrainSetB/744.bpseq
data/TrainSetB/745.bpseq
data/TrainSetB/746.bpseq
data/TrainSetB/747.bpseq
data/TrainSetB/748.bpseq
data/TrainSetB/749.bpseq
data/TrainSetB/75.bpseq
data/TrainSetB/750.bpseq
data/TrainSetB/751.bpseq
data/TrainSetB/752.bpseq
data/TrainSetB/753.bpseq
data/TrainSetB/754.bpseq
data/TrainSetB/755.bpseq
data/TrainSetB/756.bpseq
data/TrainSetB/757.bpseq
data/TrainSetB/758.bpseq
data/TrainSetB/759.bpseq
data/TrainSetB/76.bpseq
data/TrainSetB/760.bpseq
data/TrainSetB/761.bpseq
data/TrainSetB/762.bpseq
data/TrainSetB/763.bpseq
data/TrainSetB/764.bpseq
data/TrainSetB/765.bpseq
data/TrainSetB/766.bpseq
data/TrainSetB/767.bpseq
data/TrainSetB/768.bpseq
data/TrainSetB/769.bpseq
data/TrainSetB/77.bpseq
data/TrainSetB/770.bpseq
data/TrainSetB/771.bpseq
data/TrainSetB/772.bpseq
data/TrainSetB/773.bpseq
data/TrainSetB/774.bpseq
data/TrainSetB/775.bpseq
data/TrainSetB/776.bpseq
data/TrainSetB/777.bpseq
data/TrainSetB/778.bpseq
data/TrainSetB/779.bpseq
data/TrainSetB/78.bpseq
data/TrainSetB/780.bpseq
data/TrainSetB/781.bpseq
data/TrainSetB/782.bpseq
data/TrainSetB/783.bpseq
data/TrainSetB/784.bpseq
data/TrainSetB/785.bpseq
data/TrainSetB/786.bpseq
data/TrainSetB/787.bpseq
data/TrainSetB/788.bpseq
data/TrainSetB/789.bpseq
data/TrainSetB/79.bpseq
data/TrainSetB/790.bpseq
data/TrainSetB/791.bpseq
data/TrainSetB/792.bpseq
data/TrainSetB/793.bpseq
data/TrainSetB/794.bpseq
data/TrainSetB/795.bpseq
data/TrainSetB/796.bpseq
data/TrainSetB/797.bpseq
data/TrainSetB/798.bpseq
data/TrainSetB/799.bpseq
data/TrainSetB/8.bpseq
data/TrainSetB/80.bpseq
data/TrainSetB/800.bpseq
data/TrainSetB/801.bpseq
data/TrainSetB/802.bpseq
data/TrainSetB/803.bpseq
data/TrainSetB/804.bpseq
data/TrainSetB/805.bpseq
data/TrainSetB/806.bpseq
data/TrainSetB/807.bpseq
data/TrainSetB/808.bpseq
data/TrainSetB/809.bpseq
data/TrainSetB/81.bpseq
data/TrainSetB/810.bpseq
data/TrainSetB/811.bpseq
data/TrainSetB/812.bpseq
data/TrainSetB/813.bpseq
data/TrainSetB/814.bpseq
data/TrainSetB/815.bpseq
data/TrainSetB/816.bpseq
data/TrainSetB/817.bpseq
data/TrainSetB/818.bpseq
data/TrainSetB/819.bpseq
data/TrainSetB/82.bpseq
data/TrainSetB/820.bpseq
data/TrainSetB/821.bpseq
data/TrainSetB/822.bpseq
data/TrainSetB/823.bpseq
data/TrainSetB/824.bpseq
data/TrainSetB/825.bpseq
data/TrainSetB/826.bpseq
data/TrainSetB/827.bpseq
data/TrainSetB/828.bpseq
data/TrainSetB/829.bpseq
data/TrainSetB/83.bpseq
data/TrainSetB/830.bpseq
data/TrainSetB/831.bpseq
data/TrainSetB/832.bpseq
data/TrainSetB/833.bpseq
data/TrainSetB/834.bpseq
data/TrainSetB/835.bpseq
data/TrainSetB/836.bpseq
data/TrainSetB/837.bpseq
data/TrainSetB/838.bpseq
data/TrainSetB/839.bpseq
data/TrainSetB/84.bpseq
data/TrainSetB/840.bpseq
data/TrainSetB/841.bpseq
data/TrainSetB/842.bpseq
data/TrainSetB/843.bpseq
data/TrainSetB/844.bpseq
data/TrainSetB/845.bpseq
data/TrainSetB/846.bpseq
data/TrainSetB/847.bpseq
data/TrainSetB/848.bpseq
data/TrainSetB/849.bpseq
data/TrainSetB/85.bpseq
data/TrainSetB/850.bpseq
data/TrainSetB/851.bpseq
data/TrainSetB/852.bpseq
data/TrainSetB/853.bpseq
data/TrainSetB/854.bpseq
data/TrainSetB/855.bpseq
data/TrainSetB/856.bpseq
data/TrainSetB/857.bpseq
data/TrainSetB/858.bpseq
data/TrainSetB/859.bpseq
data/TrainSetB/86.bpseq
data/TrainSetB/860.bpseq
data/TrainSetB/861.bpseq
data/TrainSetB/862.bpseq
data/TrainSetB/863.bpseq
data/TrainSetB/864.bpseq
data/TrainSetB/865.bpseq
data/TrainSetB/866.bpseq
data/TrainSetB/867.bpseq
data/TrainSetB/868.bpseq
data/TrainSetB/869.bpseq
data/TrainSetB/87.bpseq
data/TrainSetB/870.bpseq
data/TrainSetB/871.bpseq
data/TrainSetB/872.bpseq
data/TrainSetB/873.bpseq
data/TrainSetB/874.bpseq
data/TrainSetB/875.bpseq
data/TrainSetB/876.bpseq
data/TrainSetB/877.bpseq
data/TrainSetB/878.bpseq
data/TrainSetB/879.bpseq
data/TrainSetB/88.bpseq
data/TrainSetB/880.bpseq
data/TrainSetB/881.bpseq
data/TrainSetB/882.bpseq
data/TrainSetB/883.bpseq
data/TrainSetB/884.bpseq
data/TrainSetB/885.bpseq
data/TrainSetB/886.bpseq
data/TrainSetB/887.bpseq
data/TrainSetB/888.bpseq
data/TrainSetB/889.bpseq
data/TrainSetB/89.bpseq
data/TrainSetB/890.bpseq
data/TrainSetB/891.bpseq
data/TrainSetB/892.bpseq
data/TrainSetB/893.bpseq
data/TrainSetB/894.bpseq
data/TrainSetB/895.bpseq
data/TrainSetB/896.bpseq
data/TrainSetB/897.bpseq
data/TrainSetB/898.bpseq
data/TrainSetB/899.bpseq
data/TrainSetB/9.bpseq
data/TrainSetB/90.bpseq
data/TrainSetB/900.bpseq
data/TrainSetB/901.bpseq
data/TrainSetB/902.bpseq
data/TrainSetB/903.bpseq
data/TrainSetB/904.bpseq
data/TrainSetB/905.bpseq
data/TrainSetB/906.bpseq
data/TrainSetB/907.bpseq
data/TrainSetB/908.bpseq
data/TrainSetB/909.bpseq
data/TrainSetB/91.bpseq
data/TrainSetB/910.bpseq
data/TrainSetB/911.bpseq
data/TrainSetB/912.bpseq
data/TrainSetB/913.bpseq
data/TrainSetB/914.bpseq
data/TrainSetB/915.bpseq
data/TrainSetB/916.bpseq
data/TrainSetB/917.bpseq
data/TrainSetB/918.bpseq
data/TrainSetB/919.bpseq
data/TrainSetB/92.bpseq
data/TrainSetB/920.bpseq
data/TrainSetB/921.bpseq
data/TrainSetB/922.bpseq
data/TrainSetB/923.bpseq
data/TrainSetB/924.bpseq
data/TrainSetB/925.bpseq
data/TrainSetB/926.bpseq
data/TrainSetB/927.bpseq
data/TrainSetB/928.bpseq
data/TrainSetB/929.bpseq
data/TrainSetB/93.bpseq
data/TrainSetB/930.bpseq
data/TrainSetB/931.bpseq
data/TrainSetB/932.bpseq
data/TrainSetB/933.bpseq
data/TrainSetB/934.bpseq
data/TrainSetB/935.bpseq
data/TrainSetB/936.bpseq
data/TrainSetB/937.bpseq
data/TrainSetB/938.bpseq
data/TrainSetB/939.bpseq
data/TrainSetB/94.bpseq
data/TrainSetB/940.bpseq
data/TrainSetB/941.bpseq
data/TrainSetB/942.bpseq
data/TrainSetB/943.bpseq
data/TrainSetB/944.bpseq
data/TrainSetB/945.bpseq
data/TrainSetB/946.bpseq
data/TrainSetB/947.bpseq
data/TrainSetB/948.bpseq
data/TrainSetB/949.bpseq
data/TrainSetB/95.bpseq
data/TrainSetB/950.bpseq
data/TrainSetB/951.bpseq
data/TrainSetB/952.bpseq
data/TrainSetB/953.bpseq
data/TrainSetB/954.bpseq
data/TrainSetB/955.bpseq
data/TrainSetB/956.bpseq
data/TrainSetB/957.bpseq
data/TrainSetB/958.bpseq
data/TrainSetB/959.bpseq
data/TrainSetB/96.bpseq
data/TrainSetB/960.bpseq
data/TrainSetB/961.bpseq
data/TrainSetB/962.bpseq
data/TrainSetB/963.bpseq
data/TrainSetB/964.bpseq
data/TrainSetB/965.bpseq
data/TrainSetB/966.bpseq
data/TrainSetB/967.bpseq
data/TrainSetB/968.bpseq
data/TrainSetB/969.bpseq
data/TrainSetB/97.bpseq
data/TrainSetB/970.bpseq
data/TrainSetB/971.bpseq
data/TrainSetB/972.bpseq
data/TrainSetB/973.bpseq
data/TrainSetB/974.bpseq
data/TrainSetB/975.bpseq
data/TrainSetB/976.bpseq
data/TrainSetB/977.bpseq
data/TrainSetB/978.bpseq
data/TrainSetB/979.bpseq
data/TrainSetB/98.bpseq
data/TrainSetB/980.bpseq
data/TrainSetB/981.bpseq
data/TrainSetB/982.bpseq
data/TrainSetB/983.bpseq
data/TrainSetB/984.bpseq
data/TrainSetB/985.bpseq
data/TrainSetB/986.bpseq
data/TrainSetB/987.bpseq
data/TrainSetB/988.bpseq
data/TrainSetB/989.bpseq
data/TrainSetB/99.bpseq
data/TrainSetB/990.bpseq
data/TrainSetB/991.bpseq
data/TrainSetB/992.bpseq
data/TrainSetB/993.bpseq
data/TrainSetB/994.bpseq
data/TrainSetB/995.bpseq
data/TrainSetB/996.bpseq
data/TrainSetB/997.bpseq
data/TrainSetB/998.bpseq
data/TrainSetB/999.bpseq
