data/TrainSetA/0.bpseq
data/TrainSetA/1.bpseq
data/TrainSetA/10.bpseq
data/TrainSetA/100.bpseq
data/TrainSetA/1000.bpseq
data/TrainSetA/1001.bpseq
data/TrainSetA/1002.bpseq
data/TrainSetA/1003.bpseq
data/TrainSetA/1004.bpseq
data/TrainSetA/1005.bpseq
data/TrainSetA/1006.bpseq
data/TrainSetA/1007.bpseq
data/TrainSetA/1008.bpseq
data/TrainSetA/1009.bpseq
data/TrainSetA/101.bpseq
data/TrainSetA/1010.bpseq
data/TrainSetA/1011.bpseq
data/TrainSetA/1012.bpseq
data/TrainSetA/1013.bpseq
data/TrainSetA/1014.bpseq
data/TrainSetA/1015.bpseq
data/TrainSetA/1016.bpseq
data/TrainSetA/1017.bpseq
data/TrainSetA/1018.bpseq
data/TrainSetA/1019.bpseq
data/TrainSetA/102.bpseq
data/TrainSetA/1020.bpseq
data/TrainSetA/1021.bpseq
data/TrainSetA/1022.bpseq
data/TrainSetA/1023.bpseq
data/TrainSetA/1024.bpseq
data/TrainSetA/1025.bpseq
data/TrainSetA/1026.bpseq
data/TrainSetA/1027.bpseq
data/TrainSetA/1028.bpseq
data/TrainSetA/1029.bpseq
data/TrainSetA/103.bpseq
data/TrainSetA/1030.bpseq
data/TrainSetA/1031.bpseq
data/TrainSetA/1032.bpseq
data/TrainSetA/1033.bpseq
data/TrainSetA/1034.bpseq
data/TrainSetA/1035.bpseq
data/TrainSetA/1036.bpseq
data/TrainSetA/1037.bpseq
data/TrainSetA/1038.bpseq
data/TrainSetA/1039.bpseq
data/TrainSetA/104.bpseq
data/TrainSetA/1040.bpseq
data/TrainSetA/1041.bpseq
data/TrainSetA/1042.bpseq
data/TrainSetA/1043.bpseq
data/TrainSetA/1044.bpseq
data/TrainSetA/1045.bpseq
data/TrainSetA/1046.bpseq
data/TrainSetA/1047.bpseq
data/TrainSetA/1048.bpseq
data/TrainSetA/1049.bpseq
data/TrainSetA/105.bpseq
data/TrainSetA/1050.bpseq
data/TrainSetA/1051.bpseq
data/TrainSetA/1052.bpseq
data/TrainSetA/1053.bpseq
data/TrainSetA/1054.bpseq
data/TrainSetA/1055.bpseq
data/TrainSetA/1056.bpseq
data/TrainSetA/1057.bpseq
data/TrainSetA/1058.bpseq
data/TrainSetA/1059.bpseq
data/TrainSetA/106.bpseq
data/TrainSetA/1060.bpseq
data/TrainSetA/1061.bpseq
data/TrainSetA/1062.bpseq
data/TrainSetA/1063.bpseq
data/TrainSetA/1064.bpseq
data/TrainSetA/1065.bpseq
data/TrainSetA/1066.bpseq
data/TrainSetA/1067.bpseq
data/TrainSetA/1068.bpseq
data/TrainSetA/1069.bpseq
data/TrainSetA/107.bpseq
data/TrainSetA/1070.bpseq
data/TrainSetA/1071.bpseq
data/TrainSetA/1072.bpseq
data/TrainSetA/1073.bpseq
data/TrainSetA/1074.bpseq
data/TrainSetA/1075.bpseq
data/TrainSetA/1076.bpseq
data/TrainSetA/1077.bpseq
data/TrainSetA/1078.bpseq
data/TrainSetA/1079.bpseq
data/TrainSetA/108.bpseq
data/TrainSetA/1080.bpseq
data/TrainSetA/1081.bpseq
data/TrainSetA/1082.bpseq
data/TrainSetA/1083.bpseq
data/TrainSetA/1084.bpseq
data/TrainSetA/1085.bpseq
data/TrainSetA/1086.bpseq
data/TrainSetA/1087.bpseq
data/TrainSetA/1088.bpseq
data/TrainSetA/1089.bpseq
data/TrainSetA/109.bpseq
data/TrainSetA/1090.bpseq
data/TrainSetA/1091.bpseq
data/TrainSetA/1092.bpseq
data/TrainSetA/1093.bpseq
data/TrainSetA/1094.bpseq
data/TrainSetA/1095.bpseq
data/TrainSetA/1096.bpseq
data/TrainSetA/1097.bpseq
data/TrainSetA/1098.bpseq
data/TrainSetA/1099.bpseq
data/TrainSetA/11.bpseq
data/TrainSetA/110.bpseq
data/TrainSetA/1100.bpseq
data/TrainSetA/1101.bpseq
data/TrainSetA/1102.bpseq
data/TrainSetA/1103.bpseq
data/TrainSetA/1104.bpseq
data/TrainSetA/1105.bpseq
data/TrainSetA/1106.bpseq
data/TrainSetA/1107.bpseq
data/TrainSetA/1108.bpseq
data/TrainSetA/1109.bpseq
data/TrainSetA/111.bpseq
data/TrainSetA/1110.bpseq
data/TrainSetA/1111.bpseq
data/TrainSetA/1112.bpseq
data/TrainSetA/1113.bpseq
data/TrainSetA/1114.bpseq
data/TrainSetA/1115.bpseq
data/TrainSetA/1116.bpseq
data/TrainSetA/1117.bpseq
data/TrainSetA/1118.bpseq
data/TrainSetA/1119.bpseq
data/TrainSetA/112.bpseq
data/TrainSetA/1120.bpseq
data/TrainSetA/1121.bpseq
data/TrainSetA/1122.bpseq
data/TrainSetA/1123.bpseq
data/TrainSetA/1124.bpseq
data/TrainSetA/1125.bpseq
data/TrainSetA/1126.bpseq
data/TrainSetA/1127.bpseq
data/TrainSetA/1128.bpseq
data/TrainSetA/1129.bpseq
data/TrainSetA/113.bpseq
data/TrainSetA/1130.bpseq
data/TrainSetA/1131.bpseq
data/TrainSetA/1132.bpseq
data/TrainSetA/1133.bpseq
data/TrainSetA/1134.bpseq
data/TrainSetA/1135.bpseq
data/TrainSetA/1136.bpseq
data/TrainSetA/1137.bpseq
data/TrainSetA/1138.bpseq
data/TrainSetA/1139.bpseq
data/TrainSetA/114.bpseq
data/TrainSetA/1140.bpseq
data/TrainSetA/1141.bpseq
data/TrainSetA/1142.bpseq
data/TrainSetA/1143.bpseq
data/TrainSetA/1144.bpseq
data/TrainSetA/1145.bpseq
data/TrainSetA/1146.bpseq
data/TrainSetA/1147.bpseq
data/TrainSetA/1148.bpseq
data/TrainSetA/1149.bpseq
data/TrainSetA/115.bpseq
data/TrainSetA/1150.bpseq
data/TrainSetA/1151.bpseq
data/TrainSetA/1152.bpseq
data/TrainSetA/1153.bpseq
data/TrainSetA/1154.bpseq
data/TrainSetA/1155.bpseq
data/TrainSetA/1156.bpseq
data/TrainSetA/1157.bpseq
data/TrainSetA/1158.bpseq
data/TrainSetA/1159.bpseq
data/TrainSetA/116.bpseq
data/TrainSetA/1160.bpseq
data/TrainSetA/1161.bpseq
data/TrainSetA/1162.bpseq
data/TrainSetA/1163.bpseq
data/TrainSetA/1164.bpseq
data/TrainSetA/1165.bpseq
data/TrainSetA/1166.bpseq
data/TrainSetA/1167.bpseq
data/TrainSetA/1168.bpseq
data/TrainSetA/1169.bpseq
data/TrainSetA/117.bpseq
data/TrainSetA/1170.bpseq
data/TrainSetA/1171.bpseq
data/TrainSetA/1172.bpseq
data/TrainSetA/1173.bpseq
data/TrainSetA/1174.bpseq
data/TrainSetA/1175.bpseq
data/TrainSetA/1176.bpseq
data/TrainSetA/1177.bpseq
data/TrainSetA/1178.bpseq
data/TrainSetA/1179.bpseq
data/TrainSetA/118.bpseq
data/TrainSetA/1180.bpseq
data/TrainSetA/1181.bpseq
data/TrainSetA/1182.bpseq
data/TrainSetA/1183.bpseq
data/TrainSetA/1184.bpseq
data/TrainSetA/1185.bpseq
data/TrainSetA/1186.bpseq
data/TrainSetA/1187.bpseq
data/TrainSetA/1188.bpseq
data/TrainSetA/1189.bpseq
data/TrainSetA/119.bpseq
data/TrainSetA/1190.bpseq
data/TrainSetA/1191.bpseq
data/TrainSetA/1192.bpseq
data/TrainSetA/1193.bpseq
data/TrainSetA/1194.bpseq
data/TrainSetA/1195.bpseq
data/TrainSetA/1196.bpseq
data/TrainSetA/1197.bpseq
data/TrainSetA/1198.bpseq
data/TrainSetA/1199.bpseq
data/TrainSetA/12.bpseq
data/TrainSetA/120.bpseq
data/TrainSetA/1200.bpseq
data/TrainSetA/1201.bpseq
data/TrainSetA/1202.bpseq
data/TrainSetA/1203.bpseq
data/TrainSetA/1204.bpseq
data/TrainSetA/1205.bpseq
data/TrainSetA/1206.bpseq
data/TrainSetA/1207.bpseq
data/TrainSetA/1208.bpseq
data/TrainSetA/1209.bpseq
data/TrainSetA/121.bpseq
data/TrainSetA/1210.bpseq
data/TrainSetA/1211.bpseq
data/TrainSetA/1212.bpseq
data/TrainSetA/1213.bpseq
data/TrainSetA/1214.bpseq
data/TrainSetA/1215.bpseq
data/TrainSetA/1216.bpseq
data/TrainSetA/1217.bpseq
data/TrainSetA/1218.bpseq
data/TrainSetA/1219.bpseq
data/TrainSetA/122.bpseq
data/TrainSetA/1220.bpseq
data/TrainSetA/1221.bpseq
data/TrainSetA/1222.bpseq
data/TrainSetA/1223.bpseq
data/TrainSetA/1224.bpseq
data/TrainSetA/1225.bpseq
data/TrainSetA/1226.bpseq
data/TrainSetA/1227.bpseq
data/TrainSetA/1228.bpseq
data/TrainSetA/1229.bpseq
data/TrainSetA/123.bpseq
data/TrainSetA/1230.bpseq
data/TrainSetA/1231.bpseq
data/TrainSetA/1232.bpseq
data/TrainSetA/1233.bpseq
data/TrainSetA/1234.bpseq
data/TrainSetA/1235.bpseq
data/TrainSetA/1236.bpseq
data/TrainSetA/1237.bpseq
data/TrainSetA/1238.bpseq
data/TrainSetA/1239.bpseq
data/TrainSetA/124.bpseq
data/TrainSetA/1240.bpseq
data/TrainSetA/1241.bpseq
data/TrainSetA/1242.bpseq
data/TrainSetA/1243.bpseq
data/TrainSetA/1244.bpseq
data/TrainSetA/1245.bpseq
data/TrainSetA/1246.bpseq
data/TrainSetA/1247.bpseq
data/TrainSetA/1248.bpseq
data/TrainSetA/1249.bpseq
data/TrainSetA/125.bpseq
data/TrainSetA/1250.bpseq
data/TrainSetA/1251.bpseq
data/TrainSetA/1252.bpseq
data/TrainSetA/1253.bpseq
data/TrainSetA/1254.bpseq
data/TrainSetA/1255.bpseq
data/TrainSetA/1256.bpseq
data/TrainSetA/1257.bpseq
data/TrainSetA/1258.bpseq
data/TrainSetA/1259.bpseq
data/TrainSetA/126.bpseq
data/TrainSetA/1260.bpseq
data/TrainSetA/1261.bpseq
data/TrainSetA/1262.bpseq
data/TrainSetA/1263.bpseq
data/TrainSetA/1264.bpseq
data/TrainSetA/1265.bpseq
data/TrainSetA/1266.bpseq
data/TrainSetA/1267.bpseq
data/TrainSetA/1268.bpseq
data/TrainSetA/1269.bpseq
data/TrainSetA/127.bpseq
data/TrainSetA/1270.bpseq
data/TrainSetA/1271.bpseq
data/TrainSetA/1272.bpseq
data/TrainSetA/1273.bpseq
data/TrainSetA/1274.bpseq
data/TrainSetA/1275.bpseq
data/TrainSetA/1276.bpseq
data/TrainSetA/1277.bpseq
data/TrainSetA/1278.bpseq
data/TrainSetA/1279.bpseq
data/TrainSetA/128.bpseq
data/TrainSetA/1280.bpseq
data/TrainSetA/1281.bpseq
data/TrainSetA/1282.bpseq
data/TrainSetA/1283.bpseq
data/TrainSetA/1284.bpseq
data/TrainSetA/1285.bpseq
data/TrainSetA/1286.bpseq
data/TrainSetA/1287.bpseq
data/TrainSetA/1288.bpseq
data/TrainSetA/1289.bpseq
data/TrainSetA/129.bpseq
data/TrainSetA/1290.bpseq
data/TrainSetA/1291.bpseq
data/TrainSetA/1292.bpseq
data/TrainSetA/1293.bpseq
data/TrainSetA/1294.bpseq
data/TrainSetA/1295.bpseq
data/TrainSetA/1296.bpseq
data/TrainSetA/1297.bpseq
data/TrainSetA/1298.bpseq
data/TrainSetA/1299.bpseq
data/TrainSetA/13.bpseq
data/TrainSetA/130.bpseq
data/TrainSetA/1300.bpseq
data/TrainSetA/1301.bpseq
data/TrainSetA/1302.bpseq
data/TrainSetA/1303.bpseq
data/TrainSetA/1304.bpseq
data/TrainSetA/1305.bpseq
data/TrainSetA/1306.bpseq
data/TrainSetA/1307.bpseq
data/TrainSetA/1308.bpseq
data/TrainSetA/1309.bpseq
data/TrainSetA/131.bpseq
data/TrainSetA/1310.bpseq
data/TrainSetA/1311.bpseq
data/TrainSetA/1312.bpseq
data/TrainSetA/1313.bpseq
data/TrainSetA/1314.bpseq
data/TrainSetA/1315.bpseq
data/TrainSetA/1316.bpseq
data/TrainSetA/1317.bpseq
data/TrainSetA/1318.bpseq
data/TrainSetA/1319.bpseq
data/TrainSetA/132.bpseq
data/TrainSetA/1320.bpseq
data/TrainSetA/1321.bpseq
data/TrainSetA/1322.bpseq
data/TrainSetA/1323.bpseq
data/TrainSetA/1324.bpseq
data/TrainSetA/1325.bpseq
data/TrainSetA/1326.bpseq
data/TrainSetA/1327.bpseq
data/TrainSetA/1328.bpseq
data/TrainSetA/1329.bpseq
data/TrainSetA/133.bpseq
data/TrainSetA/1330.bpseq
data/TrainSetA/1331.bpseq
data/TrainSetA/1332.bpseq
data/TrainSetA/1333.bpseq
data/TrainSetA/1334.bpseq
data/TrainSetA/1335.bpseq
data/TrainSetA/1336.bpseq
data/TrainSetA/1337.bpseq
data/TrainSetA/1338.bpseq
data/TrainSetA/1339.bpseq
data/TrainSetA/134.bpseq
data/TrainSetA/1340.bpseq
data/TrainSetA/1341.bpseq
data/TrainSetA/1342.bpseq
data/TrainSetA/1343.bpseq
data/TrainSetA/1344.bpseq
data/TrainSetA/1345.bpseq
data/TrainSetA/1346.bpseq
data/TrainSetA/1347.bpseq
data/TrainSetA/1348.bpseq
data/TrainSetA/1349.bpseq
data/TrainSetA/135.bpseq
data/TrainSetA/1350.bpseq
data/TrainSetA/1351.bpseq
data/TrainSetA/1352.bpseq
data/TrainSetA/1353.bpseq
data/TrainSetA/1354.bpseq
data/TrainSetA/1355.bpseq
data/TrainSetA/1356.bpseq
data/TrainSetA/1357.bpseq
data/TrainSetA/1358.bpseq
data/TrainSetA/1359.bpseq
data/TrainSetA/136.bpseq
data/TrainSetA/1360.bpseq
data/TrainSetA/1361.bpseq
data/TrainSetA/1362.bpseq
data/TrainSetA/1363.bpseq
data/TrainSetA/1364.bpseq
data/TrainSetA/1365.bpseq
data/TrainSetA/1366.bpseq
data/TrainSetA/1367.bpseq
data/TrainSetA/1368.bpseq
data/TrainSetA/1369.bpseq
data/TrainSetA/137.bpseq
data/TrainSetA/1370.bpseq
data/TrainSetA/1371.bpseq
data/TrainSetA/1372.bpseq
data/TrainSetA/1373.bpseq
data/TrainSetA/1374.bpseq
data/TrainSetA/1375.bpseq
data/TrainSetA/1376.bpseq
data/TrainSetA/1377.bpseq
data/TrainSetA/1378.bpseq
data/TrainSetA/1379.bpseq
data/TrainSetA/138.bpseq
data/TrainSetA/1380.bpseq
data/TrainSetA/1381.bpseq
data/TrainSetA/1382.bpseq
data/TrainSetA/1383.bpseq
data/TrainSetA/1384.bpseq
data/TrainSetA/1385.bpseq
data/TrainSetA/1386.bpseq
data/TrainSetA/1387.bpseq
data/TrainSetA/1388.bpseq
data/TrainSetA/1389.bpseq
data/TrainSetA/139.bpseq
data/TrainSetA/1390.bpseq
data/TrainSetA/1391.bpseq
data/TrainSetA/1392.bpseq
data/TrainSetA/1393.bpseq
data/TrainSetA/1394.bpseq
data/TrainSetA/1395.bpseq
data/TrainSetA/1396.bpseq
data/TrainSetA/1397.bpseq
data/TrainSetA/1398.bpseq
data/TrainSetA/1399.bpseq
data/TrainSetA/14.bpseq
data/TrainSetA/140.bpseq
data/TrainSetA/1400.bpseq
data/TrainSetA/1401.bpseq
data/TrainSetA/1402.bpseq
data/TrainSetA/1403.bpseq
data/TrainSetA/1404.bpseq
data/TrainSetA/1405.bpseq
data/TrainSetA/1406.bpseq
data/TrainSetA/1407.bpseq
data/TrainSetA/1408.bpseq
data/TrainSetA/1409.bpseq
data/TrainSetA/141.bpseq
data/TrainSetA/1410.bpseq
data/TrainSetA/1411.bpseq
data/TrainSetA/1412.bpseq
data/TrainSetA/1413.bpseq
data/TrainSetA/1414.bpseq
data/TrainSetA/1415.bpseq
data/TrainSetA/1416.bpseq
data/TrainSetA/1417.bpseq
data/TrainSetA/1418.bpseq
data/TrainSetA/1419.bpseq
data/TrainSetA/142.bpseq
data/TrainSetA/1420.bpseq
data/TrainSetA/1421.bpseq
data/TrainSetA/1422.bpseq
data/TrainSetA/1423.bpseq
data/TrainSetA/1424.bpseq
data/TrainSetA/1425.bpseq
data/TrainSetA/1426.bpseq
data/TrainSetA/1427.bpseq
data/TrainSetA/1428.bpseq
data/TrainSetA/1429.bpseq
data/TrainSetA/143.bpseq
data/TrainSetA/1430.bpseq
data/TrainSetA/1431.bpseq
data/TrainSetA/1432.bpseq
data/TrainSetA/1433.bpseq
data/TrainSetA/1434.bpseq
data/TrainSetA/1435.bpseq
data/TrainSetA/1436.bpseq
data/TrainSetA/1437.bpseq
data/TrainSetA/1438.bpseq
data/TrainSetA/1439.bpseq
data/TrainSetA/144.bpseq
data/TrainSetA/1440.bpseq
data/TrainSetA/1441.bpseq
data/TrainSetA/1442.bpseq
data/TrainSetA/1443.bpseq
data/TrainSetA/1444.bpseq
data/TrainSetA/1445.bpseq
data/TrainSetA/1446.bpseq
data/TrainSetA/1447.bpseq
data/TrainSetA/1448.bpseq
data/TrainSetA/1449.bpseq
data/TrainSetA/145.bpseq
data/TrainSetA/1450.bpseq
data/TrainSetA/1451.bpseq
data/TrainSetA/1452.bpseq
data/TrainSetA/1453.bpseq
data/TrainSetA/1454.bpseq
data/TrainSetA/1455.bpseq
data/TrainSetA/1456.bpseq
data/TrainSetA/1457.bpseq
data/TrainSetA/1458.bpseq
data/TrainSetA/1459.bpseq
data/TrainSetA/146.bpseq
data/TrainSetA/1460.bpseq
data/TrainSetA/1461.bpseq
data/TrainSetA/1462.bpseq
data/TrainSetA/1463.bpseq
data/TrainSetA/1464.bpseq
data/TrainSetA/1465.bpseq
data/TrainSetA/1466.bpseq
data/TrainSetA/1467.bpseq
data/TrainSetA/1468.bpseq
data/TrainSetA/1469.bpseq
data/TrainSetA/147.bpseq
data/TrainSetA/1470.bpseq
data/TrainSetA/1471.bpseq
data/TrainSetA/1472.bpseq
data/TrainSetA/1473.bpseq
data/TrainSetA/1474.bpseq
data/TrainSetA/1475.bpseq
data/TrainSetA/1476.bpseq
data/TrainSetA/1477.bpseq
data/TrainSetA/1478.bpseq
data/TrainSetA/1479.bpseq
data/TrainSetA/148.bpseq
data/TrainSetA/1480.bpseq
data/TrainSetA/1481.bpseq
data/TrainSetA/1482.bpseq
data/TrainSetA/1483.bpseq
data/TrainSetA/1484.bpseq
data/TrainSetA/1485.bpseq
data/TrainSetA/1486.bpseq
data/TrainSetA/1487.bpseq
data/TrainSetA/1488.bpseq
data/TrainSetA/1489.bpseq
data/TrainSetA/149.bpseq
data/TrainSetA/1490.bpseq
data/TrainSetA/1491.bpseq
data/TrainSetA/1492.bpseq
data/TrainSetA/1493.bpseq
data/TrainSetA/1494.bpseq
data/TrainSetA/1495.bpseq
data/TrainSetA/1496.bpseq
data/TrainSetA/1497.bpseq
data/TrainSetA/1498.bpseq
data/TrainSetA/1499.bpseq
data/TrainSetA/15.bpseq
data/TrainSetA/150.bpseq
data/TrainSetA/1500.bpseq
data/TrainSetA/1501.bpseq
data/TrainSetA/1502.bpseq
data/TrainSetA/1503.bpseq
data/TrainSetA/1504.bpseq
data/TrainSetA/1505.bpseq
data/TrainSetA/1506.bpseq
data/TrainSetA/1507.bpseq
data/TrainSetA/1508.bpseq
data/TrainSetA/1509.bpseq
data/TrainSetA/151.bpseq
data/TrainSetA/1510.bpseq
data/TrainSetA/1511.bpseq
data/TrainSetA/1512.bpseq
data/TrainSetA/1513.bpseq
data/TrainSetA/1514.bpseq
data/TrainSetA/1515.bpseq
data/TrainSetA/1516.bpseq
data/TrainSetA/1517.bpseq
data/TrainSetA/1518.bpseq
data/TrainSetA/1519.bpseq
data/TrainSetA/152.bpseq
data/TrainSetA/1520.bpseq
data/TrainSetA/1521.bpseq
data/TrainSetA/1522.bpseq
data/TrainSetA/1523.bpseq
data/TrainSetA/1524.bpseq
data/TrainSetA/1525.bpseq
data/TrainSetA/1526.bpseq
data/TrainSetA/1527.bpseq
data/TrainSetA/1528.bpseq
data/TrainSetA/1529.bpseq
data/TrainSetA/153.bpseq
data/TrainSetA/1530.bpseq
data/TrainSetA/1531.bpseq
data/TrainSetA/1532.bpseq
data/TrainSetA/1533.bpseq
data/TrainSetA/1534.bpseq
data/TrainSetA/1535.bpseq
data/TrainSetA/1536.bpseq
data/TrainSetA/1537.bpseq
data/TrainSetA/1538.bpseq
data/TrainSetA/1539.bpseq
data/TrainSetA/154.bpseq
data/TrainSetA/1540.bpseq
data/TrainSetA/1541.bpseq
data/TrainSetA/1542.bpseq
data/TrainSetA/1543.bpseq
data/TrainSetA/1544.bpseq
data/TrainSetA/1545.bpseq
data/TrainSetA/1546.bpseq
data/TrainSetA/1547.bpseq
data/TrainSetA/1548.bpseq
data/TrainSetA/1549.bpseq
data/TrainSetA/155.bpseq
data/TrainSetA/1550.bpseq
data/TrainSetA/1551.bpseq
data/TrainSetA/1552.bpseq
data/TrainSetA/1553.bpseq
data/TrainSetA/1554.bpseq
data/TrainSetA/1555.bpseq
data/TrainSetA/1556.bpseq
data/TrainSetA/1557.bpseq
data/TrainSetA/1558.bpseq
data/TrainSetA/1559.bpseq
data/TrainSetA/156.bpseq
data/TrainSetA/1560.bpseq
data/TrainSetA/1561.bpseq
data/TrainSetA/1562.bpseq
data/TrainSetA/1563.bpseq
data/TrainSetA/1564.bpseq
data/TrainSetA/1565.bpseq
data/TrainSetA/1566.bpseq
data/TrainSetA/1567.bpseq
data/TrainSetA/1568.bpseq
data/TrainSetA/1569.bpseq
data/TrainSetA/157.bpseq
data/TrainSetA/1570.bpseq
data/TrainSetA/1571.bpseq
data/TrainSetA/1572.bpseq
data/TrainSetA/1573.bpseq
data/TrainSetA/1574.bpseq
data/TrainSetA/1575.bpseq
data/TrainSetA/1576.bpseq
data/TrainSetA/1577.bpseq
data/TrainSetA/1578.bpseq
data/TrainSetA/1579.bpseq
data/TrainSetA/158.bpseq
data/TrainSetA/1580.bpseq
data/TrainSetA/1581.bpseq
data/TrainSetA/1582.bpseq
data/TrainSetA/1583.bpseq
data/TrainSetA/1584.bpseq
data/TrainSetA/1585.bpseq
data/TrainSetA/1586.bpseq
data/TrainSetA/1587.bpseq
data/TrainSetA/1588.bpseq
data/TrainSetA/1589.bpseq
data/TrainSetA/159.bpseq
data/TrainSetA/1590.bpseq
data/TrainSetA/1591.bpseq
data/TrainSetA/1592.bpseq
data/TrainSetA/1593.bpseq
data/TrainSetA/1594.bpseq
data/TrainSetA/1595.bpseq
data/TrainSetA/1596.bpseq
data/TrainSetA/1597.bpseq
data/TrainSetA/1598.bpseq
data/TrainSetA/1599.bpseq
data/TrainSetA/16.bpseq
data/TrainSetA/160.bpseq
data/TrainSetA/1600.bpseq
data/TrainSetA/1601.bpseq
data/TrainSetA/1602.bpseq
data/TrainSetA/1603.bpseq
data/TrainSetA/1604.bpseq
data/TrainSetA/1605.bpseq
data/TrainSetA/1606.bpseq
data/TrainSetA/1607.bpseq
data/TrainSetA/1608.bpseq
data/TrainSetA/1609.bpseq
data/TrainSetA/161.bpseq
data/TrainSetA/1610.bpseq
data/TrainSetA/1611.bpseq
data/TrainSetA/1612.bpseq
data/TrainSetA/1613.bpseq
data/TrainSetA/1614.bpseq
data/TrainSetA/1615.bpseq
data/TrainSetA/1616.bpseq
data/TrainSetA/1617.bpseq
data/TrainSetA/1618.bpseq
data/TrainSetA/1619.bpseq
data/TrainSetA/162.bpseq
data/TrainSetA/1620.bpseq
data/TrainSetA/1621.bpseq
data/TrainSetA/1622.bpseq
data/TrainSetA/1623.bpseq
data/TrainSetA/1624.bpseq
data/TrainSetA/1625.bpseq
data/TrainSetA/1626.bpseq
data/TrainSetA/1627.bpseq
data/TrainSetA/1628.bpseq
data/TrainSetA/1629.bpseq
data/TrainSetA/163.bpseq
data/TrainSetA/1630.bpseq
data/TrainSetA/1631.bpseq
data/TrainSetA/1632.bpseq
data/TrainSetA/1633.bpseq
data/TrainSetA/1634.bpseq
data/TrainSetA/1635.bpseq
data/TrainSetA/1636.bpseq
data/TrainSetA/1637.bpseq
data/TrainSetA/1638.bpseq
data/TrainSetA/1639.bpseq
data/TrainSetA/164.bpseq
data/TrainSetA/1640.bpseq
data/TrainSetA/1641.bpseq
data/TrainSetA/1642.bpseq
data/TrainSetA/1643.bpseq
data/TrainSetA/1644.bpseq
data/TrainSetA/1645.bpseq
data/TrainSetA/1646.bpseq
data/TrainSetA/1647.bpseq
data/TrainSetA/1648.bpseq
data/TrainSetA/1649.bpseq
data/TrainSetA/165.bpseq
data/TrainSetA/1650.bpseq
data/TrainSetA/1651.bpseq
data/TrainSetA/1652.bpseq
data/TrainSetA/1653.bpseq
data/TrainSetA/1654.bpseq
data/TrainSetA/1655.bpseq
data/TrainSetA/1656.bpseq
data/TrainSetA/1657.bpseq
data/TrainSetA/1658.bpseq
data/TrainSetA/1659.bpseq
data/TrainSetA/166.bpseq
data/TrainSetA/1660.bpseq
data/TrainSetA/1661.bpseq
data/TrainSetA/1662.bpseq
data/TrainSetA/1663.bpseq
data/TrainSetA/1664.bpseq
data/TrainSetA/1665.bpseq
data/TrainSetA/1666.bpseq
data/TrainSetA/1667.bpseq
data/TrainSetA/1668.bpseq
data/TrainSetA/1669.bpseq
data/TrainSetA/167.bpseq
data/TrainSetA/1670.bpseq
data/TrainSetA/1671.bpseq
data/TrainSetA/1672.bpseq
data/TrainSetA/1673.bpseq
data/TrainSetA/1674.bpseq
data/TrainSetA/1675.bpseq
data/TrainSetA/1676.bpseq
data/TrainSetA/1677.bpseq
data/TrainSetA/1678.bpseq
data/TrainSetA/1679.bpseq
data/TrainSetA/168.bpseq
data/TrainSetA/1680.bpseq
data/TrainSetA/1681.bpseq
data/TrainSetA/1682.bpseq
data/TrainSetA/1683.bpseq
data/TrainSetA/1684.bpseq
data/TrainSetA/1685.bpseq
data/TrainSetA/1686.bpseq
data/TrainSetA/1687.bpseq
data/TrainSetA/1688.bpseq
data/TrainSetA/1689.bpseq
data/TrainSetA/169.bpseq
data/TrainSetA/1690.bpseq
data/TrainSetA/1691.bpseq
data/TrainSetA/1692.bpseq
data/TrainSetA/1693.bpseq
data/TrainSetA/1694.bpseq
data/TrainSetA/1695.bpseq
data/TrainSetA/1696.bpseq
data/TrainSetA/1697.bpseq
data/TrainSetA/1698.bpseq
data/TrainSetA/1699.bpseq
data/TrainSetA/17.bpseq
data/TrainSetA/170.bpseq
data/TrainSetA/1700.bpseq
data/TrainSetA/1701.bpseq
data/TrainSetA/1702.bpseq
data/TrainSetA/1703.bpseq
data/TrainSetA/1704.bpseq
data/TrainSetA/1705.bpseq
data/TrainSetA/1706.bpseq
data/TrainSetA/1707.bpseq
data/TrainSetA/1708.bpseq
data/TrainSetA/1709.bpseq
data/TrainSetA/171.bpseq
data/TrainSetA/1710.bpseq
data/TrainSetA/1711.bpseq
data/TrainSetA/1712.bpseq
data/TrainSetA/1713.bpseq
data/TrainSetA/1714.bpseq
data/TrainSetA/1715.bpseq
data/TrainSetA/1716.bpseq
data/TrainSetA/1717.bpseq
data/TrainSetA/1718.bpseq
data/TrainSetA/1719.bpseq
data/TrainSetA/172.bpseq
data/TrainSetA/1720.bpseq
data/TrainSetA/1721.bpseq
data/TrainSetA/1722.bpseq
data/TrainSetA/1723.bpseq
data/TrainSetA/1724.bpseq
data/TrainSetA/1725.bpseq
data/TrainSetA/1726.bpseq
data/TrainSetA/1727.bpseq
data/TrainSetA/1728.bpseq
data/TrainSetA/1729.bpseq
data/TrainSetA/173.bpseq
data/TrainSetA/1730.bpseq
data/TrainSetA/1731.bpseq
data/TrainSetA/1732.bpseq
data/TrainSetA/1733.bpseq
data/TrainSetA/1734.bpseq
data/TrainSetA/1735.bpseq
data/TrainSetA/1736.bpseq
data/TrainSetA/1737.bpseq
data/TrainSetA/1738.bpseq
data/TrainSetA/1739.bpseq
data/TrainSetA/174.bpseq
data/TrainSetA/1740.bpseq
data/TrainSetA/1741.bpseq
data/TrainSetA/1742.bpseq
data/TrainSetA/1743.bpseq
data/TrainSetA/1744.bpseq
data/TrainSetA/1745.bpseq
data/TrainSetA/1746.bpseq
data/TrainSetA/1747.bpseq
data/TrainSetA/1748.bpseq
data/TrainSetA/1749.bpseq
data/TrainSetA/175.bpseq
data/TrainSetA/1750.bpseq
data/TrainSetA/1751.bpseq
data/TrainSetA/1752.bpseq
data/TrainSetA/1753.bpseq
data/TrainSetA/1754.bpseq
data/TrainSetA/1755.bpseq
data/TrainSetA/1756.bpseq
data/TrainSetA/1757.bpseq
data/TrainSetA/1758.bpseq
data/TrainSetA/1759.bpseq
data/TrainSetA/176.bpseq
data/TrainSetA/1760.bpseq
data/TrainSetA/1761.bpseq
data/TrainSetA/1762.bpseq
data/TrainSetA/1763.bpseq
data/TrainSetA/1764.bpseq
data/TrainSetA/1765.bpseq
data/TrainSetA/1766.bpseq
data/TrainSetA/1767.bpseq
data/TrainSetA/1768.bpseq
data/TrainSetA/1769.bpseq
data/TrainSetA/177.bpseq
data/TrainSetA/1770.bpseq
data/TrainSetA/1771.bpseq
data/TrainSetA/1772.bpseq
data/TrainSetA/1773.bpseq
data/TrainSetA/1774.bpseq
data/TrainSetA/1775.bpseq
data/TrainSetA/1776.bpseq
data/TrainSetA/1777.bpseq
data/TrainSetA/1778.bpseq
data/TrainSetA/1779.bpseq
data/TrainSetA/178.bpseq
data/TrainSetA/1780.bpseq
data/TrainSetA/1781.bpseq
data/TrainSetA/1782.bpseq
data/TrainSetA/1783.bpseq
data/TrainSetA/1784.bpseq
data/TrainSetA/1785.bpseq
data/TrainSetA/1786.bpseq
data/TrainSetA/1787.bpseq
data/TrainSetA/1788.bpseq
data/TrainSetA/1789.bpseq
data/TrainSetA/179.bpseq
data/TrainSetA/1790.bpseq
data/TrainSetA/1791.bpseq
data/TrainSetA/1792.bpseq
data/TrainSetA/1793.bpseq
data/TrainSetA/1794.bpseq
data/TrainSetA/1795.bpseq
data/TrainSetA/1796.bpseq
data/TrainSetA/1797.bpseq
data/TrainSetA/1798.bpseq
data/TrainSetA/1799.bpseq
data/TrainSetA/18.bpseq
data/TrainSetA/180.bpseq
data/TrainSetA/1800.bpseq
data/TrainSetA/1801.bpseq
data/TrainSetA/1802.bpseq
data/TrainSetA/1803.bpseq
data/TrainSetA/1804.bpseq
data/TrainSetA/1805.bpseq
data/TrainSetA/1806.bpseq
data/TrainSetA/1807.bpseq
data/TrainSetA/1808.bpseq
data/TrainSetA/1809.bpseq
data/TrainSetA/181.bpseq
data/TrainSetA/1810.bpseq
data/TrainSetA/1811.bpseq
data/TrainSetA/1812.bpseq
data/TrainSetA/1813.bpseq
data/TrainSetA/1814.bpseq
data/TrainSetA/1815.bpseq
data/TrainSetA/1816.bpseq
data/TrainSetA/1817.bpseq
data/TrainSetA/1818.bpseq
data/TrainSetA/1819.bpseq
data/TrainSetA/182.bpseq
data/TrainSetA/1820.bpseq
data/TrainSetA/1821.bpseq
data/TrainSetA/1822.bpseq
data/TrainSetA/1823.bpseq
data/TrainSetA/1824.bpseq
data/TrainSetA/1825.bpseq
data/TrainSetA/1826.bpseq
data/TrainSetA/1827.bpseq
data/TrainSetA/1828.bpseq
data/TrainSetA/1829.bpseq
data/TrainSetA/183.bpseq
data/TrainSetA/1830.bpseq
data/TrainSetA/1831.bpseq
data/TrainSetA/1832.bpseq
data/TrainSetA/1833.bpseq
data/TrainSetA/1834.bpseq
data/TrainSetA/1835.bpseq
data/TrainSetA/1836.bpseq
data/TrainSetA/1837.bpseq
data/TrainSetA/1838.bpseq
data/TrainSetA/1839.bpseq
data/TrainSetA/184.bpseq
data/TrainSetA/1840.bpseq
data/TrainSetA/1841.bpseq
data/TrainSetA/1842.bpseq
data/TrainSetA/1843.bpseq
data/TrainSetA/1844.bpseq
data/TrainSetA/1845.bpseq
data/TrainSetA/1846.bpseq
data/TrainSetA/1847.bpseq
data/TrainSetA/1848.bpseq
data/TrainSetA/1849.bpseq
data/TrainSetA/185.bpseq
data/TrainSetA/1850.bpseq
data/TrainSetA/1851.bpseq
data/TrainSetA/1852.bpseq
data/TrainSetA/1853.bpseq
data/TrainSetA/1854.bpseq
data/TrainSetA/1855.bpseq
data/TrainSetA/1856.bpseq
data/TrainSetA/1857.bpseq
data/TrainSetA/1858.bpseq
data/TrainSetA/1859.bpseq
data/TrainSetA/186.bpseq
data/TrainSetA/1860.bpseq
data/TrainSetA/1861.bpseq
data/TrainSetA/1862.bpseq
data/TrainSetA/1863.bpseq
data/TrainSetA/1864.bpseq
data/TrainSetA/1865.bpseq
data/TrainSetA/1866.bpseq
data/TrainSetA/1867.bpseq
data/TrainSetA/1868.bpseq
data/TrainSetA/1869.bpseq
data/TrainSetA/187.bpseq
data/TrainSetA/1870.bpseq
data/TrainSetA/1871.bpseq
data/TrainSetA/1872.bpseq
data/TrainSetA/1873.bpseq
data/TrainSetA/1874.bpseq
data/TrainSetA/1875.bpseq
data/TrainSetA/1876.bpseq
data/TrainSetA/1877.bpseq
data/TrainSetA/1878.bpseq
data/TrainSetA/1879.bpseq
data/TrainSetA/188.bpseq
data/TrainSetA/1880.bpseq
data/TrainSetA/1881.bpseq
data/TrainSetA/1882.bpseq
data/TrainSetA/1883.bpseq
data/TrainSetA/1884.bpseq
data/TrainSetA/1885.bpseq
data/TrainSetA/1886.bpseq
data/TrainSetA/1887.bpseq
data/TrainSetA/1888.bpseq
data/TrainSetA/1889.bpseq
data/TrainSetA/189.bpseq
data/TrainSetA/1890.bpseq
data/TrainSetA/1891.bpseq
data/TrainSetA/1892.bpseq
data/TrainSetA/1893.bpseq
data/TrainSetA/1894.bpseq
data/TrainSetA/1895.bpseq
data/TrainSetA/1896.bpseq
data/TrainSetA/1897.bpseq
data/TrainSetA/1898.bpseq
data/TrainSetA/1899.bpseq
data/TrainSetA/19.bpseq
data/TrainSetA/190.bpseq
data/TrainSetA/1900.bpseq
data/TrainSetA/1901.bpseq
data/TrainSetA/1902.bpseq
data/TrainSetA/1903.bpseq
data/TrainSetA/1904.bpseq
data/TrainSetA/1905.bpseq
data/TrainSetA/1906.bpseq
data/TrainSetA/1907.bpseq
data/TrainSetA/1908.bpseq
data/TrainSetA/1909.bpseq
data/TrainSetA/191.bpseq
data/TrainSetA/1910.bpseq
data/TrainSetA/1911.bpseq
data/TrainSetA/1912.bpseq
data/TrainSetA/1913.bpseq
data/TrainSetA/1914.bpseq
data/TrainSetA/1915.bpseq
data/TrainSetA/1916.bpseq
data/TrainSetA/1917.bpseq
data/TrainSetA/1918.bpseq
data/TrainSetA/1919.bpseq
data/TrainSetA/192.bpseq
data/TrainSetA/1920.bpseq
data/TrainSetA/1921.bpseq
data/TrainSetA/1922.bpseq
data/TrainSetA/1923.bpseq
data/TrainSetA/1924.bpseq
data/TrainSetA/1925.bpseq
data/TrainSetA/1926.bpseq
data/TrainSetA/1927.bpseq
data/TrainSetA/1928.bpseq
data/TrainSetA/1929.bpseq
data/TrainSetA/193.bpseq
data/TrainSetA/1930.bpseq
data/TrainSetA/1931.bpseq
data/TrainSetA/1932.bpseq
data/TrainSetA/1933.bpseq
data/TrainSetA/1934.bpseq
data/TrainSetA/1935.bpseq
data/TrainSetA/1936.bpseq
data/TrainSetA/1937.bpseq
data/TrainSetA/1938.bpseq
data/TrainSetA/1939.bpseq
data/TrainSetA/194.bpseq
data/TrainSetA/1940.bpseq
data/TrainSetA/1941.bpseq
data/TrainSetA/1942.bpseq
data/TrainSetA/1943.bpseq
data/TrainSetA/1944.bpseq
data/TrainSetA/1945.bpseq
data/TrainSetA/1946.bpseq
data/TrainSetA/1947.bpseq
data/TrainSetA/1948.bpseq
data/TrainSetA/1949.bpseq
data/TrainSetA/195.bpseq
data/TrainSetA/1950.bpseq
data/TrainSetA/1951.bpseq
data/TrainSetA/1952.bpseq
data/TrainSetA/1953.bpseq
data/TrainSetA/1954.bpseq
data/TrainSetA/1955.bpseq
data/TrainSetA/1956.bpseq
data/TrainSetA/1957.bpseq
data/TrainSetA/1958.bpseq
data/TrainSetA/1959.bpseq
data/TrainSetA/196.bpseq
data/TrainSetA/1960.bpseq
data/TrainSetA/1961.bpseq
data/TrainSetA/1962.bpseq
data/TrainSetA/1963.bpseq
data/TrainSetA/1964.bpseq
data/TrainSetA/1965.bpseq
data/TrainSetA/1966.bpseq
data/TrainSetA/1967.bpseq
data/TrainSetA/1968.bpseq
data/TrainSetA/1969.bpseq
data/TrainSetA/197.bpseq
data/TrainSetA/1970.bpseq
data/TrainSetA/1971.bpseq
data/TrainSetA/1972.bpseq
data/TrainSetA/1973.bpseq
data/TrainSetA/1974.bpseq
data/TrainSetA/1975.bpseq
data/TrainSetA/1976.bpseq
data/TrainSetA/1977.bpseq
data/TrainSetA/1978.bpseq
data/TrainSetA/1979.bpseq
data/TrainSetA/198.bpseq
data/TrainSetA/1980.bpseq
data/TrainSetA/1981.bpseq
data/TrainSetA/1982.bpseq
data/TrainSetA/1983.bpseq
data/TrainSetA/1984.bpseq
data/TrainSetA/1985.bpseq
data/TrainSetA/1986.bpseq
data/TrainSetA/1987.bpseq
data/TrainSetA/1988.bpseq
data/TrainSetA/1989.bpseq
data/TrainSetA/199.bpseq
data/TrainSetA/1990.bpseq
data/TrainSetA/1991.bpseq
data/TrainSetA/1992.bpseq
data/TrainSetA/1993.bpseq
data/TrainSetA/1994.bpseq
data/TrainSetA/1995.bpseq
data/TrainSetA/1996.bpseq
data/TrainSetA/1997.bpseq
data/TrainSetA/1998.bpseq
data/TrainSetA/1999.bpseq
data/TrainSetA/2.bpseq
data/TrainSetA/20.bpseq
data/TrainSetA/200.bpseq
data/TrainSetA/2000.bpseq
data/TrainSetA/2001.bpseq
data/TrainSetA/2002.bpseq
data/TrainSetA/2003.bpseq
data/TrainSetA/2004.bpseq
data/TrainSetA/2005.bpseq
data/TrainSetA/2006.bpseq
data/TrainSetA/2007.bpseq
data/TrainSetA/2008.bpseq
data/TrainSetA/2009.bpseq
data/TrainSetA/201.bpseq
data/TrainSetA/2010.bpseq
data/TrainSetA/2011.bpseq
data/TrainSetA/2012.bpseq
data/TrainSetA/2013.bpseq
data/TrainSetA/2014.bpseq
data/TrainSetA/2015.bpseq
data/TrainSetA/2016.bpseq
data/TrainSetA/2017.bpseq
data/TrainSetA/2018.bpseq
data/TrainSetA/2019.bpseq
data/TrainSetA/202.bpseq
data/TrainSetA/2020.bpseq
data/TrainSetA/2021.bpseq
data/TrainSetA/2022.bpseq
data/TrainSetA/2023.bpseq
data/TrainSetA/2024.bpseq
data/TrainSetA/2025.bpseq
data/TrainSetA/2026.bpseq
data/TrainSetA/2027.bpseq
data/TrainSetA/2028.bpseq
data/TrainSetA/2029.bpseq
data/TrainSetA/203.bpseq
data/TrainSetA/2030.bpseq
data/TrainSetA/2031.bpseq
data/TrainSetA/2032.bpseq
data/TrainSetA/2033.bpseq
data/TrainSetA/2034.bpseq
data/TrainSetA/2035.bpseq
data/TrainSetA/2036.bpseq
data/TrainSetA/2037.bpseq
data/TrainSetA/2038.bpseq
data/TrainSetA/2039.bpseq
data/TrainSetA/204.bpseq
data/TrainSetA/2040.bpseq
data/TrainSetA/2041.bpseq
data/TrainSetA/2042.bpseq
data/TrainSetA/2043.bpseq
data/TrainSetA/2044.bpseq
data/TrainSetA/2045.bpseq
data/TrainSetA/2046.bpseq
data/TrainSetA/2047.bpseq
data/TrainSetA/2048.bpseq
data/TrainSetA/2049.bpseq
data/TrainSetA/205.bpseq
data/TrainSetA/2050.bpseq
data/TrainSetA/2051.bpseq
data/TrainSetA/2052.bpseq
data/TrainSetA/2053.bpseq
data/TrainSetA/2054.bpseq
data/TrainSetA/2055.bpseq
data/TrainSetA/2056.bpseq
data/TrainSetA/2057.bpseq
data/TrainSetA/2058.bpseq
data/TrainSetA/2059.bpseq
data/TrainSetA/206.bpseq
data/TrainSetA/2060.bpseq
data/TrainSetA/2061.bpseq
data/TrainSetA/2062.bpseq
data/TrainSetA/2063.bpseq
data/TrainSetA/2064.bpseq
data/TrainSetA/2065.bpseq
data/TrainSetA/2066.bpseq
data/TrainSetA/2067.bpseq
data/TrainSetA/2068.bpseq
data/TrainSetA/2069.bpseq
data/TrainSetA/207.bpseq
data/TrainSetA/2070.bpseq
data/TrainSetA/2071.bpseq
data/TrainSetA/2072.bpseq
data/TrainSetA/2073.bpseq
data/TrainSetA/2074.bpseq
data/TrainSetA/2075.bpseq
data/TrainSetA/2076.bpseq
data/TrainSetA/2077.bpseq
data/TrainSetA/2078.bpseq
data/TrainSetA/2079.bpseq
data/TrainSetA/208.bpseq
data/TrainSetA/2080.bpseq
data/TrainSetA/2081.bpseq
data/TrainSetA/2082.bpseq
data/TrainSetA/2083.bpseq
data/TrainSetA/2084.bpseq
data/TrainSetA/2085.bpseq
data/TrainSetA/2086.bpseq
data/TrainSetA/2087.bpseq
data/TrainSetA/2088.bpseq
data/TrainSetA/2089.bpseq
data/TrainSetA/209.bpseq
data/TrainSetA/2090.bpseq
data/TrainSetA/2091.bpseq
data/TrainSetA/2092.bpseq
data/TrainSetA/2093.bpseq
data/TrainSetA/2094.bpseq
data/TrainSetA/2095.bpseq
data/TrainSetA/2096.bpseq
data/TrainSetA/2097.bpseq
data/TrainSetA/2098.bpseq
data/TrainSetA/2099.bpseq
data/TrainSetA/21.bpseq
data/TrainSetA/210.bpseq
data/TrainSetA/2100.bpseq
data/TrainSetA/2101.bpseq
data/TrainSetA/2102.bpseq
data/TrainSetA/2103.bpseq
data/TrainSetA/2104.bpseq
data/TrainSetA/2105.bpseq
data/TrainSetA/2106.bpseq
data/TrainSetA/2107.bpseq
data/TrainSetA/2108.bpseq
data/TrainSetA/2109.bpseq
data/TrainSetA/211.bpseq
data/TrainSetA/2110.bpseq
data/TrainSetA/2111.bpseq
data/TrainSetA/2112.bpseq
data/TrainSetA/2113.bpseq
data/TrainSetA/2114.bpseq
data/TrainSetA/2115.bpseq
data/TrainSetA/2116.bpseq
data/TrainSetA/2117.bpseq
data/TrainSetA/2118.bpseq
data/TrainSetA/2119.bpseq
data/TrainSetA/212.bpseq
data/TrainSetA/2120.bpseq
data/TrainSetA/2121.bpseq
data/TrainSetA/2122.bpseq
data/TrainSetA/2123.bpseq
data/TrainSetA/2124.bpseq
data/TrainSetA/2125.bpseq
data/TrainSetA/2126.bpseq
data/TrainSetA/2127.bpseq
data/TrainSetA/2128.bpseq
data/TrainSetA/2129.bpseq
data/TrainSetA/213.bpseq
data/TrainSetA/2130.bpseq
data/TrainSetA/2131.bpseq
data/TrainSetA/2132.bpseq
data/TrainSetA/2133.bpseq
data/TrainSetA/2134.bpseq
data/TrainSetA/2135.bpseq
data/TrainSetA/2136.bpseq
data/TrainSetA/2137.bpseq
data/TrainSetA/2138.bpseq
data/TrainSetA/2139.bpseq
data/TrainSetA/214.bpseq
data/TrainSetA/2140.bpseq
data/TrainSetA/2141.bpseq
data/TrainSetA/2142.bpseq
data/TrainSetA/2143.bpseq
data/TrainSetA/2144.bpseq
data/TrainSetA/2145.bpseq
data/TrainSetA/2146.bpseq
data/TrainSetA/2147.bpseq
data/TrainSetA/2148.bpseq
data/TrainSetA/2149.bpseq
data/TrainSetA/215.bpseq
data/TrainSetA/2150.bpseq
data/TrainSetA/2151.bpseq
data/TrainSetA/2152.bpseq
data/TrainSetA/2153.bpseq
data/TrainSetA/2154.bpseq
data/TrainSetA/2155.bpseq
data/TrainSetA/2156.bpseq
data/TrainSetA/2157.bpseq
data/TrainSetA/2158.bpseq
data/TrainSetA/2159.bpseq
data/TrainSetA/216.bpseq
data/TrainSetA/2160.bpseq
data/TrainSetA/2161.bpseq
data/TrainSetA/2162.bpseq
data/TrainSetA/2163.bpseq
data/TrainSetA/2164.bpseq
data/TrainSetA/2165.bpseq
data/TrainSetA/2166.bpseq
data/TrainSetA/2167.bpseq
data/TrainSetA/2168.bpseq
data/TrainSetA/2169.bpseq
data/TrainSetA/217.bpseq
data/TrainSetA/2170.bpseq
data/TrainSetA/2171.bpseq
data/TrainSetA/2172.bpseq
data/TrainSetA/2173.bpseq
data/TrainSetA/2174.bpseq
data/TrainSetA/2175.bpseq
data/TrainSetA/2176.bpseq
data/TrainSetA/2177.bpseq
data/TrainSetA/2178.bpseq
data/TrainSetA/2179.bpseq
data/TrainSetA/218.bpseq
data/TrainSetA/2180.bpseq
data/TrainSetA/2181.bpseq
data/TrainSetA/2182.bpseq
data/TrainSetA/2183.bpseq
data/TrainSetA/2184.bpseq
data/TrainSetA/2185.bpseq
data/TrainSetA/2186.bpseq
data/TrainSetA/2187.bpseq
data/TrainSetA/2188.bpseq
data/TrainSetA/2189.bpseq
data/TrainSetA/219.bpseq
data/TrainSetA/2190.bpseq
data/TrainSetA/2191.bpseq
data/TrainSetA/2192.bpseq
data/TrainSetA/2193.bpseq
data/TrainSetA/2194.bpseq
data/TrainSetA/2195.bpseq
data/TrainSetA/2196.bpseq
data/TrainSetA/2197.bpseq
data/TrainSetA/2198.bpseq
data/TrainSetA/2199.bpseq
data/TrainSetA/22.bpseq
data/TrainSetA/220.bpseq
data/TrainSetA/2200.bpseq
data/TrainSetA/2201.bpseq
data/TrainSetA/2202.bpseq
data/TrainSetA/2203.bpseq
data/TrainSetA/2204.bpseq
data/TrainSetA/2205.bpseq
data/TrainSetA/2206.bpseq
data/TrainSetA/2207.bpseq
data/TrainSetA/2208.bpseq
data/TrainSetA/2209.bpseq
data/TrainSetA/221.bpseq
data/TrainSetA/2210.bpseq
data/TrainSetA/2211.bpseq
data/TrainSetA/2212.bpseq
data/TrainSetA/2213.bpseq
data/TrainSetA/2214.bpseq
data/TrainSetA/2215.bpseq
data/TrainSetA/2216.bpseq
data/TrainSetA/2217.bpseq
data/TrainSetA/2218.bpseq
data/TrainSetA/2219.bpseq
data/TrainSetA/222.bpseq
data/TrainSetA/2220.bpseq
data/TrainSetA/2221.bpseq
data/TrainSetA/2222.bpseq
data/TrainSetA/2223.bpseq
data/TrainSetA/2224.bpseq
data/TrainSetA/2225.bpseq
data/TrainSetA/2226.bpseq
data/TrainSetA/2227.bpseq
data/TrainSetA/2228.bpseq
data/TrainSetA/2229.bpseq
data/TrainSetA/223.bpseq
data/TrainSetA/2230.bpseq
data/TrainSetA/2231.bpseq
data/TrainSetA/2232.bpseq
data/TrainSetA/2233.bpseq
data/TrainSetA/2234.bpseq
data/TrainSetA/2235.bpseq
data/TrainSetA/2236.bpseq
data/TrainSetA/2237.bpseq
data/TrainSetA/2238.bpseq
data/TrainSetA/2239.bpseq
data/TrainSetA/224.bpseq
data/TrainSetA/2240.bpseq
data/TrainSetA/2241.bpseq
data/TrainSetA/2242.bpseq
data/TrainSetA/2243.bpseq
data/TrainSetA/2244.bpseq
data/TrainSetA/2245.bpseq
data/TrainSetA/2246.bpseq
data/TrainSetA/2247.bpseq
data/TrainSetA/2248.bpseq
data/TrainSetA/2249.bpseq
data/TrainSetA/225.bpseq
data/TrainSetA/2250.bpseq
data/TrainSetA/2251.bpseq
data/TrainSetA/2252.bpseq
data/TrainSetA/2253.bpseq
data/TrainSetA/2254.bpseq
data/TrainSetA/2255.bpseq
data/TrainSetA/2256.bpseq
data/TrainSetA/2257.bpseq
data/TrainSetA/2258.bpseq
data/TrainSetA/2259.bpseq
data/TrainSetA/226.bpseq
data/TrainSetA/2260.bpseq
data/TrainSetA/2261.bpseq
data/TrainSetA/2262.bpseq
data/TrainSetA/2263.bpseq
data/TrainSetA/2264.bpseq
data/TrainSetA/2265.bpseq
data/TrainSetA/2266.bpseq
data/TrainSetA/2267.bpseq
data/TrainSetA/2268.bpseq
data/TrainSetA/2269.bpseq
data/TrainSetA/227.bpseq
data/TrainSetA/2270.bpseq
data/TrainSetA/2271.bpseq
data/TrainSetA/2272.bpseq
data/TrainSetA/2273.bpseq
data/TrainSetA/2274.bpseq
data/TrainSetA/2275.bpseq
data/TrainSetA/2276.bpseq
data/TrainSetA/2277.bpseq
data/TrainSetA/2278.bpseq
data/TrainSetA/2279.bpseq
data/TrainSetA/228.bpseq
data/TrainSetA/2280.bpseq
data/TrainSetA/2281.bpseq
data/TrainSetA/2282.bpseq
data/TrainSetA/2283.bpseq
data/TrainSetA/2284.bpseq
data/TrainSetA/2285.bpseq
data/TrainSetA/2286.bpseq
data/TrainSetA/2287.bpseq
data/TrainSetA/2288.bpseq
data/TrainSetA/2289.bpseq
data/TrainSetA/229.bpseq
data/TrainSetA/2290.bpseq
data/TrainSetA/2291.bpseq
data/TrainSetA/2292.bpseq
data/TrainSetA/2293.bpseq
data/TrainSetA/2294.bpseq
data/TrainSetA/2295.bpseq
data/TrainSetA/2296.bpseq
data/TrainSetA/2297.bpseq
data/TrainSetA/2298.bpseq
data/TrainSetA/2299.bpseq
data/TrainSetA/23.bpseq
data/TrainSetA/230.bpseq
data/TrainSetA/2300.bpseq
data/TrainSetA/2301.bpseq
data/TrainSetA/2302.bpseq
data/TrainSetA/2303.bpseq
data/TrainSetA/2304.bpseq
data/TrainSetA/2305.bpseq
data/TrainSetA/2306.bpseq
data/TrainSetA/2307.bpseq
data/TrainSetA/2308.bpseq
data/TrainSetA/2309.bpseq
data/TrainSetA/231.bpseq
data/TrainSetA/2310.bpseq
data/TrainSetA/2311.bpseq
data/TrainSetA/2312.bpseq
data/TrainSetA/2313.bpseq
data/TrainSetA/2314.bpseq
data/TrainSetA/2315.bpseq
data/TrainSetA/2316.bpseq
data/TrainSetA/2317.bpseq
data/TrainSetA/2318.bpseq
data/TrainSetA/2319.bpseq
data/TrainSetA/232.bpseq
data/TrainSetA/2320.bpseq
data/TrainSetA/2321.bpseq
data/TrainSetA/2322.bpseq
data/TrainSetA/2323.bpseq
data/TrainSetA/2324.bpseq
data/TrainSetA/2325.bpseq
data/TrainSetA/2326.bpseq
data/TrainSetA/2327.bpseq
data/TrainSetA/2328.bpseq
data/TrainSetA/2329.bpseq
data/TrainSetA/233.bpseq
data/TrainSetA/2330.bpseq
data/TrainSetA/2331.bpseq
data/TrainSetA/2332.bpseq
data/TrainSetA/2333.bpseq
data/TrainSetA/2334.bpseq
data/TrainSetA/2335.bpseq
data/TrainSetA/2336.bpseq
data/TrainSetA/2337.bpseq
data/TrainSetA/2338.bpseq
data/TrainSetA/2339.bpseq
data/TrainSetA/234.bpseq
data/TrainSetA/2340.bpseq
data/TrainSetA/2341.bpseq
data/TrainSetA/2342.bpseq
data/TrainSetA/2343.bpseq
data/TrainSetA/2344.bpseq
data/TrainSetA/2345.bpseq
data/TrainSetA/2346.bpseq
data/TrainSetA/2347.bpseq
data/TrainSetA/2348.bpseq
data/TrainSetA/2349.bpseq
data/TrainSetA/235.bpseq
data/TrainSetA/2350.bpseq
data/TrainSetA/2351.bpseq
data/TrainSetA/2352.bpseq
data/TrainSetA/2353.bpseq
data/TrainSetA/2354.bpseq
data/TrainSetA/2355.bpseq
data/TrainSetA/2356.bpseq
data/TrainSetA/2357.bpseq
data/TrainSetA/2358.bpseq
data/TrainSetA/2359.bpseq
data/TrainSetA/236.bpseq
data/TrainSetA/2360.bpseq
data/TrainSetA/2361.bpseq
data/TrainSetA/2362.bpseq
data/TrainSetA/2363.bpseq
data/TrainSetA/2364.bpseq
data/TrainSetA/2365.bpseq
data/TrainSetA/2366.bpseq
data/TrainSetA/2367.bpseq
data/TrainSetA/2368.bpseq
data/TrainSetA/2369.bpseq
data/TrainSetA/237.bpseq
data/TrainSetA/2370.bpseq
data/TrainSetA/2371.bpseq
data/TrainSetA/2372.bpseq
data/TrainSetA/2373.bpseq
data/TrainSetA/2374.bpseq
data/TrainSetA/2375.bpseq
data/TrainSetA/2376.bpseq
data/TrainSetA/2377.bpseq
data/TrainSetA/2378.bpseq
data/TrainSetA/2379.bpseq
data/TrainSetA/238.bpseq
data/TrainSetA/2380.bpseq
data/TrainSetA/2381.bpseq
data/TrainSetA/2382.bpseq
data/TrainSetA/2383.bpseq
data/TrainSetA/2384.bpseq
data/TrainSetA/2385.bpseq
data/TrainSetA/2386.bpseq
data/TrainSetA/2387.bpseq
data/TrainSetA/2388.bpseq
data/TrainSetA/2389.bpseq
data/TrainSetA/239.bpseq
data/TrainSetA/2390.bpseq
data/TrainSetA/2391.bpseq
data/TrainSetA/2392.bpseq
data/TrainSetA/2393.bpseq
data/TrainSetA/2394.bpseq
data/TrainSetA/2395.bpseq
data/TrainSetA/2396.bpseq
data/TrainSetA/2397.bpseq
data/TrainSetA/2398.bpseq
data/TrainSetA/2399.bpseq
data/TrainSetA/24.bpseq
data/TrainSetA/240.bpseq
data/TrainSetA/2400.bpseq
data/TrainSetA/2401.bpseq
data/TrainSetA/2402.bpseq
data/TrainSetA/2403.bpseq
data/TrainSetA/2404.bpseq
data/TrainSetA/2405.bpseq
data/TrainSetA/2406.bpseq
data/TrainSetA/2407.bpseq
data/TrainSetA/2408.bpseq
data/TrainSetA/2409.bpseq
data/TrainSetA/241.bpseq
data/TrainSetA/2410.bpseq
data/TrainSetA/2411.bpseq
data/TrainSetA/2412.bpseq
data/TrainSetA/2413.bpseq
data/TrainSetA/2414.bpseq
data/TrainSetA/2415.bpseq
data/TrainSetA/2416.bpseq
data/TrainSetA/2417.bpseq
data/TrainSetA/2418.bpseq
data/TrainSetA/2419.bpseq
data/TrainSetA/242.bpseq
data/TrainSetA/2420.bpseq
data/TrainSetA/2421.bpseq
data/TrainSetA/2422.bpseq
data/TrainSetA/2423.bpseq
data/TrainSetA/2424.bpseq
data/TrainSetA/2425.bpseq
data/TrainSetA/2426.bpseq
data/TrainSetA/2427.bpseq
data/TrainSetA/2428.bpseq
data/TrainSetA/2429.bpseq
data/TrainSetA/243.bpseq
data/TrainSetA/2430.bpseq
data/TrainSetA/2431.bpseq
data/TrainSetA/2432.bpseq
data/TrainSetA/2433.bpseq
data/TrainSetA/2434.bpseq
data/TrainSetA/2435.bpseq
data/TrainSetA/2436.bpseq
data/TrainSetA/2437.bpseq
data/TrainSetA/2438.bpseq
data/TrainSetA/2439.bpseq
data/TrainSetA/244.bpseq
data/TrainSetA/2440.bpseq
data/TrainSetA/2441.bpseq
data/TrainSetA/2442.bpseq
data/TrainSetA/2443.bpseq
data/TrainSetA/2444.bpseq
data/TrainSetA/2445.bpseq
data/TrainSetA/2446.bpseq
data/TrainSetA/2447.bpseq
data/TrainSetA/2448.bpseq
data/TrainSetA/2449.bpseq
data/TrainSetA/245.bpseq
data/TrainSetA/2450.bpseq
data/TrainSetA/2451.bpseq
data/TrainSetA/2452.bpseq
data/TrainSetA/2453.bpseq
data/TrainSetA/2454.bpseq
data/TrainSetA/2455.bpseq
data/TrainSetA/2456.bpseq
data/TrainSetA/2457.bpseq
data/TrainSetA/2458.bpseq
data/TrainSetA/2459.bpseq
data/TrainSetA/246.bpseq
data/TrainSetA/2460.bpseq
data/TrainSetA/2461.bpseq
data/TrainSetA/2462.bpseq
data/TrainSetA/2463.bpseq
data/TrainSetA/2464.bpseq
data/TrainSetA/2465.bpseq
data/TrainSetA/2466.bpseq
data/TrainSetA/2467.bpseq
data/TrainSetA/2468.bpseq
data/TrainSetA/2469.bpseq
data/TrainSetA/247.bpseq
data/TrainSetA/2470.bpseq
data/TrainSetA/2471.bpseq
data/TrainSetA/2472.bpseq
data/TrainSetA/2473.bpseq
data/TrainSetA/2474.bpseq
data/TrainSetA/2475.bpseq
data/TrainSetA/2476.bpseq
data/TrainSetA/2477.bpseq
data/TrainSetA/2478.bpseq
data/TrainSetA/2479.bpseq
data/TrainSetA/248.bpseq
data/TrainSetA/2480.bpseq
data/TrainSetA/2481.bpseq
data/TrainSetA/2482.bpseq
data/TrainSetA/2483.bpseq
data/TrainSetA/2484.bpseq
data/TrainSetA/2485.bpseq
data/TrainSetA/2486.bpseq
data/TrainSetA/2487.bpseq
data/TrainSetA/2488.bpseq
data/TrainSetA/2489.bpseq
data/TrainSetA/249.bpseq
data/TrainSetA/2490.bpseq
data/TrainSetA/2491.bpseq
data/TrainSetA/2492.bpseq
data/TrainSetA/2493.bpseq
data/TrainSetA/2494.bpseq
data/TrainSetA/2495.bpseq
data/TrainSetA/2496.bpseq
data/TrainSetA/2497.bpseq
data/TrainSetA/2498.bpseq
data/TrainSetA/2499.bpseq
data/TrainSetA/25.bpseq
data/TrainSetA/250.bpseq
data/TrainSetA/2500.bpseq
data/TrainSetA/2501.bpseq
data/TrainSetA/2502.bpseq
data/TrainSetA/2503.bpseq
data/TrainSetA/2504.bpseq
data/TrainSetA/2505.bpseq
data/TrainSetA/2506.bpseq
data/TrainSetA/2507.bpseq
data/TrainSetA/2508.bpseq
data/TrainSetA/2509.bpseq
data/TrainSetA/251.bpseq
data/TrainSetA/2510.bpseq
data/TrainSetA/2511.bpseq
data/TrainSetA/2512.bpseq
data/TrainSetA/2513.bpseq
data/TrainSetA/2514.bpseq
data/TrainSetA/2515.bpseq
data/TrainSetA/2516.bpseq
data/TrainSetA/2517.bpseq
data/TrainSetA/2518.bpseq
data/TrainSetA/2519.bpseq
data/TrainSetA/252.bpseq
data/TrainSetA/2520.bpseq
data/TrainSetA/2521.bpseq
data/TrainSetA/2522.bpseq
data/TrainSetA/2523.bpseq
data/TrainSetA/2524.bpseq
data/TrainSetA/2525.bpseq
data/TrainSetA/2526.bpseq
data/TrainSetA/2527.bpseq
data/TrainSetA/2528.bpseq
data/TrainSetA/2529.bpseq
data/TrainSetA/253.bpseq
data/TrainSetA/2530.bpseq
data/TrainSetA/2531.bpseq
data/TrainSetA/2532.bpseq
data/TrainSetA/2533.bpseq
data/TrainSetA/2534.bpseq
data/TrainSetA/2535.bpseq
data/TrainSetA/2536.bpseq
data/TrainSetA/2537.bpseq
data/TrainSetA/2538.bpseq
data/TrainSetA/2539.bpseq
data/TrainSetA/254.bpseq
data/TrainSetA/2540.bpseq
data/TrainSetA/2541.bpseq
data/TrainSetA/2542.bpseq
data/TrainSetA/2543.bpseq
data/TrainSetA/2544.bpseq
data/TrainSetA/2545.bpseq
data/TrainSetA/2546.bpseq
data/TrainSetA/2547.bpseq
data/TrainSetA/2548.bpseq
data/TrainSetA/2549.bpseq
data/TrainSetA/255.bpseq
data/TrainSetA/2550.bpseq
data/TrainSetA/2551.bpseq
data/TrainSetA/2552.bpseq
data/TrainSetA/2553.bpseq
data/TrainSetA/2554.bpseq
data/TrainSetA/2555.bpseq
data/TrainSetA/2556.bpseq
data/TrainSetA/2557.bpseq
data/TrainSetA/2558.bpseq
data/TrainSetA/2559.bpseq
data/TrainSetA/256.bpseq
data/TrainSetA/2560.bpseq
data/TrainSetA/2561.bpseq
data/TrainSetA/2562.bpseq
data/TrainSetA/2563.bpseq
data/TrainSetA/2564.bpseq
data/TrainSetA/2565.bpseq
data/TrainSetA/2566.bpseq
data/TrainSetA/2567.bpseq
data/TrainSetA/2568.bpseq
data/TrainSetA/2569.bpseq
data/TrainSetA/257.bpseq
data/TrainSetA/2570.bpseq
data/TrainSetA/2571.bpseq
data/TrainSetA/2572.bpseq
data/TrainSetA/2573.bpseq
data/TrainSetA/2574.bpseq
data/TrainSetA/2575.bpseq
data/TrainSetA/2576.bpseq
data/TrainSetA/2577.bpseq
data/TrainSetA/2578.bpseq
data/TrainSetA/2579.bpseq
data/TrainSetA/258.bpseq
data/TrainSetA/2580.bpseq
data/TrainSetA/2581.bpseq
data/TrainSetA/2582.bpseq
data/TrainSetA/2583.bpseq
data/TrainSetA/2584.bpseq
data/TrainSetA/2585.bpseq
data/TrainSetA/2586.bpseq
data/TrainSetA/2587.bpseq
data/TrainSetA/2588.bpseq
data/TrainSetA/2589.bpseq
data/TrainSetA/259.bpseq
data/TrainSetA/2590.bpseq
data/TrainSetA/2591.bpseq
data/TrainSetA/2592.bpseq
data/TrainSetA/2593.bpseq
data/TrainSetA/2594.bpseq
data/TrainSetA/2595.bpseq
data/TrainSetA/2596.bpseq
data/TrainSetA/2597.bpseq
data/TrainSetA/2598.bpseq
data/TrainSetA/2599.bpseq
data/TrainSetA/26.bpseq
data/TrainSetA/260.bpseq
data/TrainSetA/2600.bpseq
data/TrainSetA/2601.bpseq
data/TrainSetA/2602.bpseq
data/TrainSetA/2603.bpseq
data/TrainSetA/2604.bpseq
data/TrainSetA/2605.bpseq
data/TrainSetA/2606.bpseq
data/TrainSetA/2607.bpseq
data/TrainSetA/2608.bpseq
data/TrainSetA/2609.bpseq
data/TrainSetA/261.bpseq
data/TrainSetA/2610.bpseq
data/TrainSetA/2611.bpseq
data/TrainSetA/2612.bpseq
data/TrainSetA/2613.bpseq
data/TrainSetA/2614.bpseq
data/TrainSetA/2615.bpseq
data/TrainSetA/2616.bpseq
data/TrainSetA/2617.bpseq
data/TrainSetA/2618.bpseq
data/TrainSetA/2619.bpseq
data/TrainSetA/262.bpseq
data/TrainSetA/2620.bpseq
data/TrainSetA/2621.bpseq
data/TrainSetA/2622.bpseq
data/TrainSetA/2623.bpseq
data/TrainSetA/2624.bpseq
data/TrainSetA/2625.bpseq
data/TrainSetA/2626.bpseq
data/TrainSetA/2627.bpseq
data/TrainSetA/2628.bpseq
data/TrainSetA/2629.bpseq
data/TrainSetA/263.bpseq
data/TrainSetA/2630.bpseq
data/TrainSetA/2631.bpseq
data/TrainSetA/2632.bpseq
data/TrainSetA/2633.bpseq
data/TrainSetA/2634.bpseq
data/TrainSetA/2635.bpseq
data/TrainSetA/2636.bpseq
data/TrainSetA/2637.bpseq
data/TrainSetA/2638.bpseq
data/TrainSetA/2639.bpseq
data/TrainSetA/264.bpseq
data/TrainSetA/2640.bpseq
data/TrainSetA/2641.bpseq
data/TrainSetA/2642.bpseq
data/TrainSetA/2643.bpseq
data/TrainSetA/2644.bpseq
data/TrainSetA/2645.bpseq
data/TrainSetA/2646.bpseq
data/TrainSetA/2647.bpseq
data/TrainSetA/2648.bpseq
data/TrainSetA/2649.bpseq
data/TrainSetA/265.bpseq
data/TrainSetA/2650.bpseq
data/TrainSetA/2651.bpseq
data/TrainSetA/2652.bpseq
data/TrainSetA/2653.bpseq
data/TrainSetA/2654.bpseq
data/TrainSetA/2655.bpseq
data/TrainSetA/2656.bpseq
data/TrainSetA/2657.bpseq
data/TrainSetA/2658.bpseq
data/TrainSetA/2659.bpseq
data/TrainSetA/266.bpseq
data/TrainSetA/2660.bpseq
data/TrainSetA/2661.bpseq
data/TrainSetA/2662.bpseq
data/TrainSetA/2663.bpseq
data/TrainSetA/2664.bpseq
data/TrainSetA/2665.bpseq
data/TrainSetA/2666.bpseq
data/TrainSetA/2667.bpseq
data/TrainSetA/2668.bpseq
data/TrainSetA/2669.bpseq
data/TrainSetA/267.bpseq
data/TrainSetA/2670.bpseq
data/TrainSetA/2671.bpseq
data/TrainSetA/2672.bpseq
data/TrainSetA/2673.bpseq
data/TrainSetA/2674.bpseq
data/TrainSetA/2675.bpseq
data/TrainSetA/2676.bpseq
data/TrainSetA/2677.bpseq
data/TrainSetA/2678.bpseq
data/TrainSetA/2679.bpseq
data/TrainSetA/268.bpseq
data/TrainSetA/2680.bpseq
data/TrainSetA/2681.bpseq
data/TrainSetA/2682.bpseq
data/TrainSetA/2683.bpseq
data/TrainSetA/2684.bpseq
data/TrainSetA/2685.bpseq
data/TrainSetA/2686.bpseq
data/TrainSetA/2687.bpseq
data/TrainSetA/2688.bpseq
data/TrainSetA/2689.bpseq
data/TrainSetA/269.bpseq
data/TrainSetA/2690.bpseq
data/TrainSetA/2691.bpseq
data/TrainSetA/2692.bpseq
data/TrainSetA/2693.bpseq
data/TrainSetA/2694.bpseq
data/TrainSetA/2695.bpseq
data/TrainSetA/2696.bpseq
data/TrainSetA/2697.bpseq
data/TrainSetA/2698.bpseq
data/TrainSetA/2699.bpseq
data/TrainSetA/27.bpseq
data/TrainSetA/270.bpseq
data/TrainSetA/2700.bpseq
data/TrainSetA/2701.bpseq
data/TrainSetA/2702.bpseq
data/TrainSetA/2703.bpseq
data/TrainSetA/2704.bpseq
data/TrainSetA/2705.bpseq
data/TrainSetA/2706.bpseq
data/TrainSetA/2707.bpseq
data/TrainSetA/2708.bpseq
data/TrainSetA/2709.bpseq
data/TrainSetA/271.bpseq
data/TrainSetA/2710.bpseq
data/TrainSetA/2711.bpseq
data/TrainSetA/2712.bpseq
data/TrainSetA/2713.bpseq
data/TrainSetA/2714.bpseq
data/TrainSetA/2715.bpseq
data/TrainSetA/2716.bpseq
data/TrainSetA/2717.bpseq
data/TrainSetA/2718.bpseq
data/TrainSetA/2719.bpseq
data/TrainSetA/272.bpseq
data/TrainSetA/2720.bpseq
data/TrainSetA/2721.bpseq
data/TrainSetA/2722.bpseq
data/TrainSetA/2723.bpseq
data/TrainSetA/2724.bpseq
data/TrainSetA/2725.bpseq
data/TrainSetA/2726.bpseq
data/TrainSetA/2727.bpseq
data/TrainSetA/2728.bpseq
data/TrainSetA/2729.bpseq
data/TrainSetA/273.bpseq
data/TrainSetA/2730.bpseq
data/TrainSetA/2731.bpseq
data/TrainSetA/2732.bpseq
data/TrainSetA/2733.bpseq
data/TrainSetA/2734.bpseq
data/TrainSetA/2735.bpseq
data/TrainSetA/2736.bpseq
data/TrainSetA/2737.bpseq
data/TrainSetA/2738.bpseq
data/TrainSetA/2739.bpseq
data/TrainSetA/274.bpseq
data/TrainSetA/2740.bpseq
data/TrainSetA/2741.bpseq
data/TrainSetA/2742.bpseq
data/TrainSetA/2743.bpseq
data/TrainSetA/2744.bpseq
data/TrainSetA/2745.bpseq
data/TrainSetA/2746.bpseq
data/TrainSetA/2747.bpseq
data/TrainSetA/2748.bpseq
data/TrainSetA/2749.bpseq
data/TrainSetA/275.bpseq
data/TrainSetA/2750.bpseq
data/TrainSetA/2751.bpseq
data/TrainSetA/2752.bpseq
data/TrainSetA/2753.bpseq
data/TrainSetA/2754.bpseq
data/TrainSetA/2755.bpseq
data/TrainSetA/2756.bpseq
data/TrainSetA/2757.bpseq
data/TrainSetA/2758.bpseq
data/TrainSetA/2759.bpseq
data/TrainSetA/276.bpseq
data/TrainSetA/2760.bpseq
data/TrainSetA/2761.bpseq
data/TrainSetA/2762.bpseq
data/TrainSetA/2763.bpseq
data/TrainSetA/2764.bpseq
data/TrainSetA/2765.bpseq
data/TrainSetA/2766.bpseq
data/TrainSetA/2767.bpseq
data/TrainSetA/2768.bpseq
data/TrainSetA/2769.bpseq
data/TrainSetA/277.bpseq
data/TrainSetA/2770.bpseq
data/TrainSetA/2771.bpseq
data/TrainSetA/2772.bpseq
data/TrainSetA/2773.bpseq
data/TrainSetA/2774.bpseq
data/TrainSetA/2775.bpseq
data/TrainSetA/2776.bpseq
data/TrainSetA/2777.bpseq
data/TrainSetA/2778.bpseq
data/TrainSetA/2779.bpseq
data/TrainSetA/278.bpseq
data/TrainSetA/2780.bpseq
data/TrainSetA/2781.bpseq
data/TrainSetA/2782.bpseq
data/TrainSetA/2783.bpseq
data/TrainSetA/2784.bpseq
data/TrainSetA/2785.bpseq
data/TrainSetA/2786.bpseq
data/TrainSetA/2787.bpseq
data/TrainSetA/2788.bpseq
data/TrainSetA/2789.bpseq
data/TrainSetA/279.bpseq
data/TrainSetA/2790.bpseq
data/TrainSetA/2791.bpseq
data/TrainSetA/2792.bpseq
data/TrainSetA/2793.bpseq
data/TrainSetA/2794.bpseq
data/TrainSetA/2795.bpseq
data/TrainSetA/2796.bpseq
data/TrainSetA/2797.bpseq
data/TrainSetA/2798.bpseq
data/TrainSetA/2799.bpseq
data/TrainSetA/28.bpseq
data/TrainSetA/280.bpseq
data/TrainSetA/2800.bpseq
data/TrainSetA/2801.bpseq
data/TrainSetA/2802.bpseq
data/TrainSetA/2803.bpseq
data/TrainSetA/2804.bpseq
data/TrainSetA/2805.bpseq
data/TrainSetA/2806.bpseq
data/TrainSetA/2807.bpseq
data/TrainSetA/2808.bpseq
data/TrainSetA/2809.bpseq
data/TrainSetA/281.bpseq
data/TrainSetA/2810.bpseq
data/TrainSetA/2811.bpseq
data/TrainSetA/2812.bpseq
data/TrainSetA/2813.bpseq
data/TrainSetA/2814.bpseq
data/TrainSetA/2815.bpseq
data/TrainSetA/2816.bpseq
data/TrainSetA/2817.bpseq
data/TrainSetA/2818.bpseq
data/TrainSetA/2819.bpseq
data/TrainSetA/282.bpseq
data/TrainSetA/2820.bpseq
data/TrainSetA/2821.bpseq
data/TrainSetA/2822.bpseq
data/TrainSetA/2823.bpseq
data/TrainSetA/2824.bpseq
data/TrainSetA/2825.bpseq
data/TrainSetA/2826.bpseq
data/TrainSetA/2827.bpseq
data/TrainSetA/2828.bpseq
data/TrainSetA/2829.bpseq
data/TrainSetA/283.bpseq
data/TrainSetA/2830.bpseq
data/TrainSetA/2831.bpseq
data/TrainSetA/2832.bpseq
data/TrainSetA/2833.bpseq
data/TrainSetA/2834.bpseq
data/TrainSetA/2835.bpseq
data/TrainSetA/2836.bpseq
data/TrainSetA/2837.bpseq
data/TrainSetA/2838.bpseq
data/TrainSetA/2839.bpseq
data/TrainSetA/284.bpseq
data/TrainSetA/2840.bpseq
data/TrainSetA/2841.bpseq
data/TrainSetA/2842.bpseq
data/TrainSetA/2843.bpseq
data/TrainSetA/2844.bpseq
data/TrainSetA/2845.bpseq
data/TrainSetA/2846.bpseq
data/TrainSetA/2847.bpseq
data/TrainSetA/2848.bpseq
data/TrainSetA/2849.bpseq
data/TrainSetA/285.bpseq
data/TrainSetA/2850.bpseq
data/TrainSetA/2851.bpseq
data/TrainSetA/2852.bpseq
data/TrainSetA/2853.bpseq
data/TrainSetA/2854.bpseq
data/TrainSetA/2855.bpseq
data/TrainSetA/2856.bpseq
data/TrainSetA/2857.bpseq
data/TrainSetA/2858.bpseq
data/TrainSetA/2859.bpseq
data/TrainSetA/286.bpseq
data/TrainSetA/2860.bpseq
data/TrainSetA/2861.bpseq
data/TrainSetA/2862.bpseq
data/TrainSetA/2863.bpseq
data/TrainSetA/2864.bpseq
data/TrainSetA/2865.bpseq
data/TrainSetA/2866.bpseq
data/TrainSetA/2867.bpseq
data/TrainSetA/2868.bpseq
data/TrainSetA/2869.bpseq
data/TrainSetA/287.bpseq
data/TrainSetA/2870.bpseq
data/TrainSetA/2871.bpseq
data/TrainSetA/2872.bpseq
data/TrainSetA/2873.bpseq
data/TrainSetA/2874.bpseq
data/TrainSetA/2875.bpseq
data/TrainSetA/2876.bpseq
data/TrainSetA/2877.bpseq
data/TrainSetA/2878.bpseq
data/TrainSetA/2879.bpseq
data/TrainSetA/288.bpseq
data/TrainSetA/2880.bpseq
data/TrainSetA/2881.bpseq
data/TrainSetA/2882.bpseq
data/TrainSetA/2883.bpseq
data/TrainSetA/2884.bpseq
data/TrainSetA/2885.bpseq
data/TrainSetA/2886.bpseq
data/TrainSetA/2887.bpseq
data/TrainSetA/2888.bpseq
data/TrainSetA/2889.bpseq
data/TrainSetA/289.bpseq
data/TrainSetA/2890.bpseq
data/TrainSetA/2891.bpseq
data/TrainSetA/2892.bpseq
data/TrainSetA/2893.bpseq
data/TrainSetA/2894.bpseq
data/TrainSetA/2895.bpseq
data/TrainSetA/2896.bpseq
data/TrainSetA/2897.bpseq
data/TrainSetA/2898.bpseq
data/TrainSetA/2899.bpseq
data/TrainSetA/29.bpseq
data/TrainSetA/290.bpseq
data/TrainSetA/2900.bpseq
data/TrainSetA/2901.bpseq
data/TrainSetA/2902.bpseq
data/TrainSetA/2903.bpseq
data/TrainSetA/2904.bpseq
data/TrainSetA/2905.bpseq
data/TrainSetA/2906.bpseq
data/TrainSetA/2907.bpseq
data/TrainSetA/2908.bpseq
data/TrainSetA/2909.bpseq
data/TrainSetA/291.bpseq
data/TrainSetA/2910.bpseq
data/TrainSetA/2911.bpseq
data/TrainSetA/2912.bpseq
data/TrainSetA/2913.bpseq
data/TrainSetA/2914.bpseq
data/TrainSetA/2915.bpseq
data/TrainSetA/2916.bpseq
data/TrainSetA/2917.bpseq
data/TrainSetA/2918.bpseq
data/TrainSetA/2919.bpseq
data/TrainSetA/292.bpseq
data/TrainSetA/2920.bpseq
data/TrainSetA/2921.bpseq
data/TrainSetA/2922.bpseq
data/TrainSetA/2923.bpseq
data/TrainSetA/2924.bpseq
data/TrainSetA/2925.bpseq
data/TrainSetA/2926.bpseq
data/TrainSetA/2927.bpseq
data/TrainSetA/2928.bpseq
data/TrainSetA/2929.bpseq
data/TrainSetA/293.bpseq
data/TrainSetA/2930.bpseq
data/TrainSetA/2931.bpseq
data/TrainSetA/2932.bpseq
data/TrainSetA/2933.bpseq
data/TrainSetA/2934.bpseq
data/TrainSetA/2935.bpseq
data/TrainSetA/2936.bpseq
data/TrainSetA/2937.bpseq
data/TrainSetA/2938.bpseq
data/TrainSetA/2939.bpseq
data/TrainSetA/294.bpseq
data/TrainSetA/2940.bpseq
data/TrainSetA/2941.bpseq
data/TrainSetA/2942.bpseq
data/TrainSetA/2943.bpseq
data/TrainSetA/2944.bpseq
data/TrainSetA/2945.bpseq
data/TrainSetA/2946.bpseq
data/TrainSetA/2947.bpseq
data/TrainSetA/2948.bpseq
data/TrainSetA/2949.bpseq
data/TrainSetA/295.bpseq
data/TrainSetA/2950.bpseq
data/TrainSetA/2951.bpseq
data/TrainSetA/2952.bpseq
data/TrainSetA/2953.bpseq
data/TrainSetA/2954.bpseq
data/TrainSetA/2955.bpseq
data/TrainSetA/2956.bpseq
data/TrainSetA/2957.bpseq
data/TrainSetA/2958.bpseq
data/TrainSetA/2959.bpseq
data/TrainSetA/296.bpseq
data/TrainSetA/2960.bpseq
data/TrainSetA/2961.bpseq
data/TrainSetA/2962.bpseq
data/TrainSetA/2963.bpseq
data/TrainSetA/2964.bpseq
data/TrainSetA/2965.bpseq
data/TrainSetA/2966.bpseq
data/TrainSetA/2967.bpseq
data/TrainSetA/2968.bpseq
data/TrainSetA/2969.bpseq
data/TrainSetA/297.bpseq
data/TrainSetA/2970.bpseq
data/TrainSetA/2971.bpseq
data/TrainSetA/2972.bpseq
data/TrainSetA/2973.bpseq
data/TrainSetA/2974.bpseq
data/TrainSetA/2975.bpseq
data/TrainSetA/2976.bpseq
data/TrainSetA/2977.bpseq
data/TrainSetA/2978.bpseq
data/TrainSetA/2979.bpseq
data/TrainSetA/298.bpseq
data/TrainSetA/2980.bpseq
data/TrainSetA/2981.bpseq
data/TrainSetA/2982.bpseq
data/TrainSetA/2983.bpseq
data/TrainSetA/2984.bpseq
data/TrainSetA/2985.bpseq
data/TrainSetA/2986.bpseq
data/TrainSetA/2987.bpseq
data/TrainSetA/2988.bpseq
data/TrainSetA/2989.bpseq
data/TrainSetA/299.bpseq
data/TrainSetA/2990.bpseq
data/TrainSetA/2991.bpseq
data/TrainSetA/2992.bpseq
data/TrainSetA/2993.bpseq
data/TrainSetA/2994.bpseq
data/TrainSetA/2995.bpseq
data/TrainSetA/2996.bpseq
data/TrainSetA/2997.bpseq
data/TrainSetA/2998.bpseq
data/TrainSetA/2999.bpseq
data/TrainSetA/3.bpseq
data/TrainSetA/30.bpseq
data/TrainSetA/300.bpseq
data/TrainSetA/3000.bpseq
data/TrainSetA/3001.bpseq
data/TrainSetA/3002.bpseq
data/TrainSetA/3003.bpseq
data/TrainSetA/3004.bpseq
data/TrainSetA/3005.bpseq
data/TrainSetA/3006.bpseq
data/TrainSetA/3007.bpseq
data/TrainSetA/3008.bpseq
data/TrainSetA/3009.bpseq
data/TrainSetA/301.bpseq
data/TrainSetA/3010.bpseq
data/TrainSetA/3011.bpseq
data/TrainSetA/3012.bpseq
data/TrainSetA/3013.bpseq
data/TrainSetA/3014.bpseq
data/TrainSetA/3015.bpseq
data/TrainSetA/3016.bpseq
data/TrainSetA/3017.bpseq
data/TrainSetA/3018.bpseq
data/TrainSetA/3019.bpseq
data/TrainSetA/302.bpseq
data/TrainSetA/3020.bpseq
data/TrainSetA/3021.bpseq
data/TrainSetA/3022.bpseq
data/TrainSetA/3023.bpseq
data/TrainSetA/3024.bpseq
data/TrainSetA/3025.bpseq
data/TrainSetA/3026.bpseq
data/TrainSetA/3027.bpseq
data/TrainSetA/3028.bpseq
data/TrainSetA/3029.bpseq
data/TrainSetA/303.bpseq
data/TrainSetA/3030.bpseq
data/TrainSetA/3031.bpseq
data/TrainSetA/3032.bpseq
data/TrainSetA/3033.bpseq
data/TrainSetA/3034.bpseq
data/TrainSetA/3035.bpseq
data/TrainSetA/3036.bpseq
data/TrainSetA/3037.bpseq
data/TrainSetA/3038.bpseq
data/TrainSetA/3039.bpseq
data/TrainSetA/304.bpseq
data/TrainSetA/3040.bpseq
data/TrainSetA/3041.bpseq
data/TrainSetA/3042.bpseq
data/TrainSetA/3043.bpseq
data/TrainSetA/3044.bpseq
data/TrainSetA/3045.bpseq
data/TrainSetA/3046.bpseq
data/TrainSetA/3047.bpseq
data/TrainSetA/3048.bpseq
data/TrainSetA/3049.bpseq
data/TrainSetA/305.bpseq
data/TrainSetA/3050.bpseq
data/TrainSetA/3051.bpseq
data/TrainSetA/3052.bpseq
data/TrainSetA/3053.bpseq
data/TrainSetA/3054.bpseq
data/TrainSetA/3055.bpseq
data/TrainSetA/3056.bpseq
data/TrainSetA/3057.bpseq
data/TrainSetA/3058.bpseq
data/TrainSetA/3059.bpseq
data/TrainSetA/306.bpseq
data/TrainSetA/3060.bpseq
data/TrainSetA/3061.bpseq
data/TrainSetA/3062.bpseq
data/TrainSetA/3063.bpseq
data/TrainSetA/3064.bpseq
data/TrainSetA/3065.bpseq
data/TrainSetA/3066.bpseq
data/TrainSetA/3067.bpseq
data/TrainSetA/3068.bpseq
data/TrainSetA/3069.bpseq
data/TrainSetA/307.bpseq
data/TrainSetA/3070.bpseq
data/TrainSetA/3071.bpseq
data/TrainSetA/3072.bpseq
data/TrainSetA/3073.bpseq
data/TrainSetA/3074.bpseq
data/TrainSetA/3075.bpseq
data/TrainSetA/3076.bpseq
data/TrainSetA/3077.bpseq
data/TrainSetA/3078.bpseq
data/TrainSetA/3079.bpseq
data/TrainSetA/308.bpseq
data/TrainSetA/3080.bpseq
data/TrainSetA/3081.bpseq
data/TrainSetA/3082.bpseq
data/TrainSetA/3083.bpseq
data/TrainSetA/3084.bpseq
data/TrainSetA/3085.bpseq
data/TrainSetA/3086.bpseq
data/TrainSetA/3087.bpseq
data/TrainSetA/3088.bpseq
data/TrainSetA/3089.bpseq
data/TrainSetA/309.bpseq
data/TrainSetA/3090.bpseq
data/TrainSetA/3091.bpseq
data/TrainSetA/3092.bpseq
data/TrainSetA/3093.bpseq
data/TrainSetA/3094.bpseq
data/TrainSetA/3095.bpseq
data/TrainSetA/3096.bpseq
data/TrainSetA/3097.bpseq
data/TrainSetA/3098.bpseq
data/TrainSetA/3099.bpseq
data/TrainSetA/31.bpseq
data/TrainSetA/310.bpseq
data/TrainSetA/3100.bpseq
data/TrainSetA/3101.bpseq
data/TrainSetA/3102.bpseq
data/TrainSetA/3103.bpseq
data/TrainSetA/3104.bpseq
data/TrainSetA/3105.bpseq
data/TrainSetA/3106.bpseq
data/TrainSetA/3107.bpseq
data/TrainSetA/3108.bpseq
data/TrainSetA/3109.bpseq
data/TrainSetA/311.bpseq
data/TrainSetA/3110.bpseq
data/TrainSetA/3111.bpseq
data/TrainSetA/3112.bpseq
data/TrainSetA/3113.bpseq
data/TrainSetA/3114.bpseq
data/TrainSetA/3115.bpseq
data/TrainSetA/3116.bpseq
data/TrainSetA/3117.bpseq
data/TrainSetA/3118.bpseq
data/TrainSetA/3119.bpseq
data/TrainSetA/312.bpseq
data/TrainSetA/3120.bpseq
data/TrainSetA/3121.bpseq
data/TrainSetA/3122.bpseq
data/TrainSetA/3123.bpseq
data/TrainSetA/3124.bpseq
data/TrainSetA/3125.bpseq
data/TrainSetA/3126.bpseq
data/TrainSetA/3127.bpseq
data/TrainSetA/3128.bpseq
data/TrainSetA/3129.bpseq
data/TrainSetA/313.bpseq
data/TrainSetA/3130.bpseq
data/TrainSetA/3131.bpseq
data/TrainSetA/3132.bpseq
data/TrainSetA/3133.bpseq
data/TrainSetA/3134.bpseq
data/TrainSetA/3135.bpseq
data/TrainSetA/3136.bpseq
data/TrainSetA/3137.bpseq
data/TrainSetA/3138.bpseq
data/TrainSetA/3139.bpseq
data/TrainSetA/314.bpseq
data/TrainSetA/3140.bpseq
data/TrainSetA/3141.bpseq
data/TrainSetA/3142.bpseq
data/TrainSetA/3143.bpseq
data/TrainSetA/3144.bpseq
data/TrainSetA/3145.bpseq
data/TrainSetA/3146.bpseq
data/TrainSetA/3147.bpseq
data/TrainSetA/3148.bpseq
data/TrainSetA/3149.bpseq
data/TrainSetA/315.bpseq
data/TrainSetA/3150.bpseq
data/TrainSetA/3151.bpseq
data/TrainSetA/3152.bpseq
data/TrainSetA/3153.bpseq
data/TrainSetA/3154.bpseq
data/TrainSetA/3155.bpseq
data/TrainSetA/3156.bpseq
data/TrainSetA/3157.bpseq
data/TrainSetA/3158.bpseq
data/TrainSetA/3159.bpseq
data/TrainSetA/316.bpseq
data/TrainSetA/3160.bpseq
data/TrainSetA/3161.bpseq
data/TrainSetA/3162.bpseq
data/TrainSetA/3163.bpseq
data/TrainSetA/3164.bpseq
data/TrainSetA/3165.bpseq
data/TrainSetA/317.bpseq
data/TrainSetA/318.bpseq
data/TrainSetA/319.bpseq
data/TrainSetA/32.bpseq
data/TrainSetA/320.bpseq
data/TrainSetA/321.bpseq
data/TrainSetA/322.bpseq
data/TrainSetA/323.bpseq
data/TrainSetA/324.bpseq
data/TrainSetA/325.bpseq
data/TrainSetA/326.bpseq
data/TrainSetA/327.bpseq
data/TrainSetA/328.bpseq
data/TrainSetA/329.bpseq
data/TrainSetA/33.bpseq
data/TrainSetA/330.bpseq
data/TrainSetA/331.bpseq
data/TrainSetA/332.bpseq
data/TrainSetA/333.bpseq
data/TrainSetA/334.bpseq
data/TrainSetA/335.bpseq
data/TrainSetA/336.bpseq
data/TrainSetA/337.bpseq
data/TrainSetA/338.bpseq
data/TrainSetA/339.bpseq
data/TrainSetA/34.bpseq
data/TrainSetA/340.bpseq
data/TrainSetA/341.bpseq
data/TrainSetA/342.bpseq
data/TrainSetA/343.bpseq
data/TrainSetA/344.bpseq
data/TrainSetA/345.bpseq
data/TrainSetA/346.bpseq
data/TrainSetA/347.bpseq
data/TrainSetA/348.bpseq
data/TrainSetA/349.bpseq
data/TrainSetA/35.bpseq
data/TrainSetA/350.bpseq
data/TrainSetA/351.bpseq
data/TrainSetA/352.bpseq
data/TrainSetA/353.bpseq
data/TrainSetA/354.bpseq
data/TrainSetA/355.bpseq
data/TrainSetA/356.bpseq
data/TrainSetA/357.bpseq
data/TrainSetA/358.bpseq
data/TrainSetA/359.bpseq
data/TrainSetA/36.bpseq
data/TrainSetA/360.bpseq
data/TrainSetA/361.bpseq
data/TrainSetA/362.bpseq
data/TrainSetA/363.bpseq
data/TrainSetA/364.bpseq
data/TrainSetA/365.bpseq
data/TrainSetA/366.bpseq
data/TrainSetA/367.bpseq
data/TrainSetA/368.bpseq
data/TrainSetA/369.bpseq
data/TrainSetA/37.bpseq
data/TrainSetA/370.bpseq
data/TrainSetA/371.bpseq
data/TrainSetA/372.bpseq
data/TrainSetA/373.bpseq
data/TrainSetA/374.bpseq
data/TrainSetA/375.bpseq
data/TrainSetA/376.bpseq
data/TrainSetA/377.bpseq
data/TrainSetA/378.bpseq
data/TrainSetA/379.bpseq
data/TrainSetA/38.bpseq
data/TrainSetA/380.bpseq
data/TrainSetA/381.bpseq
data/TrainSetA/382.bpseq
data/TrainSetA/383.bpseq
data/TrainSetA/384.bpseq
data/TrainSetA/385.bpseq
data/TrainSetA/386.bpseq
data/TrainSetA/387.bpseq
data/TrainSetA/388.bpseq
data/TrainSetA/389.bpseq
data/TrainSetA/39.bpseq
data/TrainSetA/390.bpseq
data/TrainSetA/391.bpseq
data/TrainSetA/392.bpseq
data/TrainSetA/393.bpseq
data/TrainSetA/394.bpseq
data/TrainSetA/395.bpseq
data/TrainSetA/396.bpseq
data/TrainSetA/397.bpseq
data/TrainSetA/398.bpseq
data/TrainSetA/399.bpseq
data/TrainSetA/4.bpseq
data/TrainSetA/40.bpseq
data/TrainSetA/400.bpseq
data/TrainSetA/401.bpseq
data/TrainSetA/402.bpseq
data/TrainSetA/403.bpseq
data/TrainSetA/404.bpseq
data/TrainSetA/405.bpseq
data/TrainSetA/406.bpseq
data/TrainSetA/407.bpseq
data/TrainSetA/408.bpseq
data/TrainSetA/409.bpseq
data/TrainSetA/41.bpseq
data/TrainSetA/410.bpseq
data/TrainSetA/411.bpseq
data/TrainSetA/412.bpseq
data/TrainSetA/413.bpseq
data/TrainSetA/414.bpseq
data/TrainSetA/415.bpseq
data/TrainSetA/416.bpseq
data/TrainSetA/417.bpseq
data/TrainSetA/418.bpseq
data/TrainSetA/419.bpseq
data/TrainSetA/42.bpseq
data/TrainSetA/420.bpseq
data/TrainSetA/421.bpseq
data/TrainSetA/422.bpseq
data/TrainSetA/423.bpseq
data/TrainSetA/424.bpseq
data/TrainSetA/425.bpseq
data/TrainSetA/426.bpseq
data/TrainSetA/427.bpseq
data/TrainSetA/428.bpseq
data/TrainSetA/429.bpseq
data/TrainSetA/43.bpseq
data/TrainSetA/430.bpseq
data/TrainSetA/431.bpseq
data/TrainSetA/432.bpseq
data/TrainSetA/433.bpseq
data/TrainSetA/434.bpseq
data/TrainSetA/435.bpseq
data/TrainSetA/436.bpseq
data/TrainSetA/437.bpseq
data/TrainSetA/438.bpseq
data/TrainSetA/439.bpseq
data/TrainSetA/44.bpseq
data/TrainSetA/440.bpseq
data/TrainSetA/441.bpseq
data/TrainSetA/442.bpseq
data/TrainSetA/443.bpseq
data/TrainSetA/444.bpseq
data/TrainSetA/445.bpseq
data/TrainSetA/446.bpseq
data/TrainSetA/447.bpseq
data/TrainSetA/448.bpseq
data/TrainSetA/449.bpseq
data/TrainSetA/45.bpseq
data/TrainSetA/450.bpseq
data/TrainSetA/451.bpseq
data/TrainSetA/452.bpseq
data/TrainSetA/453.bpseq
data/TrainSetA/454.bpseq
data/TrainSetA/455.bpseq
data/TrainSetA/456.bpseq
data/TrainSetA/457.bpseq
data/TrainSetA/458.bpseq
data/TrainSetA/459.bpseq
data/TrainSetA/46.bpseq
data/TrainSetA/460.bpseq
data/TrainSetA/461.bpseq
data/TrainSetA/462.bpseq
data/TrainSetA/463.bpseq
data/TrainSetA/464.bpseq
data/TrainSetA/465.bpseq
data/TrainSetA/466.bpseq
data/TrainSetA/467.bpseq
data/TrainSetA/468.bpseq
data/TrainSetA/469.bpseq
data/TrainSetA/47.bpseq
data/TrainSetA/470.bpseq
data/TrainSetA/471.bpseq
data/TrainSetA/472.bpseq
data/TrainSetA/473.bpseq
data/TrainSetA/474.bpseq
data/TrainSetA/475.bpseq
data/TrainSetA/476.bpseq
data/TrainSetA/477.bpseq
data/TrainSetA/478.bpseq
data/TrainSetA/479.bpseq
data/TrainSetA/48.bpseq
data/TrainSetA/480.bpseq
data/TrainSetA/481.bpseq
data/TrainSetA/482.bpseq
data/TrainSetA/483.bpseq
data/TrainSetA/484.bpseq
data/TrainSetA/485.bpseq
data/TrainSetA/486.bpseq
data/TrainSetA/487.bpseq
data/TrainSetA/488.bpseq
data/TrainSetA/489.bpseq
data/TrainSetA/49.bpseq
data/TrainSetA/490.bpseq
data/TrainSetA/491.bpseq
data/TrainSetA/492.bpseq
data/TrainSetA/493.bpseq
data/TrainSetA/494.bpseq
data/TrainSetA/495.bpseq
data/TrainSetA/496.bpseq
data/TrainSetA/497.bpseq
data/TrainSetA/498.bpseq
data/TrainSetA/499.bpseq
data/TrainSetA/5.bpseq
data/TrainSetA/50.bpseq
data/TrainSetA/500.bpseq
data/TrainSetA/501.bpseq
data/TrainSetA/502.bpseq
data/TrainSetA/503.bpseq
data/TrainSetA/504.bpseq
data/TrainSetA/505.bpseq
data/TrainSetA/506.bpseq
data/TrainSetA/507.bpseq
data/TrainSetA/508.bpseq
data/TrainSetA/509.bpseq
data/TrainSetA/51.bpseq
data/TrainSetA/510.bpseq
data/TrainSetA/511.bpseq
data/TrainSetA/512.bpseq
data/TrainSetA/513.bpseq
data/TrainSetA/514.bpseq
data/TrainSetA/515.bpseq
data/TrainSetA/516.bpseq
data/TrainSetA/517.bpseq
data/TrainSetA/518.bpseq
data/TrainSetA/519.bpseq
data/TrainSetA/52.bpseq
data/TrainSetA/520.bpseq
data/TrainSetA/521.bpseq
data/TrainSetA/522.bpseq
data/TrainSetA/523.bpseq
data/TrainSetA/524.bpseq
data/TrainSetA/525.bpseq
data/TrainSetA/526.bpseq
data/TrainSetA/527.bpseq
data/TrainSetA/528.bpseq
data/TrainSetA/529.bpseq
data/TrainSetA/53.bpseq
data/TrainSetA/530.bpseq
data/TrainSetA/531.bpseq
data/TrainSetA/532.bpseq
data/TrainSetA/533.bpseq
data/TrainSetA/534.bpseq
data/TrainSetA/535.bpseq
data/TrainSetA/536.bpseq
data/TrainSetA/537.bpseq
data/TrainSetA/538.bpseq
data/TrainSetA/539.bpseq
data/TrainSetA/54.bpseq
data/TrainSetA/540.bpseq
data/TrainSetA/541.bpseq
data/TrainSetA/542.bpseq
data/TrainSetA/543.bpseq
data/TrainSetA/544.bpseq
data/TrainSetA/545.bpseq
data/TrainSetA/546.bpseq
data/TrainSetA/547.bpseq
data/TrainSetA/548.bpseq
data/TrainSetA/549.bpseq
data/TrainSetA/55.bpseq
data/TrainSetA/550.bpseq
data/TrainSetA/551.bpseq
data/TrainSetA/552.bpseq
data/TrainSetA/553.bpseq
data/TrainSetA/554.bpseq
data/TrainSetA/555.bpseq
data/TrainSetA/556.bpseq
data/TrainSetA/557.bpseq
data/TrainSetA/558.bpseq
data/TrainSetA/559.bpseq
data/TrainSetA/56.bpseq
data/TrainSetA/560.bpseq
data/TrainSetA/561.bpseq
data/TrainSetA/562.bpseq
data/TrainSetA/563.bpseq
data/TrainSetA/564.bpseq
data/TrainSetA/565.bpseq
data/TrainSetA/566.bpseq
data/TrainSetA/567.bpseq
data/TrainSetA/568.bpseq
data/TrainSetA/569.bpseq
data/TrainSetA/57.bpseq
data/TrainSetA/570.bpseq
data/TrainSetA/571.bpseq
data/TrainSetA/572.bpseq
data/TrainSetA/573.bpseq
data/TrainSetA/574.bpseq
data/TrainSetA/575.bpseq
data/TrainSetA/576.bpseq
data/TrainSetA/577.bpseq
data/TrainSetA/578.bpseq
data/TrainSetA/579.bpseq
data/TrainSetA/58.bpseq
data/TrainSetA/580.bpseq
data/TrainSetA/581.bpseq
data/TrainSetA/582.bpseq
data/TrainSetA/583.bpseq
data/TrainSetA/584.bpseq
data/TrainSetA/585.bpseq
data/TrainSetA/586.bpseq
data/TrainSetA/587.bpseq
data/TrainSetA/588.bpseq
data/TrainSetA/589.bpseq
data/TrainSetA/59.bpseq
data/TrainSetA/590.bpseq
data/TrainSetA/591.bpseq
data/TrainSetA/592.bpseq
data/TrainSetA/593.bpseq
data/TrainSetA/594.bpseq
data/TrainSetA/595.bpseq
data/TrainSetA/596.bpseq
data/TrainSetA/597.bpseq
data/TrainSetA/598.bpseq
data/TrainSetA/599.bpseq
data/TrainSetA/6.bpseq
data/TrainSetA/60.bpseq
data/TrainSetA/600.bpseq
data/TrainSetA/601.bpseq
data/TrainSetA/602.bpseq
data/TrainSetA/603.bpseq
data/TrainSetA/604.bpseq
data/TrainSetA/605.bpseq
data/TrainSetA/606.bpseq
data/TrainSetA/607.bpseq
data/TrainSetA/608.bpseq
data/TrainSetA/609.bpseq
data/TrainSetA/61.bpseq
data/TrainSetA/610.bpseq
data/TrainSetA/611.bpseq
data/TrainSetA/612.bpseq
data/TrainSetA/613.bpseq
data/TrainSetA/614.bpseq
data/TrainSetA/615.bpseq
data/TrainSetA/616.bpseq
data/TrainSetA/617.bpseq
data/TrainSetA/618.bpseq
data/TrainSetA/619.bpseq
data/TrainSetA/62.bpseq
data/TrainSetA/620.bpseq
data/TrainSetA/621.bpseq
data/TrainSetA/622.bpseq
data/TrainSetA/623.bpseq
data/TrainSetA/624.bpseq
data/TrainSetA/625.bpseq
data/TrainSetA/626.bpseq
data/TrainSetA/627.bpseq
data/TrainSetA/628.bpseq
data/TrainSetA/629.bpseq
data/TrainSetA/63.bpseq
data/TrainSetA/630.bpseq
data/TrainSetA/631.bpseq
data/TrainSetA/632.bpseq
data/TrainSetA/633.bpseq
data/TrainSetA/634.bpseq
data/TrainSetA/635.bpseq
data/TrainSetA/636.bpseq
data/TrainSetA/637.bpseq
data/TrainSetA/638.bpseq
data/TrainSetA/639.bpseq
data/TrainSetA/64.bpseq
data/TrainSetA/640.bpseq
data/TrainSetA/641.bpseq
data/TrainSetA/642.bpseq
data/TrainSetA/643.bpseq
data/TrainSetA/644.bpseq
data/TrainSetA/645.bpseq
data/TrainSetA/646.bpseq
data/TrainSetA/647.bpseq
data/TrainSetA/648.bpseq
data/TrainSetA/649.bpseq
data/TrainSetA/65.bpseq
data/TrainSetA/650.bpseq
data/TrainSetA/651.bpseq
data/TrainSetA/652.bpseq
data/TrainSetA/653.bpseq
data/TrainSetA/654.bpseq
data/TrainSetA/655.bpseq
data/TrainSetA/656.bpseq
data/TrainSetA/657.bpseq
data/TrainSetA/658.bpseq
data/TrainSetA/659.bpseq
data/TrainSetA/66.bpseq
data/TrainSetA/660.bpseq
data/TrainSetA/661.bpseq
data/TrainSetA/662.bpseq
data/TrainSetA/663.bpseq
data/TrainSetA/664.bpseq
data/TrainSetA/665.bpseq
data/TrainSetA/666.bpseq
data/TrainSetA/667.bpseq
data/TrainSetA/668.bpseq
data/TrainSetA/669.bpseq
data/TrainSetA/67.bpseq
data/TrainSetA/670.bpseq
data/TrainSetA/671.bpseq
data/TrainSetA/672.bpseq
data/TrainSetA/673.bpseq
data/TrainSetA/674.bpseq
data/TrainSetA/675.bpseq
data/TrainSetA/676.bpseq
data/TrainSetA/677.bpseq
data/TrainSetA/678.bpseq
data/TrainSetA/679.bpseq
data/TrainSetA/68.bpseq
data/TrainSetA/680.bpseq
data/TrainSetA/681.bpseq
data/TrainSetA/682.bpseq
data/TrainSetA/683.bpseq
data/TrainSetA/684.bpseq
data/TrainSetA/685.bpseq
data/TrainSetA/686.bpseq
data/TrainSetA/687.bpseq
data/TrainSetA/688.bpseq
data/TrainSetA/689.bpseq
data/TrainSetA/69.bpseq
data/TrainSetA/690.bpseq
data/TrainSetA/691.bpseq
data/TrainSetA/692.bpseq
data/TrainSetA/693.bpseq
data/TrainSetA/694.bpseq
data/TrainSetA/695.bpseq
data/TrainSetA/696.bpseq
data/TrainSetA/697.bpseq
data/TrainSetA/698.bpseq
data/TrainSetA/699.bpseq
data/TrainSetA/7.bpseq
data/TrainSetA/70.bpseq
data/TrainSetA/700.bpseq
data/TrainSetA/701.bpseq
data/TrainSetA/702.bpseq
data/TrainSetA/703.bpseq
data/TrainSetA/704.bpseq
data/TrainSetA/705.bpseq
data/TrainSetA/706.bpseq
data/TrainSetA/707.bpseq
data/TrainSetA/708.bpseq
data/TrainSetA/709.bpseq
data/TrainSetA/71.bpseq
data/TrainSetA/710.bpseq
data/TrainSetA/711.bpseq
data/TrainSetA/712.bpseq
data/TrainSetA/713.bpseq
data/TrainSetA/714.bpseq
data/TrainSetA/715.bpseq
data/TrainSetA/716.bpseq
data/TrainSetA/717.bpseq
data/TrainSetA/718.bpseq
data/TrainSetA/719.bpseq
data/TrainSetA/72.bpseq
data/TrainSetA/720.bpseq
data/TrainSetA/721.bpseq
data/TrainSetA/722.bpseq
data/TrainSetA/723.bpseq
data/TrainSetA/724.bpseq
data/TrainSetA/725.bpseq
data/TrainSetA/726.bpseq
data/TrainSetA/727.bpseq
data/TrainSetA/728.bpseq
data/TrainSetA/729.bpseq
data/TrainSetA/73.bpseq
data/TrainSetA/730.bpseq
data/TrainSetA/731.bpseq
data/TrainSetA/732.bpseq
data/TrainSetA/733.bpseq
data/TrainSetA/734.bpseq
data/TrainSetA/735.bpseq
data/TrainSetA/736.bpseq
data/TrainSetA/737.bpseq
data/TrainSetA/738.bpseq
data/TrainSetA/739.bpseq
data/TrainSetA/74.bpseq
data/TrainSetA/740.bpseq
data/TrainSetA/741.bpseq
data/TrainSetA/742.bpseq
data/TrainSetA/743.bpseq
data/TrainSetA/744.bpseq
data/TrainSetA/745.bpseq
data/TrainSetA/746.bpseq
data/TrainSetA/747.bpseq
data/TrainSetA/748.bpseq
data/TrainSetA/749.bpseq
data/TrainSetA/75.bpseq
data/TrainSetA/750.bpseq
data/TrainSetA/751.bpseq
data/TrainSetA/752.bpseq
data/TrainSetA/753.bpseq
data/TrainSetA/754.bpseq
data/TrainSetA/755.bpseq
data/TrainSetA/756.bpseq
data/TrainSetA/757.bpseq
data/TrainSetA/758.bpseq
data/TrainSetA/759.bpseq
data/TrainSetA/76.bpseq
data/TrainSetA/760.bpseq
data/TrainSetA/761.bpseq
data/TrainSetA/762.bpseq
data/TrainSetA/763.bpseq
data/TrainSetA/764.bpseq
data/TrainSetA/765.bpseq
data/TrainSetA/766.bpseq
data/TrainSetA/767.bpseq
data/TrainSetA/768.bpseq
data/TrainSetA/769.bpseq
data/TrainSetA/77.bpseq
data/TrainSetA/770.bpseq
data/TrainSetA/771.bpseq
data/TrainSetA/772.bpseq
data/TrainSetA/773.bpseq
data/TrainSetA/774.bpseq
data/TrainSetA/775.bpseq
data/TrainSetA/776.bpseq
data/TrainSetA/777.bpseq
data/TrainSetA/778.bpseq
data/TrainSetA/779.bpseq
data/TrainSetA/78.bpseq
data/TrainSetA/780.bpseq
data/TrainSetA/781.bpseq
data/TrainSetA/782.bpseq
data/TrainSetA/783.bpseq
data/TrainSetA/784.bpseq
data/TrainSetA/785.bpseq
data/TrainSetA/786.bpseq
data/TrainSetA/787.bpseq
data/TrainSetA/788.bpseq
data/TrainSetA/789.bpseq
data/TrainSetA/79.bpseq
data/TrainSetA/790.bpseq
data/TrainSetA/791.bpseq
data/TrainSetA/792.bpseq
data/TrainSetA/793.bpseq
data/TrainSetA/794.bpseq
data/TrainSetA/795.bpseq
data/TrainSetA/796.bpseq
data/TrainSetA/797.bpseq
data/TrainSetA/798.bpseq
data/TrainSetA/799.bpseq
data/TrainSetA/8.bpseq
data/TrainSetA/80.bpseq
data/TrainSetA/800.bpseq
data/TrainSetA/801.bpseq
data/TrainSetA/802.bpseq
data/TrainSetA/803.bpseq
data/TrainSetA/804.bpseq
data/TrainSetA/805.bpseq
data/TrainSetA/806.bpseq
data/TrainSetA/807.bpseq
data/TrainSetA/808.bpseq
data/TrainSetA/809.bpseq
data/TrainSetA/81.bpseq
data/TrainSetA/810.bpseq
data/TrainSetA/811.bpseq
data/TrainSetA/812.bpseq
data/TrainSetA/813.bpseq
data/TrainSetA/814.bpseq
data/TrainSetA/815.bpseq
data/TrainSetA/816.bpseq
data/TrainSetA/817.bpseq
data/TrainSetA/818.bpseq
data/TrainSetA/819.bpseq
data/TrainSetA/82.bpseq
data/TrainSetA/820.bpseq
data/TrainSetA/821.bpseq
data/TrainSetA/822.bpseq
data/TrainSetA/823.bpseq
data/TrainSetA/824.bpseq
data/TrainSetA/825.bpseq
data/TrainSetA/826.bpseq
data/TrainSetA/827.bpseq
data/TrainSetA/828.bpseq
data/TrainSetA/829.bpseq
data/TrainSetA/83.bpseq
data/TrainSetA/830.bpseq
data/TrainSetA/831.bpseq
data/TrainSetA/832.bpseq
data/TrainSetA/833.bpseq
data/TrainSetA/834.bpseq
data/TrainSetA/835.bpseq
data/TrainSetA/836.bpseq
data/TrainSetA/837.bpseq
data/TrainSetA/838.bpseq
data/TrainSetA/839.bpseq
data/TrainSetA/84.bpseq
data/TrainSetA/840.bpseq
data/TrainSetA/841.bpseq
data/TrainSetA/842.bpseq
data/TrainSetA/843.bpseq
data/TrainSetA/844.bpseq
data/TrainSetA/845.bpseq
data/TrainSetA/846.bpseq
data/TrainSetA/847.bpseq
data/TrainSetA/848.bpseq
data/TrainSetA/849.bpseq
data/TrainSetA/85.bpseq
data/TrainSetA/850.bpseq
data/TrainSetA/851.bpseq
data/TrainSetA/852.bpseq
data/TrainSetA/853.bpseq
data/TrainSetA/854.bpseq
data/TrainSetA/855.bpseq
data/TrainSetA/856.bpseq
data/TrainSetA/857.bpseq
data/TrainSetA/858.bpseq
data/TrainSetA/859.bpseq
data/TrainSetA/86.bpseq
data/TrainSetA/860.bpseq
data/TrainSetA/861.bpseq
data/TrainSetA/862.bpseq
data/TrainSetA/863.bpseq
data/TrainSetA/864.bpseq
data/TrainSetA/865.bpseq
data/TrainSetA/866.bpseq
data/TrainSetA/867.bpseq
data/TrainSetA/868.bpseq
data/TrainSetA/869.bpseq
data/TrainSetA/87.bpseq
data/TrainSetA/870.bpseq
data/TrainSetA/871.bpseq
data/TrainSetA/872.bpseq
data/TrainSetA/873.bpseq
data/TrainSetA/874.bpseq
data/TrainSetA/875.bpseq
data/TrainSetA/876.bpseq
data/TrainSetA/877.bpseq
data/TrainSetA/878.bpseq
data/TrainSetA/879.bpseq
data/TrainSetA/88.bpseq
data/TrainSetA/880.bpseq
data/TrainSetA/881.bpseq
data/TrainSetA/882.bpseq
data/TrainSetA/883.bpseq
data/TrainSetA/884.bpseq
data/TrainSetA/885.bpseq
data/TrainSetA/886.bpseq
data/TrainSetA/887.bpseq
data/TrainSetA/888.bpseq
data/TrainSetA/889.bpseq
data/TrainSetA/89.bpseq
data/TrainSetA/890.bpseq
data/TrainSetA/891.bpseq
data/TrainSetA/892.bpseq
data/TrainSetA/893.bpseq
data/TrainSetA/894.bpseq
data/TrainSetA/895.bpseq
data/TrainSetA/896.bpseq
data/TrainSetA/897.bpseq
data/TrainSetA/898.bpseq
data/TrainSetA/899.bpseq
data/TrainSetA/9.bpseq
data/TrainSetA/90.bpseq
data/TrainSetA/900.bpseq
data/TrainSetA/901.bpseq
data/TrainSetA/902.bpseq
data/TrainSetA/903.bpseq
data/TrainSetA/904.bpseq
data/TrainSetA/905.bpseq
data/TrainSetA/906.bpseq
data/TrainSetA/907.bpseq
data/TrainSetA/908.bpseq
data/TrainSetA/909.bpseq
data/TrainSetA/91.bpseq
data/TrainSetA/910.bpseq
data/TrainSetA/911.bpseq
data/TrainSetA/912.bpseq
data/TrainSetA/913.bpseq
data/TrainSetA/914.bpseq
data/TrainSetA/915.bpseq
data/TrainSetA/916.bpseq
data/TrainSetA/917.bpseq
data/TrainSetA/918.bpseq
data/TrainSetA/919.bpseq
data/TrainSetA/92.bpseq
data/TrainSetA/920.bpseq
data/TrainSetA/921.bpseq
data/TrainSetA/922.bpseq
data/TrainSetA/923.bpseq
data/TrainSetA/924.bpseq
data/TrainSetA/925.bpseq
data/TrainSetA/926.bpseq
data/TrainSetA/927.bpseq
data/TrainSetA/928.bpseq
data/TrainSetA/929.bpseq
data/TrainSetA/93.bpseq
data/TrainSetA/930.bpseq
data/TrainSetA/931.bpseq
data/TrainSetA/932.bpseq
data/TrainSetA/933.bpseq
data/TrainSetA/934.bpseq
data/TrainSetA/935.bpseq
data/TrainSetA/936.bpseq
data/TrainSetA/937.bpseq
data/TrainSetA/938.bpseq
data/TrainSetA/939.bpseq
data/TrainSetA/94.bpseq
data/TrainSetA/940.bpseq
data/TrainSetA/941.bpseq
data/TrainSetA/942.bpseq
data/TrainSetA/943.bpseq
data/TrainSetA/944.bpseq
data/TrainSetA/945.bpseq
data/TrainSetA/946.bpseq
data/TrainSetA/947.bpseq
data/TrainSetA/948.bpseq
data/TrainSetA/949.bpseq
data/TrainSetA/95.bpseq
data/TrainSetA/950.bpseq
data/TrainSetA/951.bpseq
data/TrainSetA/952.bpseq
data/TrainSetA/953.bpseq
data/TrainSetA/954.bpseq
data/TrainSetA/955.bpseq
data/TrainSetA/956.bpseq
data/TrainSetA/957.bpseq
data/TrainSetA/958.bpseq
data/TrainSetA/959.bpseq
data/TrainSetA/96.bpseq
data/TrainSetA/960.bpseq
data/TrainSetA/961.bpseq
data/TrainSetA/962.bpseq
data/TrainSetA/963.bpseq
data/TrainSetA/964.bpseq
data/TrainSetA/965.bpseq
data/TrainSetA/966.bpseq
data/TrainSetA/967.bpseq
data/TrainSetA/968.bpseq
data/TrainSetA/969.bpseq
data/TrainSetA/97.bpseq
data/TrainSetA/970.bpseq
data/TrainSetA/971.bpseq
data/TrainSetA/972.bpseq
data/TrainSetA/973.bpseq
data/TrainSetA/974.bpseq
data/TrainSetA/975.bpseq
data/TrainSetA/976.bpseq
data/TrainSetA/977.bpseq
data/TrainSetA/978.bpseq
data/TrainSetA/979.bpseq
data/TrainSetA/98.bpseq
data/TrainSetA/980.bpseq
data/TrainSetA/981.bpseq
data/TrainSetA/982.bpseq
data/TrainSetA/983.bpseq
data/TrainSetA/984.bpseq
data/TrainSetA/985.bpseq
data/TrainSetA/986.bpseq
data/TrainSetA/987.bpseq
data/TrainSetA/988.bpseq
data/TrainSetA/989.bpseq
data/TrainSetA/99.bpseq
data/TrainSetA/990.bpseq
data/TrainSetA/991.bpseq
data/TrainSetA/992.bpseq
data/TrainSetA/993.bpseq
data/TrainSetA/994.bpseq
data/TrainSetA/995.bpseq
data/TrainSetA/996.bpseq
data/TrainSetA/997.bpseq
data/TrainSetA/998.bpseq
data/TrainSetA/999.bpseq
