data/archiveII/5s_Kibdelosporangium-aridum-1.bpseq
data/archiveII/5s_Rhodobacter-capsulatus-2.bpseq
data/archiveII/srp_Zymo.mobi._AF203881.bpseq
data/archiveII/5s_Yersinia-pseudotuberculosis-1.bpseq
data/archiveII/srp_Legi.pneu._CR628336.bpseq
data/archiveII/srp_Nitr.hamb._CP000319.bpseq
data/archiveII/srp_Vibr.vuln._AE016795.bpseq
data/archiveII/5s_Rattus-norvegicus-1.bpseq
data/archiveII/srp_Shew.spec._CP000444.bpseq
data/archiveII/tRNA_tdbR00000452-Mycoplasma_mycoides-2102-Val-UAC.bpseq
data/archiveII/tRNA_tdbR00000541-Haloferax_volcanii-2246-Tyr-GUA.bpseq
data/archiveII/5s_Paracoccus-versutus-1.bpseq
data/archiveII/srp_Carb.hydr._CP000141.bpseq
data/archiveII/tRNA_tdbR00000165-Solanum_tuberosum-4113-Ile-AU.bpseq
data/archiveII/srp_Halo.halo._CP000544.bpseq
data/archiveII/RNaseP_S.malidevorans.bpseq
data/archiveII/tRNA_tdbR00000277-Codium_fragile-3133-Met-CAU.bpseq
data/archiveII/5s_Buchnera-aphidicola-1.bpseq
data/archiveII/5s_Vibrio-parahaemolyticus-4.bpseq
data/archiveII/grp2_a.I2.c.N.tabacum.A.trnV.i1.bpseq
data/archiveII/5s_Wolbachia-endosymbiont-of-D.-melanogaster-1.bpseq
data/archiveII/srp_Esch.coli._AE014075.bpseq
data/archiveII/5s_Lupinus-angustifolius-1.bpseq
data/archiveII/5s_Halobacterium-salinarum-2.bpseq
data/archiveII/tRNA_tdbR00000098-Xenopus_laevis-8355-Phe-AA.bpseq
data/archiveII/5s_Salmonella-typhi-1.bpseq
data/archiveII/5s_Natronomonas-pharaonis-2.bpseq
data/archiveII/tRNA_tdbR00000173-Bombyx_mori-7091-Ile-IAU.bpseq
data/archiveII/tRNA_tdbR00000520-Aedes_albopictus-7160-Ini-CAU.bpseq
data/archiveII/tRNA_tdbR00000593-Ascaris_suum-6253-Trp-CA.bpseq
data/archiveII/5s_Finegoldia-magna-2.bpseq
data/archiveII/srp_Ther.ther._X12643.bpseq
data/archiveII/5s_Haloarcula-marismortui-2.bpseq
data/archiveII/grp2_a.I2.c.N.tabacum.A.S12.i2.bpseq
data/archiveII/srp_Cory.effi._BA000035.bpseq
data/archiveII/srp_Leis.dono._AY722734.bpseq
data/archiveII/5s_Chlorobium-tepidum-1.bpseq
data/archiveII/srp_Dani.reri._BX649540.bpseq
data/archiveII/srp_Vibr.chol._AE003852.bpseq
data/archiveII/5s_Scyliorhinus-canicula-1.bpseq
data/archiveII/5s_Bacteroides-fragilis-5.bpseq
data/archiveII/5s_Vibrio-vulnificus-4.bpseq
data/archiveII/srp_Bruc.abor._AE017223.bpseq
data/archiveII/srp_Tetr.nigr._GSP-99883.bpseq
data/archiveII/srp_Asco.apis._GSP-392613.bpseq
data/archiveII/tRNA_tdbR00000196-Rattus_norvegicus-10116-Lys-CUN.bpseq
data/archiveII/5s_Halobacterium-sp.-1.bpseq
data/archiveII/16s_M.polymorpha_domain3.bpseq
data/archiveII/5s_Lactobacillus-johnsonii-1.bpseq
data/archiveII/5s_Bacillus-halodurans-1.bpseq
data/archiveII/srp_Aspe.oryz._AP007169.bpseq
data/archiveII/srp_Arch.fulg._AE000782.bpseq
data/archiveII/5s_Lophocolea-heterophylla-1.bpseq
data/archiveII/srp_Leis.guya._AY722727.bpseq
data/archiveII/5s_Illex-illecebrosus-1.bpseq
data/archiveII/srp_Phak.meib._GSP-169999.bpseq
data/archiveII/srp_Ferv.nodo._CP000771.bpseq
data/archiveII/RNaseP_E.faecalis.bpseq
data/archiveII/tRNA_tdbR00000437-Escherichia_coli-562-Thr-GGU.bpseq
data/archiveII/srp_Batr.dend._GSP-403673.bpseq
data/archiveII/5s_Bacillus-sp.-1.bpseq
data/archiveII/5s_Methanolobus-tindarius-2.bpseq
data/archiveII/srp_Phyt.infe._CV911012.bpseq
data/archiveII/5s_Xenopus-tropicalis-2.bpseq
data/archiveII/5s_Natrinema-sp.-1.bpseq
data/archiveII/srp_Baci.alca._D11422.bpseq
data/archiveII/5s_Chlamydia-trachomatis-1.bpseq
data/archiveII/5s_Gelidium-amansii-2.bpseq
data/archiveII/5s_Mus-musculus-1.bpseq
data/bpRNAnew_dataset/bpRNAnew.nr500.canonicals/URS0000D6AC50_12908_1-125.bpseq
data/bpRNAnew_dataset/bpRNAnew.nr500.canonicals/URS0000D6B8FC_1191061_1-84.bpseq
data/bpRNAnew_dataset/bpRNAnew.nr500.canonicals/URS0000D682C8_1158598_1-66.bpseq
data/bpRNAnew_dataset/bpRNAnew.nr500.canonicals/URS0000D6A183_12908_1-182.bpseq
data/bpRNAnew_dataset/bpRNAnew.nr500.canonicals/URS0000D6CD70_12908_1-256.bpseq
data/bpRNAnew_dataset/bpRNAnew.nr500.canonicals/URS0000D686FA_12908_1-92.bpseq
data/bpRNAnew_dataset/bpRNAnew.nr500.canonicals/URS0000D6C93D_314264_1-93.bpseq
data/bpRNAnew_dataset/bpRNAnew.nr500.canonicals/URS0000D6899F_12908_1-70.bpseq
data/bpRNAnew_dataset/bpRNAnew.nr500.canonicals/CP001503.2_1547400-1547270.bpseq
data/bpRNAnew_dataset/bpRNAnew.nr500.canonicals/URS0000D6D033_12908_1-52.bpseq
data/bpRNAnew_dataset/bpRNAnew.nr500.canonicals/URS0000D6A485_1219065_1-103.bpseq
data/bpRNAnew_dataset/bpRNAnew.nr500.canonicals/URS0000D6D161_12908_1-134.bpseq
data/bpRNAnew_dataset/bpRNAnew.nr500.canonicals/URS0000D66503_12908_1-226.bpseq
data/bpRNAnew_dataset/bpRNAnew.nr500.canonicals/ADJT01008886.1_61472-61402.bpseq
data/bpRNAnew_dataset/bpRNAnew.nr500.canonicals/URS0000D6A0B6_994479_1-91.bpseq
data/bpRNAnew_dataset/bpRNAnew.nr500.canonicals/URS0000D6A9BC_381666_1-86.bpseq
data/bpRNAnew_dataset/bpRNAnew.nr500.canonicals/URS0000D67A58_12908_1-76.bpseq
data/bpRNAnew_dataset/bpRNAnew.nr500.canonicals/URS0000D67714_12908_1-68.bpseq
data/bpRNAnew_dataset/bpRNAnew.nr500.canonicals/URS0000D6957F_12908_1-131.bpseq
data/bpRNAnew_dataset/bpRNAnew.nr500.canonicals/URS0000D661C5_12908_1-69.bpseq
data/bpRNAnew_dataset/bpRNAnew.nr500.canonicals/URS0000D66A86_1380771_1-100.bpseq
data/bpRNAnew_dataset/bpRNAnew.nr500.canonicals/AL591824.1_540785-540670.bpseq
data/bpRNAnew_dataset/bpRNAnew.nr500.canonicals/URS0000D67918_12908_1-159.bpseq
data/bpRNAnew_dataset/bpRNAnew.nr500.canonicals/URS0000D6BC1A_12908_1-81.bpseq
data/bpRNAnew_dataset/bpRNAnew.nr500.canonicals/URS0000D6BD01_12908_1-105.bpseq
data/bpRNAnew_dataset/bpRNAnew.nr500.canonicals/URS0000D6CA27_12908_1-58.bpseq
data/bpRNAnew_dataset/bpRNAnew.nr500.canonicals/FN666575.1_2610835-2610754.bpseq
data/bpRNAnew_dataset/bpRNAnew.nr500.canonicals/URS0000D68576_342108_1-202.bpseq
data/bpRNAnew_dataset/bpRNAnew.nr500.canonicals/URS0000D6CE88_12908_1-277.bpseq
data/bpRNAnew_dataset/bpRNAnew.nr500.canonicals/URS0000D66170_1173021_1-77.bpseq
data/bpRNAnew_dataset/bpRNAnew.nr500.canonicals/URS0000D6D14D_12908_1-78.bpseq
data/bpRNAnew_dataset/bpRNAnew.nr500.canonicals/URS0000D680B0_12908_1-148.bpseq
data/bpRNAnew_dataset/bpRNAnew.nr500.canonicals/URS0000D6B26C_12908_1-54.bpseq
data/bpRNAnew_dataset/bpRNAnew.nr500.canonicals/URS0000D68284_12908_1-93.bpseq
data/bpRNAnew_dataset/bpRNAnew.nr500.canonicals/URS0000D69731_12908_1-65.bpseq
data/bpRNAnew_dataset/bpRNAnew.nr500.canonicals/URS0000D657A0_695560_1-58.bpseq
data/bpRNAnew_dataset/bpRNAnew.nr500.canonicals/URS0000D69F5F_12908_1-120.bpseq
data/bpRNAnew_dataset/bpRNAnew.nr500.canonicals/URS0000D6D06B_318586_1-87.bpseq
data/bpRNAnew_dataset/bpRNAnew.nr500.canonicals/URS0000D67ACA_12908_1-118.bpseq
data/bpRNAnew_dataset/bpRNAnew.nr500.canonicals/URS0000D67ABE_12908_1-375.bpseq
data/bpRNAnew_dataset/bpRNAnew.nr500.canonicals/URS0000D681EB_12908_1-68.bpseq
data/bpRNAnew_dataset/bpRNAnew.nr500.canonicals/URS0000D6B734_12908_1-96.bpseq
data/bpRNAnew_dataset/bpRNAnew.nr500.canonicals/URS0000D6A95A_663278_1-63.bpseq
data/bpRNAnew_dataset/bpRNAnew.nr500.canonicals/URS0000D68102_12908_1-72.bpseq
data/bpRNAnew_dataset/bpRNAnew.nr500.canonicals/URS0000D6AEB8_12908_1-101.bpseq
data/bpRNAnew_dataset/bpRNAnew.nr500.canonicals/URS0000D6B0A7_12908_1-51.bpseq
data/bpRNAnew_dataset/bpRNAnew.nr500.canonicals/URS0000D6B31B_12908_1-130.bpseq
data/bpRNAnew_dataset/bpRNAnew.nr500.canonicals/AP009044.1_10054-9921.bpseq
data/bpRNAnew_dataset/bpRNAnew.nr500.canonicals/URS0000D6801E_1311804_1-168.bpseq
data/bpRNAnew_dataset/bpRNAnew.nr500.canonicals/URS0000D6B07E_12908_1-156.bpseq
data/bpRNAnew_dataset/bpRNAnew.nr500.canonicals/URS0000D6D016_12908_1-145.bpseq
data/bpRNAnew_dataset/bpRNAnew.nr500.canonicals/URS0000D69846_12908_1-72.bpseq
data/bpRNAnew_dataset/bpRNAnew.nr500.canonicals/URS0000D6813E_12908_1-62.bpseq
data/bpRNAnew_dataset/bpRNAnew.nr500.canonicals/CP000880.1_2698815-2698705.bpseq
data/bpRNAnew_dataset/bpRNAnew.nr500.canonicals/URS0000D678A5_12908_1-81.bpseq
data/bpRNAnew_dataset/bpRNAnew.nr500.canonicals/URS0000D689C1_12908_1-120.bpseq
data/bpRNAnew_dataset/bpRNAnew.nr500.canonicals/URS0000D6AFC4_314280_1-162.bpseq
data/bpRNAnew_dataset/bpRNAnew.nr500.canonicals/URS0000D6C9F2_1392540_1-160.bpseq
data/bpRNAnew_dataset/bpRNAnew.nr500.canonicals/URS0000D6A943_12908_1-230.bpseq
data/bpRNAnew_dataset/bpRNAnew.nr500.canonicals/URS0000D6931C_12908_1-82.bpseq
data/bpRNAnew_dataset/bpRNAnew.nr500.canonicals/URS0000D6AE81_12908_1-77.bpseq
data/bpRNAnew_dataset/bpRNAnew.nr500.canonicals/URS0000D68B66_12908_1-73.bpseq
data/bpRNAnew_dataset/bpRNAnew.nr500.canonicals/URS0000D69B7E_12908_1-48.bpseq
data/bpRNAnew_dataset/bpRNAnew.nr500.canonicals/URS0000D6861F_12908_1-62.bpseq
data/bpRNAnew_dataset/bpRNAnew.nr500.canonicals/URS0000D6728F_1286093_1-189.bpseq
data/bpRNAnew_dataset/bpRNAnew.nr500.canonicals/URS0000D6B7EC_12908_1-68.bpseq
data/bpRNAnew_dataset/bpRNAnew.nr500.canonicals/URS0000D66EF3_12908_1-116.bpseq
data/bpRNAnew_dataset/bpRNAnew.nr500.canonicals/URS0000D6868B_857293_1-141.bpseq
data/bpRNAnew_dataset/bpRNAnew.nr500.canonicals/URS0000D67F0D_12908_1-79.bpseq
data/bpRNAnew_dataset/bpRNAnew.nr500.canonicals/URS0000D68B92_12908_1-125.bpseq
data/bpRNAnew_dataset/bpRNAnew.nr500.canonicals/URS0000D68663_12908_1-62.bpseq
data/bpRNAnew_dataset/bpRNAnew.nr500.canonicals/URS0000D67E41_1188252_1-53.bpseq
data/bpRNAnew_dataset/bpRNAnew.nr500.canonicals/URS0000D6CB12_12908_1-90.bpseq
data/bpRNAnew_dataset/bpRNAnew.nr500.canonicals/URS0000D6A302_12908_1-127.bpseq
data/bpRNAnew_dataset/bpRNAnew.nr500.canonicals/URS0000D6A211_12908_1-72.bpseq
data/bpRNAnew_dataset/bpRNAnew.nr500.canonicals/AGTN01285523.1_140-242.bpseq
data/bpRNAnew_dataset/bpRNAnew.nr500.canonicals/URS0000D6CD98_12908_1-72.bpseq
data/bpRNAnew_dataset/bpRNAnew.nr500.canonicals/URS0000D6C8BF_12908_1-127.bpseq
data/bpRNAnew_dataset/bpRNAnew.nr500.canonicals/URS0000D67954_12908_1-84.bpseq
data/bpRNAnew_dataset/bpRNAnew.nr500.canonicals/URS0000D69889_323097_1-58.bpseq
data/bpRNAnew_dataset/bpRNAnew.nr500.canonicals/URS0000D68E16_12908_1-96.bpseq
data/bpRNAnew_dataset/bpRNAnew.nr500.canonicals/URS0000D677E1_12908_1-120.bpseq
data/bpRNAnew_dataset/bpRNAnew.nr500.canonicals/URS0000D69C53_12908_1-54.bpseq
data/bpRNAnew_dataset/bpRNAnew.nr500.canonicals/URS0000D68A00_12908_1-56.bpseq
data/bpRNAnew_dataset/bpRNAnew.nr500.canonicals/URS0000D694EC_12908_1-94.bpseq
data/bpRNAnew_dataset/bpRNAnew.nr500.canonicals/URS0000D69B15_12908_1-90.bpseq
data/bpRNAnew_dataset/bpRNAnew.nr500.canonicals/HG322950.1_5856267-5856371.bpseq
data/bpRNAnew_dataset/bpRNAnew.nr500.canonicals/URS0000D66136_12908_1-402.bpseq
data/bpRNAnew_dataset/bpRNAnew.nr500.canonicals/CP006259.1_6123361-6123230.bpseq
data/bpRNAnew_dataset/bpRNAnew.nr500.canonicals/URS0000D6899C_12908_1-171.bpseq
data/bpRNAnew_dataset/bpRNAnew.nr500.canonicals/URS0000D6D006_12908_1-105.bpseq
data/bpRNAnew_dataset/bpRNAnew.nr500.canonicals/URS0000D68757_12908_1-51.bpseq
data/bpRNAnew_dataset/bpRNAnew.nr500.canonicals/URS0000D6C510_1005042_1-62.bpseq
data/bpRNAnew_dataset/bpRNAnew.nr500.canonicals/URS0000D6CAD6_12908_1-90.bpseq
data/bpRNAnew_dataset/bpRNAnew.nr500.canonicals/URS0000D664DB_12908_1-87.bpseq
data/bpRNAnew_dataset/bpRNAnew.nr500.canonicals/URS0000D656FB_12908_1-74.bpseq
data/bpRNAnew_dataset/bpRNAnew.nr500.canonicals/URS0000D66EDD_12908_1-152.bpseq
data/bpRNAnew_dataset/bpRNAnew.nr500.canonicals/URS0000D699B6_12908_1-80.bpseq
data/bpRNAnew_dataset/bpRNAnew.nr500.canonicals/URS0000D6706E_12908_1-97.bpseq
data/bpRNAnew_dataset/bpRNAnew.nr500.canonicals/URS0000D6AA8C_12908_1-59.bpseq
data/bpRNAnew_dataset/bpRNAnew.nr500.canonicals/URS0000D6A629_12908_1-109.bpseq
data/bpRNAnew_dataset/bpRNAnew.nr500.canonicals/URS0000D6B6FF_12908_1-112.bpseq
data/bpRNAnew_dataset/bpRNAnew.nr500.canonicals/URS0000D6AC6E_12908_1-92.bpseq
data/bpRNAnew_dataset/bpRNAnew.nr500.canonicals/CP000029.1_617843-618101.bpseq
data/bpRNAnew_dataset/bpRNAnew.nr500.canonicals/URS0000D659FD_12908_1-59.bpseq
data/bpRNAnew_dataset/bpRNAnew.nr500.canonicals/URS0000D66C94_12908_1-121.bpseq
data/bpRNAnew_dataset/bpRNAnew.nr500.canonicals/URS0000D68672_12908_1-99.bpseq
data/bpRNAnew_dataset/bpRNAnew.nr500.canonicals/URS0000D694D9_12908_1-255.bpseq
data/bpRNAnew_dataset/bpRNAnew.nr500.canonicals/URS0000D6A9EB_12908_1-123.bpseq
data/bpRNAnew_dataset/bpRNAnew.nr500.canonicals/URS0000D6BE70_12908_1-50.bpseq
data/bpRNAnew_dataset/bpRNAnew.nr500.canonicals/URS0000D6602F_12908_1-79.bpseq
data/bpRNAnew_dataset/bpRNAnew.nr500.canonicals/URS0000D68905_400668_1-49.bpseq
data/bpRNAnew_dataset/bpRNAnew.nr500.canonicals/URS0000D6D3CC_12908_1-216.bpseq
data/bpRNAnew_dataset/bpRNAnew.nr500.canonicals/URS0000D66AEE_12908_1-97.bpseq
data/bpRNAnew_dataset/bpRNAnew.nr500.canonicals/URS0000D69EA6_12908_1-162.bpseq
data/bpRNAnew_dataset/bpRNAnew.nr500.canonicals/AYLP01000080.1_52611-52713.bpseq
data/bpRNAnew_dataset/bpRNAnew.nr500.canonicals/URS0000D67F2F_12908_1-65.bpseq
data/bpRNAnew_dataset/bpRNAnew.nr500.canonicals/URS0000D689EF_12908_1-88.bpseq
data/bpRNAnew_dataset/bpRNAnew.nr500.canonicals/FP929038.1_798430-798532.bpseq
data/bpRNAnew_dataset/bpRNAnew.nr500.canonicals/URS0000D6C409_12908_1-139.bpseq
data/bpRNAnew_dataset/bpRNAnew.nr500.canonicals/URS0000D69C76_1169855_1-96.bpseq
data/bpRNAnew_dataset/bpRNAnew.nr500.canonicals/URS0000D6B97D_12908_1-81.bpseq
data/bpRNAnew_dataset/bpRNAnew.nr500.canonicals/URS0000D65C12_12908_1-145.bpseq
data/bpRNAnew_dataset/bpRNAnew.nr500.canonicals/URS0000D69603_12908_1-66.bpseq
data/bpRNAnew_dataset/bpRNAnew.nr500.canonicals/URS0000D6996D_12908_1-392.bpseq
data/bpRNAnew_dataset/bpRNAnew.nr500.canonicals/URS0000D66850_12908_1-236.bpseq
data/bpRNAnew_dataset/bpRNAnew.nr500.canonicals/URS0000D65EF6_375451_1-93.bpseq
data/bpRNAnew_dataset/bpRNAnew.nr500.canonicals/URS0000D67F9C_12908_1-50.bpseq
data/bpRNAnew_dataset/bpRNAnew.nr500.canonicals/URS0000D6CB5D_12908_1-81.bpseq
data/bpRNAnew_dataset/bpRNAnew.nr500.canonicals/URS0000D69042_12908_1-55.bpseq
data/bpRNAnew_dataset/bpRNAnew.nr500.canonicals/URS0000D662A4_95619_1-94.bpseq
data/bpRNAnew_dataset/bpRNAnew.nr500.canonicals/U00096.2_4434589-4434711.bpseq
data/bpRNAnew_dataset/bpRNAnew.nr500.canonicals/URS0000D6AF60_12908_1-117.bpseq
data/bpRNAnew_dataset/bpRNAnew.nr500.canonicals/AACY022753348.1_678-746.bpseq
data/RNAStrAlign/tRNA_database/tdbD00009444.bpseq
data/RNAStrAlign/tRNA_database/tdbD00002392.bpseq
data/RNAStrAlign/5S_rRNA_database/Bacteria/B00954.bpseq
data/RNAStrAlign/5S_rRNA_database/Bacteria/B04839.bpseq
data/RNAStrAlign/tRNA_database/tdbD00008245.bpseq
data/RNAStrAlign/5S_rRNA_database/Bacteria/B00722.bpseq
data/RNAStrAlign/tRNA_database/tdbD00007840.bpseq
data/RNAStrAlign/RNaseP_database/nuclear/D.rerio.bpseq
data/RNAStrAlign/5S_rRNA_database/Bacteria/B01283.bpseq
data/RNAStrAlign/tRNA_database/tdbD00006353.bpseq
data/RNAStrAlign/5S_rRNA_database/Bacteria/B05436.bpseq
data/RNAStrAlign/5S_rRNA_database/Bacteria/B06078.bpseq
data/RNAStrAlign/RNaseP_database/a_bacterial/E.coli.bpseq
data/RNAStrAlign/tRNA_database/tdbD00011553.bpseq
data/RNAStrAlign/5S_rRNA_database/Eukaryota/E00513.bpseq
data/RNAStrAlign/tRNA_database/tdbD00008952.bpseq
data/RNAStrAlign/5S_rRNA_database/Bacteria/B02612.bpseq
data/RNAStrAlign/tRNA_database/tdbD00008902.bpseq
data/RNAStrAlign/5S_rRNA_database/Eukaryota/E00146.bpseq
data/RNAStrAlign/5S_rRNA_database/Eukaryota/E02778.bpseq
data/RNAStrAlign/5S_rRNA_database/Eukaryota/E02367.bpseq
data/RNAStrAlign/5S_rRNA_database/Bacteria/B06993.bpseq
data/RNAStrAlign/5S_rRNA_database/Eukaryota/E00449.bpseq
data/RNAStrAlign/5S_rRNA_database/Eukaryota/E00935.bpseq
data/RNAStrAlign/tRNA_database/tdbD00007737.bpseq
data/RNAStrAlign/tRNA_database/tdbD00002621.bpseq
data/RNAStrAlign/5S_rRNA_database/Bacteria/B00215.bpseq
data/RNAStrAlign/5S_rRNA_database/Bacteria/B03036.bpseq
data/RNAStrAlign/5S_rRNA_database/Eukaryota/E02803.bpseq
data/RNAStrAlign/tRNA_database/tdbD00009253.bpseq
data/RNAStrAlign/tRNA_database/tdbD00004600.bpseq
data/RNAStrAlign/5S_rRNA_database/Bacteria/B01608.bpseq
data/RNAStrAlign/tRNA_database/tdbD00005146.bpseq
data/RNAStrAlign/5S_rRNA_database/Bacteria/B02317.bpseq
data/RNAStrAlign/tRNA_database/tdbD00007009.bpseq
data/RNAStrAlign/5S_rRNA_database/Bacteria/B03758.bpseq
data/RNAStrAlign/tRNA_database/tdbD00009604.bpseq
data/RNAStrAlign/tRNA_database/tdbD00007757.bpseq
data/RNAStrAlign/5S_rRNA_database/Bacteria/B05591.bpseq
data/RNAStrAlign/5S_rRNA_database/Bacteria/B06088.bpseq
data/RNAStrAlign/5S_rRNA_database/Bacteria/B02432.bpseq
data/RNAStrAlign/tRNA_database/tdbD00004370.bpseq
data/RNAStrAlign/tRNA_database/tdbD00007060.bpseq
data/RNAStrAlign/tRNA_database/tdbD00001932.bpseq
data/RNAStrAlign/5S_rRNA_database/Bacteria/B03728.bpseq
data/RNAStrAlign/5S_rRNA_database/Bacteria/B04138.bpseq
data/RNAStrAlign/5S_rRNA_database/Eukaryota/E00649.bpseq
data/RNAStrAlign/5S_rRNA_database/Bacteria/B06910.bpseq
data/RNAStrAlign/5S_rRNA_database/Bacteria/B03503.bpseq
data/RNAStrAlign/tRNA_database/tdbD00008871.bpseq
data/RNAStrAlign/5S_rRNA_database/Eukaryota/E01338.bpseq
data/RNAStrAlign/SRP_database/animal/Homo.sapi._BF909425.bpseq
data/RNAStrAlign/5S_rRNA_database/Plastids/P00590.bpseq
data/RNAStrAlign/5S_rRNA_database/Bacteria/B06659.bpseq
data/RNAStrAlign/5S_rRNA_database/Bacteria/B06654.bpseq
data/RNAStrAlign/5S_rRNA_database/Eukaryota/E02049.bpseq
data/RNAStrAlign/tRNA_database/tdbD00008281.bpseq
data/RNAStrAlign/5S_rRNA_database/Bacteria/B02651.bpseq
data/RNAStrAlign/tRNA_database/tdbD00004992.bpseq
data/RNAStrAlign/5S_rRNA_database/Bacteria/B04034.bpseq
data/RNAStrAlign/5S_rRNA_database/Bacteria/B03107.bpseq
data/RNAStrAlign/tRNA_database/tdbD00011374.bpseq
data/RNAStrAlign/5S_rRNA_database/Archaea/A00305.bpseq
data/RNAStrAlign/5S_rRNA_database/Eukaryota/E00026.bpseq
data/RNAStrAlign/tRNA_database/tdbD00011991.bpseq
data/RNAStrAlign/5S_rRNA_database/Eukaryota/E01506.bpseq
data/RNAStrAlign/5S_rRNA_database/Plastids/P00326.bpseq
data/RNAStrAlign/5S_rRNA_database/Plastids/P00419.bpseq
data/RNAStrAlign/tRNA_database/tdbD00011886.bpseq
data/RNAStrAlign/5S_rRNA_database/Eukaryota/E01386.bpseq
data/RNAStrAlign/tRNA_database/tdbD00002653.bpseq
data/RNAStrAlign/5S_rRNA_database/Plastids/P00583.bpseq
data/RNAStrAlign/5S_rRNA_database/Bacteria/B03703.bpseq
data/RNAStrAlign/5S_rRNA_database/Bacteria/B06720.bpseq
data/RNAStrAlign/tRNA_database/tdbD00006630.bpseq
data/RNAStrAlign/5S_rRNA_database/Plastids/P00357.bpseq
data/RNAStrAlign/tRNA_database/tdbD00008306.bpseq
data/RNAStrAlign/5S_rRNA_database/Bacteria/B03285.bpseq
data/RNAStrAlign/tRNA_database/tdbD00009823.bpseq
data/RNAStrAlign/tRNA_database/tdbD00009635.bpseq
data/RNAStrAlign/5S_rRNA_database/Bacteria/B06159.bpseq
data/RNAStrAlign/5S_rRNA_database/Plastids/P00461.bpseq
data/RNAStrAlign/5S_rRNA_database/Bacteria/B05558.bpseq
data/RNAStrAlign/tRNA_database/tdbD00005855.bpseq
data/RNAStrAlign/5S_rRNA_database/Bacteria/B02072.bpseq
data/RNAStrAlign/tRNA_database/tdbD00008947.bpseq
data/RNAStrAlign/tRNA_database/tdbD00003739.bpseq
data/RNAStrAlign/5S_rRNA_database/Plastids/P00037.bpseq
data/RNAStrAlign/tRNA_database/tdbD00009297.bpseq
data/RNAStrAlign/5S_rRNA_database/Bacteria/B03827.bpseq
data/RNAStrAlign/tRNA_database/tdbD00004881.bpseq
data/RNAStrAlign/5S_rRNA_database/Bacteria/B05535.bpseq
data/RNAStrAlign/tRNA_database/tdbD00003816.bpseq
data/RNAStrAlign/tRNA_database/tdbD00010559.bpseq
data/RNAStrAlign/5S_rRNA_database/Bacteria/B00823.bpseq
data/RNAStrAlign/5S_rRNA_database/Bacteria/B05723.bpseq
data/RNAStrAlign/16S_rRNA_database/Bacilli/X89896.bpseq
data/RNAStrAlign/5S_rRNA_database/Bacteria/B05203.bpseq
data/RNAStrAlign/5S_rRNA_database/Bacteria/B01583.bpseq
data/RNAStrAlign/5S_rRNA_database/Eukaryota/E01096.bpseq
data/RNAStrAlign/tRNA_database/tdbD00010262.bpseq
data/RNAStrAlign/tRNA_database/tdbD00004306.bpseq
data/RNAStrAlign/tRNA_database/tdbD00007808.bpseq
data/RNAStrAlign/5S_rRNA_database/Eukaryota/E00911.bpseq
data/RNAStrAlign/5S_rRNA_database/Bacteria/B00172.bpseq
data/RNAStrAlign/tRNA_database/tdbD00009012.bpseq
data/RNAStrAlign/5S_rRNA_database/Eukaryota/E00963.bpseq
data/RNAStrAlign/tRNA_database/tdbD00002638.bpseq
data/RNAStrAlign/tRNA_database/tdbD00003985.bpseq
data/RNAStrAlign/5S_rRNA_database/Bacteria/B00666.bpseq
data/RNAStrAlign/tRNA_database/tdbD00010095.bpseq
data/RNAStrAlign/tRNA_database/tdbD00007743.bpseq
data/RNAStrAlign/5S_rRNA_database/Bacteria/B06017.bpseq
data/RNAStrAlign/tRNA_database/tdbD00003667.bpseq
data/RNAStrAlign/5S_rRNA_database/Eukaryota/E02714.bpseq
data/RNAStrAlign/tRNA_database/tdbD00012094.bpseq
data/RNAStrAlign/tRNA_database/tdbD00002585.bpseq
data/RNAStrAlign/5S_rRNA_database/Eukaryota/E02253.bpseq
data/RNAStrAlign/tRNA_database/tdbD00006947.bpseq
data/RNAStrAlign/5S_rRNA_database/Archaea/A00085.bpseq
data/RNAStrAlign/tRNA_database/tdbD00010729.bpseq
data/RNAStrAlign/5S_rRNA_database/Bacteria/B01476.bpseq
data/RNAStrAlign/5S_rRNA_database/Bacteria/B04456.bpseq
data/RNAStrAlign/tRNA_database/tdbD00004796.bpseq
data/RNAStrAlign/5S_rRNA_database/Bacteria/B06085.bpseq
data/RNAStrAlign/tRNA_database/tdbD00003762.bpseq
data/RNAStrAlign/5S_rRNA_database/Bacteria/B02783.bpseq
data/RNAStrAlign/5S_rRNA_database/Bacteria/B01696.bpseq
data/RNAStrAlign/tRNA_database/tdbD00000397.bpseq
data/RNAStrAlign/5S_rRNA_database/Bacteria/B06310.bpseq
data/RNAStrAlign/tRNA_database/tdbD00006467.bpseq
data/RNAStrAlign/tRNA_database/tdbD00011129.bpseq
data/RNAStrAlign/5S_rRNA_database/Archaea/A00299.bpseq
data/RNAStrAlign/5S_rRNA_database/Bacteria/B07000.bpseq
data/RNAStrAlign/5S_rRNA_database/Plastids/P00066.bpseq
data/RNAStrAlign/5S_rRNA_database/Bacteria/B01427.bpseq
data/RNAStrAlign/tRNA_database/tdbD00007910.bpseq
data/RNAStrAlign/SRP_database/animal/Cani.spec._SDB-9616.bpseq
data/RNAStrAlign/5S_rRNA_database/Bacteria/B06096.bpseq
data/RNAStrAlign/5S_rRNA_database/Eukaryota/E02083.bpseq
data/RNAStrAlign/5S_rRNA_database/Bacteria/B05715.bpseq
data/RNAStrAlign/5S_rRNA_database/Bacteria/B02338.bpseq
data/RNAStrAlign/tRNA_database/tdbD00009855.bpseq
data/RNAStrAlign/5S_rRNA_database/Bacteria/B07024.bpseq
data/RNAStrAlign/5S_rRNA_database/Archaea/A00245.bpseq
data/RNAStrAlign/tRNA_database/tdbD00001769.bpseq
data/RNAStrAlign/5S_rRNA_database/Bacteria/B04168.bpseq
data/RNAStrAlign/5S_rRNA_database/Plastids/P00268.bpseq
data/RNAStrAlign/5S_rRNA_database/Bacteria/B03801.bpseq
data/RNAStrAlign/5S_rRNA_database/Bacteria/B05698.bpseq
data/RNAStrAlign/5S_rRNA_database/Bacteria/B00356.bpseq
data/RNAStrAlign/5S_rRNA_database/Bacteria/B00902.bpseq
data/RNAStrAlign/SRP_database/fungal/Phak.meib._GSP-169999.bpseq
data/RNAStrAlign/tRNA_database/tdbD00005799.bpseq
data/RNAStrAlign/5S_rRNA_database/Archaea/A00160.bpseq
data/RNAStrAlign/tRNA_database/tdbD00005321.bpseq
data/RNAStrAlign/tRNA_database/tdbD00004823.bpseq
data/RNAStrAlign/5S_rRNA_database/Plastids/P00246.bpseq
data/RNAStrAlign/tRNA_database/tdbD00009955.bpseq
data/RNAStrAlign/tRNA_database/tdbD00001147.bpseq
data/RNAStrAlign/5S_rRNA_database/Bacteria/B00845.bpseq
data/RNAStrAlign/tRNA_database/tdbD00001465.bpseq
data/RNAStrAlign/tRNA_database/tdbD00004127.bpseq
data/RNAStrAlign/tRNA_database/tdbD00004156.bpseq
data/RNAStrAlign/tRNA_database/tdbD00008444.bpseq
data/RNAStrAlign/tRNA_database/tdbD00007846.bpseq
data/RNAStrAlign/tRNA_database/tdbD00007332.bpseq
data/RNAStrAlign/5S_rRNA_database/Bacteria/B03656.bpseq
data/RNAStrAlign/5S_rRNA_database/Bacteria/B04364.bpseq
data/RNAStrAlign/tRNA_database/tdbD00006686.bpseq
data/RNAStrAlign/5S_rRNA_database/Eukaryota/E01600.bpseq
data/RNAStrAlign/5S_rRNA_database/Eukaryota/E01730.bpseq
data/RNAStrAlign/SRP_database/small_bacterial/Trop.whip._AE016852.bpseq
data/RNAStrAlign/5S_rRNA_database/Bacteria/B04094.bpseq
data/RNAStrAlign/5S_rRNA_database/Bacteria/B03890.bpseq
data/RNAStrAlign/5S_rRNA_database/Plastids/P00571.bpseq
data/RNAStrAlign/5S_rRNA_database/Bacteria/B05300.bpseq
data/RNAStrAlign/5S_rRNA_database/Bacteria/B00040.bpseq
data/RNAStrAlign/tRNA_database/tdbD00004801.bpseq
data/RNAStrAlign/tRNA_database/tdbD00007007.bpseq
data/RNAStrAlign/5S_rRNA_database/Archaea/A00229.bpseq
data/RNAStrAlign/5S_rRNA_database/Bacteria/B02120.bpseq
data/RNAStrAlign/RNaseP_database/b_bacterial/M.genitalium.bpseq
data/RNAStrAlign/5S_rRNA_database/Eukaryota/E02612.bpseq
data/RNAStrAlign/5S_rRNA_database/Bacteria/B03243.bpseq
data/RNAStrAlign/5S_rRNA_database/Bacteria/B06363.bpseq
data/RNAStrAlign/5S_rRNA_database/Bacteria/B01037.bpseq
data/RNAStrAlign/5S_rRNA_database/Bacteria/B05628.bpseq
data/RNAStrAlign/5S_rRNA_database/Bacteria/B00620.bpseq
data/RNAStrAlign/5S_rRNA_database/Bacteria/B00991.bpseq
data/RNAStrAlign/5S_rRNA_database/Eukaryota/E00579.bpseq
data/RNAStrAlign/5S_rRNA_database/Archaea/A00243.bpseq
data/RNAStrAlign/tRNA_database/tdbD00004093.bpseq
data/RNAStrAlign/5S_rRNA_database/Bacteria/B05958.bpseq
data/RNAStrAlign/tRNA_database/tdbD00006329.bpseq
data/RNAStrAlign/5S_rRNA_database/Bacteria/B05719.bpseq
data/RNAStrAlign/tRNA_database/tdbD00007041.bpseq
data/RNAStrAlign/tRNA_database/tdbD00004340.bpseq
data/RNAStrAlign/tRNA_database/tdbD00006683.bpseq
data/RNAStrAlign/5S_rRNA_database/Bacteria/B05146.bpseq
data/RNAStrAlign/5S_rRNA_database/Eukaryota/E00276.bpseq
data/RNAStrAlign/tRNA_database/tdbD00010515.bpseq
data/RNAStrAlign/5S_rRNA_database/Bacteria/B02652.bpseq
data/RNAStrAlign/tRNA_database/tdbD00009870.bpseq
data/RNAStrAlign/tRNA_database/tdbD00008729.bpseq
data/RNAStrAlign/SRP_database/animal/Homo.sapi._BF909560.bpseq
data/RNAStrAlign/5S_rRNA_database/Mitochondria/M00068.bpseq
data/RNAStrAlign/5S_rRNA_database/Archaea/A00183.bpseq
data/RNAStrAlign/RNaseP_database/a_bacterial/SM-A27(43).bpseq
data/RNAStrAlign/tRNA_database/tdbD00005119.bpseq
data/RNAStrAlign/5S_rRNA_database/Bacteria/B02008.bpseq
data/RNAStrAlign/5S_rRNA_database/Bacteria/B00535.bpseq
data/RNAStrAlign/tRNA_database/tdbD00007360.bpseq
data/RNAStrAlign/tRNA_database/tdbD00008232.bpseq
data/RNAStrAlign/5S_rRNA_database/Bacteria/B04107.bpseq
data/RNAStrAlign/tRNA_database/tdbD00011361.bpseq
data/RNAStrAlign/5S_rRNA_database/Eukaryota/E01681.bpseq
data/RNAStrAlign/5S_rRNA_database/Eukaryota/E00832.bpseq
data/RNAStrAlign/5S_rRNA_database/Bacteria/B05601.bpseq
data/RNAStrAlign/5S_rRNA_database/Eukaryota/E00940.bpseq
data/RNAStrAlign/5S_rRNA_database/Eukaryota/E00366.bpseq
data/RNAStrAlign/tRNA_database/tdbD00006271.bpseq
data/RNAStrAlign/5S_rRNA_database/Bacteria/B03772.bpseq
data/RNAStrAlign/5S_rRNA_database/Plastids/P00579.bpseq
data/RNAStrAlign/5S_rRNA_database/Eukaryota/E02432.bpseq
data/RNAStrAlign/5S_rRNA_database/Eukaryota/E02349.bpseq
data/RNAStrAlign/tRNA_database/tdbD00008972.bpseq
data/RNAStrAlign/RNaseP_database/nuclear/K.polysporus.bpseq
data/RNAStrAlign/tRNA_database/tdbD00008090.bpseq
data/RNAStrAlign/tRNA_database/tdbD00005332.bpseq
data/RNAStrAlign/RNaseP_database/a_bacterial/N.gonnorhoeae.bpseq
data/RNAStrAlign/5S_rRNA_database/Bacteria/B06166.bpseq
data/RNAStrAlign/5S_rRNA_database/Archaea/A00244.bpseq
data/RNAStrAlign/5S_rRNA_database/Bacteria/B04191.bpseq
data/RNAStrAlign/tRNA_database/tdbD00004682.bpseq
data/RNAStrAlign/tRNA_database/tdbD00008918.bpseq
data/RNAStrAlign/5S_rRNA_database/Bacteria/B01539.bpseq
data/RNAStrAlign/5S_rRNA_database/Bacteria/B05711.bpseq
data/RNAStrAlign/5S_rRNA_database/Bacteria/B05876.bpseq
data/RNAStrAlign/5S_rRNA_database/Eukaryota/E01479.bpseq
data/RNAStrAlign/tRNA_database/tdbD00011029.bpseq
data/RNAStrAlign/tRNA_database/tdbD00008442.bpseq
data/RNAStrAlign/5S_rRNA_database/Bacteria/B01634.bpseq
data/RNAStrAlign/5S_rRNA_database/Bacteria/B00400.bpseq
data/RNAStrAlign/5S_rRNA_database/Bacteria/B03902.bpseq
data/RNAStrAlign/5S_rRNA_database/Bacteria/B02383.bpseq
data/RNAStrAlign/5S_rRNA_database/Eukaryota/E02843.bpseq
data/RNAStrAlign/5S_rRNA_database/Bacteria/B01324.bpseq
data/RNAStrAlign/5S_rRNA_database/Eukaryota/E00219.bpseq
data/RNAStrAlign/tRNA_database/tdbD00010660.bpseq
data/RNAStrAlign/tRNA_database/tdbD00009018.bpseq
data/RNAStrAlign/tRNA_database/tdbD00005198.bpseq
data/RNAStrAlign/5S_rRNA_database/Bacteria/B01809.bpseq
data/RNAStrAlign/5S_rRNA_database/Archaea/A00147.bpseq
data/RNAStrAlign/5S_rRNA_database/Bacteria/B05759.bpseq
data/RNAStrAlign/tRNA_database/tdbD00006091.bpseq
data/RNAStrAlign/5S_rRNA_database/Bacteria/B04913.bpseq
data/RNAStrAlign/5S_rRNA_database/Bacteria/B05235.bpseq
data/RNAStrAlign/5S_rRNA_database/Archaea/A00250.bpseq
data/RNAStrAlign/tRNA_database/tdbD00004582.bpseq
data/RNAStrAlign/5S_rRNA_database/Eukaryota/E02506.bpseq
data/RNAStrAlign/5S_rRNA_database/Bacteria/B04949.bpseq
data/RNAStrAlign/tRNA_database/tdbD00005927.bpseq
data/RNAStrAlign/5S_rRNA_database/Bacteria/B06563.bpseq
data/RNAStrAlign/5S_rRNA_database/Bacteria/B01161.bpseq
data/RNAStrAlign/tRNA_database/tdbD00011382.bpseq
data/RNAStrAlign/tRNA_database/tdbD00011963.bpseq
data/RNAStrAlign/5S_rRNA_database/Bacteria/B01040.bpseq
data/RNAStrAlign/5S_rRNA_database/Bacteria/B06141.bpseq
data/RNAStrAlign/5S_rRNA_database/Bacteria/B05254.bpseq
data/RNAStrAlign/tRNA_database/tdbD00000975.bpseq
data/RNAStrAlign/tRNA_database/tdbD00008151.bpseq
data/RNAStrAlign/tRNA_database/tdbD00011661.bpseq
data/RNAStrAlign/tRNA_database/tdbD00001164.bpseq
data/RNAStrAlign/5S_rRNA_database/Eukaryota/E02304.bpseq
data/RNAStrAlign/tRNA_database/tdbD00011465.bpseq
data/RNAStrAlign/tRNA_database/tdbD00003259.bpseq
data/RNAStrAlign/tRNA_database/tdbD00007236.bpseq
data/RNAStrAlign/tRNA_database/tdbD00004045.bpseq
data/RNAStrAlign/tRNA_database/tdbD00000841.bpseq
data/RNAStrAlign/tRNA_database/tdbD00011269.bpseq
data/RNAStrAlign/tRNA_database/tdbD00003655.bpseq
data/RNAStrAlign/5S_rRNA_database/Eukaryota/E00265.bpseq
data/RNAStrAlign/tRNA_database/tdbD00007753.bpseq
data/RNAStrAlign/tRNA_database/tdbD00010510.bpseq
data/RNAStrAlign/tRNA_database/tdbD00008652.bpseq
data/RNAStrAlign/5S_rRNA_database/Archaea/A00251.bpseq
data/RNAStrAlign/tRNA_database/tdbD00006061.bpseq
data/RNAStrAlign/tRNA_database/tdbD00007354.bpseq
data/RNAStrAlign/5S_rRNA_database/Bacteria/B06095.bpseq
data/RNAStrAlign/SRP_database/plant/Trit.aest._X13915.bpseq
data/RNAStrAlign/tRNA_database/tdbD00006717.bpseq
data/RNAStrAlign/tRNA_database/tdbD00012053.bpseq
data/RNAStrAlign/5S_rRNA_database/Bacteria/B04309.bpseq
data/RNAStrAlign/5S_rRNA_database/Eukaryota/E00733.bpseq
data/RNAStrAlign/tRNA_database/tdbD00008831.bpseq
data/RNAStrAlign/tRNA_database/tdbD00007023.bpseq
data/RNAStrAlign/5S_rRNA_database/Bacteria/B06813.bpseq
data/RNAStrAlign/5S_rRNA_database/Bacteria/B00231.bpseq
data/RNAStrAlign/tRNA_database/tdbD00009577.bpseq
data/RNAStrAlign/tRNA_database/tdbD00005247.bpseq
data/RNAStrAlign/5S_rRNA_database/Bacteria/B06093.bpseq
data/RNAStrAlign/5S_rRNA_database/Eukaryota/E00846.bpseq
data/RNAStrAlign/5S_rRNA_database/Mitochondria/M00057.bpseq
data/RNAStrAlign/5S_rRNA_database/Bacteria/B05185.bpseq
data/RNAStrAlign/SRP_database/long_bacterial/Clos.kluy._CP000673.bpseq
data/RNAStrAlign/SRP_database/fungal/Hypo.jeco._GSP-334564-2.bpseq
data/RNAStrAlign/5S_rRNA_database/Eukaryota/E02679.bpseq
data/RNAStrAlign/5S_rRNA_database/Bacteria/B05997.bpseq
data/RNAStrAlign/5S_rRNA_database/Bacteria/B01105.bpseq
data/RNAStrAlign/5S_rRNA_database/Bacteria/B00302.bpseq
data/RNAStrAlign/5S_rRNA_database/Plastids/P00507.bpseq
data/RNAStrAlign/tRNA_database/tdbD00005229.bpseq
data/RNAStrAlign/tRNA_database/tdbD00005496.bpseq
data/RNAStrAlign/5S_rRNA_database/Bacteria/B04808.bpseq
data/RNAStrAlign/5S_rRNA_database/Plastids/P00642.bpseq
data/RNAStrAlign/5S_rRNA_database/Archaea/A00009.bpseq
data/RNAStrAlign/5S_rRNA_database/Bacteria/B00378.bpseq
data/RNAStrAlign/5S_rRNA_database/Bacteria/B00788.bpseq
data/RNAStrAlign/5S_rRNA_database/Bacteria/B00926.bpseq
data/RNAStrAlign/5S_rRNA_database/Eukaryota/E02676.bpseq
data/RNAStrAlign/5S_rRNA_database/Plastids/P00828.bpseq
data/RNAStrAlign/5S_rRNA_database/Mitochondria/M00052.bpseq
data/RNAStrAlign/5S_rRNA_database/Bacteria/B02332.bpseq
data/RNAStrAlign/5S_rRNA_database/Eukaryota/E02456.bpseq
data/RNAStrAlign/tRNA_database/tdbD00003522.bpseq
data/RNAStrAlign/tRNA_database/tdbD00003836.bpseq
data/RNAStrAlign/5S_rRNA_database/Bacteria/B01448.bpseq
data/RNAStrAlign/5S_rRNA_database/Bacteria/B06375.bpseq
data/RNAStrAlign/5S_rRNA_database/Eukaryota/E00063.bpseq
data/RNAStrAlign/tRNA_database/tdbD00004081.bpseq
data/RNAStrAlign/5S_rRNA_database/Plastids/P00212.bpseq
data/RNAStrAlign/tRNA_database/tdbD00003900.bpseq
data/RNAStrAlign/tRNA_database/tdbD00009218.bpseq
data/RNAStrAlign/5S_rRNA_database/Eukaryota/E00983.bpseq
data/RNAStrAlign/5S_rRNA_database/Eukaryota/E00407.bpseq
data/RNAStrAlign/tRNA_database/tdbD00010065.bpseq
data/RNAStrAlign/5S_rRNA_database/Eukaryota/E02631.bpseq
data/RNAStrAlign/5S_rRNA_database/Bacteria/B02847.bpseq
data/RNAStrAlign/5S_rRNA_database/Bacteria/B01714.bpseq
data/RNAStrAlign/5S_rRNA_database/Archaea/A00173.bpseq
data/RNAStrAlign/tRNA_database/tdbD00007601.bpseq
data/RNAStrAlign/5S_rRNA_database/Bacteria/B03864.bpseq
data/RNAStrAlign/tRNA_database/tdbD00008222.bpseq
data/RNAStrAlign/tRNA_database/tdbD00009424.bpseq
data/RNAStrAlign/5S_rRNA_database/Bacteria/B03045.bpseq
data/RNAStrAlign/5S_rRNA_database/Bacteria/B06424.bpseq
data/RNAStrAlign/5S_rRNA_database/Eukaryota/E00299.bpseq
data/RNAStrAlign/5S_rRNA_database/Bacteria/B01963.bpseq
data/RNAStrAlign/5S_rRNA_database/Bacteria/B06180.bpseq
data/RNAStrAlign/5S_rRNA_database/Eukaryota/E02452.bpseq
data/RNAStrAlign/tRNA_database/tdbD00007461.bpseq
data/RNAStrAlign/5S_rRNA_database/Eukaryota/E02407.bpseq
data/RNAStrAlign/5S_rRNA_database/Bacteria/B07301.bpseq
data/RNAStrAlign/5S_rRNA_database/Bacteria/B00555.bpseq
data/RNAStrAlign/5S_rRNA_database/Bacteria/B04091.bpseq
data/RNAStrAlign/5S_rRNA_database/Bacteria/B05255.bpseq
data/RNAStrAlign/5S_rRNA_database/Eukaryota/E02513.bpseq
data/RNAStrAlign/5S_rRNA_database/Eukaryota/E01161.bpseq
data/RNAStrAlign/5S_rRNA_database/Bacteria/B02941.bpseq
data/RNAStrAlign/tRNA_database/tdbD00009304.bpseq
data/RNAStrAlign/5S_rRNA_database/Eukaryota/E00677.bpseq
data/RNAStrAlign/tRNA_database/tdbD00006239.bpseq
data/RNAStrAlign/5S_rRNA_database/Eukaryota/E00792.bpseq
data/RNAStrAlign/5S_rRNA_database/Eukaryota/E01076.bpseq
data/RNAStrAlign/5S_rRNA_database/Eukaryota/E00703.bpseq
data/RNAStrAlign/tRNA_database/tdbD00005258.bpseq
data/RNAStrAlign/5S_rRNA_database/Bacteria/B03727.bpseq
data/RNAStrAlign/5S_rRNA_database/Bacteria/B00886.bpseq
data/RNAStrAlign/tRNA_database/tdbD00010385.bpseq
data/RNAStrAlign/tRNA_database/tdbD00011656.bpseq
data/RNAStrAlign/tRNA_database/tdbD00005295.bpseq
data/RNAStrAlign/tRNA_database/tdbD00008461.bpseq
data/RNAStrAlign/5S_rRNA_database/Eukaryota/E00536.bpseq
data/RNAStrAlign/5S_rRNA_database/Bacteria/B04791.bpseq
data/RNAStrAlign/tRNA_database/tdbD00010280.bpseq
data/RNAStrAlign/tRNA_database/tdbD00001131.bpseq
data/RNAStrAlign/5S_rRNA_database/Bacteria/B06731.bpseq
data/RNAStrAlign/tRNA_database/tdbD00004917.bpseq
data/RNAStrAlign/tRNA_database/tdbD00008959.bpseq
data/RNAStrAlign/5S_rRNA_database/Bacteria/B01134.bpseq
data/RNAStrAlign/5S_rRNA_database/Bacteria/B03824.bpseq
data/RNAStrAlign/tRNA_database/tdbD00006156.bpseq
data/RNAStrAlign/5S_rRNA_database/Plastids/P00696.bpseq
data/RNAStrAlign/tRNA_database/tdbD00011981.bpseq
data/RNAStrAlign/5S_rRNA_database/Eukaryota/E01113.bpseq
data/RNAStrAlign/5S_rRNA_database/Bacteria/B01459.bpseq
data/RNAStrAlign/5S_rRNA_database/Mitochondria/M00065.bpseq
data/RNAStrAlign/tRNA_database/tdbD00005365.bpseq
data/RNAStrAlign/tRNA_database/tdbD00008739.bpseq
data/RNAStrAlign/5S_rRNA_database/Bacteria/B01486.bpseq
data/RNAStrAlign/tRNA_database/tdbD00001150.bpseq
data/RNAStrAlign/5S_rRNA_database/Eukaryota/E00247.bpseq
data/RNAStrAlign/5S_rRNA_database/Bacteria/B04542.bpseq
data/RNAStrAlign/5S_rRNA_database/Bacteria/B03384.bpseq
data/RNAStrAlign/5S_rRNA_database/Eukaryota/E00704.bpseq
data/RNAStrAlign/5S_rRNA_database/Bacteria/B05085.bpseq
data/RNAStrAlign/SRP_database/fungal/Cand.dubl._GSP-42374.bpseq
data/RNAStrAlign/5S_rRNA_database/Bacteria/B06131.bpseq
data/RNAStrAlign/5S_rRNA_database/Bacteria/B02004.bpseq
data/RNAStrAlign/tRNA_database/tdbD00010681.bpseq
data/RNAStrAlign/tRNA_database/tdbD00007694.bpseq
data/RNAStrAlign/tRNA_database/tdbD00001335.bpseq
data/RNAStrAlign/5S_rRNA_database/Bacteria/B05964.bpseq
data/RNAStrAlign/5S_rRNA_database/Bacteria/B02812.bpseq
data/RNAStrAlign/5S_rRNA_database/Bacteria/B00232.bpseq
data/RNAStrAlign/tRNA_database/tdbD00002239.bpseq
data/RNAStrAlign/5S_rRNA_database/Bacteria/B00167.bpseq
data/RNAStrAlign/5S_rRNA_database/Bacteria/B06952.bpseq
data/RNAStrAlign/SRP_database/small_bacterial/Proc.mari._CP000576.bpseq
data/RNAStrAlign/tRNA_database/tdbD00009580.bpseq
data/RNAStrAlign/5S_rRNA_database/Bacteria/B06049.bpseq
data/RNAStrAlign/tRNA_database/tdbD00011010.bpseq
data/RNAStrAlign/5S_rRNA_database/Eukaryota/E01355.bpseq
data/RNAStrAlign/5S_rRNA_database/Bacteria/B02460.bpseq
data/RNAStrAlign/5S_rRNA_database/Bacteria/B05735.bpseq
data/RNAStrAlign/5S_rRNA_database/Eukaryota/E01620.bpseq
data/RNAStrAlign/5S_rRNA_database/Plastids/P00832.bpseq
data/RNAStrAlign/5S_rRNA_database/Bacteria/B02664.bpseq
data/RNAStrAlign/tRNA_database/tdbD00010796.bpseq
data/RNAStrAlign/tRNA_database/tdbD00004979.bpseq
data/RNAStrAlign/5S_rRNA_database/Bacteria/B06641.bpseq
data/RNAStrAlign/5S_rRNA_database/Eukaryota/E01201.bpseq
data/RNAStrAlign/tRNA_database/tdbD00010689.bpseq
data/RNAStrAlign/tRNA_database/tdbD00011079.bpseq
data/RNAStrAlign/tRNA_database/tdbD00010656.bpseq
data/RNAStrAlign/SRP_database/long_bacterial/Baci.cere._AE016877.bpseq
data/TestSetA/136.bpseq
data/TestSetA/266.bpseq
data/TestSetA/289.bpseq
data/TestSetA/412.bpseq
data/TestSetA/128.bpseq
data/TestSetA/78.bpseq
data/TestSetA/468.bpseq
data/TestSetA/575.bpseq
data/TestSetA/38.bpseq
data/TestSetA/566.bpseq
data/TestSetA/97.bpseq
data/TestSetA/271.bpseq
data/TestSetA/345.bpseq
data/TestSetB/230.bpseq
data/TestSetB/332.bpseq
data/bpRNA_dataset-canonicals/TR0/bpRNA_RFAM_2992.bpseq
data/bpRNA_dataset-canonicals/TR0/bpRNA_RFAM_6498.bpseq
data/bpRNA_dataset-canonicals/TR0/bpRNA_RFAM_41581.bpseq
data/bpRNA_dataset-canonicals/TR0/bpRNA_RFAM_14440.bpseq
data/bpRNA_dataset-canonicals/TR0/bpRNA_RFAM_40375.bpseq
data/bpRNA_dataset-canonicals/TR0/bpRNA_RFAM_9183.bpseq
data/bpRNA_dataset-canonicals/TR0/bpRNA_RFAM_11463.bpseq
data/bpRNA_dataset-canonicals/TR0/bpRNA_RFAM_17025.bpseq
data/bpRNA_dataset-canonicals/TR0/bpRNA_RFAM_12504.bpseq
data/bpRNA_dataset-canonicals/TR0/bpRNA_RFAM_35506.bpseq
data/bpRNA_dataset-canonicals/TR0/bpRNA_RFAM_35135.bpseq
data/bpRNA_dataset-canonicals/TR0/bpRNA_RFAM_31346.bpseq
data/bpRNA_dataset-canonicals/TR0/bpRNA_RFAM_8974.bpseq
data/bpRNA_dataset-canonicals/TR0/bpRNA_RFAM_38901.bpseq
data/bpRNA_dataset-canonicals/TR0/bpRNA_RFAM_7824.bpseq
data/bpRNA_dataset-canonicals/TR0/bpRNA_RFAM_20280.bpseq
data/bpRNA_dataset-canonicals/TR0/bpRNA_RFAM_38691.bpseq
data/bpRNA_dataset-canonicals/TR0/bpRNA_RFAM_27130.bpseq
data/bpRNA_dataset-canonicals/TR0/bpRNA_RFAM_7498.bpseq
data/bpRNA_dataset-canonicals/TR0/bpRNA_SRP_642.bpseq
data/bpRNA_dataset-canonicals/TR0/bpRNA_RFAM_22130.bpseq
data/bpRNA_dataset-canonicals/TR0/bpRNA_RFAM_34715.bpseq
data/bpRNA_dataset-canonicals/TR0/bpRNA_RFAM_14428.bpseq
data/bpRNA_dataset-canonicals/TR0/bpRNA_RFAM_19554.bpseq
data/bpRNA_dataset-canonicals/TR0/bpRNA_RFAM_2075.bpseq
data/bpRNA_dataset-canonicals/TR0/bpRNA_RFAM_32003.bpseq
data/bpRNA_dataset-canonicals/TR0/bpRNA_CRW_29929.bpseq
data/bpRNA_dataset-canonicals/TR0/bpRNA_RFAM_31301.bpseq
data/bpRNA_dataset-canonicals/TR0/bpRNA_RFAM_8604.bpseq
data/bpRNA_dataset-canonicals/TR0/bpRNA_RFAM_17016.bpseq
data/bpRNA_dataset-canonicals/TR0/bpRNA_RFAM_24822.bpseq
data/bpRNA_dataset-canonicals/TR0/bpRNA_RFAM_33541.bpseq
data/bpRNA_dataset-canonicals/TR0/bpRNA_RFAM_26113.bpseq
data/bpRNA_dataset-canonicals/TR0/bpRNA_RFAM_40208.bpseq
data/bpRNA_dataset-canonicals/TR0/bpRNA_SRP_639.bpseq
data/bpRNA_dataset-canonicals/TR0/bpRNA_RFAM_6480.bpseq
data/bpRNA_dataset-canonicals/TR0/bpRNA_RFAM_9343.bpseq
data/bpRNA_dataset-canonicals/TR0/bpRNA_SRP_579.bpseq
data/bpRNA_dataset-canonicals/TR0/bpRNA_RFAM_36957.bpseq
data/bpRNA_dataset-canonicals/TR0/bpRNA_RFAM_28718.bpseq
data/bpRNA_dataset-canonicals/TR0/bpRNA_RFAM_26878.bpseq
data/bpRNA_dataset-canonicals/TR0/bpRNA_RFAM_11867.bpseq
data/bpRNA_dataset-canonicals/TR0/bpRNA_RFAM_37468.bpseq
data/bpRNA_dataset-canonicals/TR0/bpRNA_RFAM_21940.bpseq
data/bpRNA_dataset-canonicals/TR0/bpRNA_CRW_42535.bpseq
data/bpRNA_dataset-canonicals/TR0/bpRNA_RFAM_33814.bpseq
data/bpRNA_dataset-canonicals/TR0/bpRNA_RFAM_29763.bpseq
data/bpRNA_dataset-canonicals/TR0/bpRNA_RFAM_36889.bpseq
data/bpRNA_dataset-canonicals/TR0/bpRNA_RFAM_40812.bpseq
data/bpRNA_dataset-canonicals/TR0/bpRNA_RFAM_10280.bpseq
data/bpRNA_dataset-canonicals/TR0/bpRNA_CRW_36171.bpseq
data/bpRNA_dataset-canonicals/TR0/bpRNA_RFAM_9375.bpseq
data/bpRNA_dataset-canonicals/TR0/bpRNA_RFAM_16012.bpseq
data/bpRNA_dataset-canonicals/TR0/bpRNA_RFAM_14438.bpseq
data/bpRNA_dataset-canonicals/TR0/bpRNA_CRW_30763.bpseq
data/bpRNA_dataset-canonicals/TR0/bpRNA_RFAM_16290.bpseq
data/bpRNA_dataset-canonicals/TR0/bpRNA_RFAM_9042.bpseq
data/bpRNA_dataset-canonicals/TR0/bpRNA_RFAM_28475.bpseq
data/bpRNA_dataset-canonicals/TR0/bpRNA_RFAM_20481.bpseq
data/bpRNA_dataset-canonicals/TR0/bpRNA_RFAM_20789.bpseq
data/bpRNA_dataset-canonicals/TR0/bpRNA_RFAM_21361.bpseq
data/bpRNA_dataset-canonicals/TR0/bpRNA_RFAM_22436.bpseq
data/bpRNA_dataset-canonicals/TR0/bpRNA_RFAM_15763.bpseq
data/bpRNA_dataset-canonicals/TR0/bpRNA_RFAM_26987.bpseq
data/bpRNA_dataset-canonicals/TR0/bpRNA_RFAM_9057.bpseq
data/bpRNA_dataset-canonicals/TR0/bpRNA_RFAM_41760.bpseq
data/bpRNA_dataset-canonicals/TR0/bpRNA_RFAM_2953.bpseq
data/bpRNA_dataset-canonicals/TR0/bpRNA_tmRNA_292.bpseq
data/bpRNA_dataset-canonicals/TR0/bpRNA_CRW_32145.bpseq
data/bpRNA_dataset-canonicals/TR0/bpRNA_RFAM_17928.bpseq
data/bpRNA_dataset-canonicals/TR0/bpRNA_RFAM_38743.bpseq
data/bpRNA_dataset-canonicals/TR0/bpRNA_RFAM_4467.bpseq
data/bpRNA_dataset-canonicals/TR0/bpRNA_RFAM_35828.bpseq
data/bpRNA_dataset-canonicals/TR0/bpRNA_RFAM_20917.bpseq
data/bpRNA_dataset-canonicals/TR0/bpRNA_RFAM_1976.bpseq
data/bpRNA_dataset-canonicals/TR0/bpRNA_RFAM_36380.bpseq
data/bpRNA_dataset-canonicals/TR0/bpRNA_RFAM_14345.bpseq
data/bpRNA_dataset-canonicals/TR0/bpRNA_RFAM_22254.bpseq
data/bpRNA_dataset-canonicals/TR0/bpRNA_RFAM_5988.bpseq
data/bpRNA_dataset-canonicals/TR0/bpRNA_RFAM_15446.bpseq
data/bpRNA_dataset-canonicals/TR0/bpRNA_RFAM_32118.bpseq
data/bpRNA_dataset-canonicals/TR0/bpRNA_RFAM_34151.bpseq
data/bpRNA_dataset-canonicals/TR0/bpRNA_RFAM_4673.bpseq
data/bpRNA_dataset-canonicals/TR0/bpRNA_RFAM_25123.bpseq
data/bpRNA_dataset-canonicals/TR0/bpRNA_RFAM_20830.bpseq
data/bpRNA_dataset-canonicals/TR0/bpRNA_RFAM_737.bpseq
data/bpRNA_dataset-canonicals/TR0/bpRNA_RFAM_18969.bpseq
data/bpRNA_dataset-canonicals/TR0/bpRNA_RFAM_2429.bpseq
data/bpRNA_dataset-canonicals/TR0/bpRNA_RFAM_26584.bpseq
data/bpRNA_dataset-canonicals/TR0/bpRNA_RFAM_35097.bpseq
data/bpRNA_dataset-canonicals/TR0/bpRNA_RFAM_30459.bpseq
data/bpRNA_dataset-canonicals/TR0/bpRNA_RFAM_42682.bpseq
data/bpRNA_dataset-canonicals/TR0/bpRNA_RFAM_21682.bpseq
data/bpRNA_dataset-canonicals/TR0/bpRNA_RFAM_19157.bpseq
data/bpRNA_dataset-canonicals/TR0/bpRNA_RFAM_35537.bpseq
data/bpRNA_dataset-canonicals/TR0/bpRNA_RFAM_28982.bpseq
data/bpRNA_dataset-canonicals/TR0/bpRNA_RFAM_21992.bpseq
data/bpRNA_dataset-canonicals/TR0/bpRNA_SRP_684.bpseq
data/bpRNA_dataset-canonicals/TR0/bpRNA_RFAM_42075.bpseq
data/bpRNA_dataset-canonicals/TR0/bpRNA_RFAM_4341.bpseq
data/bpRNA_dataset-canonicals/TR0/bpRNA_RFAM_2783.bpseq
data/bpRNA_dataset-canonicals/TR0/bpRNA_RFAM_34112.bpseq
data/bpRNA_dataset-canonicals/TR0/bpRNA_RFAM_27677.bpseq
data/bpRNA_dataset-canonicals/TR0/bpRNA_RFAM_9134.bpseq
data/bpRNA_dataset-canonicals/TR0/bpRNA_RFAM_18319.bpseq
data/bpRNA_dataset-canonicals/TR0/bpRNA_CRW_22197.bpseq
data/bpRNA_dataset-canonicals/TR0/bpRNA_RNP_228.bpseq
data/bpRNA_dataset-canonicals/TR0/bpRNA_RFAM_27161.bpseq
data/bpRNA_dataset-canonicals/TR0/bpRNA_RFAM_25846.bpseq
data/bpRNA_dataset-canonicals/TR0/bpRNA_RFAM_40866.bpseq
data/bpRNA_dataset-canonicals/TR0/bpRNA_RFAM_14572.bpseq
data/bpRNA_dataset-canonicals/TR0/bpRNA_RFAM_24313.bpseq
data/bpRNA_dataset-canonicals/TR0/bpRNA_RFAM_18513.bpseq
data/bpRNA_dataset-canonicals/TR0/bpRNA_RFAM_16348.bpseq
data/bpRNA_dataset-canonicals/TR0/bpRNA_RFAM_21570.bpseq
data/bpRNA_dataset-canonicals/TR0/bpRNA_RFAM_9636.bpseq
data/bpRNA_dataset-canonicals/TR0/bpRNA_RFAM_30283.bpseq
data/bpRNA_dataset-canonicals/TR0/bpRNA_CRW_16021.bpseq
data/bpRNA_dataset-canonicals/TR0/bpRNA_RFAM_16423.bpseq
data/bpRNA_dataset-canonicals/TR0/bpRNA_RFAM_6885.bpseq
data/bpRNA_dataset-canonicals/TR0/bpRNA_tmRNA_134.bpseq
data/bpRNA_dataset-canonicals/TR0/bpRNA_RFAM_23267.bpseq
data/bpRNA_dataset-canonicals/TR0/bpRNA_RFAM_19253.bpseq
data/bpRNA_dataset-canonicals/TR0/bpRNA_RFAM_26149.bpseq
data/bpRNA_dataset-canonicals/TR0/bpRNA_RFAM_43254.bpseq
data/bpRNA_dataset-canonicals/TR0/bpRNA_RFAM_3031.bpseq
data/bpRNA_dataset-canonicals/TR0/bpRNA_RFAM_35068.bpseq
data/bpRNA_dataset-canonicals/TR0/bpRNA_RFAM_4116.bpseq
data/bpRNA_dataset-canonicals/TR0/bpRNA_RFAM_7254.bpseq
data/bpRNA_dataset-canonicals/TR0/bpRNA_RFAM_7305.bpseq
data/bpRNA_dataset-canonicals/TR0/bpRNA_RFAM_26476.bpseq
data/bpRNA_dataset-canonicals/TR0/bpRNA_RFAM_28734.bpseq
data/bpRNA_dataset-canonicals/TR0/bpRNA_RFAM_5540.bpseq
data/bpRNA_dataset-canonicals/TR0/bpRNA_RFAM_1293.bpseq
data/bpRNA_dataset-canonicals/TR0/bpRNA_RFAM_22744.bpseq
data/bpRNA_dataset-canonicals/TR0/bpRNA_CRW_31434.bpseq
data/bpRNA_dataset-canonicals/TR0/bpRNA_RFAM_33414.bpseq
data/bpRNA_dataset-canonicals/TR0/bpRNA_RFAM_36692.bpseq
data/bpRNA_dataset-canonicals/TR0/bpRNA_RFAM_27009.bpseq
data/bpRNA_dataset-canonicals/TR0/bpRNA_RFAM_13974.bpseq
data/bpRNA_dataset-canonicals/TR0/bpRNA_CRW_31278.bpseq
data/bpRNA_dataset-canonicals/TR0/bpRNA_RFAM_628.bpseq
data/bpRNA_dataset-canonicals/TR0/bpRNA_RFAM_12439.bpseq
data/bpRNA_dataset-canonicals/TR0/bpRNA_RFAM_12835.bpseq
data/bpRNA_dataset-canonicals/TR0/bpRNA_RFAM_19809.bpseq
data/bpRNA_dataset-canonicals/TR0/bpRNA_SRP_329.bpseq
data/bpRNA_dataset-canonicals/TR0/bpRNA_RFAM_26729.bpseq
data/bpRNA_dataset-canonicals/TR0/bpRNA_RFAM_561.bpseq
data/bpRNA_dataset-canonicals/TR0/bpRNA_RFAM_33625.bpseq
data/bpRNA_dataset-canonicals/TR0/bpRNA_RFAM_28791.bpseq
data/bpRNA_dataset-canonicals/TR0/bpRNA_RFAM_15675.bpseq
data/bpRNA_dataset-canonicals/TR0/bpRNA_RFAM_18156.bpseq
data/bpRNA_dataset-canonicals/TR0/bpRNA_RFAM_18850.bpseq
data/bpRNA_dataset-canonicals/TR0/bpRNA_RFAM_33779.bpseq
data/bpRNA_dataset-canonicals/TR0/bpRNA_RFAM_21446.bpseq
data/bpRNA_dataset-canonicals/TR0/bpRNA_RFAM_8669.bpseq
data/bpRNA_dataset-canonicals/TR0/bpRNA_RFAM_16435.bpseq
data/bpRNA_dataset-canonicals/TR0/bpRNA_RFAM_11563.bpseq
data/bpRNA_dataset-canonicals/TR0/bpRNA_SPR_478.bpseq
data/bpRNA_dataset-canonicals/TR0/bpRNA_RFAM_40062.bpseq
data/bpRNA_dataset-canonicals/TR0/bpRNA_RFAM_37390.bpseq
data/bpRNA_dataset-canonicals/TR0/bpRNA_RFAM_12489.bpseq
data/bpRNA_dataset-canonicals/TR0/bpRNA_RFAM_13823.bpseq
data/bpRNA_dataset-canonicals/TR0/bpRNA_RFAM_22275.bpseq
data/bpRNA_dataset-canonicals/TR0/bpRNA_RFAM_39825.bpseq
data/bpRNA_dataset-canonicals/TR0/bpRNA_RFAM_11377.bpseq
data/bpRNA_dataset-canonicals/TR0/bpRNA_RFAM_17067.bpseq
data/bpRNA_dataset-canonicals/TR0/bpRNA_tmRNA_668.bpseq
data/bpRNA_dataset-canonicals/TR0/bpRNA_RFAM_36059.bpseq
data/bpRNA_dataset-canonicals/TR0/bpRNA_RFAM_41960.bpseq
data/bpRNA_dataset-canonicals/TR0/bpRNA_RNP_68.bpseq
data/bpRNA_dataset-canonicals/TR0/bpRNA_RFAM_34707.bpseq
data/bpRNA_dataset-canonicals/TR0/bpRNA_tmRNA_462.bpseq
data/bpRNA_dataset-canonicals/TR0/bpRNA_RFAM_10611.bpseq
data/bpRNA_dataset-canonicals/TR0/bpRNA_RFAM_16652.bpseq
data/bpRNA_dataset-canonicals/TR0/bpRNA_RFAM_14449.bpseq
data/bpRNA_dataset-canonicals/TR0/bpRNA_RFAM_9284.bpseq
data/bpRNA_dataset-canonicals/TR0/bpRNA_RFAM_6268.bpseq
data/bpRNA_dataset-canonicals/TR0/bpRNA_RFAM_42287.bpseq
data/bpRNA_dataset-canonicals/TR0/bpRNA_RFAM_33412.bpseq
data/bpRNA_dataset-canonicals/TR0/bpRNA_RFAM_9254.bpseq
data/bpRNA_dataset-canonicals/TR0/bpRNA_tmRNA_403.bpseq
data/bpRNA_dataset-canonicals/TR0/bpRNA_RFAM_15082.bpseq
data/bpRNA_dataset-canonicals/TR0/bpRNA_RFAM_17688.bpseq
data/bpRNA_dataset-canonicals/TR0/bpRNA_RFAM_23068.bpseq
data/bpRNA_dataset-canonicals/TR0/bpRNA_RFAM_1780.bpseq
data/bpRNA_dataset-canonicals/TR0/bpRNA_RFAM_8505.bpseq
data/bpRNA_dataset-canonicals/TR0/bpRNA_RFAM_12440.bpseq
data/bpRNA_dataset-canonicals/TR0/bpRNA_CRW_16292.bpseq
data/bpRNA_dataset-canonicals/TR0/bpRNA_RFAM_41824.bpseq
data/bpRNA_dataset-canonicals/TR0/bpRNA_RFAM_6582.bpseq
data/bpRNA_dataset-canonicals/TR0/bpRNA_RFAM_3354.bpseq
data/bpRNA_dataset-canonicals/TR0/bpRNA_RFAM_42450.bpseq
data/bpRNA_dataset-canonicals/TR0/bpRNA_RFAM_10593.bpseq
data/bpRNA_dataset-canonicals/TR0/bpRNA_CRW_32998.bpseq
data/bpRNA_dataset-canonicals/TR0/bpRNA_RFAM_13701.bpseq
data/bpRNA_dataset-canonicals/TR0/bpRNA_RFAM_28587.bpseq
data/bpRNA_dataset-canonicals/TR0/bpRNA_RFAM_8119.bpseq
data/bpRNA_dataset-canonicals/TR0/bpRNA_RFAM_15751.bpseq
data/bpRNA_dataset-canonicals/TR0/bpRNA_RNP_60.bpseq
data/bpRNA_dataset-canonicals/TR0/bpRNA_RFAM_2364.bpseq
data/bpRNA_dataset-canonicals/TR0/bpRNA_RFAM_1895.bpseq
data/bpRNA_dataset-canonicals/TR0/bpRNA_RFAM_17246.bpseq
data/bpRNA_dataset-canonicals/TR0/bpRNA_RFAM_22629.bpseq
data/bpRNA_dataset-canonicals/TR0/bpRNA_RFAM_34327.bpseq
data/bpRNA_dataset-canonicals/TR0/bpRNA_RFAM_26267.bpseq
data/bpRNA_dataset-canonicals/TR0/bpRNA_RFAM_36742.bpseq
data/bpRNA_dataset-canonicals/TR0/bpRNA_RFAM_22265.bpseq
data/bpRNA_dataset-canonicals/TR0/bpRNA_RFAM_27023.bpseq
data/bpRNA_dataset-canonicals/TR0/bpRNA_RFAM_15691.bpseq
data/bpRNA_dataset-canonicals/TR0/bpRNA_RFAM_21917.bpseq
data/bpRNA_dataset-canonicals/TR0/bpRNA_RFAM_39716.bpseq
data/bpRNA_dataset-canonicals/TR0/bpRNA_RFAM_22462.bpseq
data/bpRNA_dataset-canonicals/TR0/bpRNA_RFAM_9031.bpseq
data/bpRNA_dataset-canonicals/TR0/bpRNA_RFAM_26974.bpseq
data/bpRNA_dataset-canonicals/TR0/bpRNA_SRP_701.bpseq
data/bpRNA_dataset-canonicals/TR0/bpRNA_RFAM_26749.bpseq
data/bpRNA_dataset-canonicals/TR0/bpRNA_RFAM_21701.bpseq
data/bpRNA_dataset-canonicals/TR0/bpRNA_RFAM_37904.bpseq
data/bpRNA_dataset-canonicals/TR0/bpRNA_CRW_16029.bpseq
data/bpRNA_dataset-canonicals/TR0/bpRNA_RFAM_33704.bpseq
data/bpRNA_dataset-canonicals/TR0/bpRNA_RFAM_37875.bpseq
data/bpRNA_dataset-canonicals/TR0/bpRNA_RFAM_19602.bpseq
data/bpRNA_dataset-canonicals/TR0/bpRNA_RFAM_18832.bpseq
data/bpRNA_dataset-canonicals/TR0/bpRNA_RFAM_30955.bpseq
data/bpRNA_dataset-canonicals/TR0/bpRNA_RFAM_7014.bpseq
data/bpRNA_dataset-canonicals/TR0/bpRNA_RFAM_33822.bpseq
data/bpRNA_dataset-canonicals/TR0/bpRNA_RNP_76.bpseq
data/bpRNA_dataset-canonicals/TR0/bpRNA_RFAM_28738.bpseq
data/bpRNA_dataset-canonicals/TR0/bpRNA_RFAM_2084.bpseq
data/bpRNA_dataset-canonicals/TR0/bpRNA_RFAM_19698.bpseq
data/bpRNA_dataset-canonicals/TR0/bpRNA_RFAM_26065.bpseq
data/bpRNA_dataset-canonicals/TR0/bpRNA_RFAM_25138.bpseq
data/bpRNA_dataset-canonicals/TR0/bpRNA_RFAM_38355.bpseq
data/bpRNA_dataset-canonicals/TR0/bpRNA_RFAM_28991.bpseq
data/bpRNA_dataset-canonicals/TR0/bpRNA_SPR_484.bpseq
data/bpRNA_dataset-canonicals/TR0/bpRNA_CRW_44491.bpseq
data/bpRNA_dataset-canonicals/TR0/bpRNA_RFAM_35105.bpseq
data/bpRNA_dataset-canonicals/TR0/bpRNA_CRW_28541.bpseq
data/bpRNA_dataset-canonicals/TR0/bpRNA_RFAM_22055.bpseq
data/bpRNA_dataset-canonicals/TR0/bpRNA_RFAM_26410.bpseq
data/bpRNA_dataset-canonicals/TR0/bpRNA_RFAM_6164.bpseq
data/bpRNA_dataset-canonicals/TR0/bpRNA_RFAM_19285.bpseq
data/bpRNA_dataset-canonicals/TR0/bpRNA_RFAM_11448.bpseq
data/bpRNA_dataset-canonicals/TR0/bpRNA_RFAM_27306.bpseq
data/bpRNA_dataset-canonicals/TR0/bpRNA_RFAM_1202.bpseq
data/bpRNA_dataset-canonicals/TR0/bpRNA_tmRNA_23.bpseq
data/bpRNA_dataset-canonicals/TR0/bpRNA_RFAM_6943.bpseq
data/bpRNA_dataset-canonicals/TR0/bpRNA_RFAM_19427.bpseq
data/bpRNA_dataset-canonicals/TR0/bpRNA_RFAM_14054.bpseq
data/bpRNA_dataset-canonicals/TR0/bpRNA_RFAM_26748.bpseq
data/bpRNA_dataset-canonicals/TR0/bpRNA_RFAM_2339.bpseq
data/bpRNA_dataset-canonicals/TR0/bpRNA_RFAM_24657.bpseq
data/bpRNA_dataset-canonicals/TR0/bpRNA_CRW_52830.bpseq
data/bpRNA_dataset-canonicals/TR0/bpRNA_RFAM_27004.bpseq
data/bpRNA_dataset-canonicals/TR0/bpRNA_RFAM_38117.bpseq
data/bpRNA_dataset-canonicals/TR0/bpRNA_RFAM_38956.bpseq
data/bpRNA_dataset-canonicals/TR0/bpRNA_RFAM_18341.bpseq
data/bpRNA_dataset-canonicals/TR0/bpRNA_RFAM_20154.bpseq
data/bpRNA_dataset-canonicals/TR0/bpRNA_RFAM_38975.bpseq
data/bpRNA_dataset-canonicals/TR0/bpRNA_RFAM_23997.bpseq
data/bpRNA_dataset-canonicals/TR0/bpRNA_RFAM_17059.bpseq
data/TrainSetA/1861.bpseq
data/TrainSetA/2846.bpseq
data/TrainSetA/2272.bpseq
data/TrainSetA/1902.bpseq
data/TrainSetA/1802.bpseq
data/TrainSetA/915.bpseq
data/TrainSetA/2767.bpseq
data/TrainSetA/893.bpseq
data/TrainSetA/175.bpseq
data/TrainSetA/1847.bpseq
data/TrainSetA/440.bpseq
data/TrainSetA/1010.bpseq
data/TrainSetA/1335.bpseq
data/TrainSetA/2317.bpseq
data/TrainSetA/2545.bpseq
data/TrainSetA/709.bpseq
data/TrainSetA/2999.bpseq
data/TrainSetA/390.bpseq
data/TrainSetA/355.bpseq
data/TrainSetA/2843.bpseq
data/TrainSetA/2033.bpseq
data/TrainSetA/392.bpseq
data/TrainSetA/1025.bpseq
data/TrainSetA/2104.bpseq
data/TrainSetA/1792.bpseq
data/TrainSetA/2412.bpseq
data/TrainSetA/1224.bpseq
data/TrainSetA/1658.bpseq
data/TrainSetA/1175.bpseq
data/TrainSetA/1021.bpseq
data/TrainSetA/1121.bpseq
data/TrainSetA/3023.bpseq
data/TrainSetA/2466.bpseq
data/TrainSetA/909.bpseq
data/TrainSetA/1205.bpseq
data/TrainSetA/1005.bpseq
data/TrainSetA/812.bpseq
data/TrainSetA/174.bpseq
data/TrainSetA/1854.bpseq
data/TrainSetA/1916.bpseq
data/TrainSetA/925.bpseq
data/TrainSetA/1875.bpseq
data/TrainSetA/2761.bpseq
data/TrainSetA/2862.bpseq
data/TrainSetA/1890.bpseq
data/TrainSetA/2224.bpseq
data/TrainSetA/2963.bpseq
data/TrainSetA/158.bpseq
data/TrainSetA/946.bpseq
data/TrainSetA/241.bpseq
data/TrainSetA/2711.bpseq
data/TrainSetA/3085.bpseq
data/TrainSetA/2849.bpseq
data/TrainSetA/2243.bpseq
data/TrainSetA/123.bpseq
data/TrainSetA/3107.bpseq
data/TrainSetA/2800.bpseq
data/TrainSetA/2182.bpseq
data/TrainSetA/2703.bpseq
data/TrainSetA/2527.bpseq
data/TrainSetA/265.bpseq
data/TrainSetA/1341.bpseq
data/TrainSetA/1891.bpseq
data/TrainSetA/3013.bpseq
data/TrainSetA/2593.bpseq
data/TrainSetA/1518.bpseq
data/TrainSetA/2513.bpseq
data/TrainSetA/3040.bpseq
data/TrainSetA/779.bpseq
data/TrainSetB/505.bpseq
data/TrainSetB/1092.bpseq
data/TrainSetB/788.bpseq
data/TrainSetB/737.bpseq
data/TrainSetB/938.bpseq
data/TrainSetB/391.bpseq
data/TrainSetB/908.bpseq
data/TrainSetB/131.bpseq
data/TrainSetB/856.bpseq
data/TrainSetB/335.bpseq
data/TrainSetB/292.bpseq
data/TrainSetB/786.bpseq
data/bpRNA_dataset-canonicals/TS0/bpRNA_RFAM_37379.bpseq
data/bpRNA_dataset-canonicals/TS0/bpRNA_RFAM_22730.bpseq
data/bpRNA_dataset-canonicals/TS0/bpRNA_RFAM_38923.bpseq
data/bpRNA_dataset-canonicals/TS0/bpRNA_RFAM_23002.bpseq
data/bpRNA_dataset-canonicals/TS0/bpRNA_RFAM_42661.bpseq
data/bpRNA_dataset-canonicals/TS0/bpRNA_RFAM_9643.bpseq
data/bpRNA_dataset-canonicals/TS0/bpRNA_RFAM_37473.bpseq
data/bpRNA_dataset-canonicals/TS0/bpRNA_RFAM_5462.bpseq
data/bpRNA_dataset-canonicals/TS0/bpRNA_RFAM_9130.bpseq
data/bpRNA_dataset-canonicals/TS0/bpRNA_RFAM_37148.bpseq
data/bpRNA_dataset-canonicals/TS0/bpRNA_RFAM_20013.bpseq
data/bpRNA_dataset-canonicals/TS0/bpRNA_RFAM_37757.bpseq
data/bpRNA_dataset-canonicals/TS0/bpRNA_RFAM_25159.bpseq
data/bpRNA_dataset-canonicals/TS0/bpRNA_RFAM_12220.bpseq
data/bpRNA_dataset-canonicals/TS0/bpRNA_RFAM_10774.bpseq
data/bpRNA_dataset-canonicals/TS0/bpRNA_RFAM_22534.bpseq
data/bpRNA_dataset-canonicals/TS0/bpRNA_SPR_599.bpseq
data/bpRNA_dataset-canonicals/TS0/bpRNA_RFAM_3675.bpseq
data/bpRNA_dataset-canonicals/TS0/bpRNA_RFAM_40305.bpseq
data/bpRNA_dataset-canonicals/TS0/bpRNA_RFAM_3116.bpseq
data/bpRNA_dataset-canonicals/TS0/bpRNA_RFAM_35615.bpseq
data/bpRNA_dataset-canonicals/TS0/bpRNA_RFAM_18195.bpseq
data/bpRNA_dataset-canonicals/TS0/bpRNA_RFAM_28328.bpseq
data/bpRNA_dataset-canonicals/TS0/bpRNA_RFAM_40164.bpseq
data/bpRNA_dataset-canonicals/TS0/bpRNA_RFAM_25865.bpseq
data/bpRNA_dataset-canonicals/TS0/bpRNA_RFAM_22343.bpseq
data/bpRNA_dataset-canonicals/TS0/bpRNA_RFAM_12137.bpseq
data/bpRNA_dataset-canonicals/TS0/bpRNA_RFAM_11557.bpseq
data/bpRNA_dataset-canonicals/TS0/bpRNA_SPR_345.bpseq
data/bpRNA_dataset-canonicals/TS0/bpRNA_RFAM_27311.bpseq
data/bpRNA_dataset-canonicals/TS0/bpRNA_RFAM_10621.bpseq
data/bpRNA_dataset-canonicals/TS0/bpRNA_RFAM_1339.bpseq
data/bpRNA_dataset-canonicals/VL0/bpRNA_CRW_33557.bpseq
data/bpRNA_dataset-canonicals/VL0/bpRNA_RFAM_30532.bpseq
data/bpRNA_dataset-canonicals/VL0/bpRNA_RFAM_21866.bpseq
data/bpRNA_dataset-canonicals/VL0/bpRNA_RFAM_27714.bpseq
data/bpRNA_dataset-canonicals/VL0/bpRNA_RFAM_25621.bpseq
data/bpRNA_dataset-canonicals/VL0/bpRNA_RNP_329.bpseq
data/bpRNA_dataset-canonicals/VL0/bpRNA_RFAM_7495.bpseq
data/bpRNA_dataset-canonicals/VL0/bpRNA_RFAM_36062.bpseq
data/bpRNA_dataset-canonicals/VL0/bpRNA_RFAM_31929.bpseq
data/bpRNA_dataset-canonicals/VL0/bpRNA_RFAM_9028.bpseq
data/bpRNA_dataset-canonicals/VL0/bpRNA_RFAM_18559.bpseq
data/bpRNA_dataset-canonicals/VL0/bpRNA_RFAM_24124.bpseq
data/bpRNA_dataset-canonicals/VL0/bpRNA_RFAM_36668.bpseq
data/bpRNA_dataset-canonicals/VL0/bpRNA_RFAM_28267.bpseq
data/bpRNA_dataset-canonicals/VL0/bpRNA_RFAM_40359.bpseq
data/bpRNA_dataset-canonicals/VL0/bpRNA_CRW_54576.bpseq
data/bpRNA_dataset-canonicals/VL0/bpRNA_RFAM_35625.bpseq
data/bpRNA_dataset-canonicals/VL0/bpRNA_tmRNA_407.bpseq
data/bpRNA_dataset-canonicals/VL0/bpRNA_CRW_17882.bpseq
data/bpRNA_dataset-canonicals/VL0/bpRNA_CRW_39637.bpseq
data/bpRNA_dataset-canonicals/VL0/bpRNA_RFAM_38487.bpseq
data/bpRNA_dataset-canonicals/VL0/bpRNA_RFAM_38373.bpseq
data/bpRNA_dataset-canonicals/VL0/bpRNA_RFAM_26655.bpseq
data/bpRNA_dataset-canonicals/VL0/bpRNA_RFAM_35835.bpseq
data/bpRNA_dataset-canonicals/VL0/bpRNA_SPR_260.bpseq
data/bpRNA_dataset-canonicals/VL0/bpRNA_RFAM_38985.bpseq
data/bpRNA_dataset-canonicals/VL0/bpRNA_RFAM_28086.bpseq
data/bpRNA_dataset-canonicals/VL0/bpRNA_RFAM_21285.bpseq
data/bpRNA_dataset-canonicals/VL0/bpRNA_RFAM_20807.bpseq
data/bpRNA_dataset-canonicals/VL0/bpRNA_RFAM_31891.bpseq
data/bpRNA_dataset-canonicals/VL0/bpRNA_RFAM_18464.bpseq
data/bpRNA_dataset-canonicals/VL0/bpRNA_CRW_15618.bpseq
