data/bpRNA_dataset-canonicals/VL0/bpRNA_CRW_15576.bpseq
data/bpRNA_dataset-canonicals/VL0/bpRNA_CRW_15618.bpseq
data/bpRNA_dataset-canonicals/VL0/bpRNA_CRW_15857.bpseq
data/bpRNA_dataset-canonicals/VL0/bpRNA_CRW_15869.bpseq
data/bpRNA_dataset-canonicals/VL0/bpRNA_CRW_15964.bpseq
data/bpRNA_dataset-canonicals/VL0/bpRNA_CRW_16650.bpseq
data/bpRNA_dataset-canonicals/VL0/bpRNA_CRW_16682.bpseq
data/bpRNA_dataset-canonicals/VL0/bpRNA_CRW_17860.bpseq
data/bpRNA_dataset-canonicals/VL0/bpRNA_CRW_17882.bpseq
data/bpRNA_dataset-canonicals/VL0/bpRNA_CRW_18706.bpseq
data/bpRNA_dataset-canonicals/VL0/bpRNA_CRW_19530.bpseq
data/bpRNA_dataset-canonicals/VL0/bpRNA_CRW_19720.bpseq
data/bpRNA_dataset-canonicals/VL0/bpRNA_CRW_20061.bpseq
data/bpRNA_dataset-canonicals/VL0/bpRNA_CRW_20964.bpseq
data/bpRNA_dataset-canonicals/VL0/bpRNA_CRW_23903.bpseq
data/bpRNA_dataset-canonicals/VL0/bpRNA_CRW_25093.bpseq
data/bpRNA_dataset-canonicals/VL0/bpRNA_CRW_25308.bpseq
data/bpRNA_dataset-canonicals/VL0/bpRNA_CRW_25477.bpseq
data/bpRNA_dataset-canonicals/VL0/bpRNA_CRW_25507.bpseq
data/bpRNA_dataset-canonicals/VL0/bpRNA_CRW_25561.bpseq
data/bpRNA_dataset-canonicals/VL0/bpRNA_CRW_25575.bpseq
data/bpRNA_dataset-canonicals/VL0/bpRNA_CRW_25684.bpseq
data/bpRNA_dataset-canonicals/VL0/bpRNA_CRW_27050.bpseq
data/bpRNA_dataset-canonicals/VL0/bpRNA_CRW_27440.bpseq
data/bpRNA_dataset-canonicals/VL0/bpRNA_CRW_28045.bpseq
data/bpRNA_dataset-canonicals/VL0/bpRNA_CRW_28451.bpseq
data/bpRNA_dataset-canonicals/VL0/bpRNA_CRW_28532.bpseq
data/bpRNA_dataset-canonicals/VL0/bpRNA_CRW_28543.bpseq
data/bpRNA_dataset-canonicals/VL0/bpRNA_CRW_28667.bpseq
data/bpRNA_dataset-canonicals/VL0/bpRNA_CRW_29028.bpseq
data/bpRNA_dataset-canonicals/VL0/bpRNA_CRW_29251.bpseq
data/bpRNA_dataset-canonicals/VL0/bpRNA_CRW_29252.bpseq
data/bpRNA_dataset-canonicals/VL0/bpRNA_CRW_29690.bpseq
data/bpRNA_dataset-canonicals/VL0/bpRNA_CRW_29807.bpseq
data/bpRNA_dataset-canonicals/VL0/bpRNA_CRW_29972.bpseq
data/bpRNA_dataset-canonicals/VL0/bpRNA_CRW_30053.bpseq
data/bpRNA_dataset-canonicals/VL0/bpRNA_CRW_30169.bpseq
data/bpRNA_dataset-canonicals/VL0/bpRNA_CRW_31023.bpseq
data/bpRNA_dataset-canonicals/VL0/bpRNA_CRW_31204.bpseq
data/bpRNA_dataset-canonicals/VL0/bpRNA_CRW_31270.bpseq
data/bpRNA_dataset-canonicals/VL0/bpRNA_CRW_31500.bpseq
data/bpRNA_dataset-canonicals/VL0/bpRNA_CRW_31878.bpseq
data/bpRNA_dataset-canonicals/VL0/bpRNA_CRW_31978.bpseq
data/bpRNA_dataset-canonicals/VL0/bpRNA_CRW_32330.bpseq
data/bpRNA_dataset-canonicals/VL0/bpRNA_CRW_32361.bpseq
data/bpRNA_dataset-canonicals/VL0/bpRNA_CRW_33188.bpseq
data/bpRNA_dataset-canonicals/VL0/bpRNA_CRW_33557.bpseq
data/bpRNA_dataset-canonicals/VL0/bpRNA_CRW_33615.bpseq
data/bpRNA_dataset-canonicals/VL0/bpRNA_CRW_34319.bpseq
data/bpRNA_dataset-canonicals/VL0/bpRNA_CRW_34381.bpseq
data/bpRNA_dataset-canonicals/VL0/bpRNA_CRW_34679.bpseq
data/bpRNA_dataset-canonicals/VL0/bpRNA_CRW_34691.bpseq
data/bpRNA_dataset-canonicals/VL0/bpRNA_CRW_35565.bpseq
data/bpRNA_dataset-canonicals/VL0/bpRNA_CRW_35676.bpseq
data/bpRNA_dataset-canonicals/VL0/bpRNA_CRW_35803.bpseq
data/bpRNA_dataset-canonicals/VL0/bpRNA_CRW_36149.bpseq
data/bpRNA_dataset-canonicals/VL0/bpRNA_CRW_36983.bpseq
data/bpRNA_dataset-canonicals/VL0/bpRNA_CRW_37870.bpseq
data/bpRNA_dataset-canonicals/VL0/bpRNA_CRW_37936.bpseq
data/bpRNA_dataset-canonicals/VL0/bpRNA_CRW_38821.bpseq
data/bpRNA_dataset-canonicals/VL0/bpRNA_CRW_39637.bpseq
data/bpRNA_dataset-canonicals/VL0/bpRNA_CRW_40763.bpseq
data/bpRNA_dataset-canonicals/VL0/bpRNA_CRW_40813.bpseq
data/bpRNA_dataset-canonicals/VL0/bpRNA_CRW_40832.bpseq
data/bpRNA_dataset-canonicals/VL0/bpRNA_CRW_40893.bpseq
data/bpRNA_dataset-canonicals/VL0/bpRNA_CRW_41044.bpseq
data/bpRNA_dataset-canonicals/VL0/bpRNA_CRW_41446.bpseq
data/bpRNA_dataset-canonicals/VL0/bpRNA_CRW_41546.bpseq
data/bpRNA_dataset-canonicals/VL0/bpRNA_CRW_41865.bpseq
data/bpRNA_dataset-canonicals/VL0/bpRNA_CRW_41908.bpseq
data/bpRNA_dataset-canonicals/VL0/bpRNA_CRW_42069.bpseq
data/bpRNA_dataset-canonicals/VL0/bpRNA_CRW_42141.bpseq
data/bpRNA_dataset-canonicals/VL0/bpRNA_CRW_42744.bpseq
data/bpRNA_dataset-canonicals/VL0/bpRNA_CRW_43685.bpseq
data/bpRNA_dataset-canonicals/VL0/bpRNA_CRW_44095.bpseq
data/bpRNA_dataset-canonicals/VL0/bpRNA_CRW_44200.bpseq
data/bpRNA_dataset-canonicals/VL0/bpRNA_CRW_44283.bpseq
data/bpRNA_dataset-canonicals/VL0/bpRNA_CRW_44407.bpseq
data/bpRNA_dataset-canonicals/VL0/bpRNA_CRW_48949.bpseq
data/bpRNA_dataset-canonicals/VL0/bpRNA_CRW_52281.bpseq
data/bpRNA_dataset-canonicals/VL0/bpRNA_CRW_52389.bpseq
data/bpRNA_dataset-canonicals/VL0/bpRNA_CRW_52618.bpseq
data/bpRNA_dataset-canonicals/VL0/bpRNA_CRW_52880.bpseq
data/bpRNA_dataset-canonicals/VL0/bpRNA_CRW_52916.bpseq
data/bpRNA_dataset-canonicals/VL0/bpRNA_CRW_53015.bpseq
data/bpRNA_dataset-canonicals/VL0/bpRNA_CRW_53136.bpseq
data/bpRNA_dataset-canonicals/VL0/bpRNA_CRW_53369.bpseq
data/bpRNA_dataset-canonicals/VL0/bpRNA_CRW_53695.bpseq
data/bpRNA_dataset-canonicals/VL0/bpRNA_CRW_53717.bpseq
data/bpRNA_dataset-canonicals/VL0/bpRNA_CRW_53856.bpseq
data/bpRNA_dataset-canonicals/VL0/bpRNA_CRW_53969.bpseq
data/bpRNA_dataset-canonicals/VL0/bpRNA_CRW_54037.bpseq
data/bpRNA_dataset-canonicals/VL0/bpRNA_CRW_54568.bpseq
data/bpRNA_dataset-canonicals/VL0/bpRNA_CRW_54569.bpseq
data/bpRNA_dataset-canonicals/VL0/bpRNA_CRW_54576.bpseq
data/bpRNA_dataset-canonicals/VL0/bpRNA_CRW_54579.bpseq
data/bpRNA_dataset-canonicals/VL0/bpRNA_CRW_54596.bpseq
data/bpRNA_dataset-canonicals/VL0/bpRNA_CRW_54598.bpseq
data/bpRNA_dataset-canonicals/VL0/bpRNA_CRW_54619.bpseq
data/bpRNA_dataset-canonicals/VL0/bpRNA_CRW_55425.bpseq
data/bpRNA_dataset-canonicals/VL0/bpRNA_CRW_7478.bpseq
data/bpRNA_dataset-canonicals/VL0/bpRNA_RFAM_10019.bpseq
data/bpRNA_dataset-canonicals/VL0/bpRNA_RFAM_10029.bpseq
data/bpRNA_dataset-canonicals/VL0/bpRNA_RFAM_10044.bpseq
data/bpRNA_dataset-canonicals/VL0/bpRNA_RFAM_10093.bpseq
data/bpRNA_dataset-canonicals/VL0/bpRNA_RFAM_1011.bpseq
data/bpRNA_dataset-canonicals/VL0/bpRNA_RFAM_10125.bpseq
data/bpRNA_dataset-canonicals/VL0/bpRNA_RFAM_1020.bpseq
data/bpRNA_dataset-canonicals/VL0/bpRNA_RFAM_10250.bpseq
data/bpRNA_dataset-canonicals/VL0/bpRNA_RFAM_10268.bpseq
data/bpRNA_dataset-canonicals/VL0/bpRNA_RFAM_10272.bpseq
data/bpRNA_dataset-canonicals/VL0/bpRNA_RFAM_10366.bpseq
data/bpRNA_dataset-canonicals/VL0/bpRNA_RFAM_10390.bpseq
data/bpRNA_dataset-canonicals/VL0/bpRNA_RFAM_1050.bpseq
data/bpRNA_dataset-canonicals/VL0/bpRNA_RFAM_1055.bpseq
data/bpRNA_dataset-canonicals/VL0/bpRNA_RFAM_1056.bpseq
data/bpRNA_dataset-canonicals/VL0/bpRNA_RFAM_10563.bpseq
data/bpRNA_dataset-canonicals/VL0/bpRNA_RFAM_10565.bpseq
data/bpRNA_dataset-canonicals/VL0/bpRNA_RFAM_10570.bpseq
data/bpRNA_dataset-canonicals/VL0/bpRNA_RFAM_10585.bpseq
data/bpRNA_dataset-canonicals/VL0/bpRNA_RFAM_10589.bpseq
data/bpRNA_dataset-canonicals/VL0/bpRNA_RFAM_10594.bpseq
data/bpRNA_dataset-canonicals/VL0/bpRNA_RFAM_10602.bpseq
data/bpRNA_dataset-canonicals/VL0/bpRNA_RFAM_1063.bpseq
data/bpRNA_dataset-canonicals/VL0/bpRNA_RFAM_10636.bpseq
data/bpRNA_dataset-canonicals/VL0/bpRNA_RFAM_10659.bpseq
data/bpRNA_dataset-canonicals/VL0/bpRNA_RFAM_1076.bpseq
data/bpRNA_dataset-canonicals/VL0/bpRNA_RFAM_10826.bpseq
data/bpRNA_dataset-canonicals/VL0/bpRNA_RFAM_10868.bpseq
data/bpRNA_dataset-canonicals/VL0/bpRNA_RFAM_10872.bpseq
data/bpRNA_dataset-canonicals/VL0/bpRNA_RFAM_10946.bpseq
data/bpRNA_dataset-canonicals/VL0/bpRNA_RFAM_10976.bpseq
data/bpRNA_dataset-canonicals/VL0/bpRNA_RFAM_10984.bpseq
data/bpRNA_dataset-canonicals/VL0/bpRNA_RFAM_11107.bpseq
data/bpRNA_dataset-canonicals/VL0/bpRNA_RFAM_11264.bpseq
data/bpRNA_dataset-canonicals/VL0/bpRNA_RFAM_11333.bpseq
data/bpRNA_dataset-canonicals/VL0/bpRNA_RFAM_11364.bpseq
data/bpRNA_dataset-canonicals/VL0/bpRNA_RFAM_11412.bpseq
data/bpRNA_dataset-canonicals/VL0/bpRNA_RFAM_11476.bpseq
data/bpRNA_dataset-canonicals/VL0/bpRNA_RFAM_11599.bpseq
data/bpRNA_dataset-canonicals/VL0/bpRNA_RFAM_11664.bpseq
data/bpRNA_dataset-canonicals/VL0/bpRNA_RFAM_117.bpseq
data/bpRNA_dataset-canonicals/VL0/bpRNA_RFAM_11706.bpseq
data/bpRNA_dataset-canonicals/VL0/bpRNA_RFAM_1173.bpseq
data/bpRNA_dataset-canonicals/VL0/bpRNA_RFAM_11732.bpseq
data/bpRNA_dataset-canonicals/VL0/bpRNA_RFAM_11739.bpseq
data/bpRNA_dataset-canonicals/VL0/bpRNA_RFAM_11745.bpseq
data/bpRNA_dataset-canonicals/VL0/bpRNA_RFAM_11768.bpseq
data/bpRNA_dataset-canonicals/VL0/bpRNA_RFAM_11776.bpseq
data/bpRNA_dataset-canonicals/VL0/bpRNA_RFAM_11794.bpseq
data/bpRNA_dataset-canonicals/VL0/bpRNA_RFAM_11808.bpseq
data/bpRNA_dataset-canonicals/VL0/bpRNA_RFAM_11829.bpseq
data/bpRNA_dataset-canonicals/VL0/bpRNA_RFAM_11847.bpseq
data/bpRNA_dataset-canonicals/VL0/bpRNA_RFAM_11883.bpseq
data/bpRNA_dataset-canonicals/VL0/bpRNA_RFAM_11887.bpseq
data/bpRNA_dataset-canonicals/VL0/bpRNA_RFAM_11904.bpseq
data/bpRNA_dataset-canonicals/VL0/bpRNA_RFAM_11925.bpseq
data/bpRNA_dataset-canonicals/VL0/bpRNA_RFAM_11941.bpseq
data/bpRNA_dataset-canonicals/VL0/bpRNA_RFAM_11972.bpseq
data/bpRNA_dataset-canonicals/VL0/bpRNA_RFAM_12021.bpseq
data/bpRNA_dataset-canonicals/VL0/bpRNA_RFAM_12031.bpseq
data/bpRNA_dataset-canonicals/VL0/bpRNA_RFAM_12131.bpseq
data/bpRNA_dataset-canonicals/VL0/bpRNA_RFAM_12180.bpseq
data/bpRNA_dataset-canonicals/VL0/bpRNA_RFAM_1227.bpseq
data/bpRNA_dataset-canonicals/VL0/bpRNA_RFAM_1230.bpseq
data/bpRNA_dataset-canonicals/VL0/bpRNA_RFAM_12347.bpseq
data/bpRNA_dataset-canonicals/VL0/bpRNA_RFAM_12377.bpseq
data/bpRNA_dataset-canonicals/VL0/bpRNA_RFAM_12400.bpseq
data/bpRNA_dataset-canonicals/VL0/bpRNA_RFAM_12476.bpseq
data/bpRNA_dataset-canonicals/VL0/bpRNA_RFAM_12728.bpseq
data/bpRNA_dataset-canonicals/VL0/bpRNA_RFAM_12783.bpseq
data/bpRNA_dataset-canonicals/VL0/bpRNA_RFAM_12796.bpseq
data/bpRNA_dataset-canonicals/VL0/bpRNA_RFAM_12814.bpseq
data/bpRNA_dataset-canonicals/VL0/bpRNA_RFAM_12820.bpseq
data/bpRNA_dataset-canonicals/VL0/bpRNA_RFAM_12854.bpseq
data/bpRNA_dataset-canonicals/VL0/bpRNA_RFAM_12881.bpseq
data/bpRNA_dataset-canonicals/VL0/bpRNA_RFAM_12888.bpseq
data/bpRNA_dataset-canonicals/VL0/bpRNA_RFAM_13007.bpseq
data/bpRNA_dataset-canonicals/VL0/bpRNA_RFAM_13018.bpseq
data/bpRNA_dataset-canonicals/VL0/bpRNA_RFAM_13027.bpseq
data/bpRNA_dataset-canonicals/VL0/bpRNA_RFAM_1308.bpseq
data/bpRNA_dataset-canonicals/VL0/bpRNA_RFAM_13247.bpseq
data/bpRNA_dataset-canonicals/VL0/bpRNA_RFAM_13320.bpseq
data/bpRNA_dataset-canonicals/VL0/bpRNA_RFAM_13324.bpseq
data/bpRNA_dataset-canonicals/VL0/bpRNA_RFAM_1335.bpseq
data/bpRNA_dataset-canonicals/VL0/bpRNA_RFAM_1336.bpseq
data/bpRNA_dataset-canonicals/VL0/bpRNA_RFAM_13383.bpseq
data/bpRNA_dataset-canonicals/VL0/bpRNA_RFAM_13403.bpseq
data/bpRNA_dataset-canonicals/VL0/bpRNA_RFAM_13408.bpseq
data/bpRNA_dataset-canonicals/VL0/bpRNA_RFAM_1341.bpseq
data/bpRNA_dataset-canonicals/VL0/bpRNA_RFAM_13420.bpseq
data/bpRNA_dataset-canonicals/VL0/bpRNA_RFAM_13422.bpseq
data/bpRNA_dataset-canonicals/VL0/bpRNA_RFAM_13494.bpseq
data/bpRNA_dataset-canonicals/VL0/bpRNA_RFAM_13552.bpseq
data/bpRNA_dataset-canonicals/VL0/bpRNA_RFAM_13561.bpseq
data/bpRNA_dataset-canonicals/VL0/bpRNA_RFAM_13664.bpseq
data/bpRNA_dataset-canonicals/VL0/bpRNA_RFAM_1368.bpseq
data/bpRNA_dataset-canonicals/VL0/bpRNA_RFAM_13810.bpseq
data/bpRNA_dataset-canonicals/VL0/bpRNA_RFAM_13866.bpseq
data/bpRNA_dataset-canonicals/VL0/bpRNA_RFAM_13868.bpseq
data/bpRNA_dataset-canonicals/VL0/bpRNA_RFAM_13913.bpseq
data/bpRNA_dataset-canonicals/VL0/bpRNA_RFAM_1394.bpseq
data/bpRNA_dataset-canonicals/VL0/bpRNA_RFAM_13940.bpseq
data/bpRNA_dataset-canonicals/VL0/bpRNA_RFAM_13943.bpseq
data/bpRNA_dataset-canonicals/VL0/bpRNA_RFAM_13982.bpseq
data/bpRNA_dataset-canonicals/VL0/bpRNA_RFAM_14024.bpseq
data/bpRNA_dataset-canonicals/VL0/bpRNA_RFAM_14092.bpseq
data/bpRNA_dataset-canonicals/VL0/bpRNA_RFAM_14097.bpseq
data/bpRNA_dataset-canonicals/VL0/bpRNA_RFAM_14223.bpseq
data/bpRNA_dataset-canonicals/VL0/bpRNA_RFAM_14235.bpseq
data/bpRNA_dataset-canonicals/VL0/bpRNA_RFAM_14244.bpseq
data/bpRNA_dataset-canonicals/VL0/bpRNA_RFAM_14279.bpseq
data/bpRNA_dataset-canonicals/VL0/bpRNA_RFAM_14283.bpseq
data/bpRNA_dataset-canonicals/VL0/bpRNA_RFAM_14338.bpseq
data/bpRNA_dataset-canonicals/VL0/bpRNA_RFAM_14373.bpseq
data/bpRNA_dataset-canonicals/VL0/bpRNA_RFAM_1440.bpseq
data/bpRNA_dataset-canonicals/VL0/bpRNA_RFAM_14424.bpseq
data/bpRNA_dataset-canonicals/VL0/bpRNA_RFAM_14488.bpseq
data/bpRNA_dataset-canonicals/VL0/bpRNA_RFAM_14542.bpseq
data/bpRNA_dataset-canonicals/VL0/bpRNA_RFAM_14548.bpseq
data/bpRNA_dataset-canonicals/VL0/bpRNA_RFAM_1457.bpseq
data/bpRNA_dataset-canonicals/VL0/bpRNA_RFAM_14583.bpseq
data/bpRNA_dataset-canonicals/VL0/bpRNA_RFAM_14588.bpseq
data/bpRNA_dataset-canonicals/VL0/bpRNA_RFAM_14594.bpseq
data/bpRNA_dataset-canonicals/VL0/bpRNA_RFAM_14737.bpseq
data/bpRNA_dataset-canonicals/VL0/bpRNA_RFAM_14773.bpseq
data/bpRNA_dataset-canonicals/VL0/bpRNA_RFAM_148.bpseq
data/bpRNA_dataset-canonicals/VL0/bpRNA_RFAM_15060.bpseq
data/bpRNA_dataset-canonicals/VL0/bpRNA_RFAM_15067.bpseq
data/bpRNA_dataset-canonicals/VL0/bpRNA_RFAM_15077.bpseq
data/bpRNA_dataset-canonicals/VL0/bpRNA_RFAM_15089.bpseq
data/bpRNA_dataset-canonicals/VL0/bpRNA_RFAM_1533.bpseq
data/bpRNA_dataset-canonicals/VL0/bpRNA_RFAM_15352.bpseq
data/bpRNA_dataset-canonicals/VL0/bpRNA_RFAM_15364.bpseq
data/bpRNA_dataset-canonicals/VL0/bpRNA_RFAM_15403.bpseq
data/bpRNA_dataset-canonicals/VL0/bpRNA_RFAM_15439.bpseq
data/bpRNA_dataset-canonicals/VL0/bpRNA_RFAM_1546.bpseq
data/bpRNA_dataset-canonicals/VL0/bpRNA_RFAM_15494.bpseq
data/bpRNA_dataset-canonicals/VL0/bpRNA_RFAM_15568.bpseq
data/bpRNA_dataset-canonicals/VL0/bpRNA_RFAM_15579.bpseq
data/bpRNA_dataset-canonicals/VL0/bpRNA_RFAM_15581.bpseq
data/bpRNA_dataset-canonicals/VL0/bpRNA_RFAM_15586.bpseq
data/bpRNA_dataset-canonicals/VL0/bpRNA_RFAM_15597.bpseq
data/bpRNA_dataset-canonicals/VL0/bpRNA_RFAM_15623.bpseq
data/bpRNA_dataset-canonicals/VL0/bpRNA_RFAM_15636.bpseq
data/bpRNA_dataset-canonicals/VL0/bpRNA_RFAM_1564.bpseq
data/bpRNA_dataset-canonicals/VL0/bpRNA_RFAM_15718.bpseq
data/bpRNA_dataset-canonicals/VL0/bpRNA_RFAM_15785.bpseq
data/bpRNA_dataset-canonicals/VL0/bpRNA_RFAM_15789.bpseq
data/bpRNA_dataset-canonicals/VL0/bpRNA_RFAM_15847.bpseq
data/bpRNA_dataset-canonicals/VL0/bpRNA_RFAM_15883.bpseq
data/bpRNA_dataset-canonicals/VL0/bpRNA_RFAM_15902.bpseq
data/bpRNA_dataset-canonicals/VL0/bpRNA_RFAM_15905.bpseq
data/bpRNA_dataset-canonicals/VL0/bpRNA_RFAM_15917.bpseq
data/bpRNA_dataset-canonicals/VL0/bpRNA_RFAM_15970.bpseq
data/bpRNA_dataset-canonicals/VL0/bpRNA_RFAM_15979.bpseq
data/bpRNA_dataset-canonicals/VL0/bpRNA_RFAM_16011.bpseq
data/bpRNA_dataset-canonicals/VL0/bpRNA_RFAM_16013.bpseq
data/bpRNA_dataset-canonicals/VL0/bpRNA_RFAM_163.bpseq
data/bpRNA_dataset-canonicals/VL0/bpRNA_RFAM_16347.bpseq
data/bpRNA_dataset-canonicals/VL0/bpRNA_RFAM_16390.bpseq
data/bpRNA_dataset-canonicals/VL0/bpRNA_RFAM_16424.bpseq
data/bpRNA_dataset-canonicals/VL0/bpRNA_RFAM_16430.bpseq
data/bpRNA_dataset-canonicals/VL0/bpRNA_RFAM_16431.bpseq
data/bpRNA_dataset-canonicals/VL0/bpRNA_RFAM_16441.bpseq
data/bpRNA_dataset-canonicals/VL0/bpRNA_RFAM_16492.bpseq
data/bpRNA_dataset-canonicals/VL0/bpRNA_RFAM_16557.bpseq
data/bpRNA_dataset-canonicals/VL0/bpRNA_RFAM_16577.bpseq
data/bpRNA_dataset-canonicals/VL0/bpRNA_RFAM_16622.bpseq
data/bpRNA_dataset-canonicals/VL0/bpRNA_RFAM_16633.bpseq
data/bpRNA_dataset-canonicals/VL0/bpRNA_RFAM_16635.bpseq
data/bpRNA_dataset-canonicals/VL0/bpRNA_RFAM_16672.bpseq
data/bpRNA_dataset-canonicals/VL0/bpRNA_RFAM_16715.bpseq
data/bpRNA_dataset-canonicals/VL0/bpRNA_RFAM_1678.bpseq
data/bpRNA_dataset-canonicals/VL0/bpRNA_RFAM_16854.bpseq
data/bpRNA_dataset-canonicals/VL0/bpRNA_RFAM_17006.bpseq
data/bpRNA_dataset-canonicals/VL0/bpRNA_RFAM_17017.bpseq
data/bpRNA_dataset-canonicals/VL0/bpRNA_RFAM_1703.bpseq
data/bpRNA_dataset-canonicals/VL0/bpRNA_RFAM_17038.bpseq
data/bpRNA_dataset-canonicals/VL0/bpRNA_RFAM_17039.bpseq
data/bpRNA_dataset-canonicals/VL0/bpRNA_RFAM_17064.bpseq
data/bpRNA_dataset-canonicals/VL0/bpRNA_RFAM_17082.bpseq
data/bpRNA_dataset-canonicals/VL0/bpRNA_RFAM_17156.bpseq
data/bpRNA_dataset-canonicals/VL0/bpRNA_RFAM_17167.bpseq
data/bpRNA_dataset-canonicals/VL0/bpRNA_RFAM_17205.bpseq
data/bpRNA_dataset-canonicals/VL0/bpRNA_RFAM_17208.bpseq
data/bpRNA_dataset-canonicals/VL0/bpRNA_RFAM_17270.bpseq
data/bpRNA_dataset-canonicals/VL0/bpRNA_RFAM_17283.bpseq
data/bpRNA_dataset-canonicals/VL0/bpRNA_RFAM_17285.bpseq
data/bpRNA_dataset-canonicals/VL0/bpRNA_RFAM_17303.bpseq
data/bpRNA_dataset-canonicals/VL0/bpRNA_RFAM_17365.bpseq
data/bpRNA_dataset-canonicals/VL0/bpRNA_RFAM_17375.bpseq
data/bpRNA_dataset-canonicals/VL0/bpRNA_RFAM_1747.bpseq
data/bpRNA_dataset-canonicals/VL0/bpRNA_RFAM_17481.bpseq
data/bpRNA_dataset-canonicals/VL0/bpRNA_RFAM_17556.bpseq
data/bpRNA_dataset-canonicals/VL0/bpRNA_RFAM_1757.bpseq
data/bpRNA_dataset-canonicals/VL0/bpRNA_RFAM_17738.bpseq
data/bpRNA_dataset-canonicals/VL0/bpRNA_RFAM_17801.bpseq
data/bpRNA_dataset-canonicals/VL0/bpRNA_RFAM_17949.bpseq
data/bpRNA_dataset-canonicals/VL0/bpRNA_RFAM_17998.bpseq
data/bpRNA_dataset-canonicals/VL0/bpRNA_RFAM_18026.bpseq
data/bpRNA_dataset-canonicals/VL0/bpRNA_RFAM_18047.bpseq
data/bpRNA_dataset-canonicals/VL0/bpRNA_RFAM_18132.bpseq
data/bpRNA_dataset-canonicals/VL0/bpRNA_RFAM_18305.bpseq
data/bpRNA_dataset-canonicals/VL0/bpRNA_RFAM_18364.bpseq
data/bpRNA_dataset-canonicals/VL0/bpRNA_RFAM_18367.bpseq
data/bpRNA_dataset-canonicals/VL0/bpRNA_RFAM_18371.bpseq
data/bpRNA_dataset-canonicals/VL0/bpRNA_RFAM_18403.bpseq
data/bpRNA_dataset-canonicals/VL0/bpRNA_RFAM_18431.bpseq
data/bpRNA_dataset-canonicals/VL0/bpRNA_RFAM_18464.bpseq
data/bpRNA_dataset-canonicals/VL0/bpRNA_RFAM_18499.bpseq
data/bpRNA_dataset-canonicals/VL0/bpRNA_RFAM_18503.bpseq
data/bpRNA_dataset-canonicals/VL0/bpRNA_RFAM_18509.bpseq
data/bpRNA_dataset-canonicals/VL0/bpRNA_RFAM_18559.bpseq
data/bpRNA_dataset-canonicals/VL0/bpRNA_RFAM_18587.bpseq
data/bpRNA_dataset-canonicals/VL0/bpRNA_RFAM_18634.bpseq
data/bpRNA_dataset-canonicals/VL0/bpRNA_RFAM_18639.bpseq
data/bpRNA_dataset-canonicals/VL0/bpRNA_RFAM_18647.bpseq
data/bpRNA_dataset-canonicals/VL0/bpRNA_RFAM_18656.bpseq
data/bpRNA_dataset-canonicals/VL0/bpRNA_RFAM_18668.bpseq
data/bpRNA_dataset-canonicals/VL0/bpRNA_RFAM_18673.bpseq
data/bpRNA_dataset-canonicals/VL0/bpRNA_RFAM_18684.bpseq
data/bpRNA_dataset-canonicals/VL0/bpRNA_RFAM_18709.bpseq
data/bpRNA_dataset-canonicals/VL0/bpRNA_RFAM_18716.bpseq
data/bpRNA_dataset-canonicals/VL0/bpRNA_RFAM_18727.bpseq
data/bpRNA_dataset-canonicals/VL0/bpRNA_RFAM_1874.bpseq
data/bpRNA_dataset-canonicals/VL0/bpRNA_RFAM_18751.bpseq
data/bpRNA_dataset-canonicals/VL0/bpRNA_RFAM_18758.bpseq
data/bpRNA_dataset-canonicals/VL0/bpRNA_RFAM_18791.bpseq
data/bpRNA_dataset-canonicals/VL0/bpRNA_RFAM_18792.bpseq
data/bpRNA_dataset-canonicals/VL0/bpRNA_RFAM_18811.bpseq
data/bpRNA_dataset-canonicals/VL0/bpRNA_RFAM_18818.bpseq
data/bpRNA_dataset-canonicals/VL0/bpRNA_RFAM_18830.bpseq
data/bpRNA_dataset-canonicals/VL0/bpRNA_RFAM_1887.bpseq
data/bpRNA_dataset-canonicals/VL0/bpRNA_RFAM_18895.bpseq
data/bpRNA_dataset-canonicals/VL0/bpRNA_RFAM_1893.bpseq
data/bpRNA_dataset-canonicals/VL0/bpRNA_RFAM_18945.bpseq
data/bpRNA_dataset-canonicals/VL0/bpRNA_RFAM_18948.bpseq
data/bpRNA_dataset-canonicals/VL0/bpRNA_RFAM_18975.bpseq
data/bpRNA_dataset-canonicals/VL0/bpRNA_RFAM_18995.bpseq
data/bpRNA_dataset-canonicals/VL0/bpRNA_RFAM_19038.bpseq
data/bpRNA_dataset-canonicals/VL0/bpRNA_RFAM_19072.bpseq
data/bpRNA_dataset-canonicals/VL0/bpRNA_RFAM_19081.bpseq
data/bpRNA_dataset-canonicals/VL0/bpRNA_RFAM_19090.bpseq
data/bpRNA_dataset-canonicals/VL0/bpRNA_RFAM_1916.bpseq
data/bpRNA_dataset-canonicals/VL0/bpRNA_RFAM_1919.bpseq
data/bpRNA_dataset-canonicals/VL0/bpRNA_RFAM_19201.bpseq
data/bpRNA_dataset-canonicals/VL0/bpRNA_RFAM_19250.bpseq
data/bpRNA_dataset-canonicals/VL0/bpRNA_RFAM_1930.bpseq
data/bpRNA_dataset-canonicals/VL0/bpRNA_RFAM_1938.bpseq
data/bpRNA_dataset-canonicals/VL0/bpRNA_RFAM_19389.bpseq
data/bpRNA_dataset-canonicals/VL0/bpRNA_RFAM_19566.bpseq
data/bpRNA_dataset-canonicals/VL0/bpRNA_RFAM_19702.bpseq
data/bpRNA_dataset-canonicals/VL0/bpRNA_RFAM_19724.bpseq
data/bpRNA_dataset-canonicals/VL0/bpRNA_RFAM_19774.bpseq
data/bpRNA_dataset-canonicals/VL0/bpRNA_RFAM_19794.bpseq
data/bpRNA_dataset-canonicals/VL0/bpRNA_RFAM_19841.bpseq
data/bpRNA_dataset-canonicals/VL0/bpRNA_RFAM_19905.bpseq
data/bpRNA_dataset-canonicals/VL0/bpRNA_RFAM_19946.bpseq
data/bpRNA_dataset-canonicals/VL0/bpRNA_RFAM_19964.bpseq
data/bpRNA_dataset-canonicals/VL0/bpRNA_RFAM_19987.bpseq
data/bpRNA_dataset-canonicals/VL0/bpRNA_RFAM_19990.bpseq
data/bpRNA_dataset-canonicals/VL0/bpRNA_RFAM_20009.bpseq
data/bpRNA_dataset-canonicals/VL0/bpRNA_RFAM_20019.bpseq
data/bpRNA_dataset-canonicals/VL0/bpRNA_RFAM_20050.bpseq
data/bpRNA_dataset-canonicals/VL0/bpRNA_RFAM_20054.bpseq
data/bpRNA_dataset-canonicals/VL0/bpRNA_RFAM_20156.bpseq
data/bpRNA_dataset-canonicals/VL0/bpRNA_RFAM_20175.bpseq
data/bpRNA_dataset-canonicals/VL0/bpRNA_RFAM_20215.bpseq
data/bpRNA_dataset-canonicals/VL0/bpRNA_RFAM_20286.bpseq
data/bpRNA_dataset-canonicals/VL0/bpRNA_RFAM_20312.bpseq
data/bpRNA_dataset-canonicals/VL0/bpRNA_RFAM_20328.bpseq
data/bpRNA_dataset-canonicals/VL0/bpRNA_RFAM_20362.bpseq
data/bpRNA_dataset-canonicals/VL0/bpRNA_RFAM_20398.bpseq
data/bpRNA_dataset-canonicals/VL0/bpRNA_RFAM_20400.bpseq
data/bpRNA_dataset-canonicals/VL0/bpRNA_RFAM_20475.bpseq
data/bpRNA_dataset-canonicals/VL0/bpRNA_RFAM_2048.bpseq
data/bpRNA_dataset-canonicals/VL0/bpRNA_RFAM_20485.bpseq
data/bpRNA_dataset-canonicals/VL0/bpRNA_RFAM_20512.bpseq
data/bpRNA_dataset-canonicals/VL0/bpRNA_RFAM_20538.bpseq
data/bpRNA_dataset-canonicals/VL0/bpRNA_RFAM_20544.bpseq
data/bpRNA_dataset-canonicals/VL0/bpRNA_RFAM_20547.bpseq
data/bpRNA_dataset-canonicals/VL0/bpRNA_RFAM_20600.bpseq
data/bpRNA_dataset-canonicals/VL0/bpRNA_RFAM_20609.bpseq
data/bpRNA_dataset-canonicals/VL0/bpRNA_RFAM_20681.bpseq
data/bpRNA_dataset-canonicals/VL0/bpRNA_RFAM_20706.bpseq
data/bpRNA_dataset-canonicals/VL0/bpRNA_RFAM_20782.bpseq
data/bpRNA_dataset-canonicals/VL0/bpRNA_RFAM_20807.bpseq
data/bpRNA_dataset-canonicals/VL0/bpRNA_RFAM_20838.bpseq
data/bpRNA_dataset-canonicals/VL0/bpRNA_RFAM_20842.bpseq
data/bpRNA_dataset-canonicals/VL0/bpRNA_RFAM_2087.bpseq
data/bpRNA_dataset-canonicals/VL0/bpRNA_RFAM_20883.bpseq
data/bpRNA_dataset-canonicals/VL0/bpRNA_RFAM_20888.bpseq
data/bpRNA_dataset-canonicals/VL0/bpRNA_RFAM_2089.bpseq
data/bpRNA_dataset-canonicals/VL0/bpRNA_RFAM_2093.bpseq
data/bpRNA_dataset-canonicals/VL0/bpRNA_RFAM_20935.bpseq
data/bpRNA_dataset-canonicals/VL0/bpRNA_RFAM_20940.bpseq
data/bpRNA_dataset-canonicals/VL0/bpRNA_RFAM_20968.bpseq
data/bpRNA_dataset-canonicals/VL0/bpRNA_RFAM_20978.bpseq
data/bpRNA_dataset-canonicals/VL0/bpRNA_RFAM_20984.bpseq
data/bpRNA_dataset-canonicals/VL0/bpRNA_RFAM_2099.bpseq
data/bpRNA_dataset-canonicals/VL0/bpRNA_RFAM_21007.bpseq
data/bpRNA_dataset-canonicals/VL0/bpRNA_RFAM_2103.bpseq
data/bpRNA_dataset-canonicals/VL0/bpRNA_RFAM_21073.bpseq
data/bpRNA_dataset-canonicals/VL0/bpRNA_RFAM_21086.bpseq
data/bpRNA_dataset-canonicals/VL0/bpRNA_RFAM_21116.bpseq
data/bpRNA_dataset-canonicals/VL0/bpRNA_RFAM_21118.bpseq
data/bpRNA_dataset-canonicals/VL0/bpRNA_RFAM_21122.bpseq
data/bpRNA_dataset-canonicals/VL0/bpRNA_RFAM_21136.bpseq
data/bpRNA_dataset-canonicals/VL0/bpRNA_RFAM_21214.bpseq
data/bpRNA_dataset-canonicals/VL0/bpRNA_RFAM_21215.bpseq
data/bpRNA_dataset-canonicals/VL0/bpRNA_RFAM_21227.bpseq
data/bpRNA_dataset-canonicals/VL0/bpRNA_RFAM_21257.bpseq
data/bpRNA_dataset-canonicals/VL0/bpRNA_RFAM_21258.bpseq
data/bpRNA_dataset-canonicals/VL0/bpRNA_RFAM_21285.bpseq
data/bpRNA_dataset-canonicals/VL0/bpRNA_RFAM_21333.bpseq
data/bpRNA_dataset-canonicals/VL0/bpRNA_RFAM_21338.bpseq
data/bpRNA_dataset-canonicals/VL0/bpRNA_RFAM_21340.bpseq
data/bpRNA_dataset-canonicals/VL0/bpRNA_RFAM_21373.bpseq
data/bpRNA_dataset-canonicals/VL0/bpRNA_RFAM_21376.bpseq
data/bpRNA_dataset-canonicals/VL0/bpRNA_RFAM_21411.bpseq
data/bpRNA_dataset-canonicals/VL0/bpRNA_RFAM_21436.bpseq
data/bpRNA_dataset-canonicals/VL0/bpRNA_RFAM_21444.bpseq
data/bpRNA_dataset-canonicals/VL0/bpRNA_RFAM_21447.bpseq
data/bpRNA_dataset-canonicals/VL0/bpRNA_RFAM_21453.bpseq
data/bpRNA_dataset-canonicals/VL0/bpRNA_RFAM_21490.bpseq
data/bpRNA_dataset-canonicals/VL0/bpRNA_RFAM_21515.bpseq
data/bpRNA_dataset-canonicals/VL0/bpRNA_RFAM_21524.bpseq
data/bpRNA_dataset-canonicals/VL0/bpRNA_RFAM_21535.bpseq
data/bpRNA_dataset-canonicals/VL0/bpRNA_RFAM_21552.bpseq
data/bpRNA_dataset-canonicals/VL0/bpRNA_RFAM_21571.bpseq
data/bpRNA_dataset-canonicals/VL0/bpRNA_RFAM_21576.bpseq
data/bpRNA_dataset-canonicals/VL0/bpRNA_RFAM_21597.bpseq
data/bpRNA_dataset-canonicals/VL0/bpRNA_RFAM_21600.bpseq
data/bpRNA_dataset-canonicals/VL0/bpRNA_RFAM_2169.bpseq
data/bpRNA_dataset-canonicals/VL0/bpRNA_RFAM_21696.bpseq
data/bpRNA_dataset-canonicals/VL0/bpRNA_RFAM_21744.bpseq
data/bpRNA_dataset-canonicals/VL0/bpRNA_RFAM_21751.bpseq
data/bpRNA_dataset-canonicals/VL0/bpRNA_RFAM_21788.bpseq
data/bpRNA_dataset-canonicals/VL0/bpRNA_RFAM_21829.bpseq
data/bpRNA_dataset-canonicals/VL0/bpRNA_RFAM_21844.bpseq
data/bpRNA_dataset-canonicals/VL0/bpRNA_RFAM_21865.bpseq
data/bpRNA_dataset-canonicals/VL0/bpRNA_RFAM_21866.bpseq
data/bpRNA_dataset-canonicals/VL0/bpRNA_RFAM_21904.bpseq
data/bpRNA_dataset-canonicals/VL0/bpRNA_RFAM_21907.bpseq
data/bpRNA_dataset-canonicals/VL0/bpRNA_RFAM_21955.bpseq
data/bpRNA_dataset-canonicals/VL0/bpRNA_RFAM_21962.bpseq
data/bpRNA_dataset-canonicals/VL0/bpRNA_RFAM_22030.bpseq
data/bpRNA_dataset-canonicals/VL0/bpRNA_RFAM_22058.bpseq
data/bpRNA_dataset-canonicals/VL0/bpRNA_RFAM_22074.bpseq
data/bpRNA_dataset-canonicals/VL0/bpRNA_RFAM_22177.bpseq
data/bpRNA_dataset-canonicals/VL0/bpRNA_RFAM_22178.bpseq
data/bpRNA_dataset-canonicals/VL0/bpRNA_RFAM_22250.bpseq
data/bpRNA_dataset-canonicals/VL0/bpRNA_RFAM_22251.bpseq
data/bpRNA_dataset-canonicals/VL0/bpRNA_RFAM_22280.bpseq
data/bpRNA_dataset-canonicals/VL0/bpRNA_RFAM_22282.bpseq
data/bpRNA_dataset-canonicals/VL0/bpRNA_RFAM_22293.bpseq
data/bpRNA_dataset-canonicals/VL0/bpRNA_RFAM_22296.bpseq
data/bpRNA_dataset-canonicals/VL0/bpRNA_RFAM_22310.bpseq
data/bpRNA_dataset-canonicals/VL0/bpRNA_RFAM_22365.bpseq
data/bpRNA_dataset-canonicals/VL0/bpRNA_RFAM_22366.bpseq
data/bpRNA_dataset-canonicals/VL0/bpRNA_RFAM_22367.bpseq
data/bpRNA_dataset-canonicals/VL0/bpRNA_RFAM_22387.bpseq
data/bpRNA_dataset-canonicals/VL0/bpRNA_RFAM_22398.bpseq
data/bpRNA_dataset-canonicals/VL0/bpRNA_RFAM_22403.bpseq
data/bpRNA_dataset-canonicals/VL0/bpRNA_RFAM_22415.bpseq
data/bpRNA_dataset-canonicals/VL0/bpRNA_RFAM_22416.bpseq
data/bpRNA_dataset-canonicals/VL0/bpRNA_RFAM_22431.bpseq
data/bpRNA_dataset-canonicals/VL0/bpRNA_RFAM_22488.bpseq
data/bpRNA_dataset-canonicals/VL0/bpRNA_RFAM_22509.bpseq
data/bpRNA_dataset-canonicals/VL0/bpRNA_RFAM_22522.bpseq
data/bpRNA_dataset-canonicals/VL0/bpRNA_RFAM_22685.bpseq
data/bpRNA_dataset-canonicals/VL0/bpRNA_RFAM_22692.bpseq
data/bpRNA_dataset-canonicals/VL0/bpRNA_RFAM_22701.bpseq
data/bpRNA_dataset-canonicals/VL0/bpRNA_RFAM_22712.bpseq
data/bpRNA_dataset-canonicals/VL0/bpRNA_RFAM_22737.bpseq
data/bpRNA_dataset-canonicals/VL0/bpRNA_RFAM_22741.bpseq
data/bpRNA_dataset-canonicals/VL0/bpRNA_RFAM_22748.bpseq
data/bpRNA_dataset-canonicals/VL0/bpRNA_RFAM_2275.bpseq
data/bpRNA_dataset-canonicals/VL0/bpRNA_RFAM_22751.bpseq
data/bpRNA_dataset-canonicals/VL0/bpRNA_RFAM_22762.bpseq
data/bpRNA_dataset-canonicals/VL0/bpRNA_RFAM_22773.bpseq
data/bpRNA_dataset-canonicals/VL0/bpRNA_RFAM_22864.bpseq
data/bpRNA_dataset-canonicals/VL0/bpRNA_RFAM_22875.bpseq
data/bpRNA_dataset-canonicals/VL0/bpRNA_RFAM_22903.bpseq
data/bpRNA_dataset-canonicals/VL0/bpRNA_RFAM_2294.bpseq
data/bpRNA_dataset-canonicals/VL0/bpRNA_RFAM_22955.bpseq
data/bpRNA_dataset-canonicals/VL0/bpRNA_RFAM_22978.bpseq
data/bpRNA_dataset-canonicals/VL0/bpRNA_RFAM_22980.bpseq
data/bpRNA_dataset-canonicals/VL0/bpRNA_RFAM_23006.bpseq
data/bpRNA_dataset-canonicals/VL0/bpRNA_RFAM_23014.bpseq
data/bpRNA_dataset-canonicals/VL0/bpRNA_RFAM_23057.bpseq
data/bpRNA_dataset-canonicals/VL0/bpRNA_RFAM_23066.bpseq
data/bpRNA_dataset-canonicals/VL0/bpRNA_RFAM_23077.bpseq
data/bpRNA_dataset-canonicals/VL0/bpRNA_RFAM_23082.bpseq
data/bpRNA_dataset-canonicals/VL0/bpRNA_RFAM_23189.bpseq
data/bpRNA_dataset-canonicals/VL0/bpRNA_RFAM_23196.bpseq
data/bpRNA_dataset-canonicals/VL0/bpRNA_RFAM_23217.bpseq
data/bpRNA_dataset-canonicals/VL0/bpRNA_RFAM_2334.bpseq
data/bpRNA_dataset-canonicals/VL0/bpRNA_RFAM_2336.bpseq
data/bpRNA_dataset-canonicals/VL0/bpRNA_RFAM_23370.bpseq
data/bpRNA_dataset-canonicals/VL0/bpRNA_RFAM_23399.bpseq
data/bpRNA_dataset-canonicals/VL0/bpRNA_RFAM_23403.bpseq
data/bpRNA_dataset-canonicals/VL0/bpRNA_RFAM_23427.bpseq
data/bpRNA_dataset-canonicals/VL0/bpRNA_RFAM_23442.bpseq
data/bpRNA_dataset-canonicals/VL0/bpRNA_RFAM_23446.bpseq
data/bpRNA_dataset-canonicals/VL0/bpRNA_RFAM_23447.bpseq
data/bpRNA_dataset-canonicals/VL0/bpRNA_RFAM_2387.bpseq
data/bpRNA_dataset-canonicals/VL0/bpRNA_RFAM_2389.bpseq
data/bpRNA_dataset-canonicals/VL0/bpRNA_RFAM_23930.bpseq
data/bpRNA_dataset-canonicals/VL0/bpRNA_RFAM_23968.bpseq
data/bpRNA_dataset-canonicals/VL0/bpRNA_RFAM_23993.bpseq
data/bpRNA_dataset-canonicals/VL0/bpRNA_RFAM_24036.bpseq
data/bpRNA_dataset-canonicals/VL0/bpRNA_RFAM_2412.bpseq
data/bpRNA_dataset-canonicals/VL0/bpRNA_RFAM_24124.bpseq
data/bpRNA_dataset-canonicals/VL0/bpRNA_RFAM_24134.bpseq
data/bpRNA_dataset-canonicals/VL0/bpRNA_RFAM_24168.bpseq
data/bpRNA_dataset-canonicals/VL0/bpRNA_RFAM_24205.bpseq
data/bpRNA_dataset-canonicals/VL0/bpRNA_RFAM_24213.bpseq
data/bpRNA_dataset-canonicals/VL0/bpRNA_RFAM_24232.bpseq
data/bpRNA_dataset-canonicals/VL0/bpRNA_RFAM_24278.bpseq
data/bpRNA_dataset-canonicals/VL0/bpRNA_RFAM_24339.bpseq
data/bpRNA_dataset-canonicals/VL0/bpRNA_RFAM_2435.bpseq
data/bpRNA_dataset-canonicals/VL0/bpRNA_RFAM_24357.bpseq
data/bpRNA_dataset-canonicals/VL0/bpRNA_RFAM_24376.bpseq
data/bpRNA_dataset-canonicals/VL0/bpRNA_RFAM_2440.bpseq
data/bpRNA_dataset-canonicals/VL0/bpRNA_RFAM_24411.bpseq
data/bpRNA_dataset-canonicals/VL0/bpRNA_RFAM_24415.bpseq
data/bpRNA_dataset-canonicals/VL0/bpRNA_RFAM_24418.bpseq
data/bpRNA_dataset-canonicals/VL0/bpRNA_RFAM_24420.bpseq
data/bpRNA_dataset-canonicals/VL0/bpRNA_RFAM_24430.bpseq
data/bpRNA_dataset-canonicals/VL0/bpRNA_RFAM_24442.bpseq
data/bpRNA_dataset-canonicals/VL0/bpRNA_RFAM_24535.bpseq
data/bpRNA_dataset-canonicals/VL0/bpRNA_RFAM_24557.bpseq
data/bpRNA_dataset-canonicals/VL0/bpRNA_RFAM_24623.bpseq
data/bpRNA_dataset-canonicals/VL0/bpRNA_RFAM_24627.bpseq
data/bpRNA_dataset-canonicals/VL0/bpRNA_RFAM_24682.bpseq
data/bpRNA_dataset-canonicals/VL0/bpRNA_RFAM_2472.bpseq
data/bpRNA_dataset-canonicals/VL0/bpRNA_RFAM_24726.bpseq
data/bpRNA_dataset-canonicals/VL0/bpRNA_RFAM_24727.bpseq
data/bpRNA_dataset-canonicals/VL0/bpRNA_RFAM_24740.bpseq
data/bpRNA_dataset-canonicals/VL0/bpRNA_RFAM_24797.bpseq
data/bpRNA_dataset-canonicals/VL0/bpRNA_RFAM_24852.bpseq
data/bpRNA_dataset-canonicals/VL0/bpRNA_RFAM_24858.bpseq
data/bpRNA_dataset-canonicals/VL0/bpRNA_RFAM_24863.bpseq
data/bpRNA_dataset-canonicals/VL0/bpRNA_RFAM_24867.bpseq
data/bpRNA_dataset-canonicals/VL0/bpRNA_RFAM_24949.bpseq
data/bpRNA_dataset-canonicals/VL0/bpRNA_RFAM_24958.bpseq
data/bpRNA_dataset-canonicals/VL0/bpRNA_RFAM_25031.bpseq
data/bpRNA_dataset-canonicals/VL0/bpRNA_RFAM_25083.bpseq
data/bpRNA_dataset-canonicals/VL0/bpRNA_RFAM_25108.bpseq
data/bpRNA_dataset-canonicals/VL0/bpRNA_RFAM_25315.bpseq
data/bpRNA_dataset-canonicals/VL0/bpRNA_RFAM_25329.bpseq
data/bpRNA_dataset-canonicals/VL0/bpRNA_RFAM_25365.bpseq
data/bpRNA_dataset-canonicals/VL0/bpRNA_RFAM_25374.bpseq
data/bpRNA_dataset-canonicals/VL0/bpRNA_RFAM_25376.bpseq
data/bpRNA_dataset-canonicals/VL0/bpRNA_RFAM_25427.bpseq
data/bpRNA_dataset-canonicals/VL0/bpRNA_RFAM_25552.bpseq
data/bpRNA_dataset-canonicals/VL0/bpRNA_RFAM_25621.bpseq
data/bpRNA_dataset-canonicals/VL0/bpRNA_RFAM_25639.bpseq
data/bpRNA_dataset-canonicals/VL0/bpRNA_RFAM_25645.bpseq
data/bpRNA_dataset-canonicals/VL0/bpRNA_RFAM_2565.bpseq
data/bpRNA_dataset-canonicals/VL0/bpRNA_RFAM_25688.bpseq
data/bpRNA_dataset-canonicals/VL0/bpRNA_RFAM_25728.bpseq
data/bpRNA_dataset-canonicals/VL0/bpRNA_RFAM_2577.bpseq
data/bpRNA_dataset-canonicals/VL0/bpRNA_RFAM_25869.bpseq
data/bpRNA_dataset-canonicals/VL0/bpRNA_RFAM_25894.bpseq
data/bpRNA_dataset-canonicals/VL0/bpRNA_RFAM_25909.bpseq
data/bpRNA_dataset-canonicals/VL0/bpRNA_RFAM_25919.bpseq
data/bpRNA_dataset-canonicals/VL0/bpRNA_RFAM_25944.bpseq
data/bpRNA_dataset-canonicals/VL0/bpRNA_RFAM_25946.bpseq
data/bpRNA_dataset-canonicals/VL0/bpRNA_RFAM_2597.bpseq
data/bpRNA_dataset-canonicals/VL0/bpRNA_RFAM_25978.bpseq
data/bpRNA_dataset-canonicals/VL0/bpRNA_RFAM_25991.bpseq
data/bpRNA_dataset-canonicals/VL0/bpRNA_RFAM_25992.bpseq
data/bpRNA_dataset-canonicals/VL0/bpRNA_RFAM_26021.bpseq
data/bpRNA_dataset-canonicals/VL0/bpRNA_RFAM_26057.bpseq
data/bpRNA_dataset-canonicals/VL0/bpRNA_RFAM_2608.bpseq
data/bpRNA_dataset-canonicals/VL0/bpRNA_RFAM_2613.bpseq
data/bpRNA_dataset-canonicals/VL0/bpRNA_RFAM_26155.bpseq
data/bpRNA_dataset-canonicals/VL0/bpRNA_RFAM_26192.bpseq
data/bpRNA_dataset-canonicals/VL0/bpRNA_RFAM_26247.bpseq
data/bpRNA_dataset-canonicals/VL0/bpRNA_RFAM_26262.bpseq
data/bpRNA_dataset-canonicals/VL0/bpRNA_RFAM_26318.bpseq
data/bpRNA_dataset-canonicals/VL0/bpRNA_RFAM_26322.bpseq
data/bpRNA_dataset-canonicals/VL0/bpRNA_RFAM_26348.bpseq
data/bpRNA_dataset-canonicals/VL0/bpRNA_RFAM_2635.bpseq
data/bpRNA_dataset-canonicals/VL0/bpRNA_RFAM_26368.bpseq
data/bpRNA_dataset-canonicals/VL0/bpRNA_RFAM_26385.bpseq
data/bpRNA_dataset-canonicals/VL0/bpRNA_RFAM_26411.bpseq
data/bpRNA_dataset-canonicals/VL0/bpRNA_RFAM_26452.bpseq
data/bpRNA_dataset-canonicals/VL0/bpRNA_RFAM_26491.bpseq
data/bpRNA_dataset-canonicals/VL0/bpRNA_RFAM_2650.bpseq
data/bpRNA_dataset-canonicals/VL0/bpRNA_RFAM_26571.bpseq
data/bpRNA_dataset-canonicals/VL0/bpRNA_RFAM_26585.bpseq
data/bpRNA_dataset-canonicals/VL0/bpRNA_RFAM_26588.bpseq
data/bpRNA_dataset-canonicals/VL0/bpRNA_RFAM_26613.bpseq
data/bpRNA_dataset-canonicals/VL0/bpRNA_RFAM_26655.bpseq
data/bpRNA_dataset-canonicals/VL0/bpRNA_RFAM_26682.bpseq
data/bpRNA_dataset-canonicals/VL0/bpRNA_RFAM_26711.bpseq
data/bpRNA_dataset-canonicals/VL0/bpRNA_RFAM_26715.bpseq
data/bpRNA_dataset-canonicals/VL0/bpRNA_RFAM_2677.bpseq
data/bpRNA_dataset-canonicals/VL0/bpRNA_RFAM_2678.bpseq
data/bpRNA_dataset-canonicals/VL0/bpRNA_RFAM_26812.bpseq
data/bpRNA_dataset-canonicals/VL0/bpRNA_RFAM_26817.bpseq
data/bpRNA_dataset-canonicals/VL0/bpRNA_RFAM_26830.bpseq
data/bpRNA_dataset-canonicals/VL0/bpRNA_RFAM_2686.bpseq
data/bpRNA_dataset-canonicals/VL0/bpRNA_RFAM_26899.bpseq
data/bpRNA_dataset-canonicals/VL0/bpRNA_RFAM_26907.bpseq
data/bpRNA_dataset-canonicals/VL0/bpRNA_RFAM_26946.bpseq
data/bpRNA_dataset-canonicals/VL0/bpRNA_RFAM_26962.bpseq
data/bpRNA_dataset-canonicals/VL0/bpRNA_RFAM_26985.bpseq
data/bpRNA_dataset-canonicals/VL0/bpRNA_RFAM_26994.bpseq
data/bpRNA_dataset-canonicals/VL0/bpRNA_RFAM_27010.bpseq
data/bpRNA_dataset-canonicals/VL0/bpRNA_RFAM_27011.bpseq
data/bpRNA_dataset-canonicals/VL0/bpRNA_RFAM_27059.bpseq
data/bpRNA_dataset-canonicals/VL0/bpRNA_RFAM_27064.bpseq
data/bpRNA_dataset-canonicals/VL0/bpRNA_RFAM_27093.bpseq
data/bpRNA_dataset-canonicals/VL0/bpRNA_RFAM_27094.bpseq
data/bpRNA_dataset-canonicals/VL0/bpRNA_RFAM_27099.bpseq
data/bpRNA_dataset-canonicals/VL0/bpRNA_RFAM_2710.bpseq
data/bpRNA_dataset-canonicals/VL0/bpRNA_RFAM_27103.bpseq
data/bpRNA_dataset-canonicals/VL0/bpRNA_RFAM_27117.bpseq
data/bpRNA_dataset-canonicals/VL0/bpRNA_RFAM_27146.bpseq
data/bpRNA_dataset-canonicals/VL0/bpRNA_RFAM_27164.bpseq
data/bpRNA_dataset-canonicals/VL0/bpRNA_RFAM_27199.bpseq
data/bpRNA_dataset-canonicals/VL0/bpRNA_RFAM_27236.bpseq
data/bpRNA_dataset-canonicals/VL0/bpRNA_RFAM_27239.bpseq
data/bpRNA_dataset-canonicals/VL0/bpRNA_RFAM_2725.bpseq
data/bpRNA_dataset-canonicals/VL0/bpRNA_RFAM_27276.bpseq
data/bpRNA_dataset-canonicals/VL0/bpRNA_RFAM_27281.bpseq
data/bpRNA_dataset-canonicals/VL0/bpRNA_RFAM_27297.bpseq
data/bpRNA_dataset-canonicals/VL0/bpRNA_RFAM_27318.bpseq
data/bpRNA_dataset-canonicals/VL0/bpRNA_RFAM_27366.bpseq
data/bpRNA_dataset-canonicals/VL0/bpRNA_RFAM_27372.bpseq
data/bpRNA_dataset-canonicals/VL0/bpRNA_RFAM_2755.bpseq
data/bpRNA_dataset-canonicals/VL0/bpRNA_RFAM_27550.bpseq
data/bpRNA_dataset-canonicals/VL0/bpRNA_RFAM_27571.bpseq
data/bpRNA_dataset-canonicals/VL0/bpRNA_RFAM_27572.bpseq
data/bpRNA_dataset-canonicals/VL0/bpRNA_RFAM_27631.bpseq
data/bpRNA_dataset-canonicals/VL0/bpRNA_RFAM_27648.bpseq
data/bpRNA_dataset-canonicals/VL0/bpRNA_RFAM_27657.bpseq
data/bpRNA_dataset-canonicals/VL0/bpRNA_RFAM_27714.bpseq
data/bpRNA_dataset-canonicals/VL0/bpRNA_RFAM_27843.bpseq
data/bpRNA_dataset-canonicals/VL0/bpRNA_RFAM_27898.bpseq
data/bpRNA_dataset-canonicals/VL0/bpRNA_RFAM_2795.bpseq
data/bpRNA_dataset-canonicals/VL0/bpRNA_RFAM_27963.bpseq
data/bpRNA_dataset-canonicals/VL0/bpRNA_RFAM_27981.bpseq
data/bpRNA_dataset-canonicals/VL0/bpRNA_RFAM_27986.bpseq
data/bpRNA_dataset-canonicals/VL0/bpRNA_RFAM_27997.bpseq
data/bpRNA_dataset-canonicals/VL0/bpRNA_RFAM_28004.bpseq
data/bpRNA_dataset-canonicals/VL0/bpRNA_RFAM_28017.bpseq
data/bpRNA_dataset-canonicals/VL0/bpRNA_RFAM_28019.bpseq
data/bpRNA_dataset-canonicals/VL0/bpRNA_RFAM_28086.bpseq
data/bpRNA_dataset-canonicals/VL0/bpRNA_RFAM_28155.bpseq
data/bpRNA_dataset-canonicals/VL0/bpRNA_RFAM_28168.bpseq
data/bpRNA_dataset-canonicals/VL0/bpRNA_RFAM_28240.bpseq
data/bpRNA_dataset-canonicals/VL0/bpRNA_RFAM_28267.bpseq
data/bpRNA_dataset-canonicals/VL0/bpRNA_RFAM_28271.bpseq
data/bpRNA_dataset-canonicals/VL0/bpRNA_RFAM_28285.bpseq
data/bpRNA_dataset-canonicals/VL0/bpRNA_RFAM_2832.bpseq
data/bpRNA_dataset-canonicals/VL0/bpRNA_RFAM_2833.bpseq
data/bpRNA_dataset-canonicals/VL0/bpRNA_RFAM_28387.bpseq
data/bpRNA_dataset-canonicals/VL0/bpRNA_RFAM_28435.bpseq
data/bpRNA_dataset-canonicals/VL0/bpRNA_RFAM_2848.bpseq
data/bpRNA_dataset-canonicals/VL0/bpRNA_RFAM_28522.bpseq
data/bpRNA_dataset-canonicals/VL0/bpRNA_RFAM_28600.bpseq
data/bpRNA_dataset-canonicals/VL0/bpRNA_RFAM_28607.bpseq
data/bpRNA_dataset-canonicals/VL0/bpRNA_RFAM_28612.bpseq
data/bpRNA_dataset-canonicals/VL0/bpRNA_RFAM_28615.bpseq
data/bpRNA_dataset-canonicals/VL0/bpRNA_RFAM_28622.bpseq
data/bpRNA_dataset-canonicals/VL0/bpRNA_RFAM_28719.bpseq
data/bpRNA_dataset-canonicals/VL0/bpRNA_RFAM_28805.bpseq
data/bpRNA_dataset-canonicals/VL0/bpRNA_RFAM_28816.bpseq
data/bpRNA_dataset-canonicals/VL0/bpRNA_RFAM_28847.bpseq
data/bpRNA_dataset-canonicals/VL0/bpRNA_RFAM_28891.bpseq
data/bpRNA_dataset-canonicals/VL0/bpRNA_RFAM_2898.bpseq
data/bpRNA_dataset-canonicals/VL0/bpRNA_RFAM_29055.bpseq
data/bpRNA_dataset-canonicals/VL0/bpRNA_RFAM_29458.bpseq
data/bpRNA_dataset-canonicals/VL0/bpRNA_RFAM_29523.bpseq
data/bpRNA_dataset-canonicals/VL0/bpRNA_RFAM_29571.bpseq
data/bpRNA_dataset-canonicals/VL0/bpRNA_RFAM_29587.bpseq
data/bpRNA_dataset-canonicals/VL0/bpRNA_RFAM_29600.bpseq
data/bpRNA_dataset-canonicals/VL0/bpRNA_RFAM_29678.bpseq
data/bpRNA_dataset-canonicals/VL0/bpRNA_RFAM_29724.bpseq
data/bpRNA_dataset-canonicals/VL0/bpRNA_RFAM_29748.bpseq
data/bpRNA_dataset-canonicals/VL0/bpRNA_RFAM_29834.bpseq
data/bpRNA_dataset-canonicals/VL0/bpRNA_RFAM_29868.bpseq
data/bpRNA_dataset-canonicals/VL0/bpRNA_RFAM_29875.bpseq
data/bpRNA_dataset-canonicals/VL0/bpRNA_RFAM_29979.bpseq
data/bpRNA_dataset-canonicals/VL0/bpRNA_RFAM_30004.bpseq
data/bpRNA_dataset-canonicals/VL0/bpRNA_RFAM_30011.bpseq
data/bpRNA_dataset-canonicals/VL0/bpRNA_RFAM_30079.bpseq
data/bpRNA_dataset-canonicals/VL0/bpRNA_RFAM_30186.bpseq
data/bpRNA_dataset-canonicals/VL0/bpRNA_RFAM_30206.bpseq
data/bpRNA_dataset-canonicals/VL0/bpRNA_RFAM_30208.bpseq
data/bpRNA_dataset-canonicals/VL0/bpRNA_RFAM_30213.bpseq
data/bpRNA_dataset-canonicals/VL0/bpRNA_RFAM_30214.bpseq
data/bpRNA_dataset-canonicals/VL0/bpRNA_RFAM_30222.bpseq
data/bpRNA_dataset-canonicals/VL0/bpRNA_RFAM_30271.bpseq
data/bpRNA_dataset-canonicals/VL0/bpRNA_RFAM_30275.bpseq
data/bpRNA_dataset-canonicals/VL0/bpRNA_RFAM_30279.bpseq
data/bpRNA_dataset-canonicals/VL0/bpRNA_RFAM_3034.bpseq
data/bpRNA_dataset-canonicals/VL0/bpRNA_RFAM_30357.bpseq
data/bpRNA_dataset-canonicals/VL0/bpRNA_RFAM_3042.bpseq
data/bpRNA_dataset-canonicals/VL0/bpRNA_RFAM_3044.bpseq
data/bpRNA_dataset-canonicals/VL0/bpRNA_RFAM_3045.bpseq
data/bpRNA_dataset-canonicals/VL0/bpRNA_RFAM_3048.bpseq
data/bpRNA_dataset-canonicals/VL0/bpRNA_RFAM_30532.bpseq
data/bpRNA_dataset-canonicals/VL0/bpRNA_RFAM_30748.bpseq
data/bpRNA_dataset-canonicals/VL0/bpRNA_RFAM_30756.bpseq
data/bpRNA_dataset-canonicals/VL0/bpRNA_RFAM_3078.bpseq
data/bpRNA_dataset-canonicals/VL0/bpRNA_RFAM_30780.bpseq
data/bpRNA_dataset-canonicals/VL0/bpRNA_RFAM_30801.bpseq
data/bpRNA_dataset-canonicals/VL0/bpRNA_RFAM_30824.bpseq
data/bpRNA_dataset-canonicals/VL0/bpRNA_RFAM_30848.bpseq
data/bpRNA_dataset-canonicals/VL0/bpRNA_RFAM_30854.bpseq
data/bpRNA_dataset-canonicals/VL0/bpRNA_RFAM_30872.bpseq
data/bpRNA_dataset-canonicals/VL0/bpRNA_RFAM_30961.bpseq
data/bpRNA_dataset-canonicals/VL0/bpRNA_RFAM_31078.bpseq
data/bpRNA_dataset-canonicals/VL0/bpRNA_RFAM_31174.bpseq
data/bpRNA_dataset-canonicals/VL0/bpRNA_RFAM_31306.bpseq
data/bpRNA_dataset-canonicals/VL0/bpRNA_RFAM_31318.bpseq
data/bpRNA_dataset-canonicals/VL0/bpRNA_RFAM_31327.bpseq
data/bpRNA_dataset-canonicals/VL0/bpRNA_RFAM_31358.bpseq
data/bpRNA_dataset-canonicals/VL0/bpRNA_RFAM_31433.bpseq
data/bpRNA_dataset-canonicals/VL0/bpRNA_RFAM_31527.bpseq
data/bpRNA_dataset-canonicals/VL0/bpRNA_RFAM_3156.bpseq
data/bpRNA_dataset-canonicals/VL0/bpRNA_RFAM_3158.bpseq
data/bpRNA_dataset-canonicals/VL0/bpRNA_RFAM_31618.bpseq
data/bpRNA_dataset-canonicals/VL0/bpRNA_RFAM_31650.bpseq
data/bpRNA_dataset-canonicals/VL0/bpRNA_RFAM_31652.bpseq
data/bpRNA_dataset-canonicals/VL0/bpRNA_RFAM_31654.bpseq
data/bpRNA_dataset-canonicals/VL0/bpRNA_RFAM_3180.bpseq
data/bpRNA_dataset-canonicals/VL0/bpRNA_RFAM_31821.bpseq
data/bpRNA_dataset-canonicals/VL0/bpRNA_RFAM_31834.bpseq
data/bpRNA_dataset-canonicals/VL0/bpRNA_RFAM_31861.bpseq
data/bpRNA_dataset-canonicals/VL0/bpRNA_RFAM_31891.bpseq
data/bpRNA_dataset-canonicals/VL0/bpRNA_RFAM_31903.bpseq
data/bpRNA_dataset-canonicals/VL0/bpRNA_RFAM_31905.bpseq
data/bpRNA_dataset-canonicals/VL0/bpRNA_RFAM_31929.bpseq
data/bpRNA_dataset-canonicals/VL0/bpRNA_RFAM_31952.bpseq
data/bpRNA_dataset-canonicals/VL0/bpRNA_RFAM_31965.bpseq
data/bpRNA_dataset-canonicals/VL0/bpRNA_RFAM_3197.bpseq
data/bpRNA_dataset-canonicals/VL0/bpRNA_RFAM_31986.bpseq
data/bpRNA_dataset-canonicals/VL0/bpRNA_RFAM_31994.bpseq
data/bpRNA_dataset-canonicals/VL0/bpRNA_RFAM_32010.bpseq
data/bpRNA_dataset-canonicals/VL0/bpRNA_RFAM_3202.bpseq
data/bpRNA_dataset-canonicals/VL0/bpRNA_RFAM_32039.bpseq
data/bpRNA_dataset-canonicals/VL0/bpRNA_RFAM_32050.bpseq
data/bpRNA_dataset-canonicals/VL0/bpRNA_RFAM_3210.bpseq
data/bpRNA_dataset-canonicals/VL0/bpRNA_RFAM_32144.bpseq
data/bpRNA_dataset-canonicals/VL0/bpRNA_RFAM_32151.bpseq
data/bpRNA_dataset-canonicals/VL0/bpRNA_RFAM_32170.bpseq
data/bpRNA_dataset-canonicals/VL0/bpRNA_RFAM_32326.bpseq
data/bpRNA_dataset-canonicals/VL0/bpRNA_RFAM_32725.bpseq
data/bpRNA_dataset-canonicals/VL0/bpRNA_RFAM_32954.bpseq
data/bpRNA_dataset-canonicals/VL0/bpRNA_RFAM_3301.bpseq
data/bpRNA_dataset-canonicals/VL0/bpRNA_RFAM_3303.bpseq
data/bpRNA_dataset-canonicals/VL0/bpRNA_RFAM_33061.bpseq
data/bpRNA_dataset-canonicals/VL0/bpRNA_RFAM_33122.bpseq
data/bpRNA_dataset-canonicals/VL0/bpRNA_RFAM_33123.bpseq
data/bpRNA_dataset-canonicals/VL0/bpRNA_RFAM_33127.bpseq
data/bpRNA_dataset-canonicals/VL0/bpRNA_RFAM_33130.bpseq
data/bpRNA_dataset-canonicals/VL0/bpRNA_RFAM_33153.bpseq
data/bpRNA_dataset-canonicals/VL0/bpRNA_RFAM_33173.bpseq
data/bpRNA_dataset-canonicals/VL0/bpRNA_RFAM_33187.bpseq
data/bpRNA_dataset-canonicals/VL0/bpRNA_RFAM_33252.bpseq
data/bpRNA_dataset-canonicals/VL0/bpRNA_RFAM_33258.bpseq
data/bpRNA_dataset-canonicals/VL0/bpRNA_RFAM_33279.bpseq
data/bpRNA_dataset-canonicals/VL0/bpRNA_RFAM_3332.bpseq
data/bpRNA_dataset-canonicals/VL0/bpRNA_RFAM_33361.bpseq
data/bpRNA_dataset-canonicals/VL0/bpRNA_RFAM_33383.bpseq
data/bpRNA_dataset-canonicals/VL0/bpRNA_RFAM_33399.bpseq
data/bpRNA_dataset-canonicals/VL0/bpRNA_RFAM_33403.bpseq
data/bpRNA_dataset-canonicals/VL0/bpRNA_RFAM_33419.bpseq
data/bpRNA_dataset-canonicals/VL0/bpRNA_RFAM_33526.bpseq
data/bpRNA_dataset-canonicals/VL0/bpRNA_RFAM_33575.bpseq
data/bpRNA_dataset-canonicals/VL0/bpRNA_RFAM_33615.bpseq
data/bpRNA_dataset-canonicals/VL0/bpRNA_RFAM_33629.bpseq
data/bpRNA_dataset-canonicals/VL0/bpRNA_RFAM_33686.bpseq
data/bpRNA_dataset-canonicals/VL0/bpRNA_RFAM_33789.bpseq
data/bpRNA_dataset-canonicals/VL0/bpRNA_RFAM_33806.bpseq
data/bpRNA_dataset-canonicals/VL0/bpRNA_RFAM_33914.bpseq
data/bpRNA_dataset-canonicals/VL0/bpRNA_RFAM_33996.bpseq
data/bpRNA_dataset-canonicals/VL0/bpRNA_RFAM_34030.bpseq
data/bpRNA_dataset-canonicals/VL0/bpRNA_RFAM_34037.bpseq
data/bpRNA_dataset-canonicals/VL0/bpRNA_RFAM_34063.bpseq
data/bpRNA_dataset-canonicals/VL0/bpRNA_RFAM_34095.bpseq
data/bpRNA_dataset-canonicals/VL0/bpRNA_RFAM_34102.bpseq
data/bpRNA_dataset-canonicals/VL0/bpRNA_RFAM_34169.bpseq
data/bpRNA_dataset-canonicals/VL0/bpRNA_RFAM_34180.bpseq
data/bpRNA_dataset-canonicals/VL0/bpRNA_RFAM_34183.bpseq
data/bpRNA_dataset-canonicals/VL0/bpRNA_RFAM_34197.bpseq
data/bpRNA_dataset-canonicals/VL0/bpRNA_RFAM_34214.bpseq
data/bpRNA_dataset-canonicals/VL0/bpRNA_RFAM_34346.bpseq
data/bpRNA_dataset-canonicals/VL0/bpRNA_RFAM_34360.bpseq
data/bpRNA_dataset-canonicals/VL0/bpRNA_RFAM_34373.bpseq
data/bpRNA_dataset-canonicals/VL0/bpRNA_RFAM_34390.bpseq
data/bpRNA_dataset-canonicals/VL0/bpRNA_RFAM_34440.bpseq
data/bpRNA_dataset-canonicals/VL0/bpRNA_RFAM_34464.bpseq
data/bpRNA_dataset-canonicals/VL0/bpRNA_RFAM_34475.bpseq
data/bpRNA_dataset-canonicals/VL0/bpRNA_RFAM_34518.bpseq
data/bpRNA_dataset-canonicals/VL0/bpRNA_RFAM_34522.bpseq
data/bpRNA_dataset-canonicals/VL0/bpRNA_RFAM_34549.bpseq
data/bpRNA_dataset-canonicals/VL0/bpRNA_RFAM_34553.bpseq
data/bpRNA_dataset-canonicals/VL0/bpRNA_RFAM_34569.bpseq
data/bpRNA_dataset-canonicals/VL0/bpRNA_RFAM_34617.bpseq
data/bpRNA_dataset-canonicals/VL0/bpRNA_RFAM_34646.bpseq
data/bpRNA_dataset-canonicals/VL0/bpRNA_RFAM_34648.bpseq
data/bpRNA_dataset-canonicals/VL0/bpRNA_RFAM_34709.bpseq
data/bpRNA_dataset-canonicals/VL0/bpRNA_RFAM_34713.bpseq
data/bpRNA_dataset-canonicals/VL0/bpRNA_RFAM_34767.bpseq
data/bpRNA_dataset-canonicals/VL0/bpRNA_RFAM_34857.bpseq
data/bpRNA_dataset-canonicals/VL0/bpRNA_RFAM_34862.bpseq
data/bpRNA_dataset-canonicals/VL0/bpRNA_RFAM_34867.bpseq
data/bpRNA_dataset-canonicals/VL0/bpRNA_RFAM_34873.bpseq
data/bpRNA_dataset-canonicals/VL0/bpRNA_RFAM_34879.bpseq
data/bpRNA_dataset-canonicals/VL0/bpRNA_RFAM_3488.bpseq
data/bpRNA_dataset-canonicals/VL0/bpRNA_RFAM_34882.bpseq
data/bpRNA_dataset-canonicals/VL0/bpRNA_RFAM_34889.bpseq
data/bpRNA_dataset-canonicals/VL0/bpRNA_RFAM_34893.bpseq
data/bpRNA_dataset-canonicals/VL0/bpRNA_RFAM_34902.bpseq
data/bpRNA_dataset-canonicals/VL0/bpRNA_RFAM_34984.bpseq
data/bpRNA_dataset-canonicals/VL0/bpRNA_RFAM_35036.bpseq
data/bpRNA_dataset-canonicals/VL0/bpRNA_RFAM_35044.bpseq
data/bpRNA_dataset-canonicals/VL0/bpRNA_RFAM_35054.bpseq
data/bpRNA_dataset-canonicals/VL0/bpRNA_RFAM_35182.bpseq
data/bpRNA_dataset-canonicals/VL0/bpRNA_RFAM_35269.bpseq
data/bpRNA_dataset-canonicals/VL0/bpRNA_RFAM_35352.bpseq
data/bpRNA_dataset-canonicals/VL0/bpRNA_RFAM_35385.bpseq
data/bpRNA_dataset-canonicals/VL0/bpRNA_RFAM_35394.bpseq
data/bpRNA_dataset-canonicals/VL0/bpRNA_RFAM_35404.bpseq
data/bpRNA_dataset-canonicals/VL0/bpRNA_RFAM_35489.bpseq
data/bpRNA_dataset-canonicals/VL0/bpRNA_RFAM_35500.bpseq
data/bpRNA_dataset-canonicals/VL0/bpRNA_RFAM_3554.bpseq
data/bpRNA_dataset-canonicals/VL0/bpRNA_RFAM_35625.bpseq
data/bpRNA_dataset-canonicals/VL0/bpRNA_RFAM_35695.bpseq
data/bpRNA_dataset-canonicals/VL0/bpRNA_RFAM_35697.bpseq
data/bpRNA_dataset-canonicals/VL0/bpRNA_RFAM_35717.bpseq
data/bpRNA_dataset-canonicals/VL0/bpRNA_RFAM_35724.bpseq
data/bpRNA_dataset-canonicals/VL0/bpRNA_RFAM_35744.bpseq
data/bpRNA_dataset-canonicals/VL0/bpRNA_RFAM_35758.bpseq
data/bpRNA_dataset-canonicals/VL0/bpRNA_RFAM_35775.bpseq
data/bpRNA_dataset-canonicals/VL0/bpRNA_RFAM_35780.bpseq
data/bpRNA_dataset-canonicals/VL0/bpRNA_RFAM_35819.bpseq
data/bpRNA_dataset-canonicals/VL0/bpRNA_RFAM_35833.bpseq
data/bpRNA_dataset-canonicals/VL0/bpRNA_RFAM_35835.bpseq
data/bpRNA_dataset-canonicals/VL0/bpRNA_RFAM_35893.bpseq
data/bpRNA_dataset-canonicals/VL0/bpRNA_RFAM_35898.bpseq
data/bpRNA_dataset-canonicals/VL0/bpRNA_RFAM_35923.bpseq
data/bpRNA_dataset-canonicals/VL0/bpRNA_RFAM_35951.bpseq
data/bpRNA_dataset-canonicals/VL0/bpRNA_RFAM_36010.bpseq
data/bpRNA_dataset-canonicals/VL0/bpRNA_RFAM_36050.bpseq
data/bpRNA_dataset-canonicals/VL0/bpRNA_RFAM_36062.bpseq
data/bpRNA_dataset-canonicals/VL0/bpRNA_RFAM_36068.bpseq
data/bpRNA_dataset-canonicals/VL0/bpRNA_RFAM_3612.bpseq
data/bpRNA_dataset-canonicals/VL0/bpRNA_RFAM_36132.bpseq
data/bpRNA_dataset-canonicals/VL0/bpRNA_RFAM_3620.bpseq
data/bpRNA_dataset-canonicals/VL0/bpRNA_RFAM_36299.bpseq
data/bpRNA_dataset-canonicals/VL0/bpRNA_RFAM_3630.bpseq
data/bpRNA_dataset-canonicals/VL0/bpRNA_RFAM_36311.bpseq
data/bpRNA_dataset-canonicals/VL0/bpRNA_RFAM_3638.bpseq
data/bpRNA_dataset-canonicals/VL0/bpRNA_RFAM_36423.bpseq
data/bpRNA_dataset-canonicals/VL0/bpRNA_RFAM_36439.bpseq
data/bpRNA_dataset-canonicals/VL0/bpRNA_RFAM_36487.bpseq
data/bpRNA_dataset-canonicals/VL0/bpRNA_RFAM_36664.bpseq
data/bpRNA_dataset-canonicals/VL0/bpRNA_RFAM_36668.bpseq
data/bpRNA_dataset-canonicals/VL0/bpRNA_RFAM_36708.bpseq
data/bpRNA_dataset-canonicals/VL0/bpRNA_RFAM_36767.bpseq
data/bpRNA_dataset-canonicals/VL0/bpRNA_RFAM_36768.bpseq
data/bpRNA_dataset-canonicals/VL0/bpRNA_RFAM_36780.bpseq
data/bpRNA_dataset-canonicals/VL0/bpRNA_RFAM_36791.bpseq
data/bpRNA_dataset-canonicals/VL0/bpRNA_RFAM_36834.bpseq
data/bpRNA_dataset-canonicals/VL0/bpRNA_RFAM_36890.bpseq
data/bpRNA_dataset-canonicals/VL0/bpRNA_RFAM_3698.bpseq
data/bpRNA_dataset-canonicals/VL0/bpRNA_RFAM_3709.bpseq
data/bpRNA_dataset-canonicals/VL0/bpRNA_RFAM_37144.bpseq
data/bpRNA_dataset-canonicals/VL0/bpRNA_RFAM_37174.bpseq
data/bpRNA_dataset-canonicals/VL0/bpRNA_RFAM_372.bpseq
data/bpRNA_dataset-canonicals/VL0/bpRNA_RFAM_37223.bpseq
data/bpRNA_dataset-canonicals/VL0/bpRNA_RFAM_37241.bpseq
data/bpRNA_dataset-canonicals/VL0/bpRNA_RFAM_37245.bpseq
data/bpRNA_dataset-canonicals/VL0/bpRNA_RFAM_37307.bpseq
data/bpRNA_dataset-canonicals/VL0/bpRNA_RFAM_37315.bpseq
data/bpRNA_dataset-canonicals/VL0/bpRNA_RFAM_37319.bpseq
data/bpRNA_dataset-canonicals/VL0/bpRNA_RFAM_37324.bpseq
data/bpRNA_dataset-canonicals/VL0/bpRNA_RFAM_37388.bpseq
data/bpRNA_dataset-canonicals/VL0/bpRNA_RFAM_3740.bpseq
data/bpRNA_dataset-canonicals/VL0/bpRNA_RFAM_3743.bpseq
data/bpRNA_dataset-canonicals/VL0/bpRNA_RFAM_37430.bpseq
data/bpRNA_dataset-canonicals/VL0/bpRNA_RFAM_37439.bpseq
data/bpRNA_dataset-canonicals/VL0/bpRNA_RFAM_37517.bpseq
data/bpRNA_dataset-canonicals/VL0/bpRNA_RFAM_37592.bpseq
data/bpRNA_dataset-canonicals/VL0/bpRNA_RFAM_37623.bpseq
data/bpRNA_dataset-canonicals/VL0/bpRNA_RFAM_37634.bpseq
data/bpRNA_dataset-canonicals/VL0/bpRNA_RFAM_3766.bpseq
data/bpRNA_dataset-canonicals/VL0/bpRNA_RFAM_37751.bpseq
data/bpRNA_dataset-canonicals/VL0/bpRNA_RFAM_37764.bpseq
data/bpRNA_dataset-canonicals/VL0/bpRNA_RFAM_37767.bpseq
data/bpRNA_dataset-canonicals/VL0/bpRNA_RFAM_37769.bpseq
data/bpRNA_dataset-canonicals/VL0/bpRNA_RFAM_37771.bpseq
data/bpRNA_dataset-canonicals/VL0/bpRNA_RFAM_37772.bpseq
data/bpRNA_dataset-canonicals/VL0/bpRNA_RFAM_37791.bpseq
data/bpRNA_dataset-canonicals/VL0/bpRNA_RFAM_37820.bpseq
data/bpRNA_dataset-canonicals/VL0/bpRNA_RFAM_37834.bpseq
data/bpRNA_dataset-canonicals/VL0/bpRNA_RFAM_37837.bpseq
data/bpRNA_dataset-canonicals/VL0/bpRNA_RFAM_37886.bpseq
data/bpRNA_dataset-canonicals/VL0/bpRNA_RFAM_37899.bpseq
data/bpRNA_dataset-canonicals/VL0/bpRNA_RFAM_37920.bpseq
data/bpRNA_dataset-canonicals/VL0/bpRNA_RFAM_37976.bpseq
data/bpRNA_dataset-canonicals/VL0/bpRNA_RFAM_37978.bpseq
data/bpRNA_dataset-canonicals/VL0/bpRNA_RFAM_37984.bpseq
data/bpRNA_dataset-canonicals/VL0/bpRNA_RFAM_38023.bpseq
data/bpRNA_dataset-canonicals/VL0/bpRNA_RFAM_38080.bpseq
data/bpRNA_dataset-canonicals/VL0/bpRNA_RFAM_38101.bpseq
data/bpRNA_dataset-canonicals/VL0/bpRNA_RFAM_3811.bpseq
data/bpRNA_dataset-canonicals/VL0/bpRNA_RFAM_38122.bpseq
data/bpRNA_dataset-canonicals/VL0/bpRNA_RFAM_38135.bpseq
data/bpRNA_dataset-canonicals/VL0/bpRNA_RFAM_38137.bpseq
data/bpRNA_dataset-canonicals/VL0/bpRNA_RFAM_38147.bpseq
data/bpRNA_dataset-canonicals/VL0/bpRNA_RFAM_38194.bpseq
data/bpRNA_dataset-canonicals/VL0/bpRNA_RFAM_38207.bpseq
data/bpRNA_dataset-canonicals/VL0/bpRNA_RFAM_38223.bpseq
data/bpRNA_dataset-canonicals/VL0/bpRNA_RFAM_38240.bpseq
data/bpRNA_dataset-canonicals/VL0/bpRNA_RFAM_38251.bpseq
data/bpRNA_dataset-canonicals/VL0/bpRNA_RFAM_38306.bpseq
data/bpRNA_dataset-canonicals/VL0/bpRNA_RFAM_38316.bpseq
data/bpRNA_dataset-canonicals/VL0/bpRNA_RFAM_38331.bpseq
data/bpRNA_dataset-canonicals/VL0/bpRNA_RFAM_38352.bpseq
data/bpRNA_dataset-canonicals/VL0/bpRNA_RFAM_38364.bpseq
data/bpRNA_dataset-canonicals/VL0/bpRNA_RFAM_38373.bpseq
data/bpRNA_dataset-canonicals/VL0/bpRNA_RFAM_38396.bpseq
data/bpRNA_dataset-canonicals/VL0/bpRNA_RFAM_38414.bpseq
data/bpRNA_dataset-canonicals/VL0/bpRNA_RFAM_38426.bpseq
data/bpRNA_dataset-canonicals/VL0/bpRNA_RFAM_38487.bpseq
data/bpRNA_dataset-canonicals/VL0/bpRNA_RFAM_38494.bpseq
data/bpRNA_dataset-canonicals/VL0/bpRNA_RFAM_38517.bpseq
data/bpRNA_dataset-canonicals/VL0/bpRNA_RFAM_38551.bpseq
data/bpRNA_dataset-canonicals/VL0/bpRNA_RFAM_38580.bpseq
data/bpRNA_dataset-canonicals/VL0/bpRNA_RFAM_38646.bpseq
data/bpRNA_dataset-canonicals/VL0/bpRNA_RFAM_38657.bpseq
data/bpRNA_dataset-canonicals/VL0/bpRNA_RFAM_38675.bpseq
data/bpRNA_dataset-canonicals/VL0/bpRNA_RFAM_38679.bpseq
data/bpRNA_dataset-canonicals/VL0/bpRNA_RFAM_38682.bpseq
data/bpRNA_dataset-canonicals/VL0/bpRNA_RFAM_38701.bpseq
data/bpRNA_dataset-canonicals/VL0/bpRNA_RFAM_38710.bpseq
data/bpRNA_dataset-canonicals/VL0/bpRNA_RFAM_38713.bpseq
data/bpRNA_dataset-canonicals/VL0/bpRNA_RFAM_38717.bpseq
data/bpRNA_dataset-canonicals/VL0/bpRNA_RFAM_38723.bpseq
data/bpRNA_dataset-canonicals/VL0/bpRNA_RFAM_38784.bpseq
data/bpRNA_dataset-canonicals/VL0/bpRNA_RFAM_38855.bpseq
data/bpRNA_dataset-canonicals/VL0/bpRNA_RFAM_38962.bpseq
data/bpRNA_dataset-canonicals/VL0/bpRNA_RFAM_38980.bpseq
data/bpRNA_dataset-canonicals/VL0/bpRNA_RFAM_38982.bpseq
data/bpRNA_dataset-canonicals/VL0/bpRNA_RFAM_38985.bpseq
data/bpRNA_dataset-canonicals/VL0/bpRNA_RFAM_38996.bpseq
data/bpRNA_dataset-canonicals/VL0/bpRNA_RFAM_39042.bpseq
data/bpRNA_dataset-canonicals/VL0/bpRNA_RFAM_39068.bpseq
data/bpRNA_dataset-canonicals/VL0/bpRNA_RFAM_39099.bpseq
data/bpRNA_dataset-canonicals/VL0/bpRNA_RFAM_39195.bpseq
data/bpRNA_dataset-canonicals/VL0/bpRNA_RFAM_39548.bpseq
data/bpRNA_dataset-canonicals/VL0/bpRNA_RFAM_39751.bpseq
data/bpRNA_dataset-canonicals/VL0/bpRNA_RFAM_39762.bpseq
data/bpRNA_dataset-canonicals/VL0/bpRNA_RFAM_39772.bpseq
data/bpRNA_dataset-canonicals/VL0/bpRNA_RFAM_39811.bpseq
data/bpRNA_dataset-canonicals/VL0/bpRNA_RFAM_39814.bpseq
data/bpRNA_dataset-canonicals/VL0/bpRNA_RFAM_39856.bpseq
data/bpRNA_dataset-canonicals/VL0/bpRNA_RFAM_39883.bpseq
data/bpRNA_dataset-canonicals/VL0/bpRNA_RFAM_39887.bpseq
data/bpRNA_dataset-canonicals/VL0/bpRNA_RFAM_39892.bpseq
data/bpRNA_dataset-canonicals/VL0/bpRNA_RFAM_39927.bpseq
data/bpRNA_dataset-canonicals/VL0/bpRNA_RFAM_39940.bpseq
data/bpRNA_dataset-canonicals/VL0/bpRNA_RFAM_39984.bpseq
data/bpRNA_dataset-canonicals/VL0/bpRNA_RFAM_39986.bpseq
data/bpRNA_dataset-canonicals/VL0/bpRNA_RFAM_39992.bpseq
data/bpRNA_dataset-canonicals/VL0/bpRNA_RFAM_39993.bpseq
data/bpRNA_dataset-canonicals/VL0/bpRNA_RFAM_40047.bpseq
data/bpRNA_dataset-canonicals/VL0/bpRNA_RFAM_40156.bpseq
data/bpRNA_dataset-canonicals/VL0/bpRNA_RFAM_40191.bpseq
data/bpRNA_dataset-canonicals/VL0/bpRNA_RFAM_40223.bpseq
data/bpRNA_dataset-canonicals/VL0/bpRNA_RFAM_40307.bpseq
data/bpRNA_dataset-canonicals/VL0/bpRNA_RFAM_40312.bpseq
data/bpRNA_dataset-canonicals/VL0/bpRNA_RFAM_40342.bpseq
data/bpRNA_dataset-canonicals/VL0/bpRNA_RFAM_40359.bpseq
data/bpRNA_dataset-canonicals/VL0/bpRNA_RFAM_40386.bpseq
data/bpRNA_dataset-canonicals/VL0/bpRNA_RFAM_40401.bpseq
data/bpRNA_dataset-canonicals/VL0/bpRNA_RFAM_40413.bpseq
data/bpRNA_dataset-canonicals/VL0/bpRNA_RFAM_40649.bpseq
data/bpRNA_dataset-canonicals/VL0/bpRNA_RFAM_40656.bpseq
data/bpRNA_dataset-canonicals/VL0/bpRNA_RFAM_40720.bpseq
data/bpRNA_dataset-canonicals/VL0/bpRNA_RFAM_40743.bpseq
data/bpRNA_dataset-canonicals/VL0/bpRNA_RFAM_40748.bpseq
data/bpRNA_dataset-canonicals/VL0/bpRNA_RFAM_40756.bpseq
data/bpRNA_dataset-canonicals/VL0/bpRNA_RFAM_40815.bpseq
data/bpRNA_dataset-canonicals/VL0/bpRNA_RFAM_40886.bpseq
data/bpRNA_dataset-canonicals/VL0/bpRNA_RFAM_40909.bpseq
data/bpRNA_dataset-canonicals/VL0/bpRNA_RFAM_40980.bpseq
data/bpRNA_dataset-canonicals/VL0/bpRNA_RFAM_41006.bpseq
data/bpRNA_dataset-canonicals/VL0/bpRNA_RFAM_41040.bpseq
data/bpRNA_dataset-canonicals/VL0/bpRNA_RFAM_41060.bpseq
data/bpRNA_dataset-canonicals/VL0/bpRNA_RFAM_41082.bpseq
data/bpRNA_dataset-canonicals/VL0/bpRNA_RFAM_41121.bpseq
data/bpRNA_dataset-canonicals/VL0/bpRNA_RFAM_41140.bpseq
data/bpRNA_dataset-canonicals/VL0/bpRNA_RFAM_41143.bpseq
data/bpRNA_dataset-canonicals/VL0/bpRNA_RFAM_41156.bpseq
data/bpRNA_dataset-canonicals/VL0/bpRNA_RFAM_41232.bpseq
data/bpRNA_dataset-canonicals/VL0/bpRNA_RFAM_41235.bpseq
data/bpRNA_dataset-canonicals/VL0/bpRNA_RFAM_41237.bpseq
data/bpRNA_dataset-canonicals/VL0/bpRNA_RFAM_41240.bpseq
data/bpRNA_dataset-canonicals/VL0/bpRNA_RFAM_41316.bpseq
data/bpRNA_dataset-canonicals/VL0/bpRNA_RFAM_41338.bpseq
data/bpRNA_dataset-canonicals/VL0/bpRNA_RFAM_41341.bpseq
data/bpRNA_dataset-canonicals/VL0/bpRNA_RFAM_41347.bpseq
data/bpRNA_dataset-canonicals/VL0/bpRNA_RFAM_41367.bpseq
data/bpRNA_dataset-canonicals/VL0/bpRNA_RFAM_41370.bpseq
data/bpRNA_dataset-canonicals/VL0/bpRNA_RFAM_41459.bpseq
data/bpRNA_dataset-canonicals/VL0/bpRNA_RFAM_41516.bpseq
data/bpRNA_dataset-canonicals/VL0/bpRNA_RFAM_41546.bpseq
data/bpRNA_dataset-canonicals/VL0/bpRNA_RFAM_41609.bpseq
data/bpRNA_dataset-canonicals/VL0/bpRNA_RFAM_41640.bpseq
data/bpRNA_dataset-canonicals/VL0/bpRNA_RFAM_41680.bpseq
data/bpRNA_dataset-canonicals/VL0/bpRNA_RFAM_41709.bpseq
data/bpRNA_dataset-canonicals/VL0/bpRNA_RFAM_41711.bpseq
data/bpRNA_dataset-canonicals/VL0/bpRNA_RFAM_41877.bpseq
data/bpRNA_dataset-canonicals/VL0/bpRNA_RFAM_41902.bpseq
data/bpRNA_dataset-canonicals/VL0/bpRNA_RFAM_41906.bpseq
data/bpRNA_dataset-canonicals/VL0/bpRNA_RFAM_41912.bpseq
data/bpRNA_dataset-canonicals/VL0/bpRNA_RFAM_41923.bpseq
data/bpRNA_dataset-canonicals/VL0/bpRNA_RFAM_4193.bpseq
data/bpRNA_dataset-canonicals/VL0/bpRNA_RFAM_41948.bpseq
data/bpRNA_dataset-canonicals/VL0/bpRNA_RFAM_42037.bpseq
data/bpRNA_dataset-canonicals/VL0/bpRNA_RFAM_42076.bpseq
data/bpRNA_dataset-canonicals/VL0/bpRNA_RFAM_42143.bpseq
data/bpRNA_dataset-canonicals/VL0/bpRNA_RFAM_42147.bpseq
data/bpRNA_dataset-canonicals/VL0/bpRNA_RFAM_42155.bpseq
data/bpRNA_dataset-canonicals/VL0/bpRNA_RFAM_42170.bpseq
data/bpRNA_dataset-canonicals/VL0/bpRNA_RFAM_42190.bpseq
data/bpRNA_dataset-canonicals/VL0/bpRNA_RFAM_42215.bpseq
data/bpRNA_dataset-canonicals/VL0/bpRNA_RFAM_42223.bpseq
data/bpRNA_dataset-canonicals/VL0/bpRNA_RFAM_42277.bpseq
data/bpRNA_dataset-canonicals/VL0/bpRNA_RFAM_42283.bpseq
data/bpRNA_dataset-canonicals/VL0/bpRNA_RFAM_42288.bpseq
data/bpRNA_dataset-canonicals/VL0/bpRNA_RFAM_42329.bpseq
data/bpRNA_dataset-canonicals/VL0/bpRNA_RFAM_42453.bpseq
data/bpRNA_dataset-canonicals/VL0/bpRNA_RFAM_42539.bpseq
data/bpRNA_dataset-canonicals/VL0/bpRNA_RFAM_42559.bpseq
data/bpRNA_dataset-canonicals/VL0/bpRNA_RFAM_42582.bpseq
data/bpRNA_dataset-canonicals/VL0/bpRNA_RFAM_42585.bpseq
data/bpRNA_dataset-canonicals/VL0/bpRNA_RFAM_42606.bpseq
data/bpRNA_dataset-canonicals/VL0/bpRNA_RFAM_42608.bpseq
data/bpRNA_dataset-canonicals/VL0/bpRNA_RFAM_42612.bpseq
data/bpRNA_dataset-canonicals/VL0/bpRNA_RFAM_42662.bpseq
data/bpRNA_dataset-canonicals/VL0/bpRNA_RFAM_4269.bpseq
data/bpRNA_dataset-canonicals/VL0/bpRNA_RFAM_42721.bpseq
data/bpRNA_dataset-canonicals/VL0/bpRNA_RFAM_42753.bpseq
data/bpRNA_dataset-canonicals/VL0/bpRNA_RFAM_42792.bpseq
data/bpRNA_dataset-canonicals/VL0/bpRNA_RFAM_42803.bpseq
data/bpRNA_dataset-canonicals/VL0/bpRNA_RFAM_42834.bpseq
data/bpRNA_dataset-canonicals/VL0/bpRNA_RFAM_4345.bpseq
data/bpRNA_dataset-canonicals/VL0/bpRNA_RFAM_4485.bpseq
data/bpRNA_dataset-canonicals/VL0/bpRNA_RFAM_4554.bpseq
data/bpRNA_dataset-canonicals/VL0/bpRNA_RFAM_4604.bpseq
data/bpRNA_dataset-canonicals/VL0/bpRNA_RFAM_4634.bpseq
data/bpRNA_dataset-canonicals/VL0/bpRNA_RFAM_4664.bpseq
data/bpRNA_dataset-canonicals/VL0/bpRNA_RFAM_4665.bpseq
data/bpRNA_dataset-canonicals/VL0/bpRNA_RFAM_4690.bpseq
data/bpRNA_dataset-canonicals/VL0/bpRNA_RFAM_4706.bpseq
data/bpRNA_dataset-canonicals/VL0/bpRNA_RFAM_4707.bpseq
data/bpRNA_dataset-canonicals/VL0/bpRNA_RFAM_4719.bpseq
data/bpRNA_dataset-canonicals/VL0/bpRNA_RFAM_4782.bpseq
data/bpRNA_dataset-canonicals/VL0/bpRNA_RFAM_4798.bpseq
data/bpRNA_dataset-canonicals/VL0/bpRNA_RFAM_4824.bpseq
data/bpRNA_dataset-canonicals/VL0/bpRNA_RFAM_4854.bpseq
data/bpRNA_dataset-canonicals/VL0/bpRNA_RFAM_4865.bpseq
data/bpRNA_dataset-canonicals/VL0/bpRNA_RFAM_4883.bpseq
data/bpRNA_dataset-canonicals/VL0/bpRNA_RFAM_4902.bpseq
data/bpRNA_dataset-canonicals/VL0/bpRNA_RFAM_4904.bpseq
data/bpRNA_dataset-canonicals/VL0/bpRNA_RFAM_5006.bpseq
data/bpRNA_dataset-canonicals/VL0/bpRNA_RFAM_5020.bpseq
data/bpRNA_dataset-canonicals/VL0/bpRNA_RFAM_5207.bpseq
data/bpRNA_dataset-canonicals/VL0/bpRNA_RFAM_5255.bpseq
data/bpRNA_dataset-canonicals/VL0/bpRNA_RFAM_5277.bpseq
data/bpRNA_dataset-canonicals/VL0/bpRNA_RFAM_5278.bpseq
data/bpRNA_dataset-canonicals/VL0/bpRNA_RFAM_5322.bpseq
data/bpRNA_dataset-canonicals/VL0/bpRNA_RFAM_5323.bpseq
data/bpRNA_dataset-canonicals/VL0/bpRNA_RFAM_5402.bpseq
data/bpRNA_dataset-canonicals/VL0/bpRNA_RFAM_5411.bpseq
data/bpRNA_dataset-canonicals/VL0/bpRNA_RFAM_5426.bpseq
data/bpRNA_dataset-canonicals/VL0/bpRNA_RFAM_5481.bpseq
data/bpRNA_dataset-canonicals/VL0/bpRNA_RFAM_5495.bpseq
data/bpRNA_dataset-canonicals/VL0/bpRNA_RFAM_5507.bpseq
data/bpRNA_dataset-canonicals/VL0/bpRNA_RFAM_5535.bpseq
data/bpRNA_dataset-canonicals/VL0/bpRNA_RFAM_5587.bpseq
data/bpRNA_dataset-canonicals/VL0/bpRNA_RFAM_5768.bpseq
data/bpRNA_dataset-canonicals/VL0/bpRNA_RFAM_5769.bpseq
data/bpRNA_dataset-canonicals/VL0/bpRNA_RFAM_5775.bpseq
data/bpRNA_dataset-canonicals/VL0/bpRNA_RFAM_5805.bpseq
data/bpRNA_dataset-canonicals/VL0/bpRNA_RFAM_5807.bpseq
data/bpRNA_dataset-canonicals/VL0/bpRNA_RFAM_5818.bpseq
data/bpRNA_dataset-canonicals/VL0/bpRNA_RFAM_5820.bpseq
data/bpRNA_dataset-canonicals/VL0/bpRNA_RFAM_5839.bpseq
data/bpRNA_dataset-canonicals/VL0/bpRNA_RFAM_5842.bpseq
data/bpRNA_dataset-canonicals/VL0/bpRNA_RFAM_5876.bpseq
data/bpRNA_dataset-canonicals/VL0/bpRNA_RFAM_5962.bpseq
data/bpRNA_dataset-canonicals/VL0/bpRNA_RFAM_5992.bpseq
data/bpRNA_dataset-canonicals/VL0/bpRNA_RFAM_6037.bpseq
data/bpRNA_dataset-canonicals/VL0/bpRNA_RFAM_6097.bpseq
data/bpRNA_dataset-canonicals/VL0/bpRNA_RFAM_6098.bpseq
data/bpRNA_dataset-canonicals/VL0/bpRNA_RFAM_6135.bpseq
data/bpRNA_dataset-canonicals/VL0/bpRNA_RFAM_6145.bpseq
data/bpRNA_dataset-canonicals/VL0/bpRNA_RFAM_6179.bpseq
data/bpRNA_dataset-canonicals/VL0/bpRNA_RFAM_6181.bpseq
data/bpRNA_dataset-canonicals/VL0/bpRNA_RFAM_6227.bpseq
data/bpRNA_dataset-canonicals/VL0/bpRNA_RFAM_6235.bpseq
data/bpRNA_dataset-canonicals/VL0/bpRNA_RFAM_6244.bpseq
data/bpRNA_dataset-canonicals/VL0/bpRNA_RFAM_6249.bpseq
data/bpRNA_dataset-canonicals/VL0/bpRNA_RFAM_6257.bpseq
data/bpRNA_dataset-canonicals/VL0/bpRNA_RFAM_6260.bpseq
data/bpRNA_dataset-canonicals/VL0/bpRNA_RFAM_6310.bpseq
data/bpRNA_dataset-canonicals/VL0/bpRNA_RFAM_6360.bpseq
data/bpRNA_dataset-canonicals/VL0/bpRNA_RFAM_6410.bpseq
data/bpRNA_dataset-canonicals/VL0/bpRNA_RFAM_6420.bpseq
data/bpRNA_dataset-canonicals/VL0/bpRNA_RFAM_6434.bpseq
data/bpRNA_dataset-canonicals/VL0/bpRNA_RFAM_6499.bpseq
data/bpRNA_dataset-canonicals/VL0/bpRNA_RFAM_6506.bpseq
data/bpRNA_dataset-canonicals/VL0/bpRNA_RFAM_6520.bpseq
data/bpRNA_dataset-canonicals/VL0/bpRNA_RFAM_6523.bpseq
data/bpRNA_dataset-canonicals/VL0/bpRNA_RFAM_6526.bpseq
data/bpRNA_dataset-canonicals/VL0/bpRNA_RFAM_667.bpseq
data/bpRNA_dataset-canonicals/VL0/bpRNA_RFAM_6883.bpseq
data/bpRNA_dataset-canonicals/VL0/bpRNA_RFAM_6909.bpseq
data/bpRNA_dataset-canonicals/VL0/bpRNA_RFAM_6957.bpseq
data/bpRNA_dataset-canonicals/VL0/bpRNA_RFAM_7008.bpseq
data/bpRNA_dataset-canonicals/VL0/bpRNA_RFAM_7023.bpseq
data/bpRNA_dataset-canonicals/VL0/bpRNA_RFAM_7030.bpseq
data/bpRNA_dataset-canonicals/VL0/bpRNA_RFAM_7032.bpseq
data/bpRNA_dataset-canonicals/VL0/bpRNA_RFAM_7083.bpseq
data/bpRNA_dataset-canonicals/VL0/bpRNA_RFAM_7084.bpseq
data/bpRNA_dataset-canonicals/VL0/bpRNA_RFAM_7142.bpseq
data/bpRNA_dataset-canonicals/VL0/bpRNA_RFAM_7171.bpseq
data/bpRNA_dataset-canonicals/VL0/bpRNA_RFAM_7174.bpseq
data/bpRNA_dataset-canonicals/VL0/bpRNA_RFAM_7194.bpseq
data/bpRNA_dataset-canonicals/VL0/bpRNA_RFAM_7208.bpseq
data/bpRNA_dataset-canonicals/VL0/bpRNA_RFAM_7229.bpseq
data/bpRNA_dataset-canonicals/VL0/bpRNA_RFAM_7233.bpseq
data/bpRNA_dataset-canonicals/VL0/bpRNA_RFAM_7245.bpseq
data/bpRNA_dataset-canonicals/VL0/bpRNA_RFAM_7326.bpseq
data/bpRNA_dataset-canonicals/VL0/bpRNA_RFAM_742.bpseq
data/bpRNA_dataset-canonicals/VL0/bpRNA_RFAM_7447.bpseq
data/bpRNA_dataset-canonicals/VL0/bpRNA_RFAM_7476.bpseq
data/bpRNA_dataset-canonicals/VL0/bpRNA_RFAM_7495.bpseq
data/bpRNA_dataset-canonicals/VL0/bpRNA_RFAM_7503.bpseq
data/bpRNA_dataset-canonicals/VL0/bpRNA_RFAM_752.bpseq
data/bpRNA_dataset-canonicals/VL0/bpRNA_RFAM_7533.bpseq
data/bpRNA_dataset-canonicals/VL0/bpRNA_RFAM_759.bpseq
data/bpRNA_dataset-canonicals/VL0/bpRNA_RFAM_7670.bpseq
data/bpRNA_dataset-canonicals/VL0/bpRNA_RFAM_7675.bpseq
data/bpRNA_dataset-canonicals/VL0/bpRNA_RFAM_770.bpseq
data/bpRNA_dataset-canonicals/VL0/bpRNA_RFAM_7798.bpseq
data/bpRNA_dataset-canonicals/VL0/bpRNA_RFAM_7807.bpseq
data/bpRNA_dataset-canonicals/VL0/bpRNA_RFAM_7858.bpseq
data/bpRNA_dataset-canonicals/VL0/bpRNA_RFAM_7867.bpseq
data/bpRNA_dataset-canonicals/VL0/bpRNA_RFAM_7876.bpseq
data/bpRNA_dataset-canonicals/VL0/bpRNA_RFAM_7900.bpseq
data/bpRNA_dataset-canonicals/VL0/bpRNA_RFAM_7987.bpseq
data/bpRNA_dataset-canonicals/VL0/bpRNA_RFAM_8019.bpseq
data/bpRNA_dataset-canonicals/VL0/bpRNA_RFAM_8042.bpseq
data/bpRNA_dataset-canonicals/VL0/bpRNA_RFAM_8045.bpseq
data/bpRNA_dataset-canonicals/VL0/bpRNA_RFAM_8057.bpseq
data/bpRNA_dataset-canonicals/VL0/bpRNA_RFAM_8067.bpseq
data/bpRNA_dataset-canonicals/VL0/bpRNA_RFAM_8070.bpseq
data/bpRNA_dataset-canonicals/VL0/bpRNA_RFAM_8075.bpseq
data/bpRNA_dataset-canonicals/VL0/bpRNA_RFAM_8113.bpseq
data/bpRNA_dataset-canonicals/VL0/bpRNA_RFAM_8174.bpseq
data/bpRNA_dataset-canonicals/VL0/bpRNA_RFAM_8188.bpseq
data/bpRNA_dataset-canonicals/VL0/bpRNA_RFAM_8190.bpseq
data/bpRNA_dataset-canonicals/VL0/bpRNA_RFAM_8197.bpseq
data/bpRNA_dataset-canonicals/VL0/bpRNA_RFAM_8202.bpseq
data/bpRNA_dataset-canonicals/VL0/bpRNA_RFAM_8222.bpseq
data/bpRNA_dataset-canonicals/VL0/bpRNA_RFAM_8239.bpseq
data/bpRNA_dataset-canonicals/VL0/bpRNA_RFAM_8247.bpseq
data/bpRNA_dataset-canonicals/VL0/bpRNA_RFAM_8258.bpseq
data/bpRNA_dataset-canonicals/VL0/bpRNA_RFAM_8291.bpseq
data/bpRNA_dataset-canonicals/VL0/bpRNA_RFAM_8296.bpseq
data/bpRNA_dataset-canonicals/VL0/bpRNA_RFAM_8332.bpseq
data/bpRNA_dataset-canonicals/VL0/bpRNA_RFAM_8342.bpseq
data/bpRNA_dataset-canonicals/VL0/bpRNA_RFAM_8343.bpseq
data/bpRNA_dataset-canonicals/VL0/bpRNA_RFAM_843.bpseq
data/bpRNA_dataset-canonicals/VL0/bpRNA_RFAM_8476.bpseq
data/bpRNA_dataset-canonicals/VL0/bpRNA_RFAM_8498.bpseq
data/bpRNA_dataset-canonicals/VL0/bpRNA_RFAM_8501.bpseq
data/bpRNA_dataset-canonicals/VL0/bpRNA_RFAM_8548.bpseq
data/bpRNA_dataset-canonicals/VL0/bpRNA_RFAM_8565.bpseq
data/bpRNA_dataset-canonicals/VL0/bpRNA_RFAM_8569.bpseq
data/bpRNA_dataset-canonicals/VL0/bpRNA_RFAM_8585.bpseq
data/bpRNA_dataset-canonicals/VL0/bpRNA_RFAM_8594.bpseq
data/bpRNA_dataset-canonicals/VL0/bpRNA_RFAM_8611.bpseq
data/bpRNA_dataset-canonicals/VL0/bpRNA_RFAM_8612.bpseq
data/bpRNA_dataset-canonicals/VL0/bpRNA_RFAM_8785.bpseq
data/bpRNA_dataset-canonicals/VL0/bpRNA_RFAM_8804.bpseq
data/bpRNA_dataset-canonicals/VL0/bpRNA_RFAM_8947.bpseq
data/bpRNA_dataset-canonicals/VL0/bpRNA_RFAM_8956.bpseq
data/bpRNA_dataset-canonicals/VL0/bpRNA_RFAM_8960.bpseq
data/bpRNA_dataset-canonicals/VL0/bpRNA_RFAM_8978.bpseq
data/bpRNA_dataset-canonicals/VL0/bpRNA_RFAM_8990.bpseq
data/bpRNA_dataset-canonicals/VL0/bpRNA_RFAM_8996.bpseq
data/bpRNA_dataset-canonicals/VL0/bpRNA_RFAM_9003.bpseq
data/bpRNA_dataset-canonicals/VL0/bpRNA_RFAM_9017.bpseq
data/bpRNA_dataset-canonicals/VL0/bpRNA_RFAM_9028.bpseq
data/bpRNA_dataset-canonicals/VL0/bpRNA_RFAM_9054.bpseq
data/bpRNA_dataset-canonicals/VL0/bpRNA_RFAM_9071.bpseq
data/bpRNA_dataset-canonicals/VL0/bpRNA_RFAM_9083.bpseq
data/bpRNA_dataset-canonicals/VL0/bpRNA_RFAM_9098.bpseq
data/bpRNA_dataset-canonicals/VL0/bpRNA_RFAM_9112.bpseq
data/bpRNA_dataset-canonicals/VL0/bpRNA_RFAM_9131.bpseq
data/bpRNA_dataset-canonicals/VL0/bpRNA_RFAM_9143.bpseq
data/bpRNA_dataset-canonicals/VL0/bpRNA_RFAM_9174.bpseq
data/bpRNA_dataset-canonicals/VL0/bpRNA_RFAM_9184.bpseq
data/bpRNA_dataset-canonicals/VL0/bpRNA_RFAM_9210.bpseq
data/bpRNA_dataset-canonicals/VL0/bpRNA_RFAM_9238.bpseq
data/bpRNA_dataset-canonicals/VL0/bpRNA_RFAM_9249.bpseq
data/bpRNA_dataset-canonicals/VL0/bpRNA_RFAM_9250.bpseq
data/bpRNA_dataset-canonicals/VL0/bpRNA_RFAM_9253.bpseq
data/bpRNA_dataset-canonicals/VL0/bpRNA_RFAM_9259.bpseq
data/bpRNA_dataset-canonicals/VL0/bpRNA_RFAM_9270.bpseq
data/bpRNA_dataset-canonicals/VL0/bpRNA_RFAM_9272.bpseq
data/bpRNA_dataset-canonicals/VL0/bpRNA_RFAM_9294.bpseq
data/bpRNA_dataset-canonicals/VL0/bpRNA_RFAM_9297.bpseq
data/bpRNA_dataset-canonicals/VL0/bpRNA_RFAM_9334.bpseq
data/bpRNA_dataset-canonicals/VL0/bpRNA_RFAM_9340.bpseq
data/bpRNA_dataset-canonicals/VL0/bpRNA_RFAM_9363.bpseq
data/bpRNA_dataset-canonicals/VL0/bpRNA_RFAM_9368.bpseq
data/bpRNA_dataset-canonicals/VL0/bpRNA_RFAM_9382.bpseq
data/bpRNA_dataset-canonicals/VL0/bpRNA_RFAM_963.bpseq
data/bpRNA_dataset-canonicals/VL0/bpRNA_RFAM_9638.bpseq
data/bpRNA_dataset-canonicals/VL0/bpRNA_RFAM_9655.bpseq
data/bpRNA_dataset-canonicals/VL0/bpRNA_RFAM_9656.bpseq
data/bpRNA_dataset-canonicals/VL0/bpRNA_RFAM_9662.bpseq
data/bpRNA_dataset-canonicals/VL0/bpRNA_RFAM_9668.bpseq
data/bpRNA_dataset-canonicals/VL0/bpRNA_RFAM_968.bpseq
data/bpRNA_dataset-canonicals/VL0/bpRNA_RFAM_9681.bpseq
data/bpRNA_dataset-canonicals/VL0/bpRNA_RFAM_9683.bpseq
data/bpRNA_dataset-canonicals/VL0/bpRNA_RFAM_9697.bpseq
data/bpRNA_dataset-canonicals/VL0/bpRNA_RFAM_9893.bpseq
data/bpRNA_dataset-canonicals/VL0/bpRNA_RFAM_998.bpseq
data/bpRNA_dataset-canonicals/VL0/bpRNA_RFAM_9997.bpseq
data/bpRNA_dataset-canonicals/VL0/bpRNA_RNP_297.bpseq
data/bpRNA_dataset-canonicals/VL0/bpRNA_RNP_329.bpseq
data/bpRNA_dataset-canonicals/VL0/bpRNA_RNP_337.bpseq
data/bpRNA_dataset-canonicals/VL0/bpRNA_RNP_365.bpseq
data/bpRNA_dataset-canonicals/VL0/bpRNA_RNP_378.bpseq
data/bpRNA_dataset-canonicals/VL0/bpRNA_RNP_381.bpseq
data/bpRNA_dataset-canonicals/VL0/bpRNA_RNP_433.bpseq
data/bpRNA_dataset-canonicals/VL0/bpRNA_RNP_88.bpseq
data/bpRNA_dataset-canonicals/VL0/bpRNA_RNP_93.bpseq
data/bpRNA_dataset-canonicals/VL0/bpRNA_SPR_101.bpseq
data/bpRNA_dataset-canonicals/VL0/bpRNA_SPR_148.bpseq
data/bpRNA_dataset-canonicals/VL0/bpRNA_SPR_214.bpseq
data/bpRNA_dataset-canonicals/VL0/bpRNA_SPR_260.bpseq
data/bpRNA_dataset-canonicals/VL0/bpRNA_SPR_262.bpseq
data/bpRNA_dataset-canonicals/VL0/bpRNA_SPR_36.bpseq
data/bpRNA_dataset-canonicals/VL0/bpRNA_SPR_366.bpseq
data/bpRNA_dataset-canonicals/VL0/bpRNA_SPR_370.bpseq
data/bpRNA_dataset-canonicals/VL0/bpRNA_SPR_371.bpseq
data/bpRNA_dataset-canonicals/VL0/bpRNA_SPR_526.bpseq
data/bpRNA_dataset-canonicals/VL0/bpRNA_SPR_56.bpseq
data/bpRNA_dataset-canonicals/VL0/bpRNA_SPR_9.bpseq
data/bpRNA_dataset-canonicals/VL0/bpRNA_SRP_165.bpseq
data/bpRNA_dataset-canonicals/VL0/bpRNA_SRP_190.bpseq
data/bpRNA_dataset-canonicals/VL0/bpRNA_SRP_25.bpseq
data/bpRNA_dataset-canonicals/VL0/bpRNA_SRP_282.bpseq
data/bpRNA_dataset-canonicals/VL0/bpRNA_SRP_292.bpseq
data/bpRNA_dataset-canonicals/VL0/bpRNA_SRP_360.bpseq
data/bpRNA_dataset-canonicals/VL0/bpRNA_SRP_410.bpseq
data/bpRNA_dataset-canonicals/VL0/bpRNA_SRP_529.bpseq
data/bpRNA_dataset-canonicals/VL0/bpRNA_SRP_567.bpseq
data/bpRNA_dataset-canonicals/VL0/bpRNA_SRP_578.bpseq
data/bpRNA_dataset-canonicals/VL0/bpRNA_SRP_617.bpseq
data/bpRNA_dataset-canonicals/VL0/bpRNA_SRP_637.bpseq
data/bpRNA_dataset-canonicals/VL0/bpRNA_SRP_70.bpseq
data/bpRNA_dataset-canonicals/VL0/bpRNA_SRP_823.bpseq
data/bpRNA_dataset-canonicals/VL0/bpRNA_SRP_827.bpseq
data/bpRNA_dataset-canonicals/VL0/bpRNA_SRP_852.bpseq
data/bpRNA_dataset-canonicals/VL0/bpRNA_SRP_868.bpseq
data/bpRNA_dataset-canonicals/VL0/bpRNA_tmRNA_116.bpseq
data/bpRNA_dataset-canonicals/VL0/bpRNA_tmRNA_159.bpseq
data/bpRNA_dataset-canonicals/VL0/bpRNA_tmRNA_20.bpseq
data/bpRNA_dataset-canonicals/VL0/bpRNA_tmRNA_226.bpseq
data/bpRNA_dataset-canonicals/VL0/bpRNA_tmRNA_28.bpseq
data/bpRNA_dataset-canonicals/VL0/bpRNA_tmRNA_291.bpseq
data/bpRNA_dataset-canonicals/VL0/bpRNA_tmRNA_322.bpseq
data/bpRNA_dataset-canonicals/VL0/bpRNA_tmRNA_338.bpseq
data/bpRNA_dataset-canonicals/VL0/bpRNA_tmRNA_390.bpseq
data/bpRNA_dataset-canonicals/VL0/bpRNA_tmRNA_407.bpseq
data/bpRNA_dataset-canonicals/VL0/bpRNA_tmRNA_448.bpseq
data/bpRNA_dataset-canonicals/VL0/bpRNA_tmRNA_498.bpseq
data/bpRNA_dataset-canonicals/VL0/bpRNA_tmRNA_675.bpseq
data/bpRNA_dataset-canonicals/VL0/bpRNA_tmRNA_676.bpseq
data/bpRNA_dataset-canonicals/VL0/bpRNA_tmRNA_98.bpseq
