data/test_seq/pseudo_test2929.bpseq
data/test_seq/pseudo_test8447.bpseq
data/test_seq/test10095.bpseq
data/test_seq/test10099.bpseq
data/test_seq/test10100.bpseq
data/test_seq/test10249.bpseq
data/test_seq/test10429.bpseq
data/test_seq/test10676.bpseq
data/test_seq/test10686.bpseq
data/test_seq/test10988.bpseq
data/test_seq/test11002.bpseq
data/test_seq/test11052.bpseq
data/test_seq/test11119.bpseq
data/test_seq/test11146.bpseq
data/test_seq/test11165.bpseq
data/test_seq/test11319.bpseq
data/test_seq/test11321.bpseq
data/test_seq/test11376.bpseq
data/test_seq/test11377.bpseq
data/test_seq/test11395.bpseq
data/test_seq/test11403.bpseq
data/test_seq/test11442.bpseq
data/test_seq/test11472.bpseq
data/test_seq/test11522.bpseq
data/test_seq/test11600.bpseq
data/test_seq/test11612.bpseq
data/test_seq/test11689.bpseq
data/test_seq/test11712.bpseq
data/test_seq/test11880.bpseq
data/test_seq/test11907.bpseq
data/test_seq/test11952.bpseq
data/test_seq/test12030.bpseq
data/test_seq/test12107.bpseq
data/test_seq/test12146.bpseq
data/test_seq/test12161.bpseq
data/test_seq/test12210.bpseq
data/test_seq/test12224.bpseq
data/test_seq/test12239.bpseq
data/test_seq/test12280.bpseq
data/test_seq/test12327.bpseq
data/test_seq/test12367.bpseq
data/test_seq/test12412.bpseq
data/test_seq/test12420.bpseq
data/test_seq/test12778.bpseq
data/test_seq/test12817.bpseq
data/test_seq/test12818.bpseq
data/test_seq/test12843.bpseq
data/test_seq/test12844.bpseq
data/test_seq/test12877.bpseq
data/test_seq/test1293.bpseq
data/test_seq/test13246.bpseq
data/test_seq/test13339.bpseq
data/test_seq/test13365.bpseq
data/test_seq/test1340.bpseq
data/test_seq/test1342.bpseq
data/test_seq/test13718.bpseq
data/test_seq/test13792.bpseq
data/test_seq/test13890.bpseq
data/test_seq/test13900.bpseq
data/test_seq/test13970.bpseq
data/test_seq/test1411.bpseq
data/test_seq/test14191.bpseq
data/test_seq/test14253.bpseq
data/test_seq/test14415.bpseq
data/test_seq/test14475.bpseq
data/test_seq/test14496.bpseq
data/test_seq/test14619.bpseq
data/test_seq/test15071.bpseq
data/test_seq/test15078.bpseq
data/test_seq/test15278.bpseq
data/test_seq/test15351.bpseq
data/test_seq/test15489.bpseq
data/test_seq/test15502.bpseq
data/test_seq/test1560.bpseq
data/test_seq/test15795.bpseq
data/test_seq/test15824.bpseq
data/test_seq/test15825.bpseq
data/test_seq/test15869.bpseq
data/test_seq/test15909.bpseq
data/test_seq/test15920.bpseq
data/test_seq/test15928.bpseq
data/test_seq/test15930.bpseq
data/test_seq/test15935.bpseq
data/test_seq/test15940.bpseq
data/test_seq/test15946.bpseq
data/test_seq/test15952.bpseq
data/test_seq/test15962.bpseq
data/test_seq/test15989.bpseq
data/test_seq/test15993.bpseq
data/test_seq/test15995.bpseq
data/test_seq/test15997.bpseq
data/test_seq/test16232.bpseq
data/test_seq/test1624.bpseq
data/test_seq/test16277.bpseq
data/test_seq/test16313.bpseq
data/test_seq/test16314.bpseq
data/test_seq/test16326.bpseq
data/test_seq/test16391.bpseq
data/test_seq/test16403.bpseq
data/test_seq/test16405.bpseq
data/test_seq/test16418.bpseq
data/test_seq/test16423.bpseq
data/test_seq/test16458.bpseq
data/test_seq/test16463.bpseq
data/test_seq/test16495.bpseq
data/test_seq/test16549.bpseq
data/test_seq/test16553.bpseq
data/test_seq/test16554.bpseq
data/test_seq/test1679.bpseq
data/test_seq/test1685.bpseq
data/test_seq/test16981.bpseq
data/test_seq/test17023.bpseq
data/test_seq/test17068.bpseq
data/test_seq/test17433.bpseq
data/test_seq/test17501.bpseq
data/test_seq/test17506.bpseq
data/test_seq/test17535.bpseq
data/test_seq/test17577.bpseq
data/test_seq/test17649.bpseq
data/test_seq/test17843.bpseq
data/test_seq/test17853.bpseq
data/test_seq/test17873.bpseq
data/test_seq/test17885.bpseq
data/test_seq/test17947.bpseq
data/test_seq/test18285.bpseq
data/test_seq/test1842.bpseq
data/test_seq/test18487.bpseq
data/test_seq/test18501.bpseq
data/test_seq/test1857.bpseq
data/test_seq/test18633.bpseq
data/test_seq/test1877.bpseq
data/test_seq/test18770.bpseq
data/test_seq/test18842.bpseq
data/test_seq/test18847.bpseq
data/test_seq/test18891.bpseq
data/test_seq/test18936.bpseq
data/test_seq/test19061.bpseq
data/test_seq/test19376.bpseq
data/test_seq/test19513.bpseq
data/test_seq/test19527.bpseq
data/test_seq/test19876.bpseq
data/test_seq/test19917.bpseq
data/test_seq/test19936.bpseq
data/test_seq/test19955.bpseq
data/test_seq/test20230.bpseq
data/test_seq/test20320.bpseq
data/test_seq/test20509.bpseq
data/test_seq/test20623.bpseq
data/test_seq/test20624.bpseq
data/test_seq/test20647.bpseq
data/test_seq/test20705.bpseq
data/test_seq/test20721.bpseq
data/test_seq/test20753.bpseq
data/test_seq/test21237.bpseq
data/test_seq/test21392.bpseq
data/test_seq/test21414.bpseq
data/test_seq/test21755.bpseq
data/test_seq/test21820.bpseq
data/test_seq/test21842.bpseq
data/test_seq/test22014.bpseq
data/test_seq/test22017.bpseq
data/test_seq/test22089.bpseq
data/test_seq/test22189.bpseq
data/test_seq/test22217.bpseq
data/test_seq/test22283.bpseq
data/test_seq/test22290.bpseq
data/test_seq/test2325.bpseq
data/test_seq/test3253.bpseq
data/test_seq/test3515.bpseq
data/test_seq/test4398.bpseq
data/test_seq/test4470.bpseq
data/test_seq/test4652.bpseq
data/test_seq/test4684.bpseq
data/test_seq/test5048.bpseq
data/test_seq/test5052.bpseq
data/test_seq/test5164.bpseq
data/test_seq/test5395.bpseq
data/test_seq/test5463.bpseq
data/test_seq/test5500.bpseq
data/test_seq/test5540.bpseq
data/test_seq/test556.bpseq
data/test_seq/test5691.bpseq
data/test_seq/test5699.bpseq
data/test_seq/test5870.bpseq
data/test_seq/test5878.bpseq
data/test_seq/test5967.bpseq
data/test_seq/test5995.bpseq
data/test_seq/test6107.bpseq
data/test_seq/test6431.bpseq
data/test_seq/test6568.bpseq
data/test_seq/test6582.bpseq
data/test_seq/test6599.bpseq
data/test_seq/test6759.bpseq
data/test_seq/test6920.bpseq
data/test_seq/test6962.bpseq
data/test_seq/test6990.bpseq
data/test_seq/test6996.bpseq
data/test_seq/test7170.bpseq
data/test_seq/test7385.bpseq
data/test_seq/test7414.bpseq
data/test_seq/test7431.bpseq
data/test_seq/test7596.bpseq
data/test_seq/test7932.bpseq
data/test_seq/test8064.bpseq
data/test_seq/test8094.bpseq
data/test_seq/test8135.bpseq
data/test_seq/test8146.bpseq
data/test_seq/test8246.bpseq
data/test_seq/test8249.bpseq
data/test_seq/test8255.bpseq
data/test_seq/test8263.bpseq
data/test_seq/test8326.bpseq
data/test_seq/test8350.bpseq
data/test_seq/test8369.bpseq
data/test_seq/test8514.bpseq
data/test_seq/test8968.bpseq
data/test_seq/test9004.bpseq
data/test_seq/test9169.bpseq
data/test_seq/test9394.bpseq
data/test_seq/test9430.bpseq
data/test_seq/test9610.bpseq
data/test_seq/test9678.bpseq
data/test_seq/test9747.bpseq
