data/archiveII/srp_Toxo.gond._GSP-398031.bpseq
data/archiveII/srp_Oryz.sati._AC079888.bpseq
data/archiveII/srp_Lyco.escu._Z29260.bpseq
data/archiveII/srp_Chla.rein._SDB-3055.bpseq
data/archiveII/srp_Lyco.escu._X13958.bpseq
data/archiveII/tmRNA_Nitr.euro._BX321865_1-360.bpseq
data/archiveII/tmRNA_Acid.ferr._TRW-243159_1-364.bpseq
data/archiveII/srp_Gynu.aura._SDB-109565.bpseq
data/archiveII/srp_Arab.tha._X55111.bpseq
data/archiveII/srp_Sene.crue._SDB-189209.bpseq
data/archiveII/srp_Leis.braz._SDB-87235.bpseq
data/archiveII/srp_Bras.napu._EE537348.bpseq
data/archiveII/srp_Plas.berg._GSP-5823.bpseq
data/archiveII/srp_Bras.napu._EE411352.bpseq
data/archiveII/srp_Medi.trun._AC136507-1.bpseq
data/archiveII/srp_Plas.yoel._GSP-352914.bpseq
data/archiveII/srp_Medi.trun._AC136507-2.bpseq
data/archiveII/tRNA_tdbR00000078-Ascaris_suum-6253-Phe-GAA.bpseq
data/archiveII/srp_Medi.trun._BE941271.bpseq
data/archiveII/srp_Zea.mays._CK327537.bpseq
data/archiveII/srp_Humu.lupu._AJ236706.bpseq
data/archiveII/tmRNA_Oeno.oeni._TRW-203123_1-350.bpseq
data/archiveII/srp_Plas.viva._GSP-31273.bpseq
data/archiveII/srp_Lyco.escu._Z29109.bpseq
data/archiveII/srp_Humu.lupu._AJ236705.bpseq
data/archiveII/tmRNA_Nitr.mult._CP000103_1-362.bpseq
data/archiveII/srp_Enta.disp._GSP-370354.bpseq
data/archiveII/srp_Bras.napu._EE409827.bpseq
data/archiveII/srp_Lyco.escu._Z29106.bpseq
data/archiveII/tRNA_tdbR00000191-Mesocricetus_auratus-10036-Lys-NUU.bpseq
data/archiveII/srp_Humu.lupu._X65983.bpseq
data/archiveII/srp_Kluy.yarr._479647571.bpseq
data/archiveII/srp_Phyt.soja._GSP-67593.bpseq
data/archiveII/srp_Humu.lupu._AJ236703.bpseq
data/archiveII/srp_Toxo.gond._CO743022.bpseq
data/archiveII/srp_Sacc.cere._M28116.bpseq
data/archiveII/srp_Oryz.sati._AP008207.bpseq
data/archiveII/srp_Humu.lupu._X65985.bpseq
data/archiveII/srp_Humu.japo._X65990.bpseq
data/archiveII/srp_Cryp.parv._AA532232.bpseq
data/archiveII/srp_Plas.know._GSP-5851.bpseq
data/archiveII/srp_Phyt.ramo._GSP-164328.bpseq
data/archiveII/srp_Lyco.escu._Z46745.bpseq
data/archiveII/srp_Bras.napu._EE412262.bpseq
data/archiveII/srp_Lyco.escu._Z29104.bpseq
data/archiveII/srp_Bras.napu._EE400505.bpseq
data/archiveII/srp_Medi.trun._CT485797.bpseq
data/archiveII/srp_Lyco.escu._Z29105.bpseq
data/archiveII/srp_Chla.rein._X71484.bpseq
data/archiveII/srp_Tryp.viva._SDB-5699.bpseq
data/archiveII/srp_Arab.thal._X69901.bpseq
data/archiveII/srp_Oxyt.trif._GSP-99928.bpseq
data/archiveII/srp_Citr.sine._CN181544.bpseq
data/archiveII/srp_Plas.falc._EF690554.bpseq
data/archiveII/srp_Lotu.corn._AP006123.bpseq
data/archiveII/srp_Bras.napu._EE416381.bpseq
data/archiveII/srp_Lyco.escu._Z29101.bpseq
data/archiveII/srp_Lyco.escu._Z29099.bpseq
data/archiveII/srp_Gald.sulp._GSP-130081.bpseq
data/archiveII/srp_Arab.thal._X72229.bpseq
data/archiveII/srp_Sola.tube._DR037646.bpseq
data/archiveII/tmRNA_Thio.deni._CP000116_1-367.bpseq
data/archiveII/tRNA_tdbR00000189-Rattus_norvegicus-10116-Lys-NUU.bpseq
data/archiveII/srp_Arab.thal._X72228.bpseq
data/archiveII/srp_Perk.mari._GSP-31276.bpseq
data/archiveII/srp_Bras.oler._GSP-109376.bpseq
data/archiveII/srp_Kluy.walt._AADM01000319.bpseq
data/archiveII/srp_Tryp.bruc._M80262.bpseq
data/archiveII/srp_Arab.thal._AL161495.bpseq
data/archiveII/srp_Lyco.escu._Z29112.bpseq
data/archiveII/srp_Leis.majo._SDB-347515.bpseq
data/archiveII/srp_Lyco.escu._Z46744.bpseq
data/archiveII/tmRNA_Acin.spec._CR543861_1-360.bpseq
data/archiveII/srp_Pers.amer._X65992.bpseq
data/archiveII/srp_Tryp.bruc._X57047.bpseq
data/archiveII/tmRNA_Mora.cata._AX067460_1-359.bpseq
data/archiveII/srp_Sacc.cere._U18917.bpseq
data/archiveII/srp_Lyco.escu._Z29111.bpseq
data/archiveII/srp_Tric.vagi._GSP-5722-2.bpseq
data/archiveII/srp_Trit.aest._CA626434.bpseq
data/archiveII/srp_Popu.bals._GSP-73824.bpseq
data/archiveII/srp_Sacc.cere._X17308.bpseq
data/archiveII/srp_Sacc.kluy._SKAA0027M04.b1.bpseq
data/archiveII/srp_Tryp.bruc._AC159431.bpseq
data/archiveII/srp_Medi.trun._AC136507.bpseq
data/archiveII/srp_Popu.trem._DN498769.bpseq
data/archiveII/srp_Lotu.japo._BW598799.bpseq
data/archiveII/srp_Plas.reic._GSP-5854.bpseq
data/archiveII/srp_Lyco.escu._Z29110.bpseq
data/archiveII/srp_Tetr.rost._SDB-5909.bpseq
data/archiveII/srp_Eime.tene._GSP-413949.bpseq
data/archiveII/tRNA_tdbR00000400-Loligo_bleekeri-6617-Ser-7CU.bpseq
data/archiveII/srp_Arab.thal._AC005662.bpseq
data/archiveII/srp_Trit.aest._CD897082.bpseq
data/archiveII/srp_Plas.chab._GSP-31271.bpseq
data/archiveII/srp_Sacc.cast._AJ550804.bpseq
data/archiveII/srp_Lyco.escu._Z29100.bpseq
data/archiveII/srp_Zea.mays._CB179518.bpseq
data/archiveII/tmRNA_Wigg.glos._BA000021_1-365.bpseq
data/archiveII/srp_Lyco.escu._Z46746.bpseq
data/archiveII/tRNA_tdbR00000127-Halocynthia_roretzi-7729-Gly-UCU.bpseq
data/archiveII/srp_Arab.thal._AL161496.bpseq
data/archiveII/srp_Bras.napu._EE410150.bpseq
data/archiveII/srp_Lyco.escu._Z29107.bpseq
data/archiveII/srp_Plas.falc._AE014819.bpseq
data/archiveII/srp_Thei.annu._NW_001091934.bpseq
data/archiveII/tRNA_tdbR00000128-Halocynthia_roretzi-7729-Gly-GCU.bpseq
data/archiveII/srp_Lyco.escu._Z29103.bpseq
data/archiveII/srp_Cryp.homi._GSP-353151.bpseq
data/archiveII/srp_Popu.trem._DN489028.bpseq
data/archiveII/srp_Tric.vagi._GSP-5722-1.bpseq
data/archiveII/srp_Citr.sine._CN181543.bpseq
data/archiveII/tmRNA_Myco.Bxz1._AY129337_1-437.bpseq
data/archiveII/srp_Arab.thal._AF069442.bpseq
data/archiveII/srp_Sacc.kluy._AJ550805.bpseq
data/archiveII/srp_Arab.thal._AC005311.bpseq
data/archiveII/RNaseP_C.paradoxa-cyanelle.bpseq
data/archiveII/srp_Sacc.cere._U18916.bpseq
data/archiveII/srp_Bras.napu._EE416873.bpseq
data/archiveII/tmRNA_uncu.bact._TRW-72274-1_1-359.bpseq
data/archiveII/srp_Volv.cart._GSP-51971-1.bpseq
data/archiveII/srp_Eime.tene._CD666347.bpseq
data/archiveII/srp_Volv.cart._GSP-51971-2.bpseq
data/archiveII/srp_Lotu.corn._AP006364.bpseq
data/archiveII/tmRNA_Stre.scab._TRW-1883_1-402.bpseq
data/archiveII/srp_Bras.napu._EE411418.bpseq
data/archiveII/srp_Medi.trun._AJ846712.bpseq
data/archiveII/tmRNA_Acid.ferr._TRW-133824_1-364.bpseq
data/archiveII/srp_Bras.napu._EE411027.bpseq
data/archiveII/srp_Tryp.bruc._AF047723.bpseq
data/archiveII/srp_Humu.japo._X65991.bpseq
data/archiveII/srp_Dict.disc._BJ360333.bpseq
data/archiveII/srp_Zea.mays._X14661.bpseq
data/archiveII/srp_Popu.trem._BU866844.bpseq
data/archiveII/srp_Enta.terr._GSP-110771.bpseq
data/archiveII/srp_Medi.trun._CX540689.bpseq
data/archiveII/srp_Lept.coll._AF006750.bpseq
data/archiveII/srp_Enta.hist._BK005670.bpseq
data/archiveII/srp_Ento.sulc._AF095839.bpseq
data/archiveII/srp_Trit.aest._CJ572413.bpseq
data/archiveII/srp_Trit.aest._CJ679223.bpseq
data/archiveII/srp_Cryp.parv._XM_626716.bpseq
data/archiveII/srp_Humu.lupu._X65984.bpseq
data/archiveII/srp_Sola.tube._DR037645.bpseq
data/archiveII/RNaseP_C.hydrogenoformans.bpseq
data/archiveII/srp_Phyt.infe._CV919934.bpseq
data/archiveII/srp_Tryp.bruc._S56681.bpseq
data/archiveII/srp_Zea.mays._CF974802.bpseq
data/archiveII/srp_Leis.braz._AM494942.bpseq
data/archiveII/srp_Dict.disc._AJ699381.bpseq
data/archiveII/srp_Sorg.bico._BE594178.bpseq
data/archiveII/srp_Ashb.goss._AE016819.bpseq
data/archiveII/tRNA_tdbR00000190-Bos_taurus-9913-Lys-NUU.bpseq
data/archiveII/srp_Arab.thal._AC005275.bpseq
data/archiveII/srp_Medi.trun._AC146941.bpseq
data/archiveII/grp2_a.I2.c.N.tabacum.B.RPC1.i1.bpseq
