data/archiveII/5s_Kibdelosporangium-aridum-1.bpseq
data/archiveII/5s_Rhodobacter-capsulatus-2.bpseq
data/archiveII/srp_Zymo.mobi._AF203881.bpseq
data/archiveII/5s_Yersinia-pseudotuberculosis-1.bpseq
data/archiveII/srp_Legi.pneu._CR628336.bpseq
data/archiveII/srp_Nitr.hamb._CP000319.bpseq
data/archiveII/srp_Vibr.vuln._AE016795.bpseq
data/archiveII/5s_Rattus-norvegicus-1.bpseq
data/archiveII/srp_Shew.spec._CP000444.bpseq
data/archiveII/tRNA_tdbR00000452-Mycoplasma_mycoides-2102-Val-UAC.bpseq
data/archiveII/tRNA_tdbR00000541-Haloferax_volcanii-2246-Tyr-GUA.bpseq
data/archiveII/5s_Paracoccus-versutus-1.bpseq
data/archiveII/srp_Carb.hydr._CP000141.bpseq
data/archiveII/tRNA_tdbR00000165-Solanum_tuberosum-4113-Ile-AU.bpseq
data/archiveII/srp_Halo.halo._CP000544.bpseq
data/archiveII/RNaseP_S.malidevorans.bpseq
data/archiveII/tRNA_tdbR00000277-Codium_fragile-3133-Met-CAU.bpseq
data/archiveII/5s_Buchnera-aphidicola-1.bpseq
data/archiveII/5s_Vibrio-parahaemolyticus-4.bpseq
data/archiveII/grp2_a.I2.c.N.tabacum.A.trnV.i1.bpseq
data/archiveII/5s_Wolbachia-endosymbiont-of-D.-melanogaster-1.bpseq
data/archiveII/srp_Esch.coli._AE014075.bpseq
data/archiveII/5s_Lupinus-angustifolius-1.bpseq
data/archiveII/5s_Halobacterium-salinarum-2.bpseq
data/archiveII/tRNA_tdbR00000098-Xenopus_laevis-8355-Phe-AA.bpseq
data/archiveII/5s_Salmonella-typhi-1.bpseq
data/archiveII/5s_Natronomonas-pharaonis-2.bpseq
data/archiveII/tRNA_tdbR00000173-Bombyx_mori-7091-Ile-IAU.bpseq
data/archiveII/tRNA_tdbR00000520-Aedes_albopictus-7160-Ini-CAU.bpseq
data/archiveII/tRNA_tdbR00000593-Ascaris_suum-6253-Trp-CA.bpseq
data/archiveII/5s_Finegoldia-magna-2.bpseq
data/archiveII/srp_Ther.ther._X12643.bpseq
data/archiveII/5s_Haloarcula-marismortui-2.bpseq
data/archiveII/grp2_a.I2.c.N.tabacum.A.S12.i2.bpseq
data/archiveII/srp_Cory.effi._BA000035.bpseq
data/archiveII/srp_Leis.dono._AY722734.bpseq
data/archiveII/5s_Chlorobium-tepidum-1.bpseq
data/archiveII/srp_Dani.reri._BX649540.bpseq
data/archiveII/srp_Vibr.chol._AE003852.bpseq
data/archiveII/5s_Scyliorhinus-canicula-1.bpseq
data/archiveII/5s_Bacteroides-fragilis-5.bpseq
data/archiveII/5s_Vibrio-vulnificus-4.bpseq
data/archiveII/srp_Bruc.abor._AE017223.bpseq
data/archiveII/srp_Tetr.nigr._GSP-99883.bpseq
data/archiveII/srp_Asco.apis._GSP-392613.bpseq
data/archiveII/tRNA_tdbR00000196-Rattus_norvegicus-10116-Lys-CUN.bpseq
data/archiveII/5s_Halobacterium-sp.-1.bpseq
data/archiveII/16s_M.polymorpha_domain3.bpseq
data/archiveII/5s_Lactobacillus-johnsonii-1.bpseq
data/archiveII/5s_Bacillus-halodurans-1.bpseq
data/archiveII/srp_Aspe.oryz._AP007169.bpseq
data/archiveII/srp_Arch.fulg._AE000782.bpseq
data/archiveII/5s_Lophocolea-heterophylla-1.bpseq
data/archiveII/srp_Leis.guya._AY722727.bpseq
data/archiveII/5s_Illex-illecebrosus-1.bpseq
data/archiveII/srp_Phak.meib._GSP-169999.bpseq
data/archiveII/srp_Ferv.nodo._CP000771.bpseq
data/archiveII/RNaseP_E.faecalis.bpseq
data/archiveII/tRNA_tdbR00000437-Escherichia_coli-562-Thr-GGU.bpseq
data/archiveII/srp_Batr.dend._GSP-403673.bpseq
data/archiveII/5s_Bacillus-sp.-1.bpseq
data/archiveII/5s_Methanolobus-tindarius-2.bpseq
data/archiveII/srp_Phyt.infe._CV911012.bpseq
data/archiveII/5s_Xenopus-tropicalis-2.bpseq
data/archiveII/5s_Natrinema-sp.-1.bpseq
data/archiveII/srp_Baci.alca._D11422.bpseq
data/archiveII/5s_Chlamydia-trachomatis-1.bpseq
data/archiveII/5s_Gelidium-amansii-2.bpseq
data/archiveII/5s_Mus-musculus-1.bpseq
