data/archiveII/tmRNA_Carn.malt._AF275938_1-366.bpseq
data/archiveII/tmRNA_Neis.meni._TRW-272831_1-363.bpseq
data/archiveII/tmRNA_Prot.mira._TRW-584_1-367.bpseq
data/archiveII/RNaseP_S.epidermidis.bpseq
data/archiveII/RNaseP_SM-A2539.bpseq
data/archiveII/tmRNA_Pedi.pent._CP000422_1-369.bpseq
data/archiveII/tmRNA_Burk.pseu._TRW-28450_1-370.bpseq
data/archiveII/RNaseP_C.testosteroni.bpseq
data/archiveII/RNaseP_LGA8.bpseq
data/archiveII/RNaseP_SM-A01.bpseq
data/archiveII/tmRNA_Aste.yell._TRW-322098_1-426.bpseq
data/archiveII/tmRNA_Camp.upsa._TRW-306264_1-359.bpseq
data/archiveII/RNaseP_S.viridis-K191.bpseq
data/archiveII/tmRNA_Esch.coli._D12501_1-363.bpseq
data/archiveII/telomerase_AF221923.106-554.bpseq
data/archiveII/tmRNA_Clos.botu._TRW-36826_1-355.bpseq
data/archiveII/RNaseP_S.aureus-2.bpseq
data/archiveII/RNaseP_G.gorilla.bpseq
data/archiveII/RNaseP_SMB-A3.bpseq
data/archiveII/grp1_a.I1.e.M.caldariorum.C1.SSU.1506.bpseq
data/archiveII/tmRNA_Haem.infl._L42023_1-366.bpseq
data/archiveII/RNaseP_B.halodurans.bpseq
data/archiveII/RNaseP_U.stanburiana.bpseq
data/archiveII/tmRNA_Borr.burg._TRW-224326_1-362.bpseq
data/archiveII/RNaseP_SM-A2642.bpseq
data/archiveII/RNaseP_N.plantarum.bpseq
data/archiveII/tmRNA_Lept.spec._TRW-261385_1-359.bpseq
data/archiveII/tmRNA_Shig.sonn._CP000038_1-363.bpseq
data/archiveII/tmRNA_Chla.trac._TRW-813-1_1-420.bpseq
data/archiveII/RNaseP_N.jensenii.bpseq
data/archiveII/RNaseP_T.celerAL1.bpseq
data/archiveII/grp1_a.I1.m.S.luteus.B4.LSU.1923.bpseq
data/archiveII/RNaseP_SM-A1621.bpseq
data/archiveII/RNaseP_Nostoc-PCC6705.bpseq
data/archiveII/RNaseP_SM-A3761.bpseq
data/archiveII/tmRNA_Rubr.gela._TRW-279263_1-372.bpseq
data/archiveII/tmRNA_Serr.marc._TRW-273526_1-364.bpseq
data/archiveII/tmRNA_Shew.balt._TRW-325240_1-356.bpseq
data/archiveII/telomerase_AF221926.103-507.bpseq
data/archiveII/RNaseP_S.mutans.bpseq
data/archiveII/grp1_a.I1.e.T.malaccensis.C1.LSU.1925.bpseq
data/archiveII/tmRNA_Idio.loih._AE017340_1-359.bpseq
data/archiveII/RNaseP_A.paspali.bpseq
data/archiveII/16s_P.occultum_domain2.bpseq
data/archiveII/tmRNA_Camp.coli._TRW-306254_1-359.bpseq
data/archiveII/tmRNA_Salm.ente._AL627276_1-363.bpseq
data/archiveII/tmRNA_Cory.effi._BA000035_1-376.bpseq
data/archiveII/RNaseP_Synechococcus-PCC6717.bpseq
data/archiveII/RNaseP_LGW116.bpseq
data/archiveII/RNaseP_purpleX.bpseq
data/archiveII/tmRNA_Myco.pene._BA000026_1-405.bpseq
data/archiveII/tmRNA_Dict.ther._TRW-14_1-350.bpseq
data/archiveII/RNaseP_CPA56.bpseq
data/archiveII/tmRNA_Shig.boyd._CP000036_1-363.bpseq
data/archiveII/grp1_a.I1.e.P.carinii.Pc3.C1.LSU.1921.bpseq
data/archiveII/tmRNA_Fran.tula._AM286280_1-421.bpseq
data/archiveII/tmRNA_Acid.caps._TRW-240015_1-352.bpseq
data/archiveII/16s_B.burgdorferi_domain2.bpseq
data/archiveII/tmRNA_Yers.pest._CP000308_1-364.bpseq
data/archiveII/RNaseP_T.album.bpseq
data/archiveII/RNaseP_L.ferrooxidans-CF.bpseq
data/archiveII/grp1_a.I1.e.E.dermatitidis.C1.SSU.943.bpseq
data/archiveII/RNaseP_SM-A2237.bpseq
data/archiveII/tmRNA_Lact.case._CP000423_1-364.bpseq
data/archiveII/RNaseP_Buchnera-APS.bpseq
data/archiveII/RNaseP_N.fulvus-JCM3335.bpseq
data/archiveII/RNaseP_Synechococcus-PCC7003.bpseq
data/archiveII/RNaseP_N.europaea.bpseq
data/archiveII/tmRNA_List.mono._TRW-1639-1_1-370.bpseq
data/archiveII/RNaseP_H.cutirubrum.bpseq
data/archiveII/tmRNA_Shig.flex._AE014073_1-363.bpseq
data/archiveII/tmRNA_Rals.sola._AL646061_1-357.bpseq
data/archiveII/RNaseP_M.flocculare.bpseq
data/archiveII/RNaseP_H.sapiens.bpseq
data/archiveII/tmRNA_Azot.vine._TRW-354_1-352.bpseq
data/archiveII/tmRNA_Leuc.mese._CP000414_1-358.bpseq
data/archiveII/RNaseP_C.limicola.bpseq
data/archiveII/RNaseP_WB3.bpseq
data/archiveII/RNaseP_S.viridis-K185.bpseq
data/archiveII/tmRNA_Esch.coli._AP009048_1-363.bpseq
data/archiveII/RNaseP_D.radiodurans.bpseq
data/archiveII/RNaseP_F.mortiferum.bpseq
data/archiveII/16s_E.coli.bpseq
data/archiveII/RNaseP_CPB70.bpseq
data/archiveII/RNaseP_T.aquaticus.bpseq
data/archiveII/grp1_a.I1.c.S.x.townsendii.C3.tLEU.bpseq
data/archiveII/tmRNA_Shew.spec._CP000469_1-355.bpseq
data/archiveII/tmRNA_Yers.pest._CP000305_1-364.bpseq
data/archiveII/tmRNA_Stre.coll._AY485228_1-386.bpseq
data/archiveII/grp1_a.I1.e.C.ellipsoidea.211-1a.C1.SSU.1506.bpseq
data/archiveII/grp1_a.I1.b.S.hofmanii.C3.tMET.bpseq
data/archiveII/tmRNA_Psyc.arct._CP000082_1-359.bpseq
data/archiveII/RNaseP_Onchorhynchus-sp-2.bpseq
data/archiveII/23s_B.subtilis_domain3.bpseq
data/archiveII/tmRNA_Geob.stea._TRW-1422_1-352.bpseq
data/archiveII/tmRNA_Neis.meni._AE002452_1-360.bpseq
data/archiveII/RNaseP_CPB149.bpseq
data/archiveII/RNaseP_A.ferrooxidans.bpseq
data/archiveII/23s_E.coli_domain5.bpseq
data/archiveII/RNaseP_M.vannielli.bpseq
data/archiveII/RNaseP_Oscillatoria-PCC7515.bpseq
data/archiveII/16s_E.coli_domain1.bpseq
data/archiveII/RNaseP_P.staleyi.bpseq
data/archiveII/grp1_a.I1.e.L.dispersa.UNK.SSU.789.bpseq
data/archiveII/RNaseP_P.fluorescens.bpseq
data/archiveII/RNaseP_T.tumescens.bpseq
data/archiveII/RNaseP_SM1.bpseq
data/archiveII/RNaseP_P.aerogenes.bpseq
data/archiveII/grp1_a.I1.e.P.sarcinoidea.C1.SSU.943.bpseq
data/archiveII/RNaseP_E1B.bpseq
data/archiveII/RNaseP_D.vulgaris.bpseq
data/archiveII/tmRNA_Urea.parv._AE002154_1-413.bpseq
data/archiveII/RNaseP_S.typhi.bpseq
data/archiveII/tmRNA_Spir.citr._AM285321_1-424.bpseq
data/archiveII/16s_P.occultum_domain1.bpseq
data/archiveII/tmRNA_Salm.typh._AY319520_1-363.bpseq
data/archiveII/tmRNA_uncu.bact._TRW-45456_1-408.bpseq
data/archiveII/RNaseP_V.spinosum.bpseq
data/archiveII/telomerase_AF221934.121-565.bpseq
data/archiveII/16s_A.fulgidus_domain2.bpseq
data/archiveII/tmRNA_Pseu.puti._AE015451_1-399.bpseq
data/archiveII/grp1_a.I1.e.U.maydis.C1.SSU.943.bpseq
data/archiveII/RNaseP_D.jeanneae.bpseq
data/archiveII/RNaseP_S.viridis-K73T.bpseq
data/archiveII/tmRNA_Stre.pyog._TRW-1314-2_1-350.bpseq
data/archiveII/16s_A.pyrophilus_domain1.bpseq
data/archiveII/tmRNA_Vibr.vuln._AE016795_1-367.bpseq
data/archiveII/RNaseP_E.coli-g.bpseq
data/archiveII/tmRNA_Baci.anth._AE016879_1-355.bpseq
data/archiveII/tmRNA_Kleb.pneu._TRW-272620_1-363.bpseq
data/archiveII/tmRNA_Dein.radi._AE001939_1-346.bpseq
data/archiveII/tmRNA_Lept.inte._AE016823_1-350.bpseq
data/archiveII/tmRNA_Odon.sine._Z67753_1-368.bpseq
data/archiveII/tmRNA_Cyto.hutc._CP000383_1-404.bpseq
data/archiveII/RNaseP_CPB72.bpseq
data/archiveII/16s_B.subtilis_domain2.bpseq
data/archiveII/tmRNA_Bact.frag._TRW-817_1-398.bpseq
data/archiveII/RNaseP_M.fermentans.bpseq
data/archiveII/tmRNA_Aste.yell._CP000061_1-426.bpseq
data/archiveII/RNaseP_S.cyanea-K168T.bpseq
data/archiveII/RNaseP_S.caesia-SB01.bpseq
data/archiveII/tmRNA_Stre.muta._TRW-210007_1-349.bpseq
data/archiveII/tmRNA_Fuso.nucl._AE009951_1-344.bpseq
data/archiveII/RNaseP_M.pneumoniae.bpseq
data/archiveII/RNaseP_B.stearothermophilus.bpseq
data/archiveII/RNaseP_CPA63.bpseq
data/archiveII/grp1_a.I1.m.S.luteus.C2.LSU.1685.bpseq
data/archiveII/tmRNA_Chla.trac._TRW-272561_1-420.bpseq
data/archiveII/tmRNA_Acti.pleu._TRW-228399_1-366.bpseq
data/archiveII/tmRNA_Prop.acne._TRW-1747-2_1-353.bpseq
data/archiveII/RNaseP_C.muridarum-g.bpseq
data/archiveII/RNaseP_A.pernix.bpseq
data/archiveII/tmRNA_Emil.huxl._AY741371_1-291.bpseq
data/archiveII/tmRNA_Xant.camp._AE012247_1-397.bpseq
data/archiveII/grp1_a.I1.e.A.capsulatus.CBS213.53.C1.SSU.943.bpseq
data/archiveII/tmRNA_Burk.ceno._CP000378_1-370.bpseq
data/archiveII/telomerase_AF221910.112-554.bpseq
data/archiveII/tmRNA_Haem.infl._AY599475_1-366.bpseq
data/archiveII/RNaseP_A.erythreum.bpseq
data/archiveII/tmRNA_Coxi.burn._AE016828_1-360.bpseq
data/archiveII/telomerase_AC121792.109554-109950.bpseq
data/archiveII/tmRNA_Stre.pneu._TRW-1313_1-348.bpseq
data/archiveII/tmRNA_envi.sequ._TRW-32045-1_1-355.bpseq
data/archiveII/tmRNA_Acti.acti._TRW-272556_1-366.bpseq
data/archiveII/16s_F.ananassa_domain1.bpseq
data/archiveII/tmRNA_Stre.uber._TRW-218495_1-350.bpseq
data/archiveII/RNaseP_PS33.bpseq
data/archiveII/tmRNA_Stap.aure._TRW-1280_1-362.bpseq
data/archiveII/grp1_a.I1.c.S.anglica.C3.tLEU.bpseq
data/archiveII/tmRNA_Syne.spec._TRW-32049_1-396.bpseq
data/archiveII/RNaseP_SM-A4977.bpseq
data/archiveII/tmRNA_envi.sequ._TRW-356-1_1-289.bpseq
data/archiveII/RNaseP_SM-A4674.bpseq
data/archiveII/tmRNA_Acti.pleu._TRW-44294_1-366.bpseq
data/archiveII/RNaseP_S.caesia-SB22.bpseq
data/archiveII/RNaseP_PS31.bpseq
data/archiveII/tmRNA_Stre.suis._TRW-286604_1-348.bpseq
data/archiveII/tmRNA_Exig.sibi._TRW-262543_1-359.bpseq
data/archiveII/tmRNA_Lact.john._TRW-257314_1-367.bpseq
data/archiveII/grp1_a.I1.e.C.botrytis.C1.SSU.1506.bpseq
data/archiveII/grp1_a.I1.e.L.dispersa.UNK.SSU.114.bpseq
data/archiveII/16s_D.melanogaster_domain1.bpseq
data/archiveII/RNaseP_X.fastidiosa.bpseq
data/archiveII/grp1_a.I1.e.P.inouyei.C1.SSU.1506.bpseq
data/archiveII/tmRNA_Pseu.fluo._CP000094_1-390.bpseq
data/archiveII/tmRNA_Pant.stew._TRW-66269_1-363.bpseq
data/archiveII/tmRNA_Myco.mobi._TRW-267748_1-376.bpseq
data/archiveII/RNaseP_P.horikoshi.bpseq
data/archiveII/tmRNA_Stap.epid._TRW-176280_1-361.bpseq
data/archiveII/RNaseP_A.truei.bpseq
data/archiveII/tmRNA_Chla.abor._CR848038_1-425.bpseq
data/archiveII/tmRNA_Trep.pall._TRW-243276_1-354.bpseq
data/archiveII/RNaseP_LGW18.bpseq
data/archiveII/tmRNA_Bact.frag._CR626927_1-398.bpseq
data/archiveII/RNaseP_SM-A0911.bpseq
data/archiveII/RNaseP_M.thermoautotrophicumDH-2.bpseq
data/archiveII/RNaseP_ESH210B.bpseq
data/archiveII/telomerase_AF221912.98-564.bpseq
data/archiveII/tmRNA_Neis.gono._TRW-242231_1-363.bpseq
data/archiveII/RNaseP_C.jejuni.bpseq
data/archiveII/RNaseP_S.pneumoniae.bpseq
data/archiveII/tmRNA_Odon.sine._TRW-2839_1-371.bpseq
data/archiveII/16s_G.intestinalis_domain1.bpseq
data/archiveII/RNaseP_SMB-B4.bpseq
data/archiveII/RNaseP_B.subtilis.bpseq
data/archiveII/RNaseP_WA1.bpseq
data/archiveII/tmRNA_Stre.pyog._TRW-1314-1_1-348.bpseq
data/archiveII/tmRNA_Geob.meta._CP000148_1-356.bpseq
data/archiveII/telomerase_AF221939.99-544.bpseq
data/archiveII/tmRNA_Yers.pest._AE009952_1-364.bpseq
data/archiveII/tmRNA_Esch.coli._TRW-331111_1-363.bpseq
data/archiveII/tmRNA_Emil.huxl._TRW-280463_1-291.bpseq
data/archiveII/grp1_s.I1.e.T.thermophila.C1.LSU.1925.schem.bpseq
